============================================================
  Generated by:           Genus(TM) Synthesis Solution GENUS15.20 - 15.20-p004_1
  Generated on:           Jan 04 2026  07:26:04 am
  Module:                 FFT_8Points
  Wireload mode:          enclosed
  Area mode:              timing library
============================================================

                                    
    Gate      Instances     Area        Library    
---------------------------------------------------
ADDFX1HVT          1012    5191.560    fast_vdd1v0 
ADDFX2HVT            56     440.496    fast_vdd1v0 
ADDHX1HVT          2700   10157.400    fast_vdd1v0 
AND2X1HVT           629     860.472    fast_vdd1v0 
AND2XLHVT           510     697.680    fast_vdd1v0 
AND3XLHVT            82     168.264    fast_vdd1v0 
AND4XLHVT           416     995.904    fast_vdd1v0 
AO21X1HVT           120     287.280    fast_vdd1v0 
AO21X2HVT            52     142.272    fast_vdd1v0 
AO21XLHVT           204     488.376    fast_vdd1v0 
AO22X1HVT            68     186.048    fast_vdd1v0 
AO22XLHVT           182     497.952    fast_vdd1v0 
AOI211XLHVT          22      45.144    fast_vdd1v0 
AOI21X1HVT          638    1090.980    fast_vdd1v0 
AOI21XLHVT          180     307.800    fast_vdd1v0 
AOI221X1HVT         544    1302.336    fast_vdd1v0 
AOI222X1HVT         484    1489.752    fast_vdd1v0 
AOI22X1HVT         5070   10403.640    fast_vdd1v0 
AOI22XLHVT         4096    8404.992    fast_vdd1v0 
AOI2BB1XLHVT        556    1140.912    fast_vdd1v0 
AOI31X1HVT          104     213.408    fast_vdd1v0 
AOI32X1HVT          312     746.928    fast_vdd1v0 
BUFX20HVT          1393   11433.744    fast_vdd1v0 
BUFX2HVT             52      88.920    fast_vdd1v0 
BUFX6HVT              4      12.312    fast_vdd1v0 
CLKINVX6HVT          14      33.516    fast_vdd1v0 
CLKXOR2X1HVT        262     716.832    fast_vdd1v0 
DFFRHQX1HVT        1476    9086.256    fast_vdd1v0 
DFFRHQX8HVT         501    5654.286    fast_vdd1v0 
DFFRX1HVT            14      95.760    fast_vdd1v0 
INVX1HVT           5092    3482.928    fast_vdd1v0 
INVX2HVT            208     213.408    fast_vdd1v0 
INVXLHVT             92      62.928    fast_vdd1v0 
MX2X1HVT            940    2250.360    fast_vdd1v0 
MX2XLHVT           6164   14756.616    fast_vdd1v0 
MXI2XLHVT           648    1551.312    fast_vdd1v0 
NAND2BX1HVT        1166    1595.088    fast_vdd1v0 
NAND2BXLHVT         496     678.528    fast_vdd1v0 
NAND2X1HVT         2847    2921.022    fast_vdd1v0 
NAND2XLHVT          303     310.878    fast_vdd1v0 
NAND3BXLHVT         178     304.380    fast_vdd1v0 
NAND3X1HVT           52      88.920    fast_vdd1v0 
NAND4BX1HVT          22      52.668    fast_vdd1v0 
NAND4XLHVT          396     677.160    fast_vdd1v0 
NOR2BX1HVT         1218    1666.224    fast_vdd1v0 
NOR2X1HVT          2318    2378.268    fast_vdd1v0 
NOR2XLHVT           296     303.696    fast_vdd1v0 
NOR3BX1HVT          312     640.224    fast_vdd1v0 
NOR3BXLHVT           38      77.976    fast_vdd1v0 
NOR3X1HVT           104     177.840    fast_vdd1v0 
NOR3XLHVT             4       6.840    fast_vdd1v0 
NOR4BBX1HVT          58     158.688    fast_vdd1v0 
NOR4BX1HVT          206     493.164    fast_vdd1v0 
NOR4X1HVT           744    1272.240    fast_vdd1v0 
OA21X1HVT           300     615.600    fast_vdd1v0 
OA22X1HVT           454    1086.876    fast_vdd1v0 
OAI211X1HVT         182     311.220    fast_vdd1v0 
OAI21X1HVT         1143    1954.530    fast_vdd1v0 
OAI21XLHVT          211     360.810    fast_vdd1v0 
OAI221X1HVT         892    2135.448    fast_vdd1v0 
OAI222X1HVT         364     995.904    fast_vdd1v0 
OAI222XLHVT          20      54.720    fast_vdd1v0 
OAI22X1HVT         2964    6082.128    fast_vdd1v0 
OAI22XLHVT          378     775.656    fast_vdd1v0 
OAI2BB1X1HVT       4888    8358.480    fast_vdd1v0 
OAI31X1HVT           22      45.144    fast_vdd1v0 
OAI32X1HVT          442    1058.148    fast_vdd1v0 
OAI33X1HVT            4      10.944    fast_vdd1v0 
OR2X1HVT             96     131.328    fast_vdd1v0 
OR2XLHVT           1006    1376.208    fast_vdd1v0 
OR3XLHVT             52     106.704    fast_vdd1v0 
OR4X1HVT           2218    4551.336    fast_vdd1v0 
SDFFRHQX1HVT         64     525.312    fast_vdd1v0 
XNOR2X1HVT         4116    9853.704    fast_vdd1v0 
XOR2XLHVT          1832    5012.352    fast_vdd1v0 
---------------------------------------------------
total             67303  153905.130                


                                       
   Type    Instances    Area    Area % 
---------------------------------------
sequential      2055  15361.614   10.0 
inverter        5406   3792.780    2.5 
buffer          1449  11534.976    7.5 
logic          58393 123215.760   80.1 
---------------------------------------
total          67303 153905.130  100.0 

