============================================================
  Generated by:           Genus(TM) Synthesis Solution GENUS15.20 - 15.20-p004_1
  Generated on:           Jan 04 2026  07:26:03 am
  Module:                 FFT_8Points
  Wireload mode:          enclosed
  Area mode:              timing library
============================================================


Path 1: MET (990298 ps) Setup Check with Pin X7_real_reg[30]/CK->D
          Group: i_clk
     Startpoint: (R) s3_S2_7_imag_reg[24]/CK
          Clock: (R) i_clk
       Endpoint: (F) X7_real_reg[30]/D
          Clock: (R) i_clk

                      Capture       Launch     
        Clock Edge:+  1000000            0     
       Src Latency:+        0            0     
       Net Latency:+        0 (I)        0 (I) 
           Arrival:=  1000000            0     
                                               
             Setup:-       23                  
     Required Time:=   999977                  
      Launch Clock:-        0                  
         Data Path:-     9678                  
             Slack:=   990298                  

#-------------------------------------------------------------------------------------------------------------------------------------------------------------
#                                       Timing Point                                        Flags    Arc   Edge     Cell      Fanout Load Trans Delay Arrival 
#                                                                                                                                    (fF)  (ps)  (ps)   (ps)  
#-------------------------------------------------------------------------------------------------------------------------------------------------------------
  s3_S2_7_imag_reg[24]/CK                                                                   -       -      R     (arrival)      2055    -     0     -       0 
  s3_S2_7_imag_reg[24]/Q                                                                    -       CK->Q  R     DFFRHQX1HVT      16  4.6    52    98      98 
  BFU8_07/INPUT_DATA_7/DATA_A_IM/EXP_COM_8BIT/COMP_LESS_UNIT/u_low/g261/Y                   -       A->Y   F     INVX1HVT          2  0.6    15    30     128 
  BFU8_07/INPUT_DATA_7/DATA_A_IM/EXP_COM_8BIT/COMP_LESS_UNIT/u_low/g256/Y                   -       B->Y   F     AND2XLHVT         1  0.4    10    23     151 
  BFU8_07/INPUT_DATA_7/DATA_A_IM/EXP_COM_8BIT/COMP_LESS_UNIT/u_low/g255/Y                   -       A2->Y  R     OAI32X1HVT        1  0.4    55    39     189 
  BFU8_07/INPUT_DATA_7/DATA_A_IM/EXP_COM_8BIT/COMP_LESS_UNIT/u_low/g254/Y                   -       A1->Y  F     AOI22X1HVT        1  0.4    38    48     237 
  BFU8_07/INPUT_DATA_7/DATA_A_IM/EXP_COM_8BIT/COMP_LESS_UNIT/u_low/g253/Y                   -       A1->Y  R     OAI22X1HVT        1  0.2    34    36     274 
  BFU8_07/INPUT_DATA_7/DATA_A_IM/EXP_COM_8BIT/COMP_LESS_UNIT/g16/Y                          -       A1->Y  R     AO21X2HVT        60 29.7   164   145     418 
  BFU8_07/INPUT_DATA_7/DATA_A_IM/EXP_SWAP/g228/Y                                            -       S0->Y  F     MX2XLHVT          3  1.0    20    83     501 
  BFU8_07/INPUT_DATA_7/DATA_A_IM/EXP_SUB/CLA_8BIT_UNIT/CLA_4BIT_UNIT_0/g271/Y               -       A->Y   R     XNOR2X1HVT       27  9.6   104   112     613 
  BFU8_07/INPUT_DATA_7/DATA_A_IM/EXP_SUB/CLA_8BIT_UNIT/CLA_4BIT_UNIT_0/g270/Y               -       AN->Y  R     NOR2BX1HVT        2  0.9    27    59     672 
  BFU8_07/INPUT_DATA_7/DATA_A_IM/EXP_SUB/CLA_8BIT_UNIT/CLA_4BIT_UNIT_0/g266/Y               -       B->Y   R     XNOR2X1HVT       26  9.4   102    90     763 
  BFU8_07/INPUT_DATA_7/DATA_A_IM/SHF_RIGHT_MAN/g3833/Y                                      -       A->Y   F     INVX2HVT         24  8.6    65    70     832 
  BFU8_07/INPUT_DATA_7/DATA_A_IM/SHF_RIGHT_MAN/g3781/Y                                      -       B1->Y  R     OAI22X1HVT        2  0.8    52    46     878 
  BFU8_07/INPUT_DATA_7/DATA_A_IM/SHF_RIGHT_MAN/g3752/Y                                      -       A1->Y  F     AOI22X1HVT        2  0.8    46    51     929 
  BFU8_07/INPUT_DATA_7/DATA_A_IM/SHF_RIGHT_MAN/g3747/Y                                      -       A->Y   R     INVX1HVT          1  0.4    13    25     954 
  BFU8_07/INPUT_DATA_7/DATA_A_IM/SHF_RIGHT_MAN/g3731/Y                                      -       B1->Y  F     AOI22X1HVT        1  0.4    34    20     974 
  BFU8_07/INPUT_DATA_7/DATA_A_IM/SHF_RIGHT_MAN/g3706/Y                                      -       A1->Y  R     OAI22X1HVT        3  0.8    45    41    1016 
  BFU8_07/INPUT_DATA_7/DATA_A_IM/MAN_COMP_24BIT/u_i_data_1/g345/Y                           -       A->Y   F     INVX1HVT          2  1.0    18    29    1045 
  BFU8_07/INPUT_DATA_7/DATA_A_IM/MAN_COMP_24BIT/u_i_data_1/g338/CO                          -       B->CO  F     ADDHX1HVT         1  0.4     8    26    1071 
  BFU8_07/INPUT_DATA_7/DATA_A_IM/MAN_COMP_24BIT/u_i_data_1/g336/Y                           -       A2->Y  R     OAI32X1HVT        1  0.4    54    38    1109 
  BFU8_07/INPUT_DATA_7/DATA_A_IM/MAN_COMP_24BIT/u_i_data_1/g335/Y                           -       A1->Y  F     AOI22X1HVT        2  0.6    42    50    1159 
  BFU8_07/INPUT_DATA_7/DATA_A_IM/MAN_COMP_24BIT/u_i_data_1/g334/Y                           -       A1N->Y F     OAI2BB1X1HVT      1  0.4    22    38    1197 
  BFU8_07/INPUT_DATA_7/DATA_A_IM/MAN_COMP_24BIT/u_i_data_1/g333/Y                           -       B0->Y  R     OAI21X1HVT        1  0.4    26    17    1214 
  BFU8_07/INPUT_DATA_7/DATA_A_IM/MAN_COMP_24BIT/g145/Y                                      -       B0->Y  F     AOI21X1HVT        1  0.4    25    18    1232 
  BFU8_07/INPUT_DATA_7/DATA_A_IM/MAN_COMP_24BIT/g144/Y                                      -       B->Y   R     NOR2BX1HVT        1  0.2    15    21    1253 
  BFU8_07/INPUT_DATA_7/DATA_A_IM/MAN_COMP_24BIT/g143/Y                                      -       A1->Y  R     OA21X1HVT         1  0.4     9    40    1293 
  BFU8_07/INPUT_DATA_7/DATA_A_IM/MAN_COMP_24BIT/g142/Y                                      -       A1->Y  F     OAI21X1HVT        1  0.4    22    21    1314 
  BFU8_07/INPUT_DATA_7/DATA_A_IM/MAN_COMP_24BIT/g141/Y                                      -       B->Y   R     NAND2BX1HVT       1  0.2     9    15    1330 
  BFU8_07/INPUT_DATA_7/DATA_A_IM/MAN_COMP_24BIT/g140/Y                                      -       A1->Y  R     AO21X1HVT        49 23.6   247   173    1503 
  BFU8_07/INPUT_DATA_7/DATA_A_IM/MAN_SWAP/g794/Y                                            -       S0->Y  F     MX2XLHVT          3  0.8    17    99    1602 
  BFU8_07/INPUT_DATA_7/DATA_A_IM/MAN_ALU/g454/Y                                             -       B->Y   R     XNOR2X1HVT        2  0.9    14    51    1653 
  BFU8_07/INPUT_DATA_7/DATA_A_IM/MAN_ALU/ALU_SUB_UNIT/CLA_BLOCK_GEN[0].CLA_4BIT_UNIT/g331/Y -       B->Y   F     XOR2XLHVT         3  0.8    17    49    1702 
  BFU8_07/INPUT_DATA_7/DATA_A_IM/MAN_ALU/ALU_SUB_UNIT/CLA_BLOCK_GEN[0].CLA_4BIT_UNIT/g325/Y -       A1N->Y F     OAI2BB1X1HVT      1  0.2    14    30    1732 
  BFU8_07/INPUT_DATA_7/DATA_A_IM/MAN_ALU/ALU_SUB_UNIT/CLA_BLOCK_GEN[0].CLA_4BIT_UNIT/g322/Y -       A1->Y  F     AO21XLHVT         1  0.4    10    38    1770 
  BFU8_07/INPUT_DATA_7/DATA_A_IM/MAN_ALU/ALU_SUB_UNIT/CLA_BLOCK_GEN[0].CLA_4BIT_UNIT/g320/Y -       A1->Y  R     AOI22X1HVT        1  0.4    28    29    1799 
  BFU8_07/INPUT_DATA_7/DATA_A_IM/MAN_ALU/ALU_SUB_UNIT/CLA_BLOCK_GEN[0].CLA_4BIT_UNIT/g319/Y -       B0->Y  F     OAI2BB1X1HVT      2  0.4    19    28    1827 
  BFU8_07/INPUT_DATA_7/DATA_A_IM/MAN_ALU/ALU_SUB_UNIT/g101/Y                                -       B0->Y  F     AO21XLHVT         2  0.6    14    40    1867 
  BFU8_07/INPUT_DATA_7/DATA_A_IM/MAN_ALU/ALU_SUB_UNIT/CLA_BLOCK_GEN[1].CLA_4BIT_UNIT/g463/Y -       A1N->Y F     OAI2BB1X1HVT      2  0.6    22    33    1901 
  BFU8_07/INPUT_DATA_7/DATA_A_IM/MAN_ALU/ALU_SUB_UNIT/CLA_BLOCK_GEN[1].CLA_4BIT_UNIT/g459/Y -       A1N->Y F     OAI2BB1X1HVT      2  0.8    26    38    1938 
  BFU8_07/INPUT_DATA_7/DATA_A_IM/MAN_ALU/ALU_SUB_UNIT/CLA_BLOCK_GEN[1].CLA_4BIT_UNIT/g457/Y -       A1->Y  R     AOI22X1HVT        2  0.9    38    40    1978 
  BFU8_07/INPUT_DATA_7/DATA_A_IM/MAN_ALU/ALU_SUB_UNIT/CLA_BLOCK_GEN[1].CLA_4BIT_UNIT/g455/Y -       A1->Y  F     OAI21X1HVT        3  0.8    29    37    2015 
  BFU8_07/INPUT_DATA_7/DATA_A_IM/MAN_ALU/ALU_SUB_UNIT/g119/Y                                -       B->Y   F     OR2XLHVT          2  0.8    16    39    2055 
  BFU8_07/INPUT_DATA_7/DATA_A_IM/MAN_ALU/ALU_SUB_UNIT/CLA_BLOCK_GEN[2].CLA_4BIT_UNIT/g463/Y -       A1->Y  R     AOI21X1HVT        2  0.9    31    29    2084 
  BFU8_07/INPUT_DATA_7/DATA_A_IM/MAN_ALU/ALU_SUB_UNIT/CLA_BLOCK_GEN[2].CLA_4BIT_UNIT/g459/Y -       A1->Y  F     OAI21X1HVT        2  0.8    29    34    2118 
  BFU8_07/INPUT_DATA_7/DATA_A_IM/MAN_ALU/ALU_SUB_UNIT/CLA_BLOCK_GEN[2].CLA_4BIT_UNIT/g457/Y -       A1->Y  R     AOI22X1HVT        2  0.9    38    41    2160 
  BFU8_07/INPUT_DATA_7/DATA_A_IM/MAN_ALU/ALU_SUB_UNIT/CLA_BLOCK_GEN[2].CLA_4BIT_UNIT/g455/Y -       A1->Y  F     OAI21X1HVT        3  0.8    29    38    2197 
  BFU8_07/INPUT_DATA_7/DATA_A_IM/MAN_ALU/ALU_SUB_UNIT/g146/Y                                -       AN->Y  F     NAND2BX1HVT       2  0.8    26    40    2237 
  BFU8_07/INPUT_DATA_7/DATA_A_IM/MAN_ALU/ALU_SUB_UNIT/CLA_BLOCK_GEN[3].CLA_4BIT_UNIT/g463/Y -       A1->Y  R     AOI21X1HVT        2  0.9    31    33    2270 
  BFU8_07/INPUT_DATA_7/DATA_A_IM/MAN_ALU/ALU_SUB_UNIT/CLA_BLOCK_GEN[3].CLA_4BIT_UNIT/g459/Y -       A1->Y  F     OAI21X1HVT        2  0.8    29    34    2305 
  BFU8_07/INPUT_DATA_7/DATA_A_IM/MAN_ALU/ALU_SUB_UNIT/CLA_BLOCK_GEN[3].CLA_4BIT_UNIT/g457/Y -       A1->Y  R     AOI22X1HVT        2  0.9    38    41    2346 
  BFU8_07/INPUT_DATA_7/DATA_A_IM/MAN_ALU/ALU_SUB_UNIT/CLA_BLOCK_GEN[3].CLA_4BIT_UNIT/g455/Y -       A1->Y  F     OAI21X1HVT        3  0.8    29    37    2383 
  BFU8_07/INPUT_DATA_7/DATA_A_IM/MAN_ALU/ALU_SUB_UNIT/g181/Y                                -       AN->Y  F     NAND2BX1HVT       2  0.8    26    40    2424 
  BFU8_07/INPUT_DATA_7/DATA_A_IM/MAN_ALU/ALU_SUB_UNIT/CLA_BLOCK_GEN[4].CLA_4BIT_UNIT/g373/Y -       A1->Y  R     AOI22X1HVT        2  0.9    38    40    2464 
  BFU8_07/INPUT_DATA_7/DATA_A_IM/MAN_ALU/ALU_SUB_UNIT/CLA_BLOCK_GEN[4].CLA_4BIT_UNIT/g371/Y -       A1->Y  F     OAI21X1HVT        2  0.8    29    37    2501 
  BFU8_07/INPUT_DATA_7/DATA_A_IM/MAN_ALU/ALU_SUB_UNIT/CLA_BLOCK_GEN[4].CLA_4BIT_UNIT/g369/Y -       A1->Y  R     AOI22X1HVT        2  0.9    38    41    2542 
  BFU8_07/INPUT_DATA_7/DATA_A_IM/MAN_ALU/ALU_SUB_UNIT/CLA_BLOCK_GEN[4].CLA_4BIT_UNIT/g367/Y -       A1->Y  F     OAI21X1HVT        2  0.6    25    35    2577 
  BFU8_07/INPUT_DATA_7/DATA_A_IM/MAN_ALU/ALU_SUB_UNIT/g213/Y                                -       AN->Y  F     NAND2BX1HVT       2  0.6    23    37    2615 
  BFU8_07/INPUT_DATA_7/DATA_A_IM/MAN_ALU/ALU_SUB_UNIT/CLA_BLOCK_GEN[5].CLA_4BIT_UNIT/g511/Y -       A1N->Y F     OAI2BB1X1HVT      2  0.6    22    36    2650 
  BFU8_07/INPUT_DATA_7/DATA_A_IM/MAN_ALU/ALU_SUB_UNIT/CLA_BLOCK_GEN[5].CLA_4BIT_UNIT/g507/Y -       A1N->Y F     OAI2BB1X1HVT      2  0.8    26    38    2688 
  BFU8_07/INPUT_DATA_7/DATA_A_IM/MAN_ALU/ALU_SUB_UNIT/CLA_BLOCK_GEN[5].CLA_4BIT_UNIT/g505/Y -       A1->Y  R     AOI22X1HVT        2  0.9    38    40    2728 
  BFU8_07/INPUT_DATA_7/DATA_A_IM/MAN_ALU/ALU_SUB_UNIT/CLA_BLOCK_GEN[5].CLA_4BIT_UNIT/g504/Y -       B->Y   F     XOR2XLHVT         1  0.4    11    51    2779 
  BFU8_07/INPUT_DATA_7/DATA_A_IM/MAN_ALU/g1889/Y                                            -       A1->Y  R     AOI22X1HVT        1  0.4    32    29    2808 
  BFU8_07/INPUT_DATA_7/DATA_A_IM/MAN_ALU/g1858/Y                                            -       B0->Y  F     OAI2BB1X1HVT      8  2.8    64    56    2863 
  BFU8_07/INPUT_DATA_7/DATA_A_IM/LOPD_24BIT/LOPD_16bit_UNIT_MSB/LOPD_8bit_unit_1/g283/Y     -       B->Y   F     OR2XLHVT          3  1.2    23    51    2914 
  BFU8_07/INPUT_DATA_7/DATA_A_IM/LOPD_24BIT/LOPD_16bit_UNIT_MSB/LOPD_8bit_unit_1/g274/Y     -       C->Y   R     NOR3BX1HVT        2  0.6    37    32    2947 
  BFU8_07/INPUT_DATA_7/DATA_A_IM/LOPD_24BIT/LOPD_16bit_UNIT_MSB/g113/Y                      -       A->Y   R     AND2X1HVT         7  2.6    32    54    3001 
  BFU8_07/INPUT_DATA_7/DATA_A_IM/LOPD_24BIT/g147/Y                                          -       A->Y   F     INVX1HVT          4  1.4    20    25    3026 
  BFU8_07/INPUT_DATA_7/DATA_A_IM/LOPD_24BIT/g144/Y                                          -       A0->Y  R     AOI22X1HVT        1  0.4    29    36    3062 
  BFU8_07/INPUT_DATA_7/DATA_A_IM/LOPD_24BIT/g140/Y                                          -       B->Y   F     NAND2X1HVT        2  0.6    23    27    3090 
  BFU8_07/INPUT_DATA_7/DATA_A_IM/g611/Y                                                     -       A->Y   F     AND2X1HVT        27 10.8   110    84    3173 
  BFU8_07/INPUT_DATA_7/DATA_A_IM/NOR_UNIT/SHF_left_unit/g3021/Y                             -       A->Y   R     INVX1HVT         20  8.0    99    95    3268 
  BFU8_07/INPUT_DATA_7/DATA_A_IM/NOR_UNIT/SHF_left_unit/g2955/Y                             -       A0->Y  F     AOI22X1HVT        4  1.6    61    81    3349 
  BFU8_07/INPUT_DATA_7/DATA_A_IM/NOR_UNIT/SHF_left_unit/g2940/Y                             -       B->Y   R     NOR2X1HVT         1  0.4    23    38    3387 
  BFU8_07/INPUT_DATA_7/DATA_A_IM/NOR_UNIT/g1478/Y                                           -       A1->Y  F     AOI22X1HVT        1  0.4    48    34    3421 
  BFU8_07/INPUT_DATA_7/DATA_A_IM/NOR_UNIT/g1451/Y                                           -       B0->Y  R     OAI2BB1X1HVT      1  0.4    16    29    3450 
  BFU8_07/INPUT_DATA_7/DATA_A_IM/MAN_RND/g658/Y                                             -       D->Y   F     NOR4X1HVT         1  0.4    18    16    3466 
  BFU8_07/INPUT_DATA_7/DATA_A_IM/MAN_RND/g657/Y                                             -       B->Y   R     NOR2BX1HVT        1  0.5    20    21    3488 
  BFU8_07/INPUT_DATA_7/DATA_A_IM/MAN_RND/g656/CO                                            -       A->CO  R     ADDHX1HVT         1  0.7    12    41    3529 
  BFU8_07/INPUT_DATA_7/DATA_A_IM/MAN_RND/g655/CO                                            -       B->CO  R     ADDHX1HVT         1  0.7    12    36    3565 
  BFU8_07/INPUT_DATA_7/DATA_A_IM/MAN_RND/g654/CO                                            -       B->CO  R     ADDHX1HVT         1  0.7    12    36    3602 
  BFU8_07/INPUT_DATA_7/DATA_A_IM/MAN_RND/g653/CO                                            -       B->CO  R     ADDHX1HVT         1  0.7    12    36    3638 
  BFU8_07/INPUT_DATA_7/DATA_A_IM/MAN_RND/g652/CO                                            -       B->CO  R     ADDHX1HVT         1  0.7    12    36    3674 
  BFU8_07/INPUT_DATA_7/DATA_A_IM/MAN_RND/g651/CO                                            -       B->CO  R     ADDHX1HVT         1  0.7    12    36    3710 
  BFU8_07/INPUT_DATA_7/DATA_A_IM/MAN_RND/g650/CO                                            -       B->CO  R     ADDHX1HVT         1  0.7    12    36    3747 
  BFU8_07/INPUT_DATA_7/DATA_A_IM/MAN_RND/g649/CO                                            -       B->CO  R     ADDHX1HVT         1  0.7    12    36    3783 
  BFU8_07/INPUT_DATA_7/DATA_A_IM/MAN_RND/g648/CO                                            -       B->CO  R     ADDHX1HVT         1  0.7    12    36    3819 
  BFU8_07/INPUT_DATA_7/DATA_A_IM/MAN_RND/g647/CO                                            -       B->CO  R     ADDHX1HVT         1  0.7    12    36    3856 
  BFU8_07/INPUT_DATA_7/DATA_A_IM/MAN_RND/g646/CO                                            -       B->CO  R     ADDHX1HVT         1  0.7    12    36    3892 
  BFU8_07/INPUT_DATA_7/DATA_A_IM/MAN_RND/g645/CO                                            -       B->CO  R     ADDHX1HVT         1  0.7    12    36    3928 
  BFU8_07/INPUT_DATA_7/DATA_A_IM/MAN_RND/g644/CO                                            -       B->CO  R     ADDHX1HVT         1  0.7    12    36    3965 
  BFU8_07/INPUT_DATA_7/DATA_A_IM/MAN_RND/g643/CO                                            -       B->CO  R     ADDHX1HVT         1  0.7    12    36    4001 
  BFU8_07/INPUT_DATA_7/DATA_A_IM/MAN_RND/g642/CO                                            -       B->CO  R     ADDHX1HVT         1  0.7    12    36    4037 
  BFU8_07/INPUT_DATA_7/DATA_A_IM/MAN_RND/g641/CO                                            -       B->CO  R     ADDHX1HVT         1  0.7    12    36    4074 
  BFU8_07/INPUT_DATA_7/DATA_A_IM/MAN_RND/g640/CO                                            -       B->CO  R     ADDHX1HVT         1  0.7    12    36    4110 
  BFU8_07/INPUT_DATA_7/DATA_A_IM/MAN_RND/g639/CO                                            -       B->CO  R     ADDHX1HVT         1  0.7    12    36    4146 
  BFU8_07/INPUT_DATA_7/DATA_A_IM/MAN_RND/g638/CO                                            -       B->CO  R     ADDHX1HVT         1  0.7    12    36    4182 
  BFU8_07/INPUT_DATA_7/DATA_A_IM/MAN_RND/g637/CO                                            -       B->CO  R     ADDHX1HVT         1  0.7    12    36    4219 
  BFU8_07/INPUT_DATA_7/DATA_A_IM/MAN_RND/g636/CO                                            -       B->CO  R     ADDHX1HVT         1  0.7    12    36    4255 
  BFU8_07/INPUT_DATA_7/DATA_A_IM/MAN_RND/g635/CO                                            -       B->CO  R     ADDHX1HVT         2  0.7    12    36    4291 
  BFU8_07/INPUT_DATA_7/DATA_A_IM/MAN_RND/g633/Y                                             -       C->Y   R     AND3XLHVT         2  0.9    20    49    4340 
  BFU8_07/INPUT_DATA_7/DATA_A_IM/EXP_RND/g187/Y                                             -       B->Y   F     NAND2X1HVT        2  0.6    22    24    4364 
  BFU8_07/INPUT_DATA_7/DATA_A_IM/EXP_RND/g185/Y                                             -       AN->Y  F     NAND2BX1HVT       2  0.6    22    37    4400 
  BFU8_07/INPUT_DATA_7/DATA_A_IM/EXP_RND/g183/Y                                             -       AN->Y  F     NAND2BX1HVT       2  0.6    22    36    4437 
  BFU8_07/INPUT_DATA_7/DATA_A_IM/EXP_RND/g181/Y                                             -       AN->Y  F     NAND2BX1HVT       2  0.6    21    36    4473 
  BFU8_07/INPUT_DATA_7/DATA_A_IM/EXP_RND/g179/Y                                             -       AN->Y  F     NAND2BX1HVT       2  0.6    22    36    4510 
  BFU8_07/INPUT_DATA_7/DATA_A_IM/EXP_RND/g177/Y                                             -       AN->Y  F     NAND2BX1HVT       2  0.6    21    37    4546 
  BFU8_07/INPUT_DATA_7/DATA_A_IM/EXP_RND/g174/Y                                             -       B->Y   F     XNOR2X1HVT        1  0.4    10    44    4591 
  BFU8_07/INPUT_DATA_7/DATA_A_IM/g2968/Y                                                    -       B1->Y  R     AOI222X1HVT       1  0.4    56    50    4641 
  BFU8_07/INPUT_DATA_7/DATA_A_IM/g2959/Y                                                    -       B->Y   F     NAND2X1HVT        4  1.0    34    43    4684 
  BFU8_07/INPUT_DATA_7/mul1_sub/MUL_EXP_UNIT/g662/Y                                         -       AN->Y  F     NAND2BX1HVT       3  0.8    27    42    4725 
  BFU8_07/INPUT_DATA_7/mul1_sub/MUL_EXP_UNIT/g659/Y                                         -       B->Y   R     NOR2X1HVT         7  1.4    38    35    4760 
  BFU8_07/INPUT_DATA_7/mul1_sub/MUL_EXP_UNIT/g655/Y                                         -       B0->Y  F     AOI21XLHVT        1  0.6    32    27    4787 
  BFU8_07/INPUT_DATA_7/mul1_sub/MUL_EXP_ADJUST_UNIT/CLA_8BIT_UNIT/CLA_4BIT_UNIT_1/g2/S      -       CI->S  F     ADDFX2HVT         1  0.2    18    93    4880 
  BFU8_07/INPUT_DATA_7/mul1_sub/MUL_EXP_ADJUST_UNIT/g158/Y                                  -       AN->Y  F     NOR2BX1HVT        2  0.6    13    28    4908 
  BFU8_07/INPUT_DATA_7/mul1_sub/EXP_ROUNDING_UNIT/g178/Y                                    -       B->Y   F     XNOR2X1HVT        1  0.2     8    41    4949 
  BFU8_07/INPUT_DATA_7/mul1_sub/g1239/Y                                                     -       A1N->Y F     OAI2BB1X1HVT     19  5.0   105    79    5028 
  BFU8_07/BFU2_UNIT3/DATA_B_RE/EXP_COM_8BIT/COMP_LESS_UNIT/u_high/g344/Y                    -       A->Y   R     INVX1HVT          2  0.6    23    50    5078 
  BFU8_07/BFU2_UNIT3/DATA_B_RE/EXP_COM_8BIT/COMP_LESS_UNIT/u_high/g336/Y                    -       A1->Y  F     OAI32X1HVT        1  0.4    37    41    5119 
  BFU8_07/BFU2_UNIT3/DATA_B_RE/EXP_COM_8BIT/COMP_LESS_UNIT/u_high/g335/Y                    -       A1->Y  R     AOI22X1HVT        2  0.6    40    41    5160 
  BFU8_07/BFU2_UNIT3/DATA_B_RE/EXP_COM_8BIT/COMP_LESS_UNIT/u_high/g334/Y                    -       A1N->Y R     OAI2BB1X1HVT      1  0.4    25    43    5203 
  BFU8_07/BFU2_UNIT3/DATA_B_RE/EXP_COM_8BIT/COMP_LESS_UNIT/u_high/g333/Y                    -       B0->Y  F     OAI21X1HVT        1  0.2    20    26    5230 
  BFU8_07/BFU2_UNIT3/DATA_B_RE/EXP_COM_8BIT/COMP_LESS_UNIT/g16/Y                            -       B0->Y  F     AO21X2HVT        60 23.8   134   125    5354 
  BFU8_07/BFU2_UNIT3/DATA_B_RE/EXP_SWAP/g228/Y                                              -       S0->Y  R     MX2XLHVT          3  1.1    24    75    5430 
  BFU8_07/BFU2_UNIT3/DATA_B_RE/EXP_SUB/CLA_8BIT_UNIT/CLA_4BIT_UNIT_0/g271/Y                 -       A->Y   F     XNOR2X1HVT       28  9.7   101   112    5542 
  BFU8_07/BFU2_UNIT3/DATA_B_RE/EXP_SUB/CLA_8BIT_UNIT/CLA_4BIT_UNIT_0/g270/Y                 -       AN->Y  F     NOR2BX1HVT        2  0.8    15    49    5591 
  BFU8_07/BFU2_UNIT3/DATA_B_RE/EXP_SUB/CLA_8BIT_UNIT/CLA_4BIT_UNIT_0/g266/Y                 -       B->Y   R     XNOR2X1HVT       26  9.4   102   100    5691 
  BFU8_07/BFU2_UNIT3/DATA_B_RE/SHF_RIGHT_MAN/g3833/Y                                        -       A->Y   F     INVX2HVT         24  8.6    65    70    5760 
  BFU8_07/BFU2_UNIT3/DATA_B_RE/SHF_RIGHT_MAN/g3781/Y                                        -       B1->Y  R     OAI22X1HVT        2  0.8    52    46    5806 
  BFU8_07/BFU2_UNIT3/DATA_B_RE/SHF_RIGHT_MAN/g3752/Y                                        -       A1->Y  F     AOI22X1HVT        2  0.8    46    51    5857 
  BFU8_07/BFU2_UNIT3/DATA_B_RE/SHF_RIGHT_MAN/g3747/Y                                        -       A->Y   R     INVX1HVT          1  0.4    13    25    5882 
  BFU8_07/BFU2_UNIT3/DATA_B_RE/SHF_RIGHT_MAN/g3731/Y                                        -       B1->Y  F     AOI22X1HVT        1  0.4    34    20    5902 
  BFU8_07/BFU2_UNIT3/DATA_B_RE/SHF_RIGHT_MAN/g3706/Y                                        -       A1->Y  R     OAI22X1HVT        3  0.8    45    41    5944 
  BFU8_07/BFU2_UNIT3/DATA_B_RE/MAN_COMP_24BIT/u_i_data_1/g345/Y                             -       A->Y   F     INVX1HVT          2  1.0    18    29    5973 
  BFU8_07/BFU2_UNIT3/DATA_B_RE/MAN_COMP_24BIT/u_i_data_1/g338/CO                            -       B->CO  F     ADDHX1HVT         1  0.4     8    26    5999 
  BFU8_07/BFU2_UNIT3/DATA_B_RE/MAN_COMP_24BIT/u_i_data_1/g336/Y                             -       A2->Y  R     OAI32X1HVT        1  0.4    54    38    6037 
  BFU8_07/BFU2_UNIT3/DATA_B_RE/MAN_COMP_24BIT/u_i_data_1/g335/Y                             -       A1->Y  F     AOI22X1HVT        2  0.6    42    50    6087 
  BFU8_07/BFU2_UNIT3/DATA_B_RE/MAN_COMP_24BIT/u_i_data_1/g334/Y                             -       A1N->Y F     OAI2BB1X1HVT      1  0.4    22    38    6125 
  BFU8_07/BFU2_UNIT3/DATA_B_RE/MAN_COMP_24BIT/u_i_data_1/g333/Y                             -       B0->Y  R     OAI21X1HVT        1  0.4    26    17    6142 
  BFU8_07/BFU2_UNIT3/DATA_B_RE/MAN_COMP_24BIT/g145/Y                                        -       B0->Y  F     AOI21X1HVT        1  0.4    25    18    6160 
  BFU8_07/BFU2_UNIT3/DATA_B_RE/MAN_COMP_24BIT/g144/Y                                        -       B->Y   R     NOR2BX1HVT        1  0.2    15    21    6181 
  BFU8_07/BFU2_UNIT3/DATA_B_RE/MAN_COMP_24BIT/g143/Y                                        -       A1->Y  R     OA21X1HVT         1  0.4     9    40    6221 
  BFU8_07/BFU2_UNIT3/DATA_B_RE/MAN_COMP_24BIT/g142/Y                                        -       A1->Y  F     OAI21X1HVT        1  0.4    22    21    6242 
  BFU8_07/BFU2_UNIT3/DATA_B_RE/MAN_COMP_24BIT/g141/Y                                        -       B->Y   R     NAND2BX1HVT       1  0.2     9    15    6258 
  BFU8_07/BFU2_UNIT3/DATA_B_RE/MAN_COMP_24BIT/g140/Y                                        -       A1->Y  R     AO21X1HVT        49 23.6   247   173    6431 
  BFU8_07/BFU2_UNIT3/DATA_B_RE/MAN_SWAP/g794/Y                                              -       S0->Y  F     MX2XLHVT          3  0.8    17    99    6530 
  BFU8_07/BFU2_UNIT3/DATA_B_RE/MAN_ALU/g454/Y                                               -       B->Y   R     XNOR2X1HVT        2  0.9    14    51    6581 
  BFU8_07/BFU2_UNIT3/DATA_B_RE/MAN_ALU/ALU_SUB_UNIT/CLA_BLOCK_GEN[0].CLA_4BIT_UNIT/g331/Y   -       B->Y   F     XOR2XLHVT         3  0.8    17    49    6630 
  BFU8_07/BFU2_UNIT3/DATA_B_RE/MAN_ALU/ALU_SUB_UNIT/CLA_BLOCK_GEN[0].CLA_4BIT_UNIT/g325/Y   -       A1N->Y F     OAI2BB1X1HVT      1  0.2    14    30    6660 
  BFU8_07/BFU2_UNIT3/DATA_B_RE/MAN_ALU/ALU_SUB_UNIT/CLA_BLOCK_GEN[0].CLA_4BIT_UNIT/g322/Y   -       A1->Y  F     AO21XLHVT         1  0.4    10    38    6698 
  BFU8_07/BFU2_UNIT3/DATA_B_RE/MAN_ALU/ALU_SUB_UNIT/CLA_BLOCK_GEN[0].CLA_4BIT_UNIT/g320/Y   -       A1->Y  R     AOI22X1HVT        1  0.4    28    29    6727 
  BFU8_07/BFU2_UNIT3/DATA_B_RE/MAN_ALU/ALU_SUB_UNIT/CLA_BLOCK_GEN[0].CLA_4BIT_UNIT/g319/Y   -       B0->Y  F     OAI2BB1X1HVT      2  0.4    19    28    6755 
  BFU8_07/BFU2_UNIT3/DATA_B_RE/MAN_ALU/ALU_SUB_UNIT/g101/Y                                  -       B0->Y  F     AO21XLHVT         2  0.6    14    40    6795 
  BFU8_07/BFU2_UNIT3/DATA_B_RE/MAN_ALU/ALU_SUB_UNIT/CLA_BLOCK_GEN[1].CLA_4BIT_UNIT/g463/Y   -       A1N->Y F     OAI2BB1X1HVT      2  0.6    22    33    6829 
  BFU8_07/BFU2_UNIT3/DATA_B_RE/MAN_ALU/ALU_SUB_UNIT/CLA_BLOCK_GEN[1].CLA_4BIT_UNIT/g459/Y   -       A1N->Y F     OAI2BB1X1HVT      2  0.8    26    38    6866 
  BFU8_07/BFU2_UNIT3/DATA_B_RE/MAN_ALU/ALU_SUB_UNIT/CLA_BLOCK_GEN[1].CLA_4BIT_UNIT/g457/Y   -       A1->Y  R     AOI22X1HVT        2  0.9    38    40    6906 
  BFU8_07/BFU2_UNIT3/DATA_B_RE/MAN_ALU/ALU_SUB_UNIT/CLA_BLOCK_GEN[1].CLA_4BIT_UNIT/g455/Y   -       A1->Y  F     OAI21X1HVT        3  0.8    29    37    6943 
  BFU8_07/BFU2_UNIT3/DATA_B_RE/MAN_ALU/ALU_SUB_UNIT/g119/Y                                  -       B->Y   F     OR2XLHVT          2  0.8    16    39    6983 
  BFU8_07/BFU2_UNIT3/DATA_B_RE/MAN_ALU/ALU_SUB_UNIT/CLA_BLOCK_GEN[2].CLA_4BIT_UNIT/g463/Y   -       A1->Y  R     AOI21X1HVT        2  0.9    31    29    7012 
  BFU8_07/BFU2_UNIT3/DATA_B_RE/MAN_ALU/ALU_SUB_UNIT/CLA_BLOCK_GEN[2].CLA_4BIT_UNIT/g459/Y   -       A1->Y  F     OAI21X1HVT        2  0.8    29    34    7046 
  BFU8_07/BFU2_UNIT3/DATA_B_RE/MAN_ALU/ALU_SUB_UNIT/CLA_BLOCK_GEN[2].CLA_4BIT_UNIT/g457/Y   -       A1->Y  R     AOI22X1HVT        2  0.9    38    41    7088 
  BFU8_07/BFU2_UNIT3/DATA_B_RE/MAN_ALU/ALU_SUB_UNIT/CLA_BLOCK_GEN[2].CLA_4BIT_UNIT/g455/Y   -       A1->Y  F     OAI21X1HVT        3  0.8    29    37    7125 
  BFU8_07/BFU2_UNIT3/DATA_B_RE/MAN_ALU/ALU_SUB_UNIT/g146/Y                                  -       AN->Y  F     NAND2BX1HVT       2  0.8    26    40    7165 
  BFU8_07/BFU2_UNIT3/DATA_B_RE/MAN_ALU/ALU_SUB_UNIT/CLA_BLOCK_GEN[3].CLA_4BIT_UNIT/g463/Y   -       A1->Y  R     AOI21X1HVT        2  0.9    31    33    7198 
  BFU8_07/BFU2_UNIT3/DATA_B_RE/MAN_ALU/ALU_SUB_UNIT/CLA_BLOCK_GEN[3].CLA_4BIT_UNIT/g459/Y   -       A1->Y  F     OAI21X1HVT        2  0.8    29    34    7232 
  BFU8_07/BFU2_UNIT3/DATA_B_RE/MAN_ALU/ALU_SUB_UNIT/CLA_BLOCK_GEN[3].CLA_4BIT_UNIT/g457/Y   -       A1->Y  R     AOI22X1HVT        2  0.9    38    41    7274 
  BFU8_07/BFU2_UNIT3/DATA_B_RE/MAN_ALU/ALU_SUB_UNIT/CLA_BLOCK_GEN[3].CLA_4BIT_UNIT/g455/Y   -       A1->Y  F     OAI21X1HVT        3  0.8    29    37    7311 
  BFU8_07/BFU2_UNIT3/DATA_B_RE/MAN_ALU/ALU_SUB_UNIT/g181/Y                                  -       AN->Y  F     NAND2BX1HVT       2  0.8    26    40    7351 
  BFU8_07/BFU2_UNIT3/DATA_B_RE/MAN_ALU/ALU_SUB_UNIT/CLA_BLOCK_GEN[4].CLA_4BIT_UNIT/g373/Y   -       A1->Y  R     AOI22X1HVT        2  0.9    38    40    7392 
  BFU8_07/BFU2_UNIT3/DATA_B_RE/MAN_ALU/ALU_SUB_UNIT/CLA_BLOCK_GEN[4].CLA_4BIT_UNIT/g371/Y   -       A1->Y  F     OAI21X1HVT        2  0.8    29    37    7429 
  BFU8_07/BFU2_UNIT3/DATA_B_RE/MAN_ALU/ALU_SUB_UNIT/CLA_BLOCK_GEN[4].CLA_4BIT_UNIT/g369/Y   -       A1->Y  R     AOI22X1HVT        2  0.9    38    41    7470 
  BFU8_07/BFU2_UNIT3/DATA_B_RE/MAN_ALU/ALU_SUB_UNIT/CLA_BLOCK_GEN[4].CLA_4BIT_UNIT/g367/Y   -       A1->Y  F     OAI21X1HVT        2  0.6    25    35    7505 
  BFU8_07/BFU2_UNIT3/DATA_B_RE/MAN_ALU/ALU_SUB_UNIT/g213/Y                                  -       AN->Y  F     NAND2BX1HVT       2  0.8    26    40    7545 
  BFU8_07/BFU2_UNIT3/DATA_B_RE/MAN_ALU/ALU_SUB_UNIT/CLA_BLOCK_GEN[5].CLA_4BIT_UNIT/g511/Y   -       A1->Y  R     AOI21X1HVT        2  0.9    31    33    7578 
  BFU8_07/BFU2_UNIT3/DATA_B_RE/MAN_ALU/ALU_SUB_UNIT/CLA_BLOCK_GEN[5].CLA_4BIT_UNIT/g507/Y   -       A1->Y  F     OAI21X1HVT        2  0.8    29    34    7612 
  BFU8_07/BFU2_UNIT3/DATA_B_RE/MAN_ALU/ALU_SUB_UNIT/CLA_BLOCK_GEN[5].CLA_4BIT_UNIT/g505/Y   -       A1->Y  R     AOI22X1HVT        2  0.9    38    41    7653 
  BFU8_07/BFU2_UNIT3/DATA_B_RE/MAN_ALU/ALU_SUB_UNIT/CLA_BLOCK_GEN[5].CLA_4BIT_UNIT/g504/Y   -       B->Y   F     XOR2XLHVT         1  0.4    11    51    7704 
  BFU8_07/BFU2_UNIT3/DATA_B_RE/MAN_ALU/g1889/Y                                              -       A1->Y  R     AOI22X1HVT        1  0.4    32    29    7733 
  BFU8_07/BFU2_UNIT3/DATA_B_RE/MAN_ALU/g1858/Y                                              -       B0->Y  F     OAI2BB1X1HVT      8  2.8    64    56    7788 
  BFU8_07/BFU2_UNIT3/DATA_B_RE/LOPD_24BIT/LOPD_16bit_UNIT_MSB/LOPD_8bit_unit_1/g283/Y       -       B->Y   F     OR2XLHVT          3  1.2    23    51    7839 
  BFU8_07/BFU2_UNIT3/DATA_B_RE/LOPD_24BIT/LOPD_16bit_UNIT_MSB/LOPD_8bit_unit_1/g274/Y       -       C->Y   R     NOR3BX1HVT        2  0.6    37    32    7872 
  BFU8_07/BFU2_UNIT3/DATA_B_RE/LOPD_24BIT/LOPD_16bit_UNIT_MSB/g113/Y                        -       A->Y   R     AND2X1HVT         7  2.6    32    54    7926 
  BFU8_07/BFU2_UNIT3/DATA_B_RE/LOPD_24BIT/g147/Y                                            -       A->Y   F     INVX1HVT          4  1.4    20    25    7951 
  BFU8_07/BFU2_UNIT3/DATA_B_RE/LOPD_24BIT/g144/Y                                            -       A0->Y  R     AOI22X1HVT        1  0.4    29    36    7987 
  BFU8_07/BFU2_UNIT3/DATA_B_RE/LOPD_24BIT/g140/Y                                            -       B->Y   F     NAND2X1HVT        2  0.6    23    27    8015 
  BFU8_07/BFU2_UNIT3/DATA_B_RE/g611/Y                                                       -       A->Y   F     AND2X1HVT        27 10.8   110    84    8098 
  BFU8_07/BFU2_UNIT3/DATA_B_RE/NOR_UNIT/SHF_left_unit/g3021/Y                               -       A->Y   R     INVX1HVT         20  8.0    99    95    8194 
  BFU8_07/BFU2_UNIT3/DATA_B_RE/NOR_UNIT/SHF_left_unit/g2955/Y                               -       A0->Y  F     AOI22X1HVT        4  1.6    61    81    8275 
  BFU8_07/BFU2_UNIT3/DATA_B_RE/NOR_UNIT/SHF_left_unit/g2940/Y                               -       B->Y   R     NOR2X1HVT         1  0.4    23    38    8312 
  BFU8_07/BFU2_UNIT3/DATA_B_RE/NOR_UNIT/g1478/Y                                             -       A1->Y  F     AOI22X1HVT        1  0.4    48    34    8347 
  BFU8_07/BFU2_UNIT3/DATA_B_RE/NOR_UNIT/g1451/Y                                             -       B0->Y  R     OAI2BB1X1HVT      1  0.4    16    29    8376 
  BFU8_07/BFU2_UNIT3/DATA_B_RE/MAN_RND/g658/Y                                               -       D->Y   F     NOR4X1HVT         1  0.4    18    16    8392 
  BFU8_07/BFU2_UNIT3/DATA_B_RE/MAN_RND/g657/Y                                               -       B->Y   R     NOR2BX1HVT        1  0.5    20    21    8413 
  BFU8_07/BFU2_UNIT3/DATA_B_RE/MAN_RND/g656/CO                                              -       A->CO  R     ADDHX1HVT         1  0.7    12    41    8454 
  BFU8_07/BFU2_UNIT3/DATA_B_RE/MAN_RND/g655/CO                                              -       B->CO  R     ADDHX1HVT         1  0.7    12    36    8491 
  BFU8_07/BFU2_UNIT3/DATA_B_RE/MAN_RND/g654/CO                                              -       B->CO  R     ADDHX1HVT         1  0.7    12    36    8527 
  BFU8_07/BFU2_UNIT3/DATA_B_RE/MAN_RND/g653/CO                                              -       B->CO  R     ADDHX1HVT         1  0.7    12    36    8563 
  BFU8_07/BFU2_UNIT3/DATA_B_RE/MAN_RND/g652/CO                                              -       B->CO  R     ADDHX1HVT         1  0.7    12    36    8600 
  BFU8_07/BFU2_UNIT3/DATA_B_RE/MAN_RND/g651/CO                                              -       B->CO  R     ADDHX1HVT         1  0.7    12    36    8636 
  BFU8_07/BFU2_UNIT3/DATA_B_RE/MAN_RND/g650/CO                                              -       B->CO  R     ADDHX1HVT         1  0.7    12    36    8672 
  BFU8_07/BFU2_UNIT3/DATA_B_RE/MAN_RND/g649/CO                                              -       B->CO  R     ADDHX1HVT         1  0.7    12    36    8708 
  BFU8_07/BFU2_UNIT3/DATA_B_RE/MAN_RND/g648/CO                                              -       B->CO  R     ADDHX1HVT         1  0.7    12    36    8745 
  BFU8_07/BFU2_UNIT3/DATA_B_RE/MAN_RND/g647/CO                                              -       B->CO  R     ADDHX1HVT         1  0.7    12    36    8781 
  BFU8_07/BFU2_UNIT3/DATA_B_RE/MAN_RND/g646/CO                                              -       B->CO  R     ADDHX1HVT         1  0.7    12    36    8817 
  BFU8_07/BFU2_UNIT3/DATA_B_RE/MAN_RND/g645/CO                                              -       B->CO  R     ADDHX1HVT         1  0.7    12    36    8854 
  BFU8_07/BFU2_UNIT3/DATA_B_RE/MAN_RND/g644/CO                                              -       B->CO  R     ADDHX1HVT         1  0.7    12    36    8890 
  BFU8_07/BFU2_UNIT3/DATA_B_RE/MAN_RND/g643/CO                                              -       B->CO  R     ADDHX1HVT         1  0.7    12    36    8926 
  BFU8_07/BFU2_UNIT3/DATA_B_RE/MAN_RND/g642/CO                                              -       B->CO  R     ADDHX1HVT         1  0.7    12    36    8962 
  BFU8_07/BFU2_UNIT3/DATA_B_RE/MAN_RND/g641/CO                                              -       B->CO  R     ADDHX1HVT         1  0.7    12    36    8999 
  BFU8_07/BFU2_UNIT3/DATA_B_RE/MAN_RND/g640/CO                                              -       B->CO  R     ADDHX1HVT         1  0.7    12    36    9035 
  BFU8_07/BFU2_UNIT3/DATA_B_RE/MAN_RND/g639/CO                                              -       B->CO  R     ADDHX1HVT         1  0.7    12    36    9071 
  BFU8_07/BFU2_UNIT3/DATA_B_RE/MAN_RND/g638/CO                                              -       B->CO  R     ADDHX1HVT         1  0.7    12    36    9108 
  BFU8_07/BFU2_UNIT3/DATA_B_RE/MAN_RND/g637/CO                                              -       B->CO  R     ADDHX1HVT         1  0.7    12    36    9144 
  BFU8_07/BFU2_UNIT3/DATA_B_RE/MAN_RND/g636/CO                                              -       B->CO  R     ADDHX1HVT         1  0.7    12    36    9180 
  BFU8_07/BFU2_UNIT3/DATA_B_RE/MAN_RND/g635/CO                                              -       B->CO  R     ADDHX1HVT         2  0.7    12    36    9217 
  BFU8_07/BFU2_UNIT3/DATA_B_RE/MAN_RND/g633/Y                                               -       C->Y   R     AND3XLHVT         2  0.9    20    49    9265 
  BFU8_07/BFU2_UNIT3/DATA_B_RE/EXP_RND/g187/Y                                               -       B->Y   F     NAND2X1HVT        2  0.6    22    24    9289 
  BFU8_07/BFU2_UNIT3/DATA_B_RE/EXP_RND/g185/Y                                               -       AN->Y  F     NAND2BX1HVT       2  0.6    22    37    9326 
  BFU8_07/BFU2_UNIT3/DATA_B_RE/EXP_RND/g183/Y                                               -       AN->Y  F     NAND2BX1HVT       2  0.6    22    36    9362 
  BFU8_07/BFU2_UNIT3/DATA_B_RE/EXP_RND/g181/Y                                               -       AN->Y  F     NAND2BX1HVT       2  0.6    21    36    9399 
  BFU8_07/BFU2_UNIT3/DATA_B_RE/EXP_RND/g179/Y                                               -       AN->Y  F     NAND2BX1HVT       2  0.6    22    36    9435 
  BFU8_07/BFU2_UNIT3/DATA_B_RE/EXP_RND/g177/Y                                               -       AN->Y  F     NAND2BX1HVT       2  0.6    21    37    9472 
  BFU8_07/BFU2_UNIT3/DATA_B_RE/EXP_RND/g175/Y                                               -       AN->Y  F     NAND2BXLHVT       1  0.4    21    32    9504 
  BFU8_07/BFU2_UNIT3/DATA_B_RE/EXP_RND/g173/Y                                               -       B->Y   F     XNOR2X1HVT        1  0.4    10    44    9548 
  BFU8_07/BFU2_UNIT3/DATA_B_RE/g2967/Y                                                      -       B1->Y  R     AOI222X1HVT       1  0.4    58    50    9598 
  BFU8_07/BFU2_UNIT3/DATA_B_RE/g2954/Y                                                      -       B->Y   F     NAND2X1HVT        1  0.2    19    36    9634 
  g3044/Y                                                                                   -       B->Y   F     MX2XLHVT          1  0.3    10    45    9678 
  X7_real_reg[30]/D                                                                         <<<     -      F     DFFRHQX8HVT       1    -     -     0    9678 
#-------------------------------------------------------------------------------------------------------------------------------------------------------------

