============================================================
  Generated by:           Genus(TM) Synthesis Solution GENUS15.20 - 15.20-p004_1
  Generated on:           Jan 04 2026  07:26:04 am
  Module:                 FFT_8Points
  Wireload mode:          enclosed
  Area mode:              timing library
============================================================

Timing
--------

Clock   Period  
----------------
i_clk 1000000.0 


  Cost    Critical       Violating 
 Group   Path Slack TNS    Paths   
-----------------------------------
default    No paths   0            
i_clk      990298.5   0          0 
-----------------------------------
Total                 0          0 

Instance Count
--------------
Leaf Instance Count             67303 
Sequential Instance Count        2055 
Combinational Instance Count    65248 
Hierarchical Instance Count      2654 

Area
----
Cell Area                          153905.130
Physical Cell Area                 0.000
Total Cell Area (Cell+Physical)    153905.130
Net Area                           0.000
Total Area (Cell+Physical+Net)     153905.130

Max Fanout                         2055 (i_rst_n)
Min Fanout                         0 (n_15)
Average Fanout                     1.3
Terms to net ratio                 1.8
Terms to instance ratio            3.9
Runtime                            534.954 seconds
Elapsed Runtime                    547 seconds
RC peak memory usage:              1080.20 
EDI peak memory usage:             no_value 
Hostname                           centos7
