============================================================
  Generated by:           Genus(TM) Synthesis Solution GENUS15.20 - 15.20-p004_1
  Generated on:           Jan 04 2026  07:49:28 am
  Module:                 FFT_8Points
  Wireload mode:          enclosed
  Area mode:              timing library
============================================================

                                    
    Gate      Instances     Area        Library    
---------------------------------------------------
ADDFX1HVT          1012    5191.560    fast_vdd1v2 
ADDFX2HVT            56     440.496    fast_vdd1v2 
ADDHX1HVT          2622    9863.964    fast_vdd1v2 
AND2X1HVT           680     930.240    fast_vdd1v2 
AND2X4HVT             1       2.736    fast_vdd1v2 
AND2XLHVT           508     694.944    fast_vdd1v2 
AND3XLHVT            82     168.264    fast_vdd1v2 
AND4XLHVT           364     871.416    fast_vdd1v2 
AO21X1HVT           220     526.680    fast_vdd1v2 
AO21XLHVT            78     186.732    fast_vdd1v2 
AO22X1HVT            68     186.048    fast_vdd1v2 
AO22XLHVT           182     497.952    fast_vdd1v2 
AOI211XLHVT          44      90.288    fast_vdd1v2 
AOI21X1HVT          558     954.180    fast_vdd1v2 
AOI21XLHVT          180     307.800    fast_vdd1v2 
AOI221X1HVT         470    1125.180    fast_vdd1v2 
AOI222X1HVT         484    1489.752    fast_vdd1v2 
AOI22X1HVT         5160   10588.320    fast_vdd1v2 
AOI22XLHVT         4050    8310.600    fast_vdd1v2 
AOI2BB1XLHVT        504    1034.208    fast_vdd1v2 
AOI31X1HVT          104     213.408    fast_vdd1v2 
AOI32X1HVT          312     746.928    fast_vdd1v2 
CLKBUFX20HVT       1392   11425.536    fast_vdd1v2 
CLKINVX4HVT           1       1.710    fast_vdd1v2 
CLKINVX6HVT           2       4.788    fast_vdd1v2 
CLKINVX8HVT           1       3.078    fast_vdd1v2 
CLKXOR2X1HVT        600    1641.600    fast_vdd1v2 
DFFRHQX1HVT        1157    7122.492    fast_vdd1v2 
DFFRHQX4HVT         513    4912.488    fast_vdd1v2 
DFFRX1HVT             1       6.840    fast_vdd1v2 
INVX1HVT           5270    3604.680    fast_vdd1v2 
INVX2HVT            208     213.408    fast_vdd1v2 
INVX3HVT              1       1.368    fast_vdd1v2 
INVXLHVT             92      62.928    fast_vdd1v2 
MX2X1HVT           2396    5736.024    fast_vdd1v2 
MX2XLHVT           4330   10366.020    fast_vdd1v2 
MXI2XLHVT           706    1690.164    fast_vdd1v2 
NAND2BX1HVT        1115    1525.320    fast_vdd1v2 
NAND2BXLHVT         452     618.336    fast_vdd1v2 
NAND2X1HVT         3038    3116.988    fast_vdd1v2 
NAND2XLHVT          426     437.076    fast_vdd1v2 
NAND3BXLHVT         230     393.300    fast_vdd1v2 
NAND3X1HVT           52      88.920    fast_vdd1v2 
NAND4XLHVT          440     752.400    fast_vdd1v2 
NOR2BX1HVT         1239    1694.952    fast_vdd1v2 
NOR2X1HVT          2316    2376.216    fast_vdd1v2 
NOR2XLHVT           374     383.724    fast_vdd1v2 
NOR3BX1HVT          260     533.520    fast_vdd1v2 
NOR3BXLHVT           38      77.976    fast_vdd1v2 
NOR3X1HVT           104     177.840    fast_vdd1v2 
NOR3XLHVT             4       6.840    fast_vdd1v2 
NOR4BBX1HVT          97     265.392    fast_vdd1v2 
NOR4BX1HVT          219     524.286    fast_vdd1v2 
NOR4X1HVT           722    1234.620    fast_vdd1v2 
OA21X1HVT           352     722.304    fast_vdd1v2 
OA22X1HVT           558    1335.852    fast_vdd1v2 
OAI211X1HVT         216     369.360    fast_vdd1v2 
OAI21X1HVT         1222    2089.620    fast_vdd1v2 
OAI21XLHVT          208     355.680    fast_vdd1v2 
OAI221X1HVT         866    2073.204    fast_vdd1v2 
OAI222X1HVT         416    1138.176    fast_vdd1v2 
OAI222XLHVT          20      54.720    fast_vdd1v2 
OAI22X1HVT         2768    5679.936    fast_vdd1v2 
OAI22XLHVT          470     964.440    fast_vdd1v2 
OAI2BB1X1HVT       4736    8098.560    fast_vdd1v2 
OAI32X1HVT          442    1058.148    fast_vdd1v2 
OAI33X1HVT           26      71.136    fast_vdd1v2 
OR2X1HVT            190     259.920    fast_vdd1v2 
OR2XLHVT            940    1285.920    fast_vdd1v2 
OR4X1HVT           2218    4551.336    fast_vdd1v2 
SDFFRHQX1HVT        384    3151.872    fast_vdd1v2 
XNOR2X1HVT         4053    9702.882    fast_vdd1v2 
XOR2XLHVT          1479    4046.544    fast_vdd1v2 
---------------------------------------------------
total             67099  152432.136                


                                       
   Type    Instances    Area    Area % 
---------------------------------------
sequential      2055  15193.692   10.0 
inverter        5575   3891.960    2.6 
buffer          1392  11425.536    7.5 
logic          58077 121920.948   80.0 
---------------------------------------
total          67099 152432.136  100.0 

