============================================================
  Generated by:           Genus(TM) Synthesis Solution GENUS15.20 - 15.20-p004_1
  Generated on:           Jan 04 2026  07:49:26 am
  Module:                 FFT_8Points
  Wireload mode:          enclosed
  Area mode:              timing library
============================================================


Path 1: MET (993163 ps) Setup Check with Pin X7_real_reg[30]/CK->D
          Group: i_clk
     Startpoint: (R) s3_S2_7_imag_reg[24]/CK
          Clock: (R) i_clk
       Endpoint: (F) X7_real_reg[30]/D
          Clock: (R) i_clk

                      Capture       Launch     
        Clock Edge:+  1000000            0     
       Src Latency:+        0            0     
       Net Latency:+        0 (I)        0 (I) 
           Arrival:=  1000000            0     
                                               
             Setup:-       13                  
     Required Time:=   999987                  
      Launch Clock:-        0                  
         Data Path:-     6824                  
             Slack:=   993163                  

#-------------------------------------------------------------------------------------------------------------------------------------------------------------
#                                       Timing Point                                        Flags    Arc   Edge     Cell      Fanout Load Trans Delay Arrival 
#                                                                                                                                    (fF)  (ps)  (ps)   (ps)  
#-------------------------------------------------------------------------------------------------------------------------------------------------------------
  s3_S2_7_imag_reg[24]/CK                                                                   -       -      R     (arrival)      2055    -     0     -       0 
  s3_S2_7_imag_reg[24]/Q                                                                    -       CK->Q  R     DFFRHQX1HVT      16  5.5    47    75      75 
  BFU8_07/INPUT_DATA_7/DATA_A_IM/EXP_COM_8BIT/COMP_LESS_UNIT/u_low/g237/Y                   -       A->Y   F     INVX1HVT          2  0.6    14    20      95 
  BFU8_07/INPUT_DATA_7/DATA_A_IM/EXP_COM_8BIT/COMP_LESS_UNIT/u_low/g232/Y                   -       B->Y   F     AND2XLHVT         1  0.4     7    17     112 
  BFU8_07/INPUT_DATA_7/DATA_A_IM/EXP_COM_8BIT/COMP_LESS_UNIT/u_low/g231/Y                   -       A2->Y  R     OAI32X1HVT        1  0.4    42    27     139 
  BFU8_07/INPUT_DATA_7/DATA_A_IM/EXP_COM_8BIT/COMP_LESS_UNIT/u_low/g230/Y                   -       A1->Y  F     AOI22X1HVT        1  0.4    29    32     171 
  BFU8_07/INPUT_DATA_7/DATA_A_IM/EXP_COM_8BIT/COMP_LESS_UNIT/u_low/g229/Y                   -       A1->Y  R     OAI22X1HVT        1  0.2    26    25     196 
  BFU8_07/INPUT_DATA_7/DATA_A_IM/EXP_COM_8BIT/COMP_LESS_UNIT/g16/Y                          -       A1->Y  R     AO21X1HVT        60 29.8   239   162     358 
  BFU8_07/INPUT_DATA_7/DATA_A_IM/EXP_SWAP/g228/Y                                            -       S0->Y  R     MX2X1HVT          4  1.3    15    71     429 
  BFU8_07/INPUT_DATA_7/DATA_A_IM/EXP_SUB/CLA_8BIT_UNIT/CLA_4BIT_UNIT_0/g271/Y               -       A->Y   F     XNOR2X1HVT       27  8.6    66    76     505 
  BFU8_07/INPUT_DATA_7/DATA_A_IM/EXP_SUB/CLA_8BIT_UNIT/CLA_4BIT_UNIT_0/g270/Y               -       AN->Y  F     NOR2BX1HVT        2  0.9    12    28     533 
  BFU8_07/INPUT_DATA_7/DATA_A_IM/EXP_SUB/CLA_8BIT_UNIT/CLA_4BIT_UNIT_0/g266/Y               -       B->Y   R     XNOR2X1HVT       26  9.5    79    74     607 
  BFU8_07/INPUT_DATA_7/DATA_A_IM/SHF_RIGHT_MAN/g3900/Y                                      -       A->Y   F     INVX2HVT         24  7.4    44    40     648 
  BFU8_07/INPUT_DATA_7/DATA_A_IM/SHF_RIGHT_MAN/g3850/Y                                      -       B1->Y  R     OAI22XLHVT        2  0.7    44    32     680 
  BFU8_07/INPUT_DATA_7/DATA_A_IM/SHF_RIGHT_MAN/g3819/Y                                      -       A0->Y  F     AOI22X1HVT        2  0.8    35    36     715 
  BFU8_07/INPUT_DATA_7/DATA_A_IM/SHF_RIGHT_MAN/g3816/Y                                      -       A->Y   R     INVX1HVT          1  0.4    10    16     731 
  BFU8_07/INPUT_DATA_7/DATA_A_IM/SHF_RIGHT_MAN/g3801/Y                                      -       B1->Y  F     AOI22X1HVT        1  0.4    25    14     745 
  BFU8_07/INPUT_DATA_7/DATA_A_IM/SHF_RIGHT_MAN/g3775/Y                                      -       A0->Y  R     OAI22X1HVT        3  1.0    37    31     776 
  BFU8_07/INPUT_DATA_7/DATA_A_IM/MAN_COMP_24BIT/u_i_data_1/g345/Y                           -       A->Y   F     INVX1HVT          2  1.0    15    19     795 
  BFU8_07/INPUT_DATA_7/DATA_A_IM/MAN_COMP_24BIT/u_i_data_1/g338/CO                          -       B->CO  F     ADDHX1HVT         1  0.4     6    19     814 
  BFU8_07/INPUT_DATA_7/DATA_A_IM/MAN_COMP_24BIT/u_i_data_1/g336/Y                           -       A2->Y  R     OAI32X1HVT        1  0.4    41    27     841 
  BFU8_07/INPUT_DATA_7/DATA_A_IM/MAN_COMP_24BIT/u_i_data_1/g335/Y                           -       A1->Y  F     AOI22X1HVT        2  0.6    31    33     874 
  BFU8_07/INPUT_DATA_7/DATA_A_IM/MAN_COMP_24BIT/u_i_data_1/g334/Y                           -       A1N->Y F     OAI2BB1X1HVT      1  0.4    16    25     899 
  BFU8_07/INPUT_DATA_7/DATA_A_IM/MAN_COMP_24BIT/u_i_data_1/g333/Y                           -       B0->Y  R     OAI21X1HVT        1  0.4    20    11     910 
  BFU8_07/INPUT_DATA_7/DATA_A_IM/MAN_COMP_24BIT/g144/Y                                      -       B0->Y  F     AOI21X1HVT        1  0.4    19    12     922 
  BFU8_07/INPUT_DATA_7/DATA_A_IM/MAN_COMP_24BIT/g143/Y                                      -       B->Y   R     NOR2BX1HVT        1  0.3    13    15     937 
  BFU8_07/INPUT_DATA_7/DATA_A_IM/MAN_COMP_24BIT/g142/Y                                      -       A1->Y  R     OA21X1HVT         1  0.4     7    27     964 
  BFU8_07/INPUT_DATA_7/DATA_A_IM/MAN_COMP_24BIT/g141/Y                                      -       A1->Y  F     OAI21X1HVT        1  0.4    16    14     978 
  BFU8_07/INPUT_DATA_7/DATA_A_IM/MAN_COMP_24BIT/g140/Y                                      -       B->Y   R     NAND2BX1HVT       1  0.2     7    10     989 
  BFU8_07/INPUT_DATA_7/DATA_A_IM/MAN_COMP_24BIT/g139/Y                                      -       A1->Y  R     AO21X1HVT        49 23.8   192   132    1121 
  BFU8_07/INPUT_DATA_7/DATA_A_IM/MAN_SWAP/g794/Y                                            -       S0->Y  F     MX2XLHVT          3  0.9    14    55    1176 
  BFU8_07/INPUT_DATA_7/DATA_A_IM/MAN_ALU/g454/Y                                             -       B->Y   R     XNOR2X1HVT        2  0.9    11    36    1212 
  BFU8_07/INPUT_DATA_7/DATA_A_IM/MAN_ALU/ALU_SUB_UNIT/CLA_BLOCK_GEN[0].CLA_4BIT_UNIT/g331/Y -       B->Y   F     XOR2XLHVT         3  0.8    12    35    1247 
  BFU8_07/INPUT_DATA_7/DATA_A_IM/MAN_ALU/ALU_SUB_UNIT/CLA_BLOCK_GEN[0].CLA_4BIT_UNIT/g325/Y -       A1N->Y F     OAI2BB1X1HVT      1  0.2    10    21    1268 
  BFU8_07/INPUT_DATA_7/DATA_A_IM/MAN_ALU/ALU_SUB_UNIT/CLA_BLOCK_GEN[0].CLA_4BIT_UNIT/g322/Y -       A1->Y  F     AO21XLHVT         1  0.4     8    26    1294 
  BFU8_07/INPUT_DATA_7/DATA_A_IM/MAN_ALU/ALU_SUB_UNIT/CLA_BLOCK_GEN[0].CLA_4BIT_UNIT/g320/Y -       A1->Y  R     AOI22X1HVT        1  0.5    24    22    1316 
  BFU8_07/INPUT_DATA_7/DATA_A_IM/MAN_ALU/ALU_SUB_UNIT/CLA_BLOCK_GEN[0].CLA_4BIT_UNIT/g319/Y -       B0->Y  F     OAI2BB1X1HVT      2  0.4    13    19    1335 
  BFU8_07/INPUT_DATA_7/DATA_A_IM/MAN_ALU/ALU_SUB_UNIT/g101/Y                                -       B0->Y  F     AO21X1HVT         2  0.7     9    32    1367 
  BFU8_07/INPUT_DATA_7/DATA_A_IM/MAN_ALU/ALU_SUB_UNIT/CLA_BLOCK_GEN[1].CLA_4BIT_UNIT/g463/Y -       A1N->Y F     OAI2BB1X1HVT      2  0.7    16    24    1391 
  BFU8_07/INPUT_DATA_7/DATA_A_IM/MAN_ALU/ALU_SUB_UNIT/CLA_BLOCK_GEN[1].CLA_4BIT_UNIT/g459/Y -       A1N->Y F     OAI2BB1X1HVT      2  0.9    19    27    1417 
  BFU8_07/INPUT_DATA_7/DATA_A_IM/MAN_ALU/ALU_SUB_UNIT/CLA_BLOCK_GEN[1].CLA_4BIT_UNIT/g457/Y -       A1->Y  R     AOI22X1HVT        2  0.9    29    28    1445 
  BFU8_07/INPUT_DATA_7/DATA_A_IM/MAN_ALU/ALU_SUB_UNIT/CLA_BLOCK_GEN[1].CLA_4BIT_UNIT/g455/Y -       A1->Y  F     OAI21X1HVT        3  0.8    21    24    1469 
  BFU8_07/INPUT_DATA_7/DATA_A_IM/MAN_ALU/ALU_SUB_UNIT/g119/Y                                -       B->Y   F     OR2XLHVT          2  0.9    13    27    1496 
  BFU8_07/INPUT_DATA_7/DATA_A_IM/MAN_ALU/ALU_SUB_UNIT/CLA_BLOCK_GEN[2].CLA_4BIT_UNIT/g463/Y -       A1->Y  R     AOI21X1HVT        2  0.9    23    21    1517 
  BFU8_07/INPUT_DATA_7/DATA_A_IM/MAN_ALU/ALU_SUB_UNIT/CLA_BLOCK_GEN[2].CLA_4BIT_UNIT/g459/Y -       A1->Y  F     OAI21X1HVT        2  0.9    22    23    1540 
  BFU8_07/INPUT_DATA_7/DATA_A_IM/MAN_ALU/ALU_SUB_UNIT/CLA_BLOCK_GEN[2].CLA_4BIT_UNIT/g457/Y -       A1->Y  R     AOI22X1HVT        2  0.9    29    28    1568 
  BFU8_07/INPUT_DATA_7/DATA_A_IM/MAN_ALU/ALU_SUB_UNIT/CLA_BLOCK_GEN[2].CLA_4BIT_UNIT/g455/Y -       A1->Y  F     OAI21X1HVT        3  0.8    21    24    1592 
  BFU8_07/INPUT_DATA_7/DATA_A_IM/MAN_ALU/ALU_SUB_UNIT/g146/Y                                -       AN->Y  F     NAND2BX1HVT       2  0.9    20    28    1620 
  BFU8_07/INPUT_DATA_7/DATA_A_IM/MAN_ALU/ALU_SUB_UNIT/CLA_BLOCK_GEN[3].CLA_4BIT_UNIT/g463/Y -       A1->Y  R     AOI21X1HVT        2  0.9    23    22    1642 
  BFU8_07/INPUT_DATA_7/DATA_A_IM/MAN_ALU/ALU_SUB_UNIT/CLA_BLOCK_GEN[3].CLA_4BIT_UNIT/g459/Y -       A1->Y  F     OAI21X1HVT        2  0.9    22    23    1665 
  BFU8_07/INPUT_DATA_7/DATA_A_IM/MAN_ALU/ALU_SUB_UNIT/CLA_BLOCK_GEN[3].CLA_4BIT_UNIT/g457/Y -       A1->Y  R     AOI22X1HVT        2  0.9    29    28    1694 
  BFU8_07/INPUT_DATA_7/DATA_A_IM/MAN_ALU/ALU_SUB_UNIT/CLA_BLOCK_GEN[3].CLA_4BIT_UNIT/g455/Y -       A1->Y  F     OAI21X1HVT        3  0.8    21    24    1717 
  BFU8_07/INPUT_DATA_7/DATA_A_IM/MAN_ALU/ALU_SUB_UNIT/g181/Y                                -       AN->Y  F     NAND2BX1HVT       2  0.9    20    28    1745 
  BFU8_07/INPUT_DATA_7/DATA_A_IM/MAN_ALU/ALU_SUB_UNIT/CLA_BLOCK_GEN[4].CLA_4BIT_UNIT/g366/Y -       A1->Y  R     AOI22X1HVT        2  0.9    29    28    1773 
  BFU8_07/INPUT_DATA_7/DATA_A_IM/MAN_ALU/ALU_SUB_UNIT/CLA_BLOCK_GEN[4].CLA_4BIT_UNIT/g364/Y -       A1->Y  F     OAI21X1HVT        2  0.9    22    25    1798 
  BFU8_07/INPUT_DATA_7/DATA_A_IM/MAN_ALU/ALU_SUB_UNIT/CLA_BLOCK_GEN[4].CLA_4BIT_UNIT/g362/Y -       A1->Y  R     AOI22X1HVT        2  0.9    29    28    1826 
  BFU8_07/INPUT_DATA_7/DATA_A_IM/MAN_ALU/ALU_SUB_UNIT/CLA_BLOCK_GEN[4].CLA_4BIT_UNIT/g360/Y -       A1->Y  F     OAI21X1HVT        2  0.6    18    22    1848 
  BFU8_07/INPUT_DATA_7/DATA_A_IM/MAN_ALU/ALU_SUB_UNIT/g213/Y                                -       AN->Y  F     NAND2BX1HVT       2  0.7    17    26    1874 
  BFU8_07/INPUT_DATA_7/DATA_A_IM/MAN_ALU/ALU_SUB_UNIT/CLA_BLOCK_GEN[5].CLA_4BIT_UNIT/g511/Y -       A1N->Y F     OAI2BB1X1HVT      2  0.7    17    25    1899 
  BFU8_07/INPUT_DATA_7/DATA_A_IM/MAN_ALU/ALU_SUB_UNIT/CLA_BLOCK_GEN[5].CLA_4BIT_UNIT/g507/Y -       A1N->Y F     OAI2BB1X1HVT      2  0.9    19    27    1926 
  BFU8_07/INPUT_DATA_7/DATA_A_IM/MAN_ALU/ALU_SUB_UNIT/CLA_BLOCK_GEN[5].CLA_4BIT_UNIT/g505/Y -       A1->Y  R     AOI22X1HVT        2  0.9    29    28    1954 
  BFU8_07/INPUT_DATA_7/DATA_A_IM/MAN_ALU/ALU_SUB_UNIT/CLA_BLOCK_GEN[5].CLA_4BIT_UNIT/g504/Y -       B->Y   F     XOR2XLHVT         1  0.4     8    34    1988 
  BFU8_07/INPUT_DATA_7/DATA_A_IM/MAN_ALU/g1889/Y                                            -       A1->Y  R     AOI22X1HVT        1  0.5    28    22    2010 
  BFU8_07/INPUT_DATA_7/DATA_A_IM/MAN_ALU/g1858/Y                                            -       B0->Y  F     OAI2BB1X1HVT      8  2.8    45    38    2047 
  BFU8_07/INPUT_DATA_7/DATA_A_IM/LOPD_24BIT/LOPD_16bit_UNIT_MSB/LOPD_8bit_unit_1/g283/Y     -       B->Y   F     OR2XLHVT          3  1.2    17    33    2080 
  BFU8_07/INPUT_DATA_7/DATA_A_IM/LOPD_24BIT/LOPD_16bit_UNIT_MSB/LOPD_8bit_unit_1/g274/Y     -       C->Y   R     NOR3BX1HVT        2  0.6    27    22    2102 
  BFU8_07/INPUT_DATA_7/DATA_A_IM/LOPD_24BIT/LOPD_16bit_UNIT_MSB/g113/Y                      -       A->Y   R     AND2X1HVT         7  2.6    24    36    2138 
  BFU8_07/INPUT_DATA_7/DATA_A_IM/LOPD_24BIT/g147/Y                                          -       A->Y   F     INVX1HVT          4  1.4    15    17    2155 
  BFU8_07/INPUT_DATA_7/DATA_A_IM/LOPD_24BIT/g144/Y                                          -       A0->Y  R     AOI22X1HVT        1  0.4    22    26    2180 
  BFU8_07/INPUT_DATA_7/DATA_A_IM/LOPD_24BIT/g140/Y                                          -       B->Y   F     NAND2X1HVT        2  0.6    16    18    2198 
  BFU8_07/INPUT_DATA_7/DATA_A_IM/g611/Y                                                     -       A->Y   F     AND2X1HVT        27 11.1    83    62    2260 
  BFU8_07/INPUT_DATA_7/DATA_A_IM/NOR_UNIT/SHF_left_unit/g3032/Y                             -       A->Y   R     INVX1HVT         20  8.3    81    65    2325 
  BFU8_07/INPUT_DATA_7/DATA_A_IM/NOR_UNIT/SHF_left_unit/g2967/Y                             -       A0->Y  F     AOI22X1HVT        4  1.6    45    53    2378 
  BFU8_07/INPUT_DATA_7/DATA_A_IM/NOR_UNIT/SHF_left_unit/g2952/Y                             -       B->Y   R     NOR2X1HVT         1  0.4    17    24    2402 
  BFU8_07/INPUT_DATA_7/DATA_A_IM/NOR_UNIT/g1478/Y                                           -       A1->Y  F     AOI22X1HVT        1  0.4    40    24    2426 
  BFU8_07/INPUT_DATA_7/DATA_A_IM/NOR_UNIT/g1451/Y                                           -       B0->Y  R     OAI2BB1X1HVT      1  0.4    14    20    2445 
  BFU8_07/INPUT_DATA_7/DATA_A_IM/MAN_RND/g658/Y                                             -       D->Y   F     NOR4X1HVT         1  0.4    14    12    2457 
  BFU8_07/INPUT_DATA_7/DATA_A_IM/MAN_RND/g657/Y                                             -       B->Y   R     NOR2BX1HVT        1  0.5    15    15    2472 
  BFU8_07/INPUT_DATA_7/DATA_A_IM/MAN_RND/g656/CO                                            -       A->CO  R     ADDHX1HVT         1  0.7     9    28    2500 
  BFU8_07/INPUT_DATA_7/DATA_A_IM/MAN_RND/g655/CO                                            -       B->CO  R     ADDHX1HVT         1  0.7     9    25    2525 
  BFU8_07/INPUT_DATA_7/DATA_A_IM/MAN_RND/g654/CO                                            -       B->CO  R     ADDHX1HVT         1  0.7     9    25    2550 
  BFU8_07/INPUT_DATA_7/DATA_A_IM/MAN_RND/g653/CO                                            -       B->CO  R     ADDHX1HVT         1  0.7     9    25    2575 
  BFU8_07/INPUT_DATA_7/DATA_A_IM/MAN_RND/g652/CO                                            -       B->CO  R     ADDHX1HVT         1  0.7     9    25    2600 
  BFU8_07/INPUT_DATA_7/DATA_A_IM/MAN_RND/g651/CO                                            -       B->CO  R     ADDHX1HVT         1  0.7     9    25    2626 
  BFU8_07/INPUT_DATA_7/DATA_A_IM/MAN_RND/g650/CO                                            -       B->CO  R     ADDHX1HVT         1  0.7     9    25    2651 
  BFU8_07/INPUT_DATA_7/DATA_A_IM/MAN_RND/g649/CO                                            -       B->CO  R     ADDHX1HVT         1  0.7     9    25    2676 
  BFU8_07/INPUT_DATA_7/DATA_A_IM/MAN_RND/g648/CO                                            -       B->CO  R     ADDHX1HVT         1  0.7     9    25    2701 
  BFU8_07/INPUT_DATA_7/DATA_A_IM/MAN_RND/g647/CO                                            -       B->CO  R     ADDHX1HVT         1  0.7     9    25    2726 
  BFU8_07/INPUT_DATA_7/DATA_A_IM/MAN_RND/g646/CO                                            -       B->CO  R     ADDHX1HVT         1  0.7     9    25    2752 
  BFU8_07/INPUT_DATA_7/DATA_A_IM/MAN_RND/g645/CO                                            -       B->CO  R     ADDHX1HVT         1  0.7     9    25    2777 
  BFU8_07/INPUT_DATA_7/DATA_A_IM/MAN_RND/g644/CO                                            -       B->CO  R     ADDHX1HVT         1  0.7     9    25    2802 
  BFU8_07/INPUT_DATA_7/DATA_A_IM/MAN_RND/g643/CO                                            -       B->CO  R     ADDHX1HVT         1  0.7     9    25    2827 
  BFU8_07/INPUT_DATA_7/DATA_A_IM/MAN_RND/g642/CO                                            -       B->CO  R     ADDHX1HVT         1  0.7     9    25    2852 
  BFU8_07/INPUT_DATA_7/DATA_A_IM/MAN_RND/g641/CO                                            -       B->CO  R     ADDHX1HVT         1  0.7     9    25    2878 
  BFU8_07/INPUT_DATA_7/DATA_A_IM/MAN_RND/g640/CO                                            -       B->CO  R     ADDHX1HVT         1  0.7     9    25    2903 
  BFU8_07/INPUT_DATA_7/DATA_A_IM/MAN_RND/g639/CO                                            -       B->CO  R     ADDHX1HVT         1  0.7     9    25    2928 
  BFU8_07/INPUT_DATA_7/DATA_A_IM/MAN_RND/g638/CO                                            -       B->CO  R     ADDHX1HVT         1  0.7     9    25    2953 
  BFU8_07/INPUT_DATA_7/DATA_A_IM/MAN_RND/g637/CO                                            -       B->CO  R     ADDHX1HVT         1  0.7     9    25    2978 
  BFU8_07/INPUT_DATA_7/DATA_A_IM/MAN_RND/g636/CO                                            -       B->CO  R     ADDHX1HVT         1  0.7     9    25    3004 
  BFU8_07/INPUT_DATA_7/DATA_A_IM/MAN_RND/g635/CO                                            -       B->CO  R     ADDHX1HVT         2  0.7     9    25    3029 
  BFU8_07/INPUT_DATA_7/DATA_A_IM/MAN_RND/g634/Y                                             -       B->Y   F     XOR2XLHVT         1  0.4     8    32    3061 
  BFU8_07/INPUT_DATA_7/DATA_A_IM/g2991/Y                                                    -       B1->Y  R     AOI32X1HVT        1  0.2    25    17    3078 
  BFU8_07/INPUT_DATA_7/DATA_A_IM/g2962/Y                                                    -       B->Y   F     NAND2XLHVT        9 12.4   261   159    3237 
  BFU8_07/INPUT_DATA_7/mul1_sub/g1273/Y                                                     -       D->Y   R     NOR4X1HVT         1  0.2    47    97    3334 
  BFU8_07/INPUT_DATA_7/mul1_sub/g1270/Y                                                     -       D->Y   F     NAND4XLHVT        1  0.4    38    38    3372 
  BFU8_07/INPUT_DATA_7/mul1_sub/g1269/Y                                                     -       A->Y   R     NOR4X1HVT         1  0.2    30    38    3410 
  BFU8_07/INPUT_DATA_7/mul1_sub/g1268/Y                                                     -       D->Y   F     NAND4XLHVT        1  0.2    30    27    3437 
  BFU8_07/INPUT_DATA_7/mul1_sub/g1267/Y                                                     -       A->Y   F     AND2X1HVT        31  6.2    48    44    3481 
  BFU8_07/INPUT_DATA_7/mul1_sub/g1236/Y                                                     -       A0N->Y F     OAI2BB1X1HVT     14  4.0    61    56    3537 
  BFU8_07/BFU2_UNIT3/DATA_B_RE/EXP_COM_8BIT/COMP_LESS_UNIT/u_high/g345/Y                    -       A->Y   R     INVX1HVT          2  1.1    21    26    3564 
  BFU8_07/BFU2_UNIT3/DATA_B_RE/EXP_COM_8BIT/COMP_LESS_UNIT/u_high/g338/CO                   -       B->CO  R     ADDHX1HVT         1  0.4     7    26    3590 
  BFU8_07/BFU2_UNIT3/DATA_B_RE/EXP_COM_8BIT/COMP_LESS_UNIT/u_high/g336/Y                    -       A2->Y  F     OAI32X1HVT        1  0.4    30    21    3610 
  BFU8_07/BFU2_UNIT3/DATA_B_RE/EXP_COM_8BIT/COMP_LESS_UNIT/u_high/g335/Y                    -       A1->Y  R     AOI22X1HVT        2  0.7    31    29    3639 
  BFU8_07/BFU2_UNIT3/DATA_B_RE/EXP_COM_8BIT/COMP_LESS_UNIT/u_high/g334/Y                    -       A1N->Y R     OAI2BB1X1HVT      1  0.4    22    28    3668 
  BFU8_07/BFU2_UNIT3/DATA_B_RE/EXP_COM_8BIT/COMP_LESS_UNIT/u_high/g333/Y                    -       B0->Y  F     OAI21X1HVT        1  0.2    16    19    3686 
  BFU8_07/BFU2_UNIT3/DATA_B_RE/EXP_COM_8BIT/COMP_LESS_UNIT/g16/Y                            -       B0->Y  F     AO21X1HVT        60 29.7   219   149    3835 
  BFU8_07/BFU2_UNIT3/DATA_B_RE/EXP_SWAP/g228/Y                                              -       S0->Y  F     MX2X1HVT          4  1.0    12    68    3903 
  BFU8_07/BFU2_UNIT3/DATA_B_RE/EXP_SUB/CLA_8BIT_UNIT/CLA_4BIT_UNIT_0/g271/Y                 -       A->Y   R     XNOR2X1HVT       27  9.4    78    80    3983 
  BFU8_07/BFU2_UNIT3/DATA_B_RE/EXP_SUB/CLA_8BIT_UNIT/CLA_4BIT_UNIT_0/g270/Y                 -       AN->Y  R     NOR2BX1HVT        2  0.9    20    35    4018 
  BFU8_07/BFU2_UNIT3/DATA_B_RE/EXP_SUB/CLA_8BIT_UNIT/CLA_4BIT_UNIT_0/g266/Y                 -       B->Y   R     XNOR2X1HVT       26  9.8    81    67    4086 
  BFU8_07/BFU2_UNIT3/DATA_B_RE/SHF_RIGHT_MAN/g3872/Y                                        -       A->Y   F     INVX2HVT         24  8.0    46    42    4128 
  BFU8_07/BFU2_UNIT3/DATA_B_RE/SHF_RIGHT_MAN/g3822/Y                                        -       B1->Y  R     OAI22X1HVT        2  0.7    38    28    4156 
  BFU8_07/BFU2_UNIT3/DATA_B_RE/SHF_RIGHT_MAN/g3791/Y                                        -       A0->Y  F     AOI22X1HVT        2  0.8    35    34    4190 
  BFU8_07/BFU2_UNIT3/DATA_B_RE/SHF_RIGHT_MAN/g3788/Y                                        -       A->Y   R     INVX1HVT          1  0.4    10    16    4206 
  BFU8_07/BFU2_UNIT3/DATA_B_RE/SHF_RIGHT_MAN/g3773/Y                                        -       B1->Y  F     AOI22X1HVT        1  0.4    25    14    4220 
  BFU8_07/BFU2_UNIT3/DATA_B_RE/SHF_RIGHT_MAN/g3747/Y                                        -       A1->Y  R     OAI22X1HVT        3  1.0    37    30    4250 
  BFU8_07/BFU2_UNIT3/DATA_B_RE/MAN_COMP_24BIT/u_i_data_1/g345/Y                             -       A->Y   F     INVX1HVT          2  1.0    15    19    4269 
  BFU8_07/BFU2_UNIT3/DATA_B_RE/MAN_COMP_24BIT/u_i_data_1/g338/CO                            -       B->CO  F     ADDHX1HVT         1  0.4     6    19    4288 
  BFU8_07/BFU2_UNIT3/DATA_B_RE/MAN_COMP_24BIT/u_i_data_1/g336/Y                             -       A2->Y  R     OAI32X1HVT        1  0.4    41    27    4315 
  BFU8_07/BFU2_UNIT3/DATA_B_RE/MAN_COMP_24BIT/u_i_data_1/g335/Y                             -       A1->Y  F     AOI22X1HVT        2  0.6    31    33    4348 
  BFU8_07/BFU2_UNIT3/DATA_B_RE/MAN_COMP_24BIT/u_i_data_1/g334/Y                             -       A1N->Y F     OAI2BB1X1HVT      1  0.4    16    25    4372 
  BFU8_07/BFU2_UNIT3/DATA_B_RE/MAN_COMP_24BIT/u_i_data_1/g333/Y                             -       B0->Y  R     OAI21X1HVT        1  0.4    20    11    4384 
  BFU8_07/BFU2_UNIT3/DATA_B_RE/MAN_COMP_24BIT/g144/Y                                        -       B0->Y  F     AOI21X1HVT        1  0.4    19    12    4396 
  BFU8_07/BFU2_UNIT3/DATA_B_RE/MAN_COMP_24BIT/g143/Y                                        -       B->Y   R     NOR2BX1HVT        1  0.3    13    15    4410 
  BFU8_07/BFU2_UNIT3/DATA_B_RE/MAN_COMP_24BIT/g142/Y                                        -       A1->Y  R     OA21X1HVT         1  0.4     7    27    4438 
  BFU8_07/BFU2_UNIT3/DATA_B_RE/MAN_COMP_24BIT/g141/Y                                        -       A1->Y  F     OAI21X1HVT        1  0.4    16    14    4452 
  BFU8_07/BFU2_UNIT3/DATA_B_RE/MAN_COMP_24BIT/g140/Y                                        -       B->Y   R     NAND2BX1HVT       1  0.2     7    10    4462 
  BFU8_07/BFU2_UNIT3/DATA_B_RE/MAN_COMP_24BIT/g139/Y                                        -       A1->Y  R     AO21X1HVT        49 23.8   192   132    4594 
  BFU8_07/BFU2_UNIT3/DATA_B_RE/MAN_SWAP/g794/Y                                              -       S0->Y  F     MX2XLHVT          3  0.9    14    55    4650 
  BFU8_07/BFU2_UNIT3/DATA_B_RE/MAN_ALU/g454/Y                                               -       B->Y   R     XNOR2X1HVT        2  0.9    11    36    4686 
  BFU8_07/BFU2_UNIT3/DATA_B_RE/MAN_ALU/ALU_SUB_UNIT/CLA_BLOCK_GEN[0].CLA_4BIT_UNIT/g331/Y   -       B->Y   F     XOR2XLHVT         3  0.8    12    35    4721 
  BFU8_07/BFU2_UNIT3/DATA_B_RE/MAN_ALU/ALU_SUB_UNIT/CLA_BLOCK_GEN[0].CLA_4BIT_UNIT/g325/Y   -       A1N->Y F     OAI2BB1X1HVT      1  0.2    10    21    4742 
  BFU8_07/BFU2_UNIT3/DATA_B_RE/MAN_ALU/ALU_SUB_UNIT/CLA_BLOCK_GEN[0].CLA_4BIT_UNIT/g322/Y   -       A1->Y  F     AO21XLHVT         1  0.4     8    26    4768 
  BFU8_07/BFU2_UNIT3/DATA_B_RE/MAN_ALU/ALU_SUB_UNIT/CLA_BLOCK_GEN[0].CLA_4BIT_UNIT/g320/Y   -       A1->Y  R     AOI22X1HVT        1  0.5    24    22    4790 
  BFU8_07/BFU2_UNIT3/DATA_B_RE/MAN_ALU/ALU_SUB_UNIT/CLA_BLOCK_GEN[0].CLA_4BIT_UNIT/g319/Y   -       B0->Y  F     OAI2BB1X1HVT      2  0.4    13    19    4808 
  BFU8_07/BFU2_UNIT3/DATA_B_RE/MAN_ALU/ALU_SUB_UNIT/g101/Y                                  -       B0->Y  F     AO21X1HVT         2  0.7     9    32    4840 
  BFU8_07/BFU2_UNIT3/DATA_B_RE/MAN_ALU/ALU_SUB_UNIT/CLA_BLOCK_GEN[1].CLA_4BIT_UNIT/g463/Y   -       A1N->Y F     OAI2BB1X1HVT      2  0.7    16    24    4864 
  BFU8_07/BFU2_UNIT3/DATA_B_RE/MAN_ALU/ALU_SUB_UNIT/CLA_BLOCK_GEN[1].CLA_4BIT_UNIT/g459/Y   -       A1N->Y F     OAI2BB1X1HVT      2  0.9    19    27    4891 
  BFU8_07/BFU2_UNIT3/DATA_B_RE/MAN_ALU/ALU_SUB_UNIT/CLA_BLOCK_GEN[1].CLA_4BIT_UNIT/g457/Y   -       A1->Y  R     AOI22X1HVT        2  0.9    29    28    4919 
  BFU8_07/BFU2_UNIT3/DATA_B_RE/MAN_ALU/ALU_SUB_UNIT/CLA_BLOCK_GEN[1].CLA_4BIT_UNIT/g455/Y   -       A1->Y  F     OAI21X1HVT        3  0.8    21    24    4942 
  BFU8_07/BFU2_UNIT3/DATA_B_RE/MAN_ALU/ALU_SUB_UNIT/g119/Y                                  -       B->Y   F     OR2XLHVT          2  0.9    13    27    4970 
  BFU8_07/BFU2_UNIT3/DATA_B_RE/MAN_ALU/ALU_SUB_UNIT/CLA_BLOCK_GEN[2].CLA_4BIT_UNIT/g463/Y   -       A1->Y  R     AOI21X1HVT        2  0.9    23    21    4991 
  BFU8_07/BFU2_UNIT3/DATA_B_RE/MAN_ALU/ALU_SUB_UNIT/CLA_BLOCK_GEN[2].CLA_4BIT_UNIT/g459/Y   -       A1->Y  F     OAI21X1HVT        2  0.9    22    23    5014 
  BFU8_07/BFU2_UNIT3/DATA_B_RE/MAN_ALU/ALU_SUB_UNIT/CLA_BLOCK_GEN[2].CLA_4BIT_UNIT/g457/Y   -       A1->Y  R     AOI22X1HVT        2  0.9    29    28    5042 
  BFU8_07/BFU2_UNIT3/DATA_B_RE/MAN_ALU/ALU_SUB_UNIT/CLA_BLOCK_GEN[2].CLA_4BIT_UNIT/g455/Y   -       A1->Y  F     OAI21X1HVT        3  0.8    21    24    5066 
  BFU8_07/BFU2_UNIT3/DATA_B_RE/MAN_ALU/ALU_SUB_UNIT/g146/Y                                  -       AN->Y  F     NAND2BX1HVT       2  0.9    20    28    5094 
  BFU8_07/BFU2_UNIT3/DATA_B_RE/MAN_ALU/ALU_SUB_UNIT/CLA_BLOCK_GEN[3].CLA_4BIT_UNIT/g463/Y   -       A1->Y  R     AOI21X1HVT        2  0.9    23    22    5116 
  BFU8_07/BFU2_UNIT3/DATA_B_RE/MAN_ALU/ALU_SUB_UNIT/CLA_BLOCK_GEN[3].CLA_4BIT_UNIT/g459/Y   -       A1->Y  F     OAI21X1HVT        2  0.9    22    23    5139 
  BFU8_07/BFU2_UNIT3/DATA_B_RE/MAN_ALU/ALU_SUB_UNIT/CLA_BLOCK_GEN[3].CLA_4BIT_UNIT/g457/Y   -       A1->Y  R     AOI22X1HVT        2  0.9    29    28    5167 
  BFU8_07/BFU2_UNIT3/DATA_B_RE/MAN_ALU/ALU_SUB_UNIT/CLA_BLOCK_GEN[3].CLA_4BIT_UNIT/g455/Y   -       A1->Y  F     OAI21X1HVT        3  0.8    21    24    5191 
  BFU8_07/BFU2_UNIT3/DATA_B_RE/MAN_ALU/ALU_SUB_UNIT/g181/Y                                  -       AN->Y  F     NAND2BX1HVT       2  0.9    20    28    5219 
  BFU8_07/BFU2_UNIT3/DATA_B_RE/MAN_ALU/ALU_SUB_UNIT/CLA_BLOCK_GEN[4].CLA_4BIT_UNIT/g366/Y   -       A1->Y  R     AOI22X1HVT        2  0.9    29    28    5246 
  BFU8_07/BFU2_UNIT3/DATA_B_RE/MAN_ALU/ALU_SUB_UNIT/CLA_BLOCK_GEN[4].CLA_4BIT_UNIT/g364/Y   -       A1->Y  F     OAI21X1HVT        2  0.9    22    25    5271 
  BFU8_07/BFU2_UNIT3/DATA_B_RE/MAN_ALU/ALU_SUB_UNIT/CLA_BLOCK_GEN[4].CLA_4BIT_UNIT/g362/Y   -       A1->Y  R     AOI22X1HVT        2  0.9    29    28    5300 
  BFU8_07/BFU2_UNIT3/DATA_B_RE/MAN_ALU/ALU_SUB_UNIT/CLA_BLOCK_GEN[4].CLA_4BIT_UNIT/g360/Y   -       A1->Y  F     OAI21X1HVT        2  0.6    18    22    5322 
  BFU8_07/BFU2_UNIT3/DATA_B_RE/MAN_ALU/ALU_SUB_UNIT/g213/Y                                  -       AN->Y  F     NAND2BX1HVT       2  0.7    17    26    5348 
  BFU8_07/BFU2_UNIT3/DATA_B_RE/MAN_ALU/ALU_SUB_UNIT/CLA_BLOCK_GEN[5].CLA_4BIT_UNIT/g511/Y   -       A1N->Y F     OAI2BB1X1HVT      2  0.7    17    25    5373 
  BFU8_07/BFU2_UNIT3/DATA_B_RE/MAN_ALU/ALU_SUB_UNIT/CLA_BLOCK_GEN[5].CLA_4BIT_UNIT/g507/Y   -       A1N->Y F     OAI2BB1X1HVT      2  0.9    19    27    5400 
  BFU8_07/BFU2_UNIT3/DATA_B_RE/MAN_ALU/ALU_SUB_UNIT/CLA_BLOCK_GEN[5].CLA_4BIT_UNIT/g505/Y   -       A1->Y  R     AOI22X1HVT        2  0.9    29    28    5427 
  BFU8_07/BFU2_UNIT3/DATA_B_RE/MAN_ALU/ALU_SUB_UNIT/CLA_BLOCK_GEN[5].CLA_4BIT_UNIT/g504/Y   -       B->Y   F     XOR2XLHVT         1  0.4     8    34    5462 
  BFU8_07/BFU2_UNIT3/DATA_B_RE/MAN_ALU/g1889/Y                                              -       A1->Y  R     AOI22X1HVT        1  0.5    28    22    5483 
  BFU8_07/BFU2_UNIT3/DATA_B_RE/MAN_ALU/g1858/Y                                              -       B0->Y  F     OAI2BB1X1HVT      8  2.8    45    38    5521 
  BFU8_07/BFU2_UNIT3/DATA_B_RE/LOPD_24BIT/LOPD_16bit_UNIT_MSB/LOPD_8bit_unit_1/g283/Y       -       B->Y   F     OR2XLHVT          3  1.2    17    33    5554 
  BFU8_07/BFU2_UNIT3/DATA_B_RE/LOPD_24BIT/LOPD_16bit_UNIT_MSB/LOPD_8bit_unit_1/g274/Y       -       C->Y   R     NOR3BX1HVT        2  0.6    27    22    5575 
  BFU8_07/BFU2_UNIT3/DATA_B_RE/LOPD_24BIT/LOPD_16bit_UNIT_MSB/g113/Y                        -       A->Y   R     AND2X1HVT         7  2.6    24    36    5612 
  BFU8_07/BFU2_UNIT3/DATA_B_RE/LOPD_24BIT/g147/Y                                            -       A->Y   F     INVX1HVT          4  1.4    15    17    5628 
  BFU8_07/BFU2_UNIT3/DATA_B_RE/LOPD_24BIT/g144/Y                                            -       A0->Y  R     AOI22X1HVT        1  0.4    22    26    5654 
  BFU8_07/BFU2_UNIT3/DATA_B_RE/LOPD_24BIT/g140/Y                                            -       B->Y   F     NAND2X1HVT        2  0.6    16    18    5672 
  BFU8_07/BFU2_UNIT3/DATA_B_RE/g611/Y                                                       -       A->Y   F     AND2X1HVT        27 11.1    83    62    5734 
  BFU8_07/BFU2_UNIT3/DATA_B_RE/NOR_UNIT/SHF_left_unit/g3032/Y                               -       A->Y   R     INVX1HVT         20  8.3    81    65    5799 
  BFU8_07/BFU2_UNIT3/DATA_B_RE/NOR_UNIT/SHF_left_unit/g2967/Y                               -       A0->Y  F     AOI22X1HVT        4  1.6    45    53    5852 
  BFU8_07/BFU2_UNIT3/DATA_B_RE/NOR_UNIT/SHF_left_unit/g2952/Y                               -       B->Y   R     NOR2X1HVT         1  0.4    17    24    5876 
  BFU8_07/BFU2_UNIT3/DATA_B_RE/NOR_UNIT/g1478/Y                                             -       A1->Y  F     AOI22X1HVT        1  0.4    40    24    5899 
  BFU8_07/BFU2_UNIT3/DATA_B_RE/NOR_UNIT/g1451/Y                                             -       B0->Y  R     OAI2BB1X1HVT      1  0.4    14    20    5919 
  BFU8_07/BFU2_UNIT3/DATA_B_RE/MAN_RND/g658/Y                                               -       D->Y   F     NOR4X1HVT         1  0.4    14    12    5930 
  BFU8_07/BFU2_UNIT3/DATA_B_RE/MAN_RND/g657/Y                                               -       B->Y   R     NOR2BX1HVT        1  0.5    15    15    5945 
  BFU8_07/BFU2_UNIT3/DATA_B_RE/MAN_RND/g656/CO                                              -       A->CO  R     ADDHX1HVT         1  0.7     9    28    5973 
  BFU8_07/BFU2_UNIT3/DATA_B_RE/MAN_RND/g655/CO                                              -       B->CO  R     ADDHX1HVT         1  0.7     9    25    5998 
  BFU8_07/BFU2_UNIT3/DATA_B_RE/MAN_RND/g654/CO                                              -       B->CO  R     ADDHX1HVT         1  0.7     9    25    6024 
  BFU8_07/BFU2_UNIT3/DATA_B_RE/MAN_RND/g653/CO                                              -       B->CO  R     ADDHX1HVT         1  0.7     9    25    6049 
  BFU8_07/BFU2_UNIT3/DATA_B_RE/MAN_RND/g652/CO                                              -       B->CO  R     ADDHX1HVT         1  0.7     9    25    6074 
  BFU8_07/BFU2_UNIT3/DATA_B_RE/MAN_RND/g651/CO                                              -       B->CO  R     ADDHX1HVT         1  0.7     9    25    6099 
  BFU8_07/BFU2_UNIT3/DATA_B_RE/MAN_RND/g650/CO                                              -       B->CO  R     ADDHX1HVT         1  0.7     9    25    6124 
  BFU8_07/BFU2_UNIT3/DATA_B_RE/MAN_RND/g649/CO                                              -       B->CO  R     ADDHX1HVT         1  0.7     9    25    6150 
  BFU8_07/BFU2_UNIT3/DATA_B_RE/MAN_RND/g648/CO                                              -       B->CO  R     ADDHX1HVT         1  0.7     9    25    6175 
  BFU8_07/BFU2_UNIT3/DATA_B_RE/MAN_RND/g647/CO                                              -       B->CO  R     ADDHX1HVT         1  0.7     9    25    6200 
  BFU8_07/BFU2_UNIT3/DATA_B_RE/MAN_RND/g646/CO                                              -       B->CO  R     ADDHX1HVT         1  0.7     9    25    6225 
  BFU8_07/BFU2_UNIT3/DATA_B_RE/MAN_RND/g645/CO                                              -       B->CO  R     ADDHX1HVT         1  0.7     9    25    6250 
  BFU8_07/BFU2_UNIT3/DATA_B_RE/MAN_RND/g644/CO                                              -       B->CO  R     ADDHX1HVT         1  0.7     9    25    6276 
  BFU8_07/BFU2_UNIT3/DATA_B_RE/MAN_RND/g643/CO                                              -       B->CO  R     ADDHX1HVT         1  0.7     9    25    6301 
  BFU8_07/BFU2_UNIT3/DATA_B_RE/MAN_RND/g642/CO                                              -       B->CO  R     ADDHX1HVT         1  0.7     9    25    6326 
  BFU8_07/BFU2_UNIT3/DATA_B_RE/MAN_RND/g641/CO                                              -       B->CO  R     ADDHX1HVT         1  0.7     9    25    6351 
  BFU8_07/BFU2_UNIT3/DATA_B_RE/MAN_RND/g640/CO                                              -       B->CO  R     ADDHX1HVT         1  0.7     9    25    6376 
  BFU8_07/BFU2_UNIT3/DATA_B_RE/MAN_RND/g639/CO                                              -       B->CO  R     ADDHX1HVT         1  0.7     9    25    6402 
  BFU8_07/BFU2_UNIT3/DATA_B_RE/MAN_RND/g638/CO                                              -       B->CO  R     ADDHX1HVT         1  0.7     9    25    6427 
  BFU8_07/BFU2_UNIT3/DATA_B_RE/MAN_RND/g637/CO                                              -       B->CO  R     ADDHX1HVT         1  0.7     9    25    6452 
  BFU8_07/BFU2_UNIT3/DATA_B_RE/MAN_RND/g636/CO                                              -       B->CO  R     ADDHX1HVT         1  0.7     9    25    6477 
  BFU8_07/BFU2_UNIT3/DATA_B_RE/MAN_RND/g635/CO                                              -       B->CO  R     ADDHX1HVT         2  0.7     9    25    6502 
  BFU8_07/BFU2_UNIT3/DATA_B_RE/MAN_RND/g633/Y                                               -       C->Y   R     AND3XLHVT         2  0.9    15    33    6536 
  BFU8_07/BFU2_UNIT3/DATA_B_RE/EXP_RND/g187/Y                                               -       B->Y   F     NAND2X1HVT        2  0.7    16    16    6552 
  BFU8_07/BFU2_UNIT3/DATA_B_RE/EXP_RND/g185/Y                                               -       AN->Y  F     NAND2BX1HVT       2  0.7    16    26    6578 
  BFU8_07/BFU2_UNIT3/DATA_B_RE/EXP_RND/g183/Y                                               -       AN->Y  F     NAND2BX1HVT       2  0.7    16    26    6603 
  BFU8_07/BFU2_UNIT3/DATA_B_RE/EXP_RND/g181/Y                                               -       AN->Y  F     NAND2BX1HVT       2  0.7    16    26    6629 
  BFU8_07/BFU2_UNIT3/DATA_B_RE/EXP_RND/g179/Y                                               -       AN->Y  F     NAND2BX1HVT       2  0.7    16    26    6655 
  BFU8_07/BFU2_UNIT3/DATA_B_RE/EXP_RND/g177/Y                                               -       AN->Y  F     NAND2BX1HVT       2  0.7    16    26    6680 
  BFU8_07/BFU2_UNIT3/DATA_B_RE/EXP_RND/g175/Y                                               -       AN->Y  F     NAND2BXLHVT       1  0.5    16    23    6704 
  BFU8_07/BFU2_UNIT3/DATA_B_RE/EXP_RND/g173/Y                                               -       B->Y   F     XNOR2X1HVT        1  0.4     7    31    6734 
  BFU8_07/BFU2_UNIT3/DATA_B_RE/g2967/Y                                                      -       B1->Y  R     AOI222X1HVT       1  0.4    45    35    6770 
  BFU8_07/BFU2_UNIT3/DATA_B_RE/g2954/Y                                                      -       B->Y   F     NAND2X1HVT        1  0.2    14    22    6792 
  g2725/Y                                                                                   -       B->Y   F     MX2XLHVT          1  0.3     7    31    6824 
  X7_real_reg[30]/D                                                                         <<<     -      F     DFFRHQX4HVT       1    -     -     0    6824 
#-------------------------------------------------------------------------------------------------------------------------------------------------------------

