============================================================
  Generated by:           Genus(TM) Synthesis Solution GENUS15.20 - 15.20-p004_1
  Generated on:           Jan 04 2026  07:49:29 am
  Module:                 FFT_8Points
  Wireload mode:          enclosed
  Area mode:              timing library
============================================================

Timing
--------

Clock   Period  
----------------
i_clk 1000000.0 


  Cost    Critical       Violating 
 Group   Path Slack TNS    Paths   
-----------------------------------
default    No paths   0            
i_clk      993163.4   0          0 
-----------------------------------
Total                 0          0 

Instance Count
--------------
Leaf Instance Count             67099 
Sequential Instance Count        2055 
Combinational Instance Count    65044 
Hierarchical Instance Count      2654 

Area
----
Cell Area                          152432.136
Physical Cell Area                 0.000
Total Cell Area (Cell+Physical)    152432.136
Net Area                           0.000
Total Area (Cell+Physical+Net)     152432.136

Max Fanout                         2055 (i_rst_n)
Min Fanout                         0 (BFU2_S1_04/DATA_A_IM/EXP_ADJUST/CLA_8BIT_UNIT/w_G_22)
Average Fanout                     1.3
Terms to net ratio                 1.8
Terms to instance ratio            3.9
Runtime                            591.640 seconds
Elapsed Runtime                    604 seconds
RC peak memory usage:              1079.64 
EDI peak memory usage:             no_value 
Hostname                           centos7
