============================================================
  Generated by:           Genus(TM) Synthesis Solution GENUS15.20 - 15.20-p004_1
  Generated on:           Jan 05 2026  10:40:57 am
  Module:                 FFT_8Points
  Wireload mode:          enclosed
  Area mode:              timing library
============================================================

Timing
--------

Clock   Period  
----------------
i_clk 1000000.0 


  Cost    Critical       Violating 
 Group   Path Slack TNS    Paths   
-----------------------------------
default    No paths   0            
i_clk      983870.8   0          0 
-----------------------------------
Total                 0          0 

Instance Count
--------------
Leaf Instance Count             66933 
Sequential Instance Count        2055 
Combinational Instance Count    64878 
Hierarchical Instance Count      2674 

Area
----
Cell Area                          141097.914
Physical Cell Area                 0.000
Total Cell Area (Cell+Physical)    141097.914
Net Area                           0.000
Total Area (Cell+Physical+Net)     141097.914

Max Fanout                         2055 (i_rst_n)
Min Fanout                         0 (n_15)
Average Fanout                     2.7
Terms to net ratio                 3.6
Terms to instance ratio            3.9
Runtime                            478.926 seconds
Elapsed Runtime                    526 seconds
RC peak memory usage:              863.05 
EDI peak memory usage:             no_value 
Hostname                           centos7
