============================================================
  Generated by:           Genus(TM) Synthesis Solution GENUS15.20 - 15.20-p004_1
  Generated on:           Jan 05 2026  10:40:55 am
  Module:                 FFT_8Points
  Wireload mode:          enclosed
  Area mode:              timing library
============================================================


Path 1: MET (983871 ps) Setup Check with Pin X7_real_reg[30]/CK->D
          Group: i_clk
     Startpoint: (R) s3_S2_7_real_reg[28]/CK
          Clock: (R) i_clk
       Endpoint: (R) X7_real_reg[30]/D
          Clock: (R) i_clk

                      Capture       Launch     
        Clock Edge:+  1000000            0     
       Src Latency:+        0            0     
       Net Latency:+        0 (I)        0 (I) 
           Arrival:=  1000000            0     
                                               
             Setup:-       42                  
     Required Time:=   999958                  
      Launch Clock:-        0                  
         Data Path:-    16087                  
             Slack:=   983871                  

#------------------------------------------------------------------------------------------------------------------------------------------------------------------------
#                                            Timing Point                                              Flags    Arc   Edge     Cell      Fanout Load Trans Delay Arrival 
#                                                                                                                                               (fF)  (ps)  (ps)   (ps)  
#------------------------------------------------------------------------------------------------------------------------------------------------------------------------
  s3_S2_7_real_reg[28]/CK                                                                              -       -      R     (arrival)      2055    -     0     -       0 
  s3_S2_7_real_reg[28]/Q                                                                               -       CK->Q  R     DFFRHQX1LVT      18  7.6    81   132     132 
  BFU8_07/INPUT_DATA_7/DATA_A_IM/EXP_COM_8BIT/COMP_LESS_UNIT/u_high/g338/CO                            -       A->CO  R     ADDHX1LVT         1  0.5    12    67     199 
  BFU8_07/INPUT_DATA_7/DATA_A_IM/EXP_COM_8BIT/COMP_LESS_UNIT/u_high/g336/Y                             -       A2->Y  F     OAI32X1LVT        1  0.4    53    36     235 
  BFU8_07/INPUT_DATA_7/DATA_A_IM/EXP_COM_8BIT/COMP_LESS_UNIT/u_high/g335/Y                             -       A1->Y  R     AOI22X1LVT        2  0.8    45    49     284 
  BFU8_07/INPUT_DATA_7/DATA_A_IM/EXP_COM_8BIT/COMP_LESS_UNIT/u_high/g334/Y                             -       A1N->Y R     OAI2BB1X1LVT      1  0.5    20    56     340 
  BFU8_07/INPUT_DATA_7/DATA_A_IM/EXP_COM_8BIT/COMP_LESS_UNIT/u_high/g333/Y                             -       B0->Y  F     OAI21X1LVT        1  0.2    29    29     369 
  BFU8_07/INPUT_DATA_7/DATA_A_IM/EXP_COM_8BIT/COMP_LESS_UNIT/g16/Y                                     -       B0->Y  F     AO21X2LVT        60 29.7   172   153     522 
  BFU8_07/INPUT_DATA_7/DATA_A_IM/EXP_SWAP/g222/Y                                                       -       S0->Y  R     MX2XLLVT          1  0.5    15    82     604 
  BFU8_07/INPUT_DATA_7/DATA_A_IM/EXP_SUB/g12/Y                                                         -       A->Y   F     INVX1LVT          3  1.1    17    17     621 
  BFU8_07/INPUT_DATA_7/DATA_A_IM/EXP_SUB/CLA_8BIT_UNIT/CLA_4BIT_UNIT_0/g303/Y                          -       B->Y   R     XNOR2X1LVT       28 14.1   146   138     759 
  BFU8_07/INPUT_DATA_7/DATA_A_IM/EXP_SUB/CLA_8BIT_UNIT/CLA_4BIT_UNIT_0/g302/Y                          -       AN->Y  R     NOR2BX1LVT        2  1.0    30    74     834 
  BFU8_07/INPUT_DATA_7/DATA_A_IM/EXP_SUB/CLA_8BIT_UNIT/CLA_4BIT_UNIT_0/g298/Y                          -       B->Y   F     XNOR2X1LVT       26 10.8   122   114     948 
  BFU8_07/INPUT_DATA_7/DATA_A_IM/SHF_RIGHT_MAN/g3848/Y                                                 -       A->Y   R     INVX2LVT         26 13.0    90    78    1026 
  BFU8_07/INPUT_DATA_7/DATA_A_IM/SHF_RIGHT_MAN/g3798/Y                                                 -       B1->Y  F     OAI22X1LVT        2  0.8    52    64    1089 
  BFU8_07/INPUT_DATA_7/DATA_A_IM/SHF_RIGHT_MAN/g3769/Y                                                 -       A1->Y  R     AOI22X1LVT        2  0.6    45    46    1136 
  BFU8_07/INPUT_DATA_7/DATA_A_IM/SHF_RIGHT_MAN/g3747/Y                                                 -       A->Y   R     MX2XLLVT          1  0.5    14    66    1201 
  BFU8_07/INPUT_DATA_7/DATA_A_IM/SHF_RIGHT_MAN/g3723/Y                                                 -       A1->Y  F     OAI22X1LVT        3  0.8    49    41    1242 
  BFU8_07/INPUT_DATA_7/DATA_A_IM/MAN_COMP_24BIT/u_i_data_1/g345/Y                                      -       A->Y   R     INVX1LVT          2  1.3    23    30    1271 
  BFU8_07/INPUT_DATA_7/DATA_A_IM/MAN_COMP_24BIT/u_i_data_1/g338/CO                                     -       B->CO  R     ADDHX1LVT         1  0.5    11    49    1320 
  BFU8_07/INPUT_DATA_7/DATA_A_IM/MAN_COMP_24BIT/u_i_data_1/g336/Y                                      -       A2->Y  F     OAI32X1LVT        1  0.4    47    36    1356 
  BFU8_07/INPUT_DATA_7/DATA_A_IM/MAN_COMP_24BIT/u_i_data_1/g335/Y                                      -       A1->Y  R     AOI22X1LVT        2  0.8    46    47    1404 
  BFU8_07/INPUT_DATA_7/DATA_A_IM/MAN_COMP_24BIT/u_i_data_1/g334/Y                                      -       A1N->Y R     OAI2BB1X1LVT      1  0.5    29    56    1460 
  BFU8_07/INPUT_DATA_7/DATA_A_IM/MAN_COMP_24BIT/u_i_data_1/g333/Y                                      -       B0->Y  F     OAI21X1LVT        1  0.4    31    34    1494 
  BFU8_07/INPUT_DATA_7/DATA_A_IM/MAN_COMP_24BIT/g147/Y                                                 -       B0->Y  R     AOI21X1LVT        1  0.5    27    29    1523 
  BFU8_07/INPUT_DATA_7/DATA_A_IM/MAN_COMP_24BIT/g146/Y                                                 -       B->Y   F     NOR2BX1LVT        1  0.2    12    17    1540 
  BFU8_07/INPUT_DATA_7/DATA_A_IM/MAN_COMP_24BIT/g145/Y                                                 -       A1->Y  F     OA21X1LVT         1  0.4    11    50    1590 
  BFU8_07/INPUT_DATA_7/DATA_A_IM/MAN_COMP_24BIT/g144/Y                                                 -       A1->Y  R     OAI21X1LVT        1  0.5    29    24    1614 
  BFU8_07/INPUT_DATA_7/DATA_A_IM/MAN_COMP_24BIT/g143/Y                                                 -       B->Y   F     NAND2BX1LVT       1  0.2    19    24    1639 
  BFU8_07/INPUT_DATA_7/DATA_A_IM/MAN_COMP_24BIT/g142/Y                                                 -       A1->Y  F     AO21X1LVT        49 23.8   261   188    1827 
  BFU8_07/INPUT_DATA_7/DATA_A_IM/MAN_SWAP/g793/Y                                                       -       S0->Y  F     MX2XLLVT          3  0.9    24   102    1928 
  BFU8_07/INPUT_DATA_7/DATA_A_IM/MAN_ALU/g442/Y                                                        -       B->Y   R     XNOR2X1LVT        1  0.8    15    66    1995 
  BFU8_07/INPUT_DATA_7/DATA_A_IM/MAN_ALU/ALU_SUB_UNIT/CLA_BLOCK_GEN[0].CLA_4BIT_UNIT/g328/S            -       B->S   R     ADDHX1LVT         4  1.4    21    58    2052 
  BFU8_07/INPUT_DATA_7/DATA_A_IM/MAN_ALU/ALU_SUB_UNIT/CLA_BLOCK_GEN[0].CLA_4BIT_UNIT/g324/Y            -       A->Y   R     AND4X1LVT         3  1.1    27   125    2177 
  BFU8_07/INPUT_DATA_7/DATA_A_IM/MAN_ALU/ALU_SUB_UNIT/CLA_BLOCK_GEN[0].CLA_4BIT_UNIT/g319/Y            -       A1N->Y R     OAI2BB1X1LVT      2  0.8    22    53    2230 
  BFU8_07/INPUT_DATA_7/DATA_A_IM/MAN_ALU/ALU_SUB_UNIT/g101/Y                                           -       B0->Y  R     AO21X1LVT         2  1.0    17    37    2267 
  BFU8_07/INPUT_DATA_7/DATA_A_IM/MAN_ALU/ALU_SUB_UNIT/CLA_BLOCK_GEN[1].CLA_4BIT_UNIT/g463/Y            -       A1->Y  F     AOI21X1LVT        2  0.9    40    37    2304 
  BFU8_07/INPUT_DATA_7/DATA_A_IM/MAN_ALU/ALU_SUB_UNIT/CLA_BLOCK_GEN[1].CLA_4BIT_UNIT/g459/Y            -       A1->Y  R     OAI21X1LVT        2  1.0    40    40    2344 
  BFU8_07/INPUT_DATA_7/DATA_A_IM/MAN_ALU/ALU_SUB_UNIT/CLA_BLOCK_GEN[1].CLA_4BIT_UNIT/g457/Y            -       A1->Y  F     AOI22X1LVT        2  0.9    58    54    2397 
  BFU8_07/INPUT_DATA_7/DATA_A_IM/MAN_ALU/ALU_SUB_UNIT/CLA_BLOCK_GEN[1].CLA_4BIT_UNIT/g455/Y            -       A1->Y  R     OAI21X1LVT        3  1.1    44    48    2445 
  BFU8_07/INPUT_DATA_7/DATA_A_IM/MAN_ALU/ALU_SUB_UNIT/g119/Y                                           -       B->Y   R     OR2X1LVT          2  1.0    15    39    2484 
  BFU8_07/INPUT_DATA_7/DATA_A_IM/MAN_ALU/ALU_SUB_UNIT/CLA_BLOCK_GEN[2].CLA_4BIT_UNIT/g463/Y            -       A1->Y  F     AOI21X1LVT        2  0.9    40    36    2520 
  BFU8_07/INPUT_DATA_7/DATA_A_IM/MAN_ALU/ALU_SUB_UNIT/CLA_BLOCK_GEN[2].CLA_4BIT_UNIT/g459/Y            -       A1->Y  R     OAI21X1LVT        2  1.0    40    40    2559 
  BFU8_07/INPUT_DATA_7/DATA_A_IM/MAN_ALU/ALU_SUB_UNIT/CLA_BLOCK_GEN[2].CLA_4BIT_UNIT/g457/Y            -       A1->Y  F     AOI22X1LVT        2  0.9    58    54    2613 
  BFU8_07/INPUT_DATA_7/DATA_A_IM/MAN_ALU/ALU_SUB_UNIT/CLA_BLOCK_GEN[2].CLA_4BIT_UNIT/g455/Y            -       A1->Y  R     OAI21X1LVT        3  1.1    44    48    2661 
  BFU8_07/INPUT_DATA_7/DATA_A_IM/MAN_ALU/ALU_SUB_UNIT/g146/Y                                           -       AN->Y  R     NAND2BX1LVT       2  1.0    20    40    2700 
  BFU8_07/INPUT_DATA_7/DATA_A_IM/MAN_ALU/ALU_SUB_UNIT/CLA_BLOCK_GEN[3].CLA_4BIT_UNIT/g463/Y            -       A1->Y  F     AOI21X1LVT        2  0.9    40    38    2738 
  BFU8_07/INPUT_DATA_7/DATA_A_IM/MAN_ALU/ALU_SUB_UNIT/CLA_BLOCK_GEN[3].CLA_4BIT_UNIT/g459/Y            -       A1->Y  R     OAI21X1LVT        2  1.0    40    40    2778 
  BFU8_07/INPUT_DATA_7/DATA_A_IM/MAN_ALU/ALU_SUB_UNIT/CLA_BLOCK_GEN[3].CLA_4BIT_UNIT/g457/Y            -       A1->Y  F     AOI22X1LVT        2  0.9    58    54    2832 
  BFU8_07/INPUT_DATA_7/DATA_A_IM/MAN_ALU/ALU_SUB_UNIT/CLA_BLOCK_GEN[3].CLA_4BIT_UNIT/g455/Y            -       A1->Y  R     OAI21X1LVT        3  1.1    44    48    2880 
  BFU8_07/INPUT_DATA_7/DATA_A_IM/MAN_ALU/ALU_SUB_UNIT/g181/Y                                           -       AN->Y  R     NAND2BX1LVT       2  1.0    20    40    2919 
  BFU8_07/INPUT_DATA_7/DATA_A_IM/MAN_ALU/ALU_SUB_UNIT/CLA_BLOCK_GEN[4].CLA_4BIT_UNIT/g366/Y            -       A1->Y  F     AOI22X1LVT        2  0.9    56    46    2965 
  BFU8_07/INPUT_DATA_7/DATA_A_IM/MAN_ALU/ALU_SUB_UNIT/CLA_BLOCK_GEN[4].CLA_4BIT_UNIT/g364/Y            -       A1->Y  R     OAI21X1LVT        2  1.0    42    46    3011 
  BFU8_07/INPUT_DATA_7/DATA_A_IM/MAN_ALU/ALU_SUB_UNIT/CLA_BLOCK_GEN[4].CLA_4BIT_UNIT/g362/Y            -       A1->Y  F     AOI22X1LVT        2  0.9    59    54    3065 
  BFU8_07/INPUT_DATA_7/DATA_A_IM/MAN_ALU/ALU_SUB_UNIT/CLA_BLOCK_GEN[4].CLA_4BIT_UNIT/g360/Y            -       A1->Y  R     OAI21X1LVT        2  0.8    38    44    3110 
  BFU8_07/INPUT_DATA_7/DATA_A_IM/MAN_ALU/ALU_SUB_UNIT/g213/Y                                           -       AN->Y  R     NAND2BX1LVT       2  1.0    20    38    3148 
  BFU8_07/INPUT_DATA_7/DATA_A_IM/MAN_ALU/ALU_SUB_UNIT/CLA_BLOCK_GEN[5].CLA_4BIT_UNIT/g511/Y            -       A1->Y  F     AOI21X1LVT        2  0.9    40    38    3186 
  BFU8_07/INPUT_DATA_7/DATA_A_IM/MAN_ALU/ALU_SUB_UNIT/CLA_BLOCK_GEN[5].CLA_4BIT_UNIT/g507/Y            -       A1->Y  R     OAI21X1LVT        2  1.0    40    40    3226 
  BFU8_07/INPUT_DATA_7/DATA_A_IM/MAN_ALU/ALU_SUB_UNIT/CLA_BLOCK_GEN[5].CLA_4BIT_UNIT/g505/Y            -       A1->Y  F     AOI22X1LVT        2  0.9    58    54    3280 
  BFU8_07/INPUT_DATA_7/DATA_A_IM/MAN_ALU/ALU_SUB_UNIT/CLA_BLOCK_GEN[5].CLA_4BIT_UNIT/g504/Y            -       B->Y   F     XOR2XLLVT         1  0.4    14    48    3328 
  BFU8_07/INPUT_DATA_7/DATA_A_IM/MAN_ALU/g1877/Y                                                       -       A1->Y  R     AOI22X1LVT        1  0.5    39    33    3361 
  BFU8_07/INPUT_DATA_7/DATA_A_IM/MAN_ALU/g1846/Y                                                       -       B0->Y  F     OAI2BB1X1LVT      8  3.0    76    63    3424 
  BFU8_07/INPUT_DATA_7/DATA_A_IM/LOPD_24BIT/LOPD_16bit_UNIT_MSB/LOPD_8bit_unit_1/g283/Y                -       B->Y   F     OR2X1LVT          3  1.2    19    61    3485 
  BFU8_07/INPUT_DATA_7/DATA_A_IM/LOPD_24BIT/LOPD_16bit_UNIT_MSB/LOPD_8bit_unit_1/g274/Y                -       C->Y   R     NOR3BX1LVT        2  0.8    44    32    3518 
  BFU8_07/INPUT_DATA_7/DATA_A_IM/LOPD_24BIT/LOPD_16bit_UNIT_MSB/g106/Y                                 -       A->Y   R     AND2X1LVT         7  3.3    39    70    3587 
  BFU8_07/INPUT_DATA_7/DATA_A_IM/LOPD_24BIT/g139/Y                                                     -       A->Y   F     INVX1LVT          4  1.4    24    28    3615 
  BFU8_07/INPUT_DATA_7/DATA_A_IM/LOPD_24BIT/g135/Y                                                     -       A0->Y  R     AOI22X1LVT        1  0.5    35    40    3656 
  BFU8_07/INPUT_DATA_7/DATA_A_IM/LOPD_24BIT/g131/Y                                                     -       B->Y   F     NAND2X1LVT        2  0.6    28    31    3687 
  BFU8_07/INPUT_DATA_7/DATA_A_IM/g600/Y                                                                -       A->Y   F     AND2X1LVT        27 11.5   128    96    3783 
  BFU8_07/INPUT_DATA_7/DATA_A_IM/NOR_UNIT/SHF_left_unit/g3018/Y                                        -       A->Y   R     INVX2LVT         24 12.0    86    77    3860 
  BFU8_07/INPUT_DATA_7/DATA_A_IM/NOR_UNIT/SHF_left_unit/g3002/Y                                        -       A1->Y  F     AOI22X1LVT        2  0.8    62    70    3930 
  BFU8_07/INPUT_DATA_7/DATA_A_IM/NOR_UNIT/SHF_left_unit/g2993/Y                                        -       A->Y   R     INVX1LVT          1  0.5    17    29    3960 
  BFU8_07/INPUT_DATA_7/DATA_A_IM/NOR_UNIT/SHF_left_unit/g2955/Y                                        -       A1->Y  F     AOI22X1LVT        4  1.6    74    53    4013 
  BFU8_07/INPUT_DATA_7/DATA_A_IM/NOR_UNIT/SHF_left_unit/g2940/Y                                        -       B->Y   R     NOR2X1LVT         1  0.5    27    40    4053 
  BFU8_07/INPUT_DATA_7/DATA_A_IM/NOR_UNIT/g1478/Y                                                      -       A1->Y  F     AOI22X1LVT        1  0.4    63    43    4096 
  BFU8_07/INPUT_DATA_7/DATA_A_IM/NOR_UNIT/g1451/Y                                                      -       B0->Y  R     OAI2BB1X1LVT      1  0.5    22    33    4130 
  BFU8_07/INPUT_DATA_7/DATA_A_IM/MAN_RND/g658/Y                                                        -       D->Y   F     NOR4X1LVT         1  0.4    26    18    4148 
  BFU8_07/INPUT_DATA_7/DATA_A_IM/MAN_RND/g657/Y                                                        -       B->Y   R     NOR2BX1LVT        1  0.5    22    23    4171 
  BFU8_07/INPUT_DATA_7/DATA_A_IM/MAN_RND/g656/CO                                                       -       A->CO  R     ADDHX1LVT         1  0.8    14    54    4224 
  BFU8_07/INPUT_DATA_7/DATA_A_IM/MAN_RND/g655/CO                                                       -       B->CO  R     ADDHX1LVT         1  0.8    14    48    4273 
  BFU8_07/INPUT_DATA_7/DATA_A_IM/MAN_RND/g654/S                                                        -       B->S   F     ADDHX1LVT         1  0.2     9    58    4331 
  BFU8_07/INPUT_DATA_7/DATA_A_IM/g2965/Y                                                               -       A1N->Y F     OAI2BB1X1LVT     15  5.4   125    93    4423 
  BFU8_07/INPUT_DATA_7/mul1_sub/MAN_MUL_UNIT/MUL_UNIT_MAN_UNIT/m1/m1/m1/m2/g46/Y                       -       A->Y   R     INVX1LVT          2  1.0    33    55    4478 
  BFU8_07/INPUT_DATA_7/mul1_sub/MAN_MUL_UNIT/MUL_UNIT_MAN_UNIT/m1/m1/m1/m2/g44/S                       -       A->S   F     ADDHX1LVT         1  0.4    12    76    4555 
  BFU8_07/INPUT_DATA_7/mul1_sub/MAN_MUL_UNIT/MUL_UNIT_MAN_UNIT/m1/m1/m1/m2/g43/Y                       -       A->Y   R     INVX1LVT          2  1.0    14    14    4569 
  BFU8_07/INPUT_DATA_7/mul1_sub/MAN_MUL_UNIT/MUL_UNIT_MAN_UNIT/m1/m1/m1/g255/Y                         -       B->Y   R     XOR2XLLVT         1  0.8    20    49    4618 
  BFU8_07/INPUT_DATA_7/mul1_sub/MAN_MUL_UNIT/MUL_UNIT_MAN_UNIT/m1/m1/m1/g251/CO                        -       B->CO  R     ADDHX1LVT         2  0.8    14    50    4668 
  BFU8_07/INPUT_DATA_7/mul1_sub/MAN_MUL_UNIT/MUL_UNIT_MAN_UNIT/m1/m1/m1/g250/Y                         -       A->Y   F     NAND2X1LVT        2  0.8    29    28    4697 
  BFU8_07/INPUT_DATA_7/mul1_sub/MAN_MUL_UNIT/MUL_UNIT_MAN_UNIT/m1/m1/m1/g248/S                         -       CI->S  R     ADDFX1LVT         1  0.5    17   116    4813 
  BFU8_07/INPUT_DATA_7/mul1_sub/MAN_MUL_UNIT/MUL_UNIT_MAN_UNIT/m1/m1/m1/g246/Y                         -       A->Y   F     INVX1LVT          1  0.6    12    15    4828 
  BFU8_07/INPUT_DATA_7/mul1_sub/MAN_MUL_UNIT/MUL_UNIT_MAN_UNIT/m1/m1/csa_tree_add_46_27_groupi/g545/S  -       CI->S  R     ADDFX1LVT         1  0.5    17   112    4939 
  BFU8_07/INPUT_DATA_7/mul1_sub/MAN_MUL_UNIT/MUL_UNIT_MAN_UNIT/m1/m1/csa_tree_add_46_27_groupi/g544/Y  -       A->Y   F     INVX1LVT          1  0.6    12    15    4954 
  BFU8_07/INPUT_DATA_7/mul1_sub/MAN_MUL_UNIT/MUL_UNIT_MAN_UNIT/m1/m1/csa_tree_add_46_27_groupi/g533/CO -       CI->CO F     ADDFX1LVT         1  0.6    18    66    5020 
  BFU8_07/INPUT_DATA_7/mul1_sub/MAN_MUL_UNIT/MUL_UNIT_MAN_UNIT/m1/m1/csa_tree_add_46_27_groupi/g531/CO -       CI->CO F     ADDFX1LVT         1  0.6    18    68    5088 
  BFU8_07/INPUT_DATA_7/mul1_sub/MAN_MUL_UNIT/MUL_UNIT_MAN_UNIT/m1/m1/csa_tree_add_46_27_groupi/g529/CO -       CI->CO F     ADDFX1LVT         1  0.6    18    68    5155 
  BFU8_07/INPUT_DATA_7/mul1_sub/MAN_MUL_UNIT/MUL_UNIT_MAN_UNIT/m1/m1/csa_tree_add_46_27_groupi/g527/CO -       CI->CO F     ADDFX1LVT         1  0.6    18    68    5223 
  BFU8_07/INPUT_DATA_7/mul1_sub/MAN_MUL_UNIT/MUL_UNIT_MAN_UNIT/m1/m1/csa_tree_add_46_27_groupi/g525/CO -       CI->CO F     ADDFX1LVT         1  0.6    18    68    5291 
  BFU8_07/INPUT_DATA_7/mul1_sub/MAN_MUL_UNIT/MUL_UNIT_MAN_UNIT/m1/m1/csa_tree_add_46_27_groupi/g523/CO -       CI->CO F     ADDFX1LVT         1  0.6    18    68    5358 
  BFU8_07/INPUT_DATA_7/mul1_sub/MAN_MUL_UNIT/MUL_UNIT_MAN_UNIT/m1/m1/csa_tree_add_46_27_groupi/g521/S  -       CI->S  R     ADDFX1LVT         1  0.5    17   113    5471 
  BFU8_07/INPUT_DATA_7/mul1_sub/MAN_MUL_UNIT/MUL_UNIT_MAN_UNIT/m1/m1/csa_tree_add_46_27_groupi/g520/Y  -       A->Y   F     INVX1LVT          2  0.9    15    17    5488 
  BFU8_07/INPUT_DATA_7/mul1_sub/MAN_MUL_UNIT/MUL_UNIT_MAN_UNIT/m1/csa_tree_add_74_27_groupi/g725/Y     -       B->Y   R     XNOR2X1LVT        1  0.7    14    64    5552 
  BFU8_07/INPUT_DATA_7/mul1_sub/MAN_MUL_UNIT/MUL_UNIT_MAN_UNIT/m1/csa_tree_add_74_27_groupi/g718/S     -       CI->S  F     ADDFX1LVT         1  0.4    16   104    5656 
  BFU8_07/INPUT_DATA_7/mul1_sub/MAN_MUL_UNIT/MUL_UNIT_MAN_UNIT/m1/csa_tree_add_74_27_groupi/g710/Y     -       A->Y   R     INVX1LVT          1  1.0    15    16    5672 
  BFU8_07/INPUT_DATA_7/mul1_sub/MAN_MUL_UNIT/MUL_UNIT_MAN_UNIT/m1/csa_tree_add_74_27_groupi/g474/CO    -       A->CO  R     ADDFX1LVT         1  0.7    18    76    5748 
  BFU8_07/INPUT_DATA_7/mul1_sub/MAN_MUL_UNIT/MUL_UNIT_MAN_UNIT/m1/csa_tree_add_74_27_groupi/g473/CO    -       CI->CO R     ADDFX1LVT         1  0.7    18    72    5819 
  BFU8_07/INPUT_DATA_7/mul1_sub/MAN_MUL_UNIT/MUL_UNIT_MAN_UNIT/m1/csa_tree_add_74_27_groupi/g472/CO    -       CI->CO R     ADDFX1LVT         1  0.7    18    72    5891 
  BFU8_07/INPUT_DATA_7/mul1_sub/MAN_MUL_UNIT/MUL_UNIT_MAN_UNIT/m1/csa_tree_add_74_27_groupi/g471/CO    -       CI->CO R     ADDFX1LVT         1  0.7    18    72    5962 
  BFU8_07/INPUT_DATA_7/mul1_sub/MAN_MUL_UNIT/MUL_UNIT_MAN_UNIT/m1/csa_tree_add_74_27_groupi/g470/CO    -       CI->CO R     ADDFX1LVT         1  0.7    18    72    6034 
  BFU8_07/INPUT_DATA_7/mul1_sub/MAN_MUL_UNIT/MUL_UNIT_MAN_UNIT/m1/csa_tree_add_74_27_groupi/g469/CO    -       CI->CO R     ADDFX1LVT         1  0.7    18    72    6105 
  BFU8_07/INPUT_DATA_7/mul1_sub/MAN_MUL_UNIT/MUL_UNIT_MAN_UNIT/m1/csa_tree_add_74_27_groupi/g468/CO    -       CI->CO R     ADDFX1LVT         1  0.7    18    72    6177 
  BFU8_07/INPUT_DATA_7/mul1_sub/MAN_MUL_UNIT/MUL_UNIT_MAN_UNIT/m1/csa_tree_add_74_27_groupi/g467/CO    -       CI->CO R     ADDFX1LVT         1  0.7    18    72    6248 
  BFU8_07/INPUT_DATA_7/mul1_sub/MAN_MUL_UNIT/MUL_UNIT_MAN_UNIT/m1/csa_tree_add_74_27_groupi/g466/CO    -       CI->CO R     ADDFX1LVT         1  0.7    18    72    6320 
  BFU8_07/INPUT_DATA_7/mul1_sub/MAN_MUL_UNIT/MUL_UNIT_MAN_UNIT/m1/csa_tree_add_74_27_groupi/g465/CO    -       CI->CO R     ADDFX1LVT         1  0.7    18    72    6391 
  BFU8_07/INPUT_DATA_7/mul1_sub/MAN_MUL_UNIT/MUL_UNIT_MAN_UNIT/m1/csa_tree_add_74_27_groupi/g464/CO    -       CI->CO R     ADDFX1LVT         1  0.7    18    72    6463 
  BFU8_07/INPUT_DATA_7/mul1_sub/MAN_MUL_UNIT/MUL_UNIT_MAN_UNIT/m1/csa_tree_add_74_27_groupi/g463/CO    -       CI->CO R     ADDFX1LVT         1  0.7    18    72    6534 
  BFU8_07/INPUT_DATA_7/mul1_sub/MAN_MUL_UNIT/MUL_UNIT_MAN_UNIT/m1/csa_tree_add_74_27_groupi/g462/CO    -       CI->CO R     ADDFX1LVT         1  0.7    18    72    6606 
  BFU8_07/INPUT_DATA_7/mul1_sub/MAN_MUL_UNIT/MUL_UNIT_MAN_UNIT/m1/csa_tree_add_74_27_groupi/g461/S     -       CI->S  F     ADDFX1LVT         1  0.6    18   106    6712 
  BFU8_07/INPUT_DATA_7/mul1_sub/MAN_MUL_UNIT/MUL_UNIT_MAN_UNIT/csa_tree_add_108_35_groupi/g823/S       -       CI->S  R     ADDFX1LVT         1  1.0    22   116    6828 
  BFU8_07/INPUT_DATA_7/mul1_sub/MAN_MUL_UNIT/MUL_UNIT_MAN_UNIT/csa_tree_add_108_35_groupi/g795/CO      -       A->CO  R     ADDFX1LVT         1  0.7    18    78    6906 
  BFU8_07/INPUT_DATA_7/mul1_sub/MAN_MUL_UNIT/MUL_UNIT_MAN_UNIT/csa_tree_add_108_35_groupi/g794/CO      -       CI->CO R     ADDFX1LVT         1  0.7    18    72    6977 
  BFU8_07/INPUT_DATA_7/mul1_sub/MAN_MUL_UNIT/MUL_UNIT_MAN_UNIT/csa_tree_add_108_35_groupi/g793/CO      -       CI->CO R     ADDFX1LVT         1  0.7    18    72    7049 
  BFU8_07/INPUT_DATA_7/mul1_sub/MAN_MUL_UNIT/MUL_UNIT_MAN_UNIT/csa_tree_add_108_35_groupi/g792/CO      -       CI->CO R     ADDFX1LVT         1  0.7    18    72    7120 
  BFU8_07/INPUT_DATA_7/mul1_sub/MAN_MUL_UNIT/MUL_UNIT_MAN_UNIT/csa_tree_add_108_35_groupi/g791/CO      -       CI->CO R     ADDFX1LVT         1  0.7    18    72    7192 
  BFU8_07/INPUT_DATA_7/mul1_sub/MAN_MUL_UNIT/MUL_UNIT_MAN_UNIT/csa_tree_add_108_35_groupi/g790/CO      -       CI->CO R     ADDFX1LVT         1  0.7    18    72    7263 
  BFU8_07/INPUT_DATA_7/mul1_sub/MAN_MUL_UNIT/MUL_UNIT_MAN_UNIT/csa_tree_add_108_35_groupi/g789/CO      -       CI->CO R     ADDFX1LVT         1  0.7    18    72    7335 
  BFU8_07/INPUT_DATA_7/mul1_sub/MAN_MUL_UNIT/MUL_UNIT_MAN_UNIT/csa_tree_add_108_35_groupi/g788/CO      -       CI->CO R     ADDFX1LVT         1  0.7    18    72    7406 
  BFU8_07/INPUT_DATA_7/mul1_sub/MAN_MUL_UNIT/MUL_UNIT_MAN_UNIT/csa_tree_add_108_35_groupi/g787/CO      -       CI->CO R     ADDFX1LVT         1  0.7    18    72    7478 
  BFU8_07/INPUT_DATA_7/mul1_sub/MAN_MUL_UNIT/MUL_UNIT_MAN_UNIT/csa_tree_add_108_35_groupi/g786/CO      -       CI->CO R     ADDFX1LVT         1  0.7    18    72    7549 
  BFU8_07/INPUT_DATA_7/mul1_sub/MAN_MUL_UNIT/MUL_UNIT_MAN_UNIT/csa_tree_add_108_35_groupi/g785/CO      -       CI->CO R     ADDFX1LVT         1  0.7    18    72    7621 
  BFU8_07/INPUT_DATA_7/mul1_sub/MAN_MUL_UNIT/MUL_UNIT_MAN_UNIT/csa_tree_add_108_35_groupi/g784/CO      -       CI->CO R     ADDFX1LVT         1  0.7    18    72    7692 
  BFU8_07/INPUT_DATA_7/mul1_sub/MAN_MUL_UNIT/MUL_UNIT_MAN_UNIT/csa_tree_add_108_35_groupi/g783/CO      -       CI->CO R     ADDFX1LVT         1  0.7    18    72    7764 
  BFU8_07/INPUT_DATA_7/mul1_sub/MAN_MUL_UNIT/MUL_UNIT_MAN_UNIT/csa_tree_add_108_35_groupi/g782/CO      -       CI->CO R     ADDFX1LVT         1  0.7    18    72    7835 
  BFU8_07/INPUT_DATA_7/mul1_sub/MAN_MUL_UNIT/MUL_UNIT_MAN_UNIT/csa_tree_add_108_35_groupi/g781/CO      -       CI->CO R     ADDFX1LVT         1  0.7    18    72    7907 
  BFU8_07/INPUT_DATA_7/mul1_sub/MAN_MUL_UNIT/MUL_UNIT_MAN_UNIT/csa_tree_add_108_35_groupi/g780/CO      -       CI->CO R     ADDFX1LVT         1  0.7    18    72    7978 
  BFU8_07/INPUT_DATA_7/mul1_sub/MAN_MUL_UNIT/MUL_UNIT_MAN_UNIT/csa_tree_add_108_35_groupi/g779/CO      -       CI->CO R     ADDFX1LVT         2  1.0    21    73    8052 
  BFU8_07/INPUT_DATA_7/mul1_sub/MAN_MUL_UNIT/MUL_UNIT_MAN_UNIT/csa_tree_add_108_35_groupi/g778/Y       -       B->Y   F     NAND2X1LVT        2  0.7    28    27    8079 
  BFU8_07/INPUT_DATA_7/mul1_sub/MAN_MUL_UNIT/MUL_UNIT_MAN_UNIT/csa_tree_add_108_35_groupi/g776/Y       -       AN->Y  F     NAND2BX1LVT       2  0.7    27    43    8122 
  BFU8_07/INPUT_DATA_7/mul1_sub/MAN_MUL_UNIT/MUL_UNIT_MAN_UNIT/csa_tree_add_108_35_groupi/g774/Y       -       AN->Y  F     NAND2BX1LVT       2  0.7    27    43    8164 
  BFU8_07/INPUT_DATA_7/mul1_sub/MAN_MUL_UNIT/MUL_UNIT_MAN_UNIT/csa_tree_add_108_35_groupi/g772/Y       -       AN->Y  F     NAND2BX1LVT       2  0.7    27    43    8207 
  BFU8_07/INPUT_DATA_7/mul1_sub/MAN_MUL_UNIT/MUL_UNIT_MAN_UNIT/csa_tree_add_108_35_groupi/g770/Y       -       AN->Y  F     NAND2BX1LVT       2  0.7    28    43    8250 
  BFU8_07/INPUT_DATA_7/mul1_sub/MAN_MUL_UNIT/MUL_UNIT_MAN_UNIT/csa_tree_add_108_35_groupi/g767/Y       -       B->Y   F     XNOR2X1LVT        8  2.6    35    64    8313 
  BFU8_07/INPUT_DATA_7/mul1_sub/LOPD_UNIT/LOPD_16bit_UNIT_MSB/LOPD_8bit_unit_1/g283/Y                  -       B->Y   F     OR2X1LVT          3  1.2    19    52    8365 
  BFU8_07/INPUT_DATA_7/mul1_sub/LOPD_UNIT/LOPD_16bit_UNIT_MSB/LOPD_8bit_unit_1/g274/Y                  -       C->Y   R     NOR3BX1LVT        2  0.8    44    32    8397 
  BFU8_07/INPUT_DATA_7/mul1_sub/LOPD_UNIT/LOPD_16bit_UNIT_MSB/g106/Y                                   -       A->Y   R     AND2X1LVT         9  4.1    47    74    8471 
  BFU8_07/INPUT_DATA_7/mul1_sub/LOPD_UNIT/g139/Y                                                       -       A->Y   F     INVX1LVT          4  1.4    25    31    8502 
  BFU8_07/INPUT_DATA_7/mul1_sub/LOPD_UNIT/g134/Y                                                       -       A0->Y  R     AOI22X1LVT        1  0.5    34    41    8543 
  BFU8_07/INPUT_DATA_7/mul1_sub/LOPD_UNIT/g130/Y                                                       -       B->Y   F     NAND2X1LVT       10  4.4   105    75    8618 
  BFU8_07/INPUT_DATA_7/mul1_sub/NOR_UNIT/SHF_left_unit/g2896/Y                                         -       A->Y   R     INVX1LVT          8  4.0    59    64    8683 
  BFU8_07/INPUT_DATA_7/mul1_sub/NOR_UNIT/SHF_left_unit/g2876/Y                                         -       B->Y   F     NAND2X1LVT       17  6.8   156   112    8795 
  BFU8_07/INPUT_DATA_7/mul1_sub/NOR_UNIT/SHF_left_unit/g2848/Y                                         -       A->Y   R     NOR2X1LVT         1  0.5    29    67    8862 
  BFU8_07/INPUT_DATA_7/mul1_sub/NOR_UNIT/g1221/Y                                                       -       A1->Y  F     AOI22X1LVT        1  0.4    61    44    8906 
  BFU8_07/INPUT_DATA_7/mul1_sub/NOR_UNIT/g1198/Y                                                       -       B0->Y  R     OAI2BB1X1LVT      1  0.8    24    34    8940 
  BFU8_07/INPUT_DATA_7/mul1_sub/MAN_ROUNDING_UNIT/g602/CO                                              -       B->CO  R     ADDHX1LVT         1  0.5    11    49    8990 
  BFU8_07/INPUT_DATA_7/mul1_sub/MAN_ROUNDING_UNIT/g601/CO                                              -       A->CO  R     ADDHX1LVT         1  0.8    14    51    9040 
  BFU8_07/INPUT_DATA_7/mul1_sub/MAN_ROUNDING_UNIT/g600/CO                                              -       B->CO  R     ADDHX1LVT         1  0.8    14    48    9088 
  BFU8_07/INPUT_DATA_7/mul1_sub/MAN_ROUNDING_UNIT/g599/CO                                              -       B->CO  R     ADDHX1LVT         1  0.8    14    48    9136 
  BFU8_07/INPUT_DATA_7/mul1_sub/MAN_ROUNDING_UNIT/g598/CO                                              -       B->CO  R     ADDHX1LVT         1  0.8    14    48    9185 
  BFU8_07/INPUT_DATA_7/mul1_sub/MAN_ROUNDING_UNIT/g597/CO                                              -       B->CO  R     ADDHX1LVT         1  0.8    14    48    9233 
  BFU8_07/INPUT_DATA_7/mul1_sub/MAN_ROUNDING_UNIT/g596/CO                                              -       B->CO  R     ADDHX1LVT         1  0.8    14    48    9281 
  BFU8_07/INPUT_DATA_7/mul1_sub/MAN_ROUNDING_UNIT/g595/CO                                              -       B->CO  R     ADDHX1LVT         1  0.8    14    48    9329 
  BFU8_07/INPUT_DATA_7/mul1_sub/MAN_ROUNDING_UNIT/g594/CO                                              -       B->CO  R     ADDHX1LVT         1  0.8    14    48    9377 
  BFU8_07/INPUT_DATA_7/mul1_sub/MAN_ROUNDING_UNIT/g593/CO                                              -       B->CO  R     ADDHX1LVT         1  0.8    14    48    9425 
  BFU8_07/INPUT_DATA_7/mul1_sub/MAN_ROUNDING_UNIT/g592/CO                                              -       B->CO  R     ADDHX1LVT         1  0.8    14    48    9473 
  BFU8_07/INPUT_DATA_7/mul1_sub/MAN_ROUNDING_UNIT/g591/CO                                              -       B->CO  R     ADDHX1LVT         1  0.8    14    48    9521 
  BFU8_07/INPUT_DATA_7/mul1_sub/MAN_ROUNDING_UNIT/g590/CO                                              -       B->CO  R     ADDHX1LVT         1  0.8    14    48    9569 
  BFU8_07/INPUT_DATA_7/mul1_sub/MAN_ROUNDING_UNIT/g589/CO                                              -       B->CO  R     ADDHX1LVT         1  0.8    14    48    9618 
  BFU8_07/INPUT_DATA_7/mul1_sub/MAN_ROUNDING_UNIT/g588/CO                                              -       B->CO  R     ADDHX1LVT         1  0.8    14    48    9666 
  BFU8_07/INPUT_DATA_7/mul1_sub/MAN_ROUNDING_UNIT/g587/CO                                              -       B->CO  R     ADDHX1LVT         1  0.8    14    48    9714 
  BFU8_07/INPUT_DATA_7/mul1_sub/MAN_ROUNDING_UNIT/g586/CO                                              -       B->CO  R     ADDHX1LVT         1  0.8    14    48    9762 
  BFU8_07/INPUT_DATA_7/mul1_sub/MAN_ROUNDING_UNIT/g585/CO                                              -       B->CO  R     ADDHX1LVT         1  0.8    14    48    9810 
  BFU8_07/INPUT_DATA_7/mul1_sub/MAN_ROUNDING_UNIT/g584/CO                                              -       B->CO  R     ADDHX1LVT         1  0.8    14    48    9858 
  BFU8_07/INPUT_DATA_7/mul1_sub/MAN_ROUNDING_UNIT/g583/CO                                              -       B->CO  R     ADDHX1LVT         1  0.8    14    48    9906 
  BFU8_07/INPUT_DATA_7/mul1_sub/MAN_ROUNDING_UNIT/g582/CO                                              -       B->CO  R     ADDHX1LVT         1  0.8    14    48    9954 
  BFU8_07/INPUT_DATA_7/mul1_sub/MAN_ROUNDING_UNIT/g581/CO                                              -       B->CO  R     ADDHX1LVT         2  0.8    14    48   10002 
  BFU8_07/INPUT_DATA_7/mul1_sub/MAN_ROUNDING_UNIT/g579/Y                                               -       C->Y   R     AND3XLLVT         2  1.0    23    66   10068 
  BFU8_07/INPUT_DATA_7/mul1_sub/EXP_ROUNDING_UNIT/g187/Y                                               -       B->Y   F     NAND2X1LVT        2  0.7    28    28   10097 
  BFU8_07/INPUT_DATA_7/mul1_sub/EXP_ROUNDING_UNIT/g185/Y                                               -       AN->Y  F     NAND2BX1LVT       2  0.7    29    43   10140 
  BFU8_07/INPUT_DATA_7/mul1_sub/EXP_ROUNDING_UNIT/g183/Y                                               -       AN->Y  F     NAND2BX1LVT       2  0.7    29    43   10183 
  BFU8_07/INPUT_DATA_7/mul1_sub/EXP_ROUNDING_UNIT/g181/Y                                               -       AN->Y  F     NAND2BX1LVT       2  0.7    29    43   10226 
  BFU8_07/INPUT_DATA_7/mul1_sub/EXP_ROUNDING_UNIT/g179/Y                                               -       AN->Y  F     NAND2BX1LVT       2  0.7    29    43   10269 
  BFU8_07/INPUT_DATA_7/mul1_sub/EXP_ROUNDING_UNIT/g176/Y                                               -       B->Y   F     XNOR2X1LVT        1  0.2     9    50   10319 
  BFU8_07/INPUT_DATA_7/mul1_sub/g1224/Y                                                                -       A1N->Y F     OAI2BB1X1LVT     15  4.3   103    80   10399 
  BFU8_07/BFU2_UNIT3/DATA_B_RE/EXP_COM_8BIT/COMP_LESS_UNIT/u_high/g345/Y                               -       A->Y   R     INVX1LVT          2  1.3    32    49   10448 
  BFU8_07/BFU2_UNIT3/DATA_B_RE/EXP_COM_8BIT/COMP_LESS_UNIT/u_high/g338/CO                              -       B->CO  R     ADDHX1LVT         1  0.5    12    51   10499 
  BFU8_07/BFU2_UNIT3/DATA_B_RE/EXP_COM_8BIT/COMP_LESS_UNIT/u_high/g336/Y                               -       A2->Y  F     OAI32X1LVT        1  0.4    52    36   10535 
  BFU8_07/BFU2_UNIT3/DATA_B_RE/EXP_COM_8BIT/COMP_LESS_UNIT/u_high/g335/Y                               -       A1->Y  R     AOI22X1LVT        2  0.8    49    49   10584 
  BFU8_07/BFU2_UNIT3/DATA_B_RE/EXP_COM_8BIT/COMP_LESS_UNIT/u_high/g334/Y                               -       A1N->Y R     OAI2BB1X1LVT      1  0.5    32    57   10641 
  BFU8_07/BFU2_UNIT3/DATA_B_RE/EXP_COM_8BIT/COMP_LESS_UNIT/u_high/g333/Y                               -       B0->Y  F     OAI21X1LVT        1  0.2    28    33   10674 
  BFU8_07/BFU2_UNIT3/DATA_B_RE/EXP_COM_8BIT/COMP_LESS_UNIT/g16/Y                                       -       B0->Y  F     AO21X2LVT        60 29.7   172   153   10827 
  BFU8_07/BFU2_UNIT3/DATA_B_RE/EXP_SWAP/g222/Y                                                         -       S0->Y  R     MX2XLLVT          1  0.5    15    82   10909 
  BFU8_07/BFU2_UNIT3/DATA_B_RE/EXP_SUB/g13/Y                                                           -       A->Y   F     INVX1LVT          3  1.1    17    17   10926 
  BFU8_07/BFU2_UNIT3/DATA_B_RE/EXP_SUB/CLA_8BIT_UNIT/CLA_4BIT_UNIT_0/g303/Y                            -       B->Y   R     XNOR2X1LVT       28 14.1   146   138   11064 
  BFU8_07/BFU2_UNIT3/DATA_B_RE/EXP_SUB/CLA_8BIT_UNIT/CLA_4BIT_UNIT_0/g302/Y                            -       AN->Y  R     NOR2BX1LVT        2  1.0    30    74   11138 
  BFU8_07/BFU2_UNIT3/DATA_B_RE/EXP_SUB/CLA_8BIT_UNIT/CLA_4BIT_UNIT_0/g298/Y                            -       B->Y   F     XNOR2X1LVT       26 10.8   122   114   11253 
  BFU8_07/BFU2_UNIT3/DATA_B_RE/SHF_RIGHT_MAN/g3883/Y                                                   -       A->Y   R     INVX2LVT         26 13.0    90    78   11330 
  BFU8_07/BFU2_UNIT3/DATA_B_RE/SHF_RIGHT_MAN/g3833/Y                                                   -       B1->Y  F     OAI22X1LVT        2  0.8    52    64   11394 
  BFU8_07/BFU2_UNIT3/DATA_B_RE/SHF_RIGHT_MAN/g3804/Y                                                   -       A1->Y  R     AOI22X1LVT        2  0.6    45    46   11441 
  BFU8_07/BFU2_UNIT3/DATA_B_RE/SHF_RIGHT_MAN/g3782/Y                                                   -       A->Y   R     MX2XLLVT          1  0.5    14    66   11506 
  BFU8_07/BFU2_UNIT3/DATA_B_RE/SHF_RIGHT_MAN/g3758/Y                                                   -       A1->Y  F     OAI22X1LVT        3  0.8    49    41   11547 
  BFU8_07/BFU2_UNIT3/DATA_B_RE/MAN_COMP_24BIT/u_i_data_1/g345/Y                                        -       A->Y   R     INVX1LVT          2  1.3    23    30   11576 
  BFU8_07/BFU2_UNIT3/DATA_B_RE/MAN_COMP_24BIT/u_i_data_1/g338/CO                                       -       B->CO  R     ADDHX1LVT         1  0.5    11    49   11625 
  BFU8_07/BFU2_UNIT3/DATA_B_RE/MAN_COMP_24BIT/u_i_data_1/g336/Y                                        -       A2->Y  F     OAI32X1LVT        1  0.4    47    36   11661 
  BFU8_07/BFU2_UNIT3/DATA_B_RE/MAN_COMP_24BIT/u_i_data_1/g335/Y                                        -       A1->Y  R     AOI22X1LVT        2  0.8    46    47   11709 
  BFU8_07/BFU2_UNIT3/DATA_B_RE/MAN_COMP_24BIT/u_i_data_1/g334/Y                                        -       A1N->Y R     OAI2BB1X1LVT      1  0.5    29    56   11765 
  BFU8_07/BFU2_UNIT3/DATA_B_RE/MAN_COMP_24BIT/u_i_data_1/g333/Y                                        -       B0->Y  F     OAI21X1LVT        1  0.4    31    34   11799 
  BFU8_07/BFU2_UNIT3/DATA_B_RE/MAN_COMP_24BIT/g147/Y                                                   -       B0->Y  R     AOI21X1LVT        1  0.5    27    29   11828 
  BFU8_07/BFU2_UNIT3/DATA_B_RE/MAN_COMP_24BIT/g146/Y                                                   -       B->Y   F     NOR2BX1LVT        1  0.2    12    17   11846 
  BFU8_07/BFU2_UNIT3/DATA_B_RE/MAN_COMP_24BIT/g145/Y                                                   -       A1->Y  F     OA21X1LVT         1  0.4    11    50   11895 
  BFU8_07/BFU2_UNIT3/DATA_B_RE/MAN_COMP_24BIT/g144/Y                                                   -       A1->Y  R     OAI21X1LVT        1  0.5    29    24   11920 
  BFU8_07/BFU2_UNIT3/DATA_B_RE/MAN_COMP_24BIT/g143/Y                                                   -       B->Y   F     NAND2BX1LVT       1  0.2    19    24   11944 
  BFU8_07/BFU2_UNIT3/DATA_B_RE/MAN_COMP_24BIT/g142/Y                                                   -       A1->Y  F     AO21X1LVT        49 23.8   261   188   12132 
  BFU8_07/BFU2_UNIT3/DATA_B_RE/MAN_SWAP/g793/Y                                                         -       S0->Y  F     MX2XLLVT          3  0.9    24   102   12233 
  BFU8_07/BFU2_UNIT3/DATA_B_RE/MAN_ALU/g442/Y                                                          -       B->Y   R     XNOR2X1LVT        1  0.8    15    66   12300 
  BFU8_07/BFU2_UNIT3/DATA_B_RE/MAN_ALU/ALU_SUB_UNIT/CLA_BLOCK_GEN[0].CLA_4BIT_UNIT/g328/S              -       B->S   R     ADDHX1LVT         4  1.4    21    58   12358 
  BFU8_07/BFU2_UNIT3/DATA_B_RE/MAN_ALU/ALU_SUB_UNIT/CLA_BLOCK_GEN[0].CLA_4BIT_UNIT/g324/Y              -       A->Y   R     AND4X1LVT         3  1.1    27   125   12482 
  BFU8_07/BFU2_UNIT3/DATA_B_RE/MAN_ALU/ALU_SUB_UNIT/CLA_BLOCK_GEN[0].CLA_4BIT_UNIT/g319/Y              -       A1N->Y R     OAI2BB1X1LVT      2  0.8    22    53   12535 
  BFU8_07/BFU2_UNIT3/DATA_B_RE/MAN_ALU/ALU_SUB_UNIT/g101/Y                                             -       B0->Y  R     AO21X1LVT         2  1.0    17    37   12572 
  BFU8_07/BFU2_UNIT3/DATA_B_RE/MAN_ALU/ALU_SUB_UNIT/CLA_BLOCK_GEN[1].CLA_4BIT_UNIT/g463/Y              -       A1->Y  F     AOI21X1LVT        2  0.9    40    37   12609 
  BFU8_07/BFU2_UNIT3/DATA_B_RE/MAN_ALU/ALU_SUB_UNIT/CLA_BLOCK_GEN[1].CLA_4BIT_UNIT/g459/Y              -       A1->Y  R     OAI21X1LVT        2  1.0    40    40   12648 
  BFU8_07/BFU2_UNIT3/DATA_B_RE/MAN_ALU/ALU_SUB_UNIT/CLA_BLOCK_GEN[1].CLA_4BIT_UNIT/g457/Y              -       A1->Y  F     AOI22X1LVT        2  0.9    58    54   12702 
  BFU8_07/BFU2_UNIT3/DATA_B_RE/MAN_ALU/ALU_SUB_UNIT/CLA_BLOCK_GEN[1].CLA_4BIT_UNIT/g455/Y              -       A1->Y  R     OAI21X1LVT        3  1.1    44    48   12750 
  BFU8_07/BFU2_UNIT3/DATA_B_RE/MAN_ALU/ALU_SUB_UNIT/g119/Y                                             -       B->Y   R     OR2X1LVT          2  1.0    15    39   12789 
  BFU8_07/BFU2_UNIT3/DATA_B_RE/MAN_ALU/ALU_SUB_UNIT/CLA_BLOCK_GEN[2].CLA_4BIT_UNIT/g463/Y              -       A1->Y  F     AOI21X1LVT        2  0.9    40    36   12824 
  BFU8_07/BFU2_UNIT3/DATA_B_RE/MAN_ALU/ALU_SUB_UNIT/CLA_BLOCK_GEN[2].CLA_4BIT_UNIT/g459/Y              -       A1->Y  R     OAI21X1LVT        2  1.0    40    40   12864 
  BFU8_07/BFU2_UNIT3/DATA_B_RE/MAN_ALU/ALU_SUB_UNIT/CLA_BLOCK_GEN[2].CLA_4BIT_UNIT/g457/Y              -       A1->Y  F     AOI22X1LVT        2  0.9    58    54   12918 
  BFU8_07/BFU2_UNIT3/DATA_B_RE/MAN_ALU/ALU_SUB_UNIT/CLA_BLOCK_GEN[2].CLA_4BIT_UNIT/g455/Y              -       A1->Y  R     OAI21X1LVT        3  1.1    44    48   12966 
  BFU8_07/BFU2_UNIT3/DATA_B_RE/MAN_ALU/ALU_SUB_UNIT/g146/Y                                             -       AN->Y  R     NAND2BX1LVT       2  1.0    20    40   13005 
  BFU8_07/BFU2_UNIT3/DATA_B_RE/MAN_ALU/ALU_SUB_UNIT/CLA_BLOCK_GEN[3].CLA_4BIT_UNIT/g463/Y              -       A1->Y  F     AOI21X1LVT        2  0.9    40    38   13043 
  BFU8_07/BFU2_UNIT3/DATA_B_RE/MAN_ALU/ALU_SUB_UNIT/CLA_BLOCK_GEN[3].CLA_4BIT_UNIT/g459/Y              -       A1->Y  R     OAI21X1LVT        2  1.0    40    40   13083 
  BFU8_07/BFU2_UNIT3/DATA_B_RE/MAN_ALU/ALU_SUB_UNIT/CLA_BLOCK_GEN[3].CLA_4BIT_UNIT/g457/Y              -       A1->Y  F     AOI22X1LVT        2  0.9    58    54   13137 
  BFU8_07/BFU2_UNIT3/DATA_B_RE/MAN_ALU/ALU_SUB_UNIT/CLA_BLOCK_GEN[3].CLA_4BIT_UNIT/g455/Y              -       A1->Y  R     OAI21X1LVT        3  1.1    44    48   13184 
  BFU8_07/BFU2_UNIT3/DATA_B_RE/MAN_ALU/ALU_SUB_UNIT/g181/Y                                             -       AN->Y  R     NAND2BX1LVT       2  1.0    20    40   13224 
  BFU8_07/BFU2_UNIT3/DATA_B_RE/MAN_ALU/ALU_SUB_UNIT/CLA_BLOCK_GEN[4].CLA_4BIT_UNIT/g366/Y              -       A1->Y  F     AOI22X1LVT        2  0.9    56    46   13270 
  BFU8_07/BFU2_UNIT3/DATA_B_RE/MAN_ALU/ALU_SUB_UNIT/CLA_BLOCK_GEN[4].CLA_4BIT_UNIT/g364/Y              -       A1->Y  R     OAI21X1LVT        2  1.0    42    46   13316 
  BFU8_07/BFU2_UNIT3/DATA_B_RE/MAN_ALU/ALU_SUB_UNIT/CLA_BLOCK_GEN[4].CLA_4BIT_UNIT/g362/Y              -       A1->Y  F     AOI22X1LVT        2  0.9    59    54   13370 
  BFU8_07/BFU2_UNIT3/DATA_B_RE/MAN_ALU/ALU_SUB_UNIT/CLA_BLOCK_GEN[4].CLA_4BIT_UNIT/g360/Y              -       A1->Y  R     OAI21X1LVT        2  0.8    38    44   13415 
  BFU8_07/BFU2_UNIT3/DATA_B_RE/MAN_ALU/ALU_SUB_UNIT/g213/Y                                             -       AN->Y  R     NAND2BX1LVT       2  1.0    20    38   13453 
  BFU8_07/BFU2_UNIT3/DATA_B_RE/MAN_ALU/ALU_SUB_UNIT/CLA_BLOCK_GEN[5].CLA_4BIT_UNIT/g511/Y              -       A1->Y  F     AOI21X1LVT        2  0.9    40    38   13491 
  BFU8_07/BFU2_UNIT3/DATA_B_RE/MAN_ALU/ALU_SUB_UNIT/CLA_BLOCK_GEN[5].CLA_4BIT_UNIT/g507/Y              -       A1->Y  R     OAI21X1LVT        2  1.0    40    40   13531 
  BFU8_07/BFU2_UNIT3/DATA_B_RE/MAN_ALU/ALU_SUB_UNIT/CLA_BLOCK_GEN[5].CLA_4BIT_UNIT/g505/Y              -       A1->Y  F     AOI22X1LVT        2  0.9    58    54   13585 
  BFU8_07/BFU2_UNIT3/DATA_B_RE/MAN_ALU/ALU_SUB_UNIT/CLA_BLOCK_GEN[5].CLA_4BIT_UNIT/g504/Y              -       B->Y   F     XOR2XLLVT         1  0.4    14    48   13633 
  BFU8_07/BFU2_UNIT3/DATA_B_RE/MAN_ALU/g1877/Y                                                         -       A1->Y  R     AOI22X1LVT        1  0.5    39    33   13666 
  BFU8_07/BFU2_UNIT3/DATA_B_RE/MAN_ALU/g1846/Y                                                         -       B0->Y  F     OAI2BB1X1LVT      8  3.0    76    63   13729 
  BFU8_07/BFU2_UNIT3/DATA_B_RE/LOPD_24BIT/LOPD_16bit_UNIT_MSB/LOPD_8bit_unit_1/g283/Y                  -       B->Y   F     OR2X1LVT          3  1.2    19    61   13790 
  BFU8_07/BFU2_UNIT3/DATA_B_RE/LOPD_24BIT/LOPD_16bit_UNIT_MSB/LOPD_8bit_unit_1/g274/Y                  -       C->Y   R     NOR3BX1LVT        2  0.8    44    32   13823 
  BFU8_07/BFU2_UNIT3/DATA_B_RE/LOPD_24BIT/LOPD_16bit_UNIT_MSB/g106/Y                                   -       A->Y   R     AND2X1LVT         7  3.3    39    70   13892 
  BFU8_07/BFU2_UNIT3/DATA_B_RE/LOPD_24BIT/g139/Y                                                       -       A->Y   F     INVX1LVT          4  1.4    24    28   13920 
  BFU8_07/BFU2_UNIT3/DATA_B_RE/LOPD_24BIT/g135/Y                                                       -       A0->Y  R     AOI22X1LVT        1  0.5    35    40   13961 
  BFU8_07/BFU2_UNIT3/DATA_B_RE/LOPD_24BIT/g131/Y                                                       -       B->Y   F     NAND2X1LVT        2  0.6    28    31   13992 
  BFU8_07/BFU2_UNIT3/DATA_B_RE/g600/Y                                                                  -       A->Y   F     AND2X1LVT        27 11.5   128    96   14088 
  BFU8_07/BFU2_UNIT3/DATA_B_RE/NOR_UNIT/SHF_left_unit/g3018/Y                                          -       A->Y   R     INVX2LVT         24 12.0    86    77   14165 
  BFU8_07/BFU2_UNIT3/DATA_B_RE/NOR_UNIT/SHF_left_unit/g3002/Y                                          -       A1->Y  F     AOI22X1LVT        2  0.8    62    70   14235 
  BFU8_07/BFU2_UNIT3/DATA_B_RE/NOR_UNIT/SHF_left_unit/g2993/Y                                          -       A->Y   R     INVX1LVT          1  0.5    17    29   14265 
  BFU8_07/BFU2_UNIT3/DATA_B_RE/NOR_UNIT/SHF_left_unit/g2955/Y                                          -       A1->Y  F     AOI22X1LVT        4  1.6    76    53   14318 
  BFU8_07/BFU2_UNIT3/DATA_B_RE/NOR_UNIT/SHF_left_unit/g2940/Y                                          -       B->Y   R     NOR2X1LVT         1  0.5    27    41   14359 
  BFU8_07/BFU2_UNIT3/DATA_B_RE/NOR_UNIT/g1478/Y                                                        -       A1->Y  F     AOI22X1LVT        1  0.4    63    43   14402 
  BFU8_07/BFU2_UNIT3/DATA_B_RE/NOR_UNIT/g1451/Y                                                        -       B0->Y  R     OAI2BB1X1LVT      1  0.5    22    33   14436 
  BFU8_07/BFU2_UNIT3/DATA_B_RE/MAN_RND/g658/Y                                                          -       D->Y   F     NOR4X1LVT         1  0.4    26    18   14454 
  BFU8_07/BFU2_UNIT3/DATA_B_RE/MAN_RND/g657/Y                                                          -       B->Y   R     NOR2BX1LVT        1  0.5    22    23   14477 
  BFU8_07/BFU2_UNIT3/DATA_B_RE/MAN_RND/g656/CO                                                         -       A->CO  R     ADDHX1LVT         1  0.8    14    54   14530 
  BFU8_07/BFU2_UNIT3/DATA_B_RE/MAN_RND/g655/CO                                                         -       B->CO  R     ADDHX1LVT         1  0.8    14    48   14579 
  BFU8_07/BFU2_UNIT3/DATA_B_RE/MAN_RND/g654/CO                                                         -       B->CO  R     ADDHX1LVT         1  0.8    14    48   14627 
  BFU8_07/BFU2_UNIT3/DATA_B_RE/MAN_RND/g653/CO                                                         -       B->CO  R     ADDHX1LVT         1  0.8    14    48   14675 
  BFU8_07/BFU2_UNIT3/DATA_B_RE/MAN_RND/g652/CO                                                         -       B->CO  R     ADDHX1LVT         1  0.8    14    48   14723 
  BFU8_07/BFU2_UNIT3/DATA_B_RE/MAN_RND/g651/CO                                                         -       B->CO  R     ADDHX1LVT         1  0.8    14    48   14771 
  BFU8_07/BFU2_UNIT3/DATA_B_RE/MAN_RND/g650/CO                                                         -       B->CO  R     ADDHX1LVT         1  0.8    14    48   14819 
  BFU8_07/BFU2_UNIT3/DATA_B_RE/MAN_RND/g649/CO                                                         -       B->CO  R     ADDHX1LVT         1  0.8    14    48   14867 
  BFU8_07/BFU2_UNIT3/DATA_B_RE/MAN_RND/g648/CO                                                         -       B->CO  R     ADDHX1LVT         1  0.8    14    48   14915 
  BFU8_07/BFU2_UNIT3/DATA_B_RE/MAN_RND/g647/CO                                                         -       B->CO  R     ADDHX1LVT         1  0.8    14    48   14963 
  BFU8_07/BFU2_UNIT3/DATA_B_RE/MAN_RND/g646/CO                                                         -       B->CO  R     ADDHX1LVT         1  0.8    14    48   15012 
  BFU8_07/BFU2_UNIT3/DATA_B_RE/MAN_RND/g645/CO                                                         -       B->CO  R     ADDHX1LVT         1  0.8    14    48   15060 
  BFU8_07/BFU2_UNIT3/DATA_B_RE/MAN_RND/g644/CO                                                         -       B->CO  R     ADDHX1LVT         1  0.8    14    48   15108 
  BFU8_07/BFU2_UNIT3/DATA_B_RE/MAN_RND/g643/CO                                                         -       B->CO  R     ADDHX1LVT         1  0.8    14    48   15156 
  BFU8_07/BFU2_UNIT3/DATA_B_RE/MAN_RND/g642/CO                                                         -       B->CO  R     ADDHX1LVT         1  0.8    14    48   15204 
  BFU8_07/BFU2_UNIT3/DATA_B_RE/MAN_RND/g641/CO                                                         -       B->CO  R     ADDHX1LVT         1  0.8    14    48   15252 
  BFU8_07/BFU2_UNIT3/DATA_B_RE/MAN_RND/g640/CO                                                         -       B->CO  R     ADDHX1LVT         1  0.8    14    48   15300 
  BFU8_07/BFU2_UNIT3/DATA_B_RE/MAN_RND/g639/CO                                                         -       B->CO  R     ADDHX1LVT         1  0.8    14    48   15348 
  BFU8_07/BFU2_UNIT3/DATA_B_RE/MAN_RND/g638/CO                                                         -       B->CO  R     ADDHX1LVT         1  0.8    14    48   15396 
  BFU8_07/BFU2_UNIT3/DATA_B_RE/MAN_RND/g637/CO                                                         -       B->CO  R     ADDHX1LVT         1  0.8    14    48   15444 
  BFU8_07/BFU2_UNIT3/DATA_B_RE/MAN_RND/g636/CO                                                         -       B->CO  R     ADDHX1LVT         1  0.8    14    48   15492 
  BFU8_07/BFU2_UNIT3/DATA_B_RE/MAN_RND/g635/CO                                                         -       B->CO  R     ADDHX1LVT         2  0.8    14    48   15541 
  BFU8_07/BFU2_UNIT3/DATA_B_RE/MAN_RND/g633/Y                                                          -       C->Y   R     AND3XLLVT         2  1.0    23    66   15607 
  BFU8_07/BFU2_UNIT3/DATA_B_RE/EXP_RND/g187/Y                                                          -       B->Y   F     NAND2X1LVT        2  0.7    28    28   15635 
  BFU8_07/BFU2_UNIT3/DATA_B_RE/EXP_RND/g185/Y                                                          -       AN->Y  F     NAND2BX1LVT       2  0.7    28    43   15678 
  BFU8_07/BFU2_UNIT3/DATA_B_RE/EXP_RND/g183/Y                                                          -       AN->Y  F     NAND2BX1LVT       2  0.7    28    43   15721 
  BFU8_07/BFU2_UNIT3/DATA_B_RE/EXP_RND/g181/Y                                                          -       AN->Y  F     NAND2BX1LVT       2  0.7    28    43   15763 
  BFU8_07/BFU2_UNIT3/DATA_B_RE/EXP_RND/g179/Y                                                          -       AN->Y  F     NAND2BX1LVT       2  0.7    29    43   15806 
  BFU8_07/BFU2_UNIT3/DATA_B_RE/EXP_RND/g177/Y                                                          -       AN->Y  F     NAND2BX1LVT       2  0.7    28    43   15849 
  BFU8_07/BFU2_UNIT3/DATA_B_RE/EXP_RND/g175/Y                                                          -       AN->Y  F     NAND2BX1LVT       1  0.5    23    40   15890 
  BFU8_07/BFU2_UNIT3/DATA_B_RE/EXP_RND/g173/Y                                                          -       B->Y   R     XNOR2X1LVT        1  0.5    12    65   15954 
  BFU8_07/BFU2_UNIT3/DATA_B_RE/g2955/Y                                                                 -       B1->Y  F     AOI222X1LVT       1  0.4    76    40   15994 
  BFU8_07/BFU2_UNIT3/DATA_B_RE/g2942/Y                                                                 -       B->Y   R     NAND2X1LVT        1  0.3    24    35   16029 
  g3044/Y                                                                                              -       B->Y   R     MX2XLLVT          1  0.4    13    58   16087 
  X7_real_reg[30]/D                                                                                    <<<     -      R     DFFRHQX8LVT       1    -     -     0   16087 
#------------------------------------------------------------------------------------------------------------------------------------------------------------------------

