============================================================
  Generated by:           Genus(TM) Synthesis Solution GENUS15.20 - 15.20-p004_1
  Generated on:           Jan 05 2026  10:40:57 am
  Module:                 FFT_8Points
  Wireload mode:          enclosed
  Area mode:              timing library
============================================================

                                    
    Gate      Instances     Area        Library    
---------------------------------------------------
ADDFX1LVT           716    3673.080    slow_vdd1v2 
ADDFX2LVT            56     440.496    slow_vdd1v2 
ADDHX1LVT          2244    8441.928    slow_vdd1v2 
AND2X1LVT           537     734.616    slow_vdd1v2 
AND2XLLVT           484     662.112    slow_vdd1v2 
AND3XLLVT            82     168.264    slow_vdd1v2 
AND4X1LVT            52     124.488    slow_vdd1v2 
AND4XLLVT           312     746.928    slow_vdd1v2 
AO21X1LVT           160     383.040    slow_vdd1v2 
AO21X2LVT            52     142.272    slow_vdd1v2 
AO21XLLVT            52     124.488    slow_vdd1v2 
AO22X1LVT             4      10.944    slow_vdd1v2 
AO22XLLVT           244     667.584    slow_vdd1v2 
AOI211XLLVT          20      41.040    slow_vdd1v2 
AOI21X1LVT          864    1477.440    slow_vdd1v2 
AOI21XLLVT            4       6.840    slow_vdd1v2 
AOI221X1LVT         488    1168.272    slow_vdd1v2 
AOI222X1LVT         488    1502.064    slow_vdd1v2 
AOI22X1LVT         8228   16883.856    slow_vdd1v2 
AOI22XLLVT          826    1694.952    slow_vdd1v2 
AOI2BB1X1LVT        364     746.928    slow_vdd1v2 
AOI2BB1XLLVT        176     361.152    slow_vdd1v2 
AOI31X1LVT          156     320.112    slow_vdd1v2 
AOI32X1LVT          390     933.660    slow_vdd1v2 
BUFX20LVT             1       8.208    slow_vdd1v2 
BUFX2LVT             52      88.920    slow_vdd1v2 
CLKINVX6LVT          14      33.516    slow_vdd1v2 
CLKXOR2X1LVT        190     519.840    slow_vdd1v2 
DFFRHQX1LVT        1476    9086.256    slow_vdd1v2 
DFFRHQX8LVT         501    5654.286    slow_vdd1v2 
DFFRX1LVT            14      95.760    slow_vdd1v2 
INVX1LVT           6136    4197.024    slow_vdd1v2 
INVX2LVT            186     190.836    slow_vdd1v2 
MX2X1LVT           2401    5747.994    slow_vdd1v2 
MX2XLLVT           4765   11407.410    slow_vdd1v2 
MXI2XLLVT           830    1987.020    slow_vdd1v2 
NAND2BX1LVT        1870    2558.160    slow_vdd1v2 
NAND2BXLLVT         132     180.576    slow_vdd1v2 
NAND2X1LVT         3262    3346.812    slow_vdd1v2 
NAND2XLLVT          122     125.172    slow_vdd1v2 
NAND3BXLLVT          80     136.800    slow_vdd1v2 
NAND3X1LVT           60     102.600    slow_vdd1v2 
NAND4BX1LVT          20      47.880    slow_vdd1v2 
NAND4XLLVT          452     772.920    slow_vdd1v2 
NOR2BX1LVT         1688    2309.184    slow_vdd1v2 
NOR2X1LVT          2852    2926.152    slow_vdd1v2 
NOR3BX1LVT          246     504.792    slow_vdd1v2 
NOR3X1LVT            56      95.760    slow_vdd1v2 
NOR3X2LVT            52     142.272    slow_vdd1v2 
NOR4BBX1LVT         104     284.544    slow_vdd1v2 
NOR4BX1LVT          212     507.528    slow_vdd1v2 
NOR4X1LVT           696    1190.160    slow_vdd1v2 
OA21X1LVT           332     681.264    slow_vdd1v2 
OA22X1LVT           430    1029.420    slow_vdd1v2 
OAI211X1LVT         236     403.560    slow_vdd1v2 
OAI21X1LVT         1400    2394.000    slow_vdd1v2 
OAI21XLLVT            4       6.840    slow_vdd1v2 
OAI221X1LVT         882    2111.508    slow_vdd1v2 
OAI222X1LVT         462    1264.032    slow_vdd1v2 
OAI22X1LVT         3134    6430.968    slow_vdd1v2 
OAI2BB1X1LVT       4488    7674.480    slow_vdd1v2 
OAI31X1LVT           20      41.040    slow_vdd1v2 
OAI32X1LVT          428    1024.632    slow_vdd1v2 
OAI33X1LVT            6      16.416    slow_vdd1v2 
OR2X1LVT            468     640.224    slow_vdd1v2 
OR2XLLVT            510     697.680    slow_vdd1v2 
OR3XLLVT              4       8.208    slow_vdd1v2 
OR4X1LVT           2270    4658.040    slow_vdd1v2 
SDFFRHQX1LVT         64     525.312    slow_vdd1v2 
XNOR2X1LVT         4452   10658.088    slow_vdd1v2 
XOR2XLLVT          1874    5127.264    slow_vdd1v2 
---------------------------------------------------
total             66933  141097.914                


                                       
   Type    Instances    Area    Area % 
---------------------------------------
sequential      2055  15361.614   10.9 
inverter        6336   4421.376    3.1 
buffer            53     97.128    0.1 
logic          58489 121217.796   85.9 
---------------------------------------
total          66933 141097.914  100.0 

