============================================================
  Generated by:           Genus(TM) Synthesis Solution GENUS15.20 - 15.20-p004_1
  Generated on:           Jan 04 2026  08:06:53 am
  Module:                 FFT_8Points
  Wireload mode:          enclosed
  Area mode:              timing library
============================================================


Path 1: MET (994415 ps) Setup Check with Pin X7_real_reg[30]/CK->SI
          Group: i_clk
     Startpoint: (R) s3_S2_7_imag_reg[24]/CK
          Clock: (R) i_clk
       Endpoint: (F) X7_real_reg[30]/SI
          Clock: (R) i_clk

                      Capture       Launch     
        Clock Edge:+  1000000            0     
       Src Latency:+        0            0     
       Net Latency:+        0 (I)        0 (I) 
           Arrival:=  1000000            0     
                                               
             Setup:-       23                  
     Required Time:=   999977                  
      Launch Clock:-        0                  
         Data Path:-     5563                  
             Slack:=   994415                  

#-------------------------------------------------------------------------------------------------------------------------------------------------------------
#                                       Timing Point                                        Flags    Arc   Edge     Cell      Fanout Load Trans Delay Arrival 
#                                                                                                                                    (fF)  (ps)  (ps)   (ps)  
#-------------------------------------------------------------------------------------------------------------------------------------------------------------
  s3_S2_7_imag_reg[24]/CK                                                                   -       -      R     (arrival)      2055    -     0     -       0 
  s3_S2_7_imag_reg[24]/Q                                                                    -       CK->Q  R     DFFRHQX1LVT      16  6.5    39    60      60 
  BFU8_07/INPUT_DATA_7/DATA_A_IM/EXP_COM_8BIT/COMP_LESS_UNIT/u_low/g261/Y                   -       A->Y   F     INVX1LVT          2  0.8    12    14      74 
  BFU8_07/INPUT_DATA_7/DATA_A_IM/EXP_COM_8BIT/COMP_LESS_UNIT/u_low/g256/Y                   -       B->Y   F     AND2XLLVT         1  0.5     6    13      88 
  BFU8_07/INPUT_DATA_7/DATA_A_IM/EXP_COM_8BIT/COMP_LESS_UNIT/u_low/g255/Y                   -       A2->Y  R     OAI32X1LVT        1  0.5    39    21     108 
  BFU8_07/INPUT_DATA_7/DATA_A_IM/EXP_COM_8BIT/COMP_LESS_UNIT/u_low/g254/Y                   -       A1->Y  F     AOI22X1LVT        1  0.5    26    24     133 
  BFU8_07/INPUT_DATA_7/DATA_A_IM/EXP_COM_8BIT/COMP_LESS_UNIT/u_low/g253/Y                   -       A1->Y  R     OAI22X1LVT        1  0.3    25    19     152 
  BFU8_07/INPUT_DATA_7/DATA_A_IM/EXP_COM_8BIT/COMP_LESS_UNIT/g16/Y                          -       A1->Y  R     AO21X1LVT        60 41.6   236   152     303 
  BFU8_07/INPUT_DATA_7/DATA_A_IM/EXP_SWAP/g222/Y                                            -       S0->Y  R     MX2XLLVT          1  0.5     8    43     346 
  BFU8_07/INPUT_DATA_7/DATA_A_IM/EXP_SUB/g12/Y                                              -       A->Y   F     INVX1LVT          3  1.2     8     8     354 
  BFU8_07/INPUT_DATA_7/DATA_A_IM/EXP_SUB/CLA_8BIT_UNIT/CLA_4BIT_UNIT_0/g272/Y               -       B->Y   R     XNOR2X1LVT       28 14.5    84    70     424 
  BFU8_07/INPUT_DATA_7/DATA_A_IM/EXP_SUB/CLA_8BIT_UNIT/CLA_4BIT_UNIT_0/g271/Y               -       B->Y   F     NAND2BX1LVT       2  1.1    28    31     456 
  BFU8_07/INPUT_DATA_7/DATA_A_IM/EXP_SUB/CLA_8BIT_UNIT/CLA_4BIT_UNIT_0/g266/Y               -       B->Y   R     XNOR2X1LVT       26 15.7    91    75     530 
  BFU8_07/INPUT_DATA_7/DATA_A_IM/SHF_RIGHT_MAN/g3760/Y                                      -       A->Y   F     INVX2LVT         24 12.0    49    37     567 
  BFU8_07/INPUT_DATA_7/DATA_A_IM/SHF_RIGHT_MAN/g3712/Y                                      -       B1->Y  R     OAI22X1LVT        2  1.2    41    26     593 
  BFU8_07/INPUT_DATA_7/DATA_A_IM/SHF_RIGHT_MAN/g3680/Y                                      -       A0->Y  F     AOI22X1LVT        2  0.8    30    26     618 
  BFU8_07/INPUT_DATA_7/DATA_A_IM/SHF_RIGHT_MAN/g3662/Y                                      -       A->Y   F     MX2XLLVT          1  0.5     7    27     646 
  BFU8_07/INPUT_DATA_7/DATA_A_IM/SHF_RIGHT_MAN/g3642/Y                                      -       A0->Y  R     OAI22X1LVT        3  1.1    34    20     666 
  BFU8_07/INPUT_DATA_7/DATA_A_IM/MAN_COMP_24BIT/u_i_data_1/g343/Y                           -       A->Y   F     INVX1LVT          2  1.3    13    14     680 
  BFU8_07/INPUT_DATA_7/DATA_A_IM/MAN_COMP_24BIT/u_i_data_1/g336/CO                          -       B->CO  F     ADDHX1LVT         1  0.5     5    15     695 
  BFU8_07/INPUT_DATA_7/DATA_A_IM/MAN_COMP_24BIT/u_i_data_1/g333/Y                           -       A2->Y  R     OAI32X1LVT        1  0.5    38    21     716 
  BFU8_07/INPUT_DATA_7/DATA_A_IM/MAN_COMP_24BIT/u_i_data_1/g332/Y                           -       A1->Y  F     AOI22X1LVT        1  0.5    25    24     740 
  BFU8_07/INPUT_DATA_7/DATA_A_IM/MAN_COMP_24BIT/u_i_data_1/g331/Y                           -       A1->Y  R     OAI22X1LVT        1  0.5    27    20     760 
  BFU8_07/INPUT_DATA_7/DATA_A_IM/MAN_COMP_24BIT/g145/Y                                      -       B0->Y  F     AOI21X1LVT        1  0.5    17    11     771 
  BFU8_07/INPUT_DATA_7/DATA_A_IM/MAN_COMP_24BIT/g144/Y                                      -       B->Y   R     NOR2BX1LVT        1  0.3    10    11     782 
  BFU8_07/INPUT_DATA_7/DATA_A_IM/MAN_COMP_24BIT/g143/Y                                      -       A1->Y  R     OA21X1LVT         1  0.3     5    21     802 
  BFU8_07/INPUT_DATA_7/DATA_A_IM/MAN_COMP_24BIT/g142/Y                                      -       A1->Y  R     OA21X1LVT         1  0.3     5    20     823 
  BFU8_07/INPUT_DATA_7/DATA_A_IM/MAN_COMP_24BIT/g141/Y                                      -       A1->Y  R     OA21X1LVT         1  0.3     5    20     843 
  BFU8_07/INPUT_DATA_7/DATA_A_IM/MAN_COMP_24BIT/g140/Y                                      -       B->Y   R     OR2X1LVT         49 33.1   188   113     956 
  BFU8_07/INPUT_DATA_7/DATA_A_IM/MAN_SWAP/g794/Y                                            -       S0->Y  F     MX2XLLVT          3  1.2    13    41     997 
  BFU8_07/INPUT_DATA_7/DATA_A_IM/MAN_ALU/g454/Y                                             -       B->Y   R     XNOR2X1LVT        1  0.9     8    28    1025 
  BFU8_07/INPUT_DATA_7/DATA_A_IM/MAN_ALU/ALU_SUB_UNIT/CLA_BLOCK_GEN[0].CLA_4BIT_UNIT/g330/S -       B->S   F     ADDHX1LVT         4  1.4    10    31    1056 
  BFU8_07/INPUT_DATA_7/DATA_A_IM/MAN_ALU/ALU_SUB_UNIT/CLA_BLOCK_GEN[0].CLA_4BIT_UNIT/g327/Y -       AN->Y  F     NOR2BX1LVT        1  0.5     7    15    1072 
  BFU8_07/INPUT_DATA_7/DATA_A_IM/MAN_ALU/ALU_SUB_UNIT/CLA_BLOCK_GEN[0].CLA_4BIT_UNIT/g325/Y -       B->Y   R     NOR2X1LVT         1  0.6    11    10    1082 
  BFU8_07/INPUT_DATA_7/DATA_A_IM/MAN_ALU/ALU_SUB_UNIT/CLA_BLOCK_GEN[0].CLA_4BIT_UNIT/g322/Y -       A1->Y  F     OAI21X1LVT        1  0.5    14    12    1094 
  BFU8_07/INPUT_DATA_7/DATA_A_IM/MAN_ALU/ALU_SUB_UNIT/CLA_BLOCK_GEN[0].CLA_4BIT_UNIT/g320/Y -       A1->Y  R     AOI22X1LVT        1  0.6    21    19    1113 
  BFU8_07/INPUT_DATA_7/DATA_A_IM/MAN_ALU/ALU_SUB_UNIT/CLA_BLOCK_GEN[0].CLA_4BIT_UNIT/g319/Y -       B0->Y  F     OAI2BB1X1LVT      3  0.9    15    16    1128 
  BFU8_07/INPUT_DATA_7/DATA_A_IM/MAN_ALU/ALU_SUB_UNIT/g101/Y                                -       B0->Y  F     AO21XLLVT         2  0.9    10    24    1152 
  BFU8_07/INPUT_DATA_7/DATA_A_IM/MAN_ALU/ALU_SUB_UNIT/CLA_BLOCK_GEN[1].CLA_4BIT_UNIT/g463/Y -       A1N->Y F     OAI2BB1X1LVT      2  0.9    14    20    1172 
  BFU8_07/INPUT_DATA_7/DATA_A_IM/MAN_ALU/ALU_SUB_UNIT/CLA_BLOCK_GEN[1].CLA_4BIT_UNIT/g459/Y -       A1N->Y F     OAI2BB1X1LVT      2  1.1    16    21    1193 
  BFU8_07/INPUT_DATA_7/DATA_A_IM/MAN_ALU/ALU_SUB_UNIT/CLA_BLOCK_GEN[1].CLA_4BIT_UNIT/g457/Y -       A1->Y  R     AOI22X1LVT        2  1.3    28    23    1216 
  BFU8_07/INPUT_DATA_7/DATA_A_IM/MAN_ALU/ALU_SUB_UNIT/CLA_BLOCK_GEN[1].CLA_4BIT_UNIT/g455/Y -       A1->Y  F     OAI21X1LVT        3  0.9    17    18    1233 
  BFU8_07/INPUT_DATA_7/DATA_A_IM/MAN_ALU/ALU_SUB_UNIT/g119/Y                                -       AN->Y  F     NAND2BX1LVT       2  0.9    15    20    1254 
  BFU8_07/INPUT_DATA_7/DATA_A_IM/MAN_ALU/ALU_SUB_UNIT/CLA_BLOCK_GEN[2].CLA_4BIT_UNIT/g463/Y -       A1N->Y F     OAI2BB1X1LVT      2  0.9    14    20    1274 
  BFU8_07/INPUT_DATA_7/DATA_A_IM/MAN_ALU/ALU_SUB_UNIT/CLA_BLOCK_GEN[2].CLA_4BIT_UNIT/g459/Y -       A1N->Y F     OAI2BB1X1LVT      2  1.1    16    21    1295 
  BFU8_07/INPUT_DATA_7/DATA_A_IM/MAN_ALU/ALU_SUB_UNIT/CLA_BLOCK_GEN[2].CLA_4BIT_UNIT/g457/Y -       A1->Y  R     AOI22X1LVT        2  1.3    28    23    1318 
  BFU8_07/INPUT_DATA_7/DATA_A_IM/MAN_ALU/ALU_SUB_UNIT/CLA_BLOCK_GEN[2].CLA_4BIT_UNIT/g455/Y -       A1->Y  F     OAI21X1LVT        3  0.9    17    18    1335 
  BFU8_07/INPUT_DATA_7/DATA_A_IM/MAN_ALU/ALU_SUB_UNIT/g146/Y                                -       AN->Y  F     NAND2BX1LVT       2  0.9    15    20    1356 
  BFU8_07/INPUT_DATA_7/DATA_A_IM/MAN_ALU/ALU_SUB_UNIT/CLA_BLOCK_GEN[3].CLA_4BIT_UNIT/g463/Y -       A1N->Y F     OAI2BB1X1LVT      2  0.9    14    20    1376 
  BFU8_07/INPUT_DATA_7/DATA_A_IM/MAN_ALU/ALU_SUB_UNIT/CLA_BLOCK_GEN[3].CLA_4BIT_UNIT/g459/Y -       A1N->Y F     OAI2BB1X1LVT      2  1.1    16    21    1397 
  BFU8_07/INPUT_DATA_7/DATA_A_IM/MAN_ALU/ALU_SUB_UNIT/CLA_BLOCK_GEN[3].CLA_4BIT_UNIT/g457/Y -       A1->Y  R     AOI22X1LVT        2  1.3    28    23    1420 
  BFU8_07/INPUT_DATA_7/DATA_A_IM/MAN_ALU/ALU_SUB_UNIT/CLA_BLOCK_GEN[3].CLA_4BIT_UNIT/g455/Y -       A1->Y  F     OAI21X1LVT        3  1.1    19    18    1438 
  BFU8_07/INPUT_DATA_7/DATA_A_IM/MAN_ALU/ALU_SUB_UNIT/g181/Y                                -       AN->Y  F     NAND2BX1LVT       2  1.1    17    22    1460 
  BFU8_07/INPUT_DATA_7/DATA_A_IM/MAN_ALU/ALU_SUB_UNIT/CLA_BLOCK_GEN[4].CLA_4BIT_UNIT/g366/Y -       A1->Y  R     AOI22X1LVT        2  1.3    28    23    1483 
  BFU8_07/INPUT_DATA_7/DATA_A_IM/MAN_ALU/ALU_SUB_UNIT/CLA_BLOCK_GEN[4].CLA_4BIT_UNIT/g364/Y -       A1->Y  F     OAI21X1LVT        2  1.1    19    18    1502 
  BFU8_07/INPUT_DATA_7/DATA_A_IM/MAN_ALU/ALU_SUB_UNIT/CLA_BLOCK_GEN[4].CLA_4BIT_UNIT/g362/Y -       A1->Y  R     AOI22X1LVT        2  1.3    28    23    1525 
  BFU8_07/INPUT_DATA_7/DATA_A_IM/MAN_ALU/ALU_SUB_UNIT/CLA_BLOCK_GEN[4].CLA_4BIT_UNIT/g360/Y -       A1->Y  F     OAI21X1LVT        2  0.8    16    17    1542 
  BFU8_07/INPUT_DATA_7/DATA_A_IM/MAN_ALU/ALU_SUB_UNIT/g213/Y                                -       AN->Y  F     NAND2BX1LVT       2  0.9    14    20    1562 
  BFU8_07/INPUT_DATA_7/DATA_A_IM/MAN_ALU/ALU_SUB_UNIT/CLA_BLOCK_GEN[5].CLA_4BIT_UNIT/g511/Y -       A1N->Y F     OAI2BB1X1LVT      2  0.9    14    20    1582 
  BFU8_07/INPUT_DATA_7/DATA_A_IM/MAN_ALU/ALU_SUB_UNIT/CLA_BLOCK_GEN[5].CLA_4BIT_UNIT/g507/Y -       A1N->Y F     OAI2BB1X1LVT      2  1.1    16    21    1604 
  BFU8_07/INPUT_DATA_7/DATA_A_IM/MAN_ALU/ALU_SUB_UNIT/CLA_BLOCK_GEN[5].CLA_4BIT_UNIT/g505/Y -       A1->Y  R     AOI22X1LVT        2  1.3    28    23    1626 
  BFU8_07/INPUT_DATA_7/DATA_A_IM/MAN_ALU/ALU_SUB_UNIT/CLA_BLOCK_GEN[5].CLA_4BIT_UNIT/g504/Y -       B->Y   F     XOR2XLLVT         1  0.5     6    27    1654 
  BFU8_07/INPUT_DATA_7/DATA_A_IM/MAN_ALU/g1889/Y                                            -       A1->Y  R     AOI22X1LVT        1  0.6    28    17    1671 
  BFU8_07/INPUT_DATA_7/DATA_A_IM/MAN_ALU/g1858/Y                                            -       B0->Y  F     OAI2BB1X1LVT      8  3.6    40    31    1702 
  BFU8_07/INPUT_DATA_7/DATA_A_IM/LOPD_24BIT/LOPD_16bit_UNIT_MSB/LOPD_8bit_unit_1/g283/Y     -       B->Y   F     OR2XLLVT          3  1.4    14    26    1727 
  BFU8_07/INPUT_DATA_7/DATA_A_IM/LOPD_24BIT/LOPD_16bit_UNIT_MSB/LOPD_8bit_unit_1/g274/Y     -       C->Y   R     NOR3BX1LVT        2  0.8    23    17    1744 
  BFU8_07/INPUT_DATA_7/DATA_A_IM/LOPD_24BIT/LOPD_16bit_UNIT_MSB/g114/Y                      -       A->Y   F     INVX1LVT          4  1.4    12    12    1756 
  BFU8_07/INPUT_DATA_7/DATA_A_IM/LOPD_24BIT/LOPD_16bit_UNIT_MSB/g112/Y                      -       B->Y   R     NOR2X1LVT         4  1.2    18    15    1771 
  BFU8_07/INPUT_DATA_7/DATA_A_IM/LOPD_24BIT/LOPD_16bit_UNIT_MSB/g110/Y                      -       A1->Y  R     AO22XLLVT         1  0.5     8    27    1799 
  BFU8_07/INPUT_DATA_7/DATA_A_IM/LOPD_24BIT/g144/Y                                          -       A1->Y  F     AOI22X1LVT        1  0.5    21    16    1815 
  BFU8_07/INPUT_DATA_7/DATA_A_IM/LOPD_24BIT/g140/Y                                          -       B->Y   R     NAND2X1LVT        2  0.8    13    11    1826 
  BFU8_07/INPUT_DATA_7/DATA_A_IM/g611/Y                                                     -       A->Y   R     AND2X1LVT        27 16.1    93    68    1894 
  BFU8_07/INPUT_DATA_7/DATA_A_IM/NOR_UNIT/SHF_left_unit/g3033/Y                             -       A->Y   F     INVX1LVT         20 10.0    68    51    1944 
  BFU8_07/INPUT_DATA_7/DATA_A_IM/NOR_UNIT/SHF_left_unit/g2960/Y                             -       B0->Y  R     OAI22X1LVT        2  1.0    36    27    1972 
  BFU8_07/INPUT_DATA_7/DATA_A_IM/NOR_UNIT/SHF_left_unit/g2953/Y                             -       A->Y   F     INVX1LVT          1  0.3     9    12    1983 
  BFU8_07/INPUT_DATA_7/DATA_A_IM/NOR_UNIT/SHF_left_unit/g2940/Y                             -       A->Y   F     MX2XLLVT          3  1.3    13    29    2012 
  BFU8_07/INPUT_DATA_7/DATA_A_IM/NOR_UNIT/SHF_left_unit/g2932/Y                             -       B->Y   R     NOR2X1LVT         1  0.3    15    10    2022 
  BFU8_07/INPUT_DATA_7/DATA_A_IM/NOR_UNIT/g1437/Y                                           -       A1N->Y R     OAI2BB1X1LVT      1  0.9    15    22    2044 
  BFU8_07/INPUT_DATA_7/DATA_A_IM/MAN_RND/g656/CO                                            -       B->CO  R     ADDHX1LVT         1  0.9     8    21    2065 
  BFU8_07/INPUT_DATA_7/DATA_A_IM/MAN_RND/g655/CO                                            -       B->CO  R     ADDHX1LVT         1  0.9     8    20    2086 
  BFU8_07/INPUT_DATA_7/DATA_A_IM/MAN_RND/g654/CO                                            -       B->CO  R     ADDHX1LVT         1  0.9     8    20    2106 
  BFU8_07/INPUT_DATA_7/DATA_A_IM/MAN_RND/g653/CO                                            -       B->CO  R     ADDHX1LVT         1  0.9     8    20    2126 
  BFU8_07/INPUT_DATA_7/DATA_A_IM/MAN_RND/g652/CO                                            -       B->CO  R     ADDHX1LVT         1  0.9     8    20    2146 
  BFU8_07/INPUT_DATA_7/DATA_A_IM/MAN_RND/g651/CO                                            -       B->CO  R     ADDHX1LVT         1  0.9     8    20    2167 
  BFU8_07/INPUT_DATA_7/DATA_A_IM/MAN_RND/g650/CO                                            -       B->CO  R     ADDHX1LVT         1  0.9     8    20    2187 
  BFU8_07/INPUT_DATA_7/DATA_A_IM/MAN_RND/g649/CO                                            -       B->CO  R     ADDHX1LVT         1  0.9     8    20    2207 
  BFU8_07/INPUT_DATA_7/DATA_A_IM/MAN_RND/g648/CO                                            -       B->CO  R     ADDHX1LVT         1  0.9     8    20    2228 
  BFU8_07/INPUT_DATA_7/DATA_A_IM/MAN_RND/g647/CO                                            -       B->CO  R     ADDHX1LVT         1  0.9     8    20    2248 
  BFU8_07/INPUT_DATA_7/DATA_A_IM/MAN_RND/g646/CO                                            -       B->CO  R     ADDHX1LVT         1  0.9     8    20    2268 
  BFU8_07/INPUT_DATA_7/DATA_A_IM/MAN_RND/g645/CO                                            -       B->CO  R     ADDHX1LVT         1  0.9     8    20    2288 
  BFU8_07/INPUT_DATA_7/DATA_A_IM/MAN_RND/g644/CO                                            -       B->CO  R     ADDHX1LVT         1  0.9     8    20    2309 
  BFU8_07/INPUT_DATA_7/DATA_A_IM/MAN_RND/g643/CO                                            -       B->CO  R     ADDHX1LVT         1  0.9     8    20    2329 
  BFU8_07/INPUT_DATA_7/DATA_A_IM/MAN_RND/g642/CO                                            -       B->CO  R     ADDHX1LVT         1  0.9     8    20    2349 
  BFU8_07/INPUT_DATA_7/DATA_A_IM/MAN_RND/g641/CO                                            -       B->CO  R     ADDHX1LVT         1  0.9     8    20    2370 
  BFU8_07/INPUT_DATA_7/DATA_A_IM/MAN_RND/g640/CO                                            -       B->CO  R     ADDHX1LVT         1  0.9     8    20    2390 
  BFU8_07/INPUT_DATA_7/DATA_A_IM/MAN_RND/g639/CO                                            -       B->CO  R     ADDHX1LVT         1  0.9     8    20    2410 
  BFU8_07/INPUT_DATA_7/DATA_A_IM/MAN_RND/g638/CO                                            -       B->CO  R     ADDHX1LVT         1  0.9     8    20    2431 
  BFU8_07/INPUT_DATA_7/DATA_A_IM/MAN_RND/g637/CO                                            -       B->CO  R     ADDHX1LVT         1  0.9     8    20    2451 
  BFU8_07/INPUT_DATA_7/DATA_A_IM/MAN_RND/g636/CO                                            -       B->CO  R     ADDHX1LVT         1  0.9     8    20    2471 
  BFU8_07/INPUT_DATA_7/DATA_A_IM/MAN_RND/g635/CO                                            -       B->CO  R     ADDHX1LVT         2  1.0     8    21    2492 
  BFU8_07/INPUT_DATA_7/DATA_A_IM/MAN_RND/g634/Y                                             -       B->Y   F     XOR2XLLVT         1  0.5     6    26    2518 
  BFU8_07/INPUT_DATA_7/DATA_A_IM/g2991/Y                                                    -       B1->Y  R     AOI32X1LVT        1  0.3    24    14    2531 
  BFU8_07/INPUT_DATA_7/DATA_A_IM/g2962/Y                                                    -       B->Y   F     NAND2XLLVT        9 15.5   232   137    2668 
  BFU8_07/INPUT_DATA_7/mul1_sub/g1273/Y                                                     -       D->Y   R     NOR4X1LVT         1  0.3    44    73    2741 
  BFU8_07/INPUT_DATA_7/mul1_sub/g1270/Y                                                     -       D->Y   F     NAND4XLLVT        1  0.5    34    30    2771 
  BFU8_07/INPUT_DATA_7/mul1_sub/g1269/Y                                                     -       A->Y   R     NOR4X1LVT         1  0.3    25    30    2802 
  BFU8_07/INPUT_DATA_7/mul1_sub/g1268/Y                                                     -       D->Y   F     NAND4XLLVT        1  0.3    27    22    2824 
  BFU8_07/INPUT_DATA_7/mul1_sub/g1267/Y                                                     -       A->Y   F     AND2X1LVT        31  9.3    48    40    2864 
  BFU8_07/INPUT_DATA_7/mul1_sub/g1236/Y                                                     -       A0N->Y F     OAI2BB1X1LVT     14  5.2    54    46    2910 
  BFU8_07/BFU2_UNIT3/DATA_B_RE/EXP_COM_8BIT/COMP_LESS_UNIT/u_high/g345/Y                    -       A->Y   R     INVX1LVT          2  1.4    19    19    2929 
  BFU8_07/BFU2_UNIT3/DATA_B_RE/EXP_COM_8BIT/COMP_LESS_UNIT/u_high/g338/CO                   -       B->CO  R     ADDHX1LVT         1  0.6     6    21    2950 
  BFU8_07/BFU2_UNIT3/DATA_B_RE/EXP_COM_8BIT/COMP_LESS_UNIT/u_high/g336/Y                    -       A2->Y  F     OAI32X1LVT        1  0.5    28    16    2966 
  BFU8_07/BFU2_UNIT3/DATA_B_RE/EXP_COM_8BIT/COMP_LESS_UNIT/u_high/g335/Y                    -       A1->Y  R     AOI22X1LVT        2  0.9    30    23    2989 
  BFU8_07/BFU2_UNIT3/DATA_B_RE/EXP_COM_8BIT/COMP_LESS_UNIT/u_high/g334/Y                    -       A1N->Y R     OAI2BB1X1LVT      1  0.5    19    23    3011 
  BFU8_07/BFU2_UNIT3/DATA_B_RE/EXP_COM_8BIT/COMP_LESS_UNIT/u_high/g333/Y                    -       B0->Y  F     OAI21X1LVT        1  0.3    15    14    3026 
  BFU8_07/BFU2_UNIT3/DATA_B_RE/EXP_COM_8BIT/COMP_LESS_UNIT/g16/Y                            -       B0->Y  F     AO21X1LVT        60 35.7   179   120    3146 
  BFU8_07/BFU2_UNIT3/DATA_B_RE/EXP_SWAP/g228/Y                                              -       S0->Y  F     MX2XLLVT          4  1.4    15    44    3190 
  BFU8_07/BFU2_UNIT3/DATA_B_RE/EXP_SUB/CLA_8BIT_UNIT/CLA_4BIT_UNIT_0/g272/Y                 -       A->Y   R     XNOR2X1LVT       28 14.5    84    75    3265 
  BFU8_07/BFU2_UNIT3/DATA_B_RE/EXP_SUB/CLA_8BIT_UNIT/CLA_4BIT_UNIT_0/g271/Y                 -       B->Y   F     NAND2BX1LVT       2  1.1    28    31    3296 
  BFU8_07/BFU2_UNIT3/DATA_B_RE/EXP_SUB/CLA_8BIT_UNIT/CLA_4BIT_UNIT_0/g266/Y                 -       B->Y   R     XNOR2X1LVT       26 15.7    91    75    3371 
  BFU8_07/BFU2_UNIT3/DATA_B_RE/SHF_RIGHT_MAN/g3760/Y                                        -       A->Y   F     INVX2LVT         24 12.0    49    37    3408 
  BFU8_07/BFU2_UNIT3/DATA_B_RE/SHF_RIGHT_MAN/g3712/Y                                        -       B1->Y  R     OAI22X1LVT        2  1.2    41    26    3434 
  BFU8_07/BFU2_UNIT3/DATA_B_RE/SHF_RIGHT_MAN/g3680/Y                                        -       A0->Y  F     AOI22X1LVT        2  0.8    30    26    3459 
  BFU8_07/BFU2_UNIT3/DATA_B_RE/SHF_RIGHT_MAN/g3662/Y                                        -       A->Y   F     MX2XLLVT          1  0.5     7    27    3486 
  BFU8_07/BFU2_UNIT3/DATA_B_RE/SHF_RIGHT_MAN/g3642/Y                                        -       A0->Y  R     OAI22X1LVT        3  1.1    34    20    3507 
  BFU8_07/BFU2_UNIT3/DATA_B_RE/MAN_COMP_24BIT/u_i_data_1/g343/Y                             -       A->Y   F     INVX1LVT          2  1.3    13    14    3521 
  BFU8_07/BFU2_UNIT3/DATA_B_RE/MAN_COMP_24BIT/u_i_data_1/g336/CO                            -       B->CO  F     ADDHX1LVT         1  0.5     5    15    3536 
  BFU8_07/BFU2_UNIT3/DATA_B_RE/MAN_COMP_24BIT/u_i_data_1/g333/Y                             -       A2->Y  R     OAI32X1LVT        1  0.5    38    21    3557 
  BFU8_07/BFU2_UNIT3/DATA_B_RE/MAN_COMP_24BIT/u_i_data_1/g332/Y                             -       A1->Y  F     AOI22X1LVT        1  0.5    25    24    3581 
  BFU8_07/BFU2_UNIT3/DATA_B_RE/MAN_COMP_24BIT/u_i_data_1/g331/Y                             -       A1->Y  R     OAI22X1LVT        1  0.5    27    20    3601 
  BFU8_07/BFU2_UNIT3/DATA_B_RE/MAN_COMP_24BIT/g145/Y                                        -       B0->Y  F     AOI21X1LVT        1  0.5    17    11    3612 
  BFU8_07/BFU2_UNIT3/DATA_B_RE/MAN_COMP_24BIT/g144/Y                                        -       B->Y   R     NOR2BX1LVT        1  0.3    10    11    3623 
  BFU8_07/BFU2_UNIT3/DATA_B_RE/MAN_COMP_24BIT/g143/Y                                        -       A1->Y  R     OA21X1LVT         1  0.3     5    21    3643 
  BFU8_07/BFU2_UNIT3/DATA_B_RE/MAN_COMP_24BIT/g142/Y                                        -       A1->Y  R     OA21X1LVT         1  0.3     5    20    3664 
  BFU8_07/BFU2_UNIT3/DATA_B_RE/MAN_COMP_24BIT/g141/Y                                        -       A1->Y  R     OA21X1LVT         1  0.3     5    20    3684 
  BFU8_07/BFU2_UNIT3/DATA_B_RE/MAN_COMP_24BIT/g140/Y                                        -       B->Y   R     OR2X1LVT         49 33.1   188   113    3796 
  BFU8_07/BFU2_UNIT3/DATA_B_RE/MAN_SWAP/g794/Y                                              -       S0->Y  F     MX2XLLVT          3  1.2    13    41    3838 
  BFU8_07/BFU2_UNIT3/DATA_B_RE/MAN_ALU/g454/Y                                               -       B->Y   R     XNOR2X1LVT        1  0.9     8    28    3866 
  BFU8_07/BFU2_UNIT3/DATA_B_RE/MAN_ALU/ALU_SUB_UNIT/CLA_BLOCK_GEN[0].CLA_4BIT_UNIT/g330/S   -       B->S   F     ADDHX1LVT         4  1.4    10    31    3897 
  BFU8_07/BFU2_UNIT3/DATA_B_RE/MAN_ALU/ALU_SUB_UNIT/CLA_BLOCK_GEN[0].CLA_4BIT_UNIT/g327/Y   -       AN->Y  F     NOR2BX1LVT        1  0.5     7    15    3912 
  BFU8_07/BFU2_UNIT3/DATA_B_RE/MAN_ALU/ALU_SUB_UNIT/CLA_BLOCK_GEN[0].CLA_4BIT_UNIT/g325/Y   -       B->Y   R     NOR2X1LVT         1  0.6    11    10    3923 
  BFU8_07/BFU2_UNIT3/DATA_B_RE/MAN_ALU/ALU_SUB_UNIT/CLA_BLOCK_GEN[0].CLA_4BIT_UNIT/g322/Y   -       A1->Y  F     OAI21X1LVT        1  0.5    14    12    3935 
  BFU8_07/BFU2_UNIT3/DATA_B_RE/MAN_ALU/ALU_SUB_UNIT/CLA_BLOCK_GEN[0].CLA_4BIT_UNIT/g320/Y   -       A1->Y  R     AOI22X1LVT        1  0.6    21    19    3953 
  BFU8_07/BFU2_UNIT3/DATA_B_RE/MAN_ALU/ALU_SUB_UNIT/CLA_BLOCK_GEN[0].CLA_4BIT_UNIT/g319/Y   -       B0->Y  F     OAI2BB1X1LVT      3  0.9    15    16    3969 
  BFU8_07/BFU2_UNIT3/DATA_B_RE/MAN_ALU/ALU_SUB_UNIT/g101/Y                                  -       B0->Y  F     AO21XLLVT         2  0.9    10    24    3993 
  BFU8_07/BFU2_UNIT3/DATA_B_RE/MAN_ALU/ALU_SUB_UNIT/CLA_BLOCK_GEN[1].CLA_4BIT_UNIT/g463/Y   -       A1N->Y F     OAI2BB1X1LVT      2  0.9    14    20    4013 
  BFU8_07/BFU2_UNIT3/DATA_B_RE/MAN_ALU/ALU_SUB_UNIT/CLA_BLOCK_GEN[1].CLA_4BIT_UNIT/g459/Y   -       A1N->Y F     OAI2BB1X1LVT      2  1.1    16    21    4034 
  BFU8_07/BFU2_UNIT3/DATA_B_RE/MAN_ALU/ALU_SUB_UNIT/CLA_BLOCK_GEN[1].CLA_4BIT_UNIT/g457/Y   -       A1->Y  R     AOI22X1LVT        2  1.3    28    23    4056 
  BFU8_07/BFU2_UNIT3/DATA_B_RE/MAN_ALU/ALU_SUB_UNIT/CLA_BLOCK_GEN[1].CLA_4BIT_UNIT/g455/Y   -       A1->Y  F     OAI21X1LVT        3  0.9    17    18    4074 
  BFU8_07/BFU2_UNIT3/DATA_B_RE/MAN_ALU/ALU_SUB_UNIT/g119/Y                                  -       AN->Y  F     NAND2BX1LVT       2  0.9    15    20    4094 
  BFU8_07/BFU2_UNIT3/DATA_B_RE/MAN_ALU/ALU_SUB_UNIT/CLA_BLOCK_GEN[2].CLA_4BIT_UNIT/g463/Y   -       A1N->Y F     OAI2BB1X1LVT      2  0.9    14    20    4115 
  BFU8_07/BFU2_UNIT3/DATA_B_RE/MAN_ALU/ALU_SUB_UNIT/CLA_BLOCK_GEN[2].CLA_4BIT_UNIT/g459/Y   -       A1N->Y F     OAI2BB1X1LVT      2  1.1    16    21    4136 
  BFU8_07/BFU2_UNIT3/DATA_B_RE/MAN_ALU/ALU_SUB_UNIT/CLA_BLOCK_GEN[2].CLA_4BIT_UNIT/g457/Y   -       A1->Y  R     AOI22X1LVT        2  1.3    28    23    4159 
  BFU8_07/BFU2_UNIT3/DATA_B_RE/MAN_ALU/ALU_SUB_UNIT/CLA_BLOCK_GEN[2].CLA_4BIT_UNIT/g455/Y   -       A1->Y  F     OAI21X1LVT        3  0.9    17    18    4176 
  BFU8_07/BFU2_UNIT3/DATA_B_RE/MAN_ALU/ALU_SUB_UNIT/g146/Y                                  -       AN->Y  F     NAND2BX1LVT       2  0.9    15    20    4197 
  BFU8_07/BFU2_UNIT3/DATA_B_RE/MAN_ALU/ALU_SUB_UNIT/CLA_BLOCK_GEN[3].CLA_4BIT_UNIT/g463/Y   -       A1N->Y F     OAI2BB1X1LVT      2  0.9    14    20    4217 
  BFU8_07/BFU2_UNIT3/DATA_B_RE/MAN_ALU/ALU_SUB_UNIT/CLA_BLOCK_GEN[3].CLA_4BIT_UNIT/g459/Y   -       A1N->Y F     OAI2BB1X1LVT      2  1.1    16    21    4238 
  BFU8_07/BFU2_UNIT3/DATA_B_RE/MAN_ALU/ALU_SUB_UNIT/CLA_BLOCK_GEN[3].CLA_4BIT_UNIT/g457/Y   -       A1->Y  R     AOI22X1LVT        2  1.3    28    23    4261 
  BFU8_07/BFU2_UNIT3/DATA_B_RE/MAN_ALU/ALU_SUB_UNIT/CLA_BLOCK_GEN[3].CLA_4BIT_UNIT/g455/Y   -       A1->Y  F     OAI21X1LVT        3  1.1    19    18    4279 
  BFU8_07/BFU2_UNIT3/DATA_B_RE/MAN_ALU/ALU_SUB_UNIT/g181/Y                                  -       AN->Y  F     NAND2BX1LVT       2  1.1    17    22    4301 
  BFU8_07/BFU2_UNIT3/DATA_B_RE/MAN_ALU/ALU_SUB_UNIT/CLA_BLOCK_GEN[4].CLA_4BIT_UNIT/g366/Y   -       A1->Y  R     AOI22X1LVT        2  1.3    28    23    4324 
  BFU8_07/BFU2_UNIT3/DATA_B_RE/MAN_ALU/ALU_SUB_UNIT/CLA_BLOCK_GEN[4].CLA_4BIT_UNIT/g364/Y   -       A1->Y  F     OAI21X1LVT        2  1.1    19    18    4342 
  BFU8_07/BFU2_UNIT3/DATA_B_RE/MAN_ALU/ALU_SUB_UNIT/CLA_BLOCK_GEN[4].CLA_4BIT_UNIT/g362/Y   -       A1->Y  R     AOI22X1LVT        2  1.3    28    23    4366 
  BFU8_07/BFU2_UNIT3/DATA_B_RE/MAN_ALU/ALU_SUB_UNIT/CLA_BLOCK_GEN[4].CLA_4BIT_UNIT/g360/Y   -       A1->Y  F     OAI21X1LVT        2  0.8    16    17    4383 
  BFU8_07/BFU2_UNIT3/DATA_B_RE/MAN_ALU/ALU_SUB_UNIT/g213/Y                                  -       AN->Y  F     NAND2BX1LVT       2  0.9    14    20    4403 
  BFU8_07/BFU2_UNIT3/DATA_B_RE/MAN_ALU/ALU_SUB_UNIT/CLA_BLOCK_GEN[5].CLA_4BIT_UNIT/g511/Y   -       A1N->Y F     OAI2BB1X1LVT      2  0.9    14    20    4423 
  BFU8_07/BFU2_UNIT3/DATA_B_RE/MAN_ALU/ALU_SUB_UNIT/CLA_BLOCK_GEN[5].CLA_4BIT_UNIT/g507/Y   -       A1N->Y F     OAI2BB1X1LVT      2  1.1    16    21    4444 
  BFU8_07/BFU2_UNIT3/DATA_B_RE/MAN_ALU/ALU_SUB_UNIT/CLA_BLOCK_GEN[5].CLA_4BIT_UNIT/g505/Y   -       A1->Y  R     AOI22X1LVT        2  1.3    28    23    4467 
  BFU8_07/BFU2_UNIT3/DATA_B_RE/MAN_ALU/ALU_SUB_UNIT/CLA_BLOCK_GEN[5].CLA_4BIT_UNIT/g504/Y   -       B->Y   F     XOR2XLLVT         1  0.5     6    27    4494 
  BFU8_07/BFU2_UNIT3/DATA_B_RE/MAN_ALU/g1889/Y                                              -       A1->Y  R     AOI22X1LVT        1  0.6    28    17    4512 
  BFU8_07/BFU2_UNIT3/DATA_B_RE/MAN_ALU/g1858/Y                                              -       B0->Y  F     OAI2BB1X1LVT      8  3.6    40    31    4542 
  BFU8_07/BFU2_UNIT3/DATA_B_RE/LOPD_24BIT/LOPD_16bit_UNIT_MSB/LOPD_8bit_unit_1/g283/Y       -       B->Y   F     OR2XLLVT          3  1.4    14    26    4568 
  BFU8_07/BFU2_UNIT3/DATA_B_RE/LOPD_24BIT/LOPD_16bit_UNIT_MSB/LOPD_8bit_unit_1/g274/Y       -       C->Y   R     NOR3BX1LVT        2  0.8    23    17    4585 
  BFU8_07/BFU2_UNIT3/DATA_B_RE/LOPD_24BIT/LOPD_16bit_UNIT_MSB/g114/Y                        -       A->Y   F     INVX1LVT          4  1.4    12    12    4597 
  BFU8_07/BFU2_UNIT3/DATA_B_RE/LOPD_24BIT/LOPD_16bit_UNIT_MSB/g112/Y                        -       B->Y   R     NOR2X1LVT         4  1.2    18    15    4612 
  BFU8_07/BFU2_UNIT3/DATA_B_RE/LOPD_24BIT/LOPD_16bit_UNIT_MSB/g110/Y                        -       A1->Y  R     AO22XLLVT         1  0.5     8    27    4639 
  BFU8_07/BFU2_UNIT3/DATA_B_RE/LOPD_24BIT/g144/Y                                            -       A1->Y  F     AOI22X1LVT        1  0.5    21    16    4656 
  BFU8_07/BFU2_UNIT3/DATA_B_RE/LOPD_24BIT/g140/Y                                            -       B->Y   R     NAND2X1LVT        2  0.8    13    11    4667 
  BFU8_07/BFU2_UNIT3/DATA_B_RE/g611/Y                                                       -       A->Y   R     AND2X1LVT        27 16.1    93    68    4734 
  BFU8_07/BFU2_UNIT3/DATA_B_RE/NOR_UNIT/SHF_left_unit/g3033/Y                               -       A->Y   F     INVX1LVT         20 10.0    68    51    4785 
  BFU8_07/BFU2_UNIT3/DATA_B_RE/NOR_UNIT/SHF_left_unit/g2960/Y                               -       B0->Y  R     OAI22X1LVT        2  1.0    36    27    4812 
  BFU8_07/BFU2_UNIT3/DATA_B_RE/NOR_UNIT/SHF_left_unit/g2953/Y                               -       A->Y   F     INVX1LVT          1  0.3     9    12    4824 
  BFU8_07/BFU2_UNIT3/DATA_B_RE/NOR_UNIT/SHF_left_unit/g2940/Y                               -       A->Y   F     MX2XLLVT          3  1.3    13    29    4853 
  BFU8_07/BFU2_UNIT3/DATA_B_RE/NOR_UNIT/SHF_left_unit/g2932/Y                               -       B->Y   R     NOR2X1LVT         1  0.3    15    10    4863 
  BFU8_07/BFU2_UNIT3/DATA_B_RE/NOR_UNIT/g1437/Y                                             -       A1N->Y R     OAI2BB1X1LVT      1  0.9    15    22    4885 
  BFU8_07/BFU2_UNIT3/DATA_B_RE/MAN_RND/g656/CO                                              -       B->CO  R     ADDHX1LVT         1  0.9     8    21    4906 
  BFU8_07/BFU2_UNIT3/DATA_B_RE/MAN_RND/g655/CO                                              -       B->CO  R     ADDHX1LVT         1  0.9     8    20    4926 
  BFU8_07/BFU2_UNIT3/DATA_B_RE/MAN_RND/g654/CO                                              -       B->CO  R     ADDHX1LVT         1  0.9     8    20    4947 
  BFU8_07/BFU2_UNIT3/DATA_B_RE/MAN_RND/g653/CO                                              -       B->CO  R     ADDHX1LVT         1  0.9     8    20    4967 
  BFU8_07/BFU2_UNIT3/DATA_B_RE/MAN_RND/g652/CO                                              -       B->CO  R     ADDHX1LVT         1  0.9     8    20    4987 
  BFU8_07/BFU2_UNIT3/DATA_B_RE/MAN_RND/g651/CO                                              -       B->CO  R     ADDHX1LVT         1  0.9     8    20    5008 
  BFU8_07/BFU2_UNIT3/DATA_B_RE/MAN_RND/g650/CO                                              -       B->CO  R     ADDHX1LVT         1  0.9     8    20    5028 
  BFU8_07/BFU2_UNIT3/DATA_B_RE/MAN_RND/g649/CO                                              -       B->CO  R     ADDHX1LVT         1  0.9     8    20    5048 
  BFU8_07/BFU2_UNIT3/DATA_B_RE/MAN_RND/g648/CO                                              -       B->CO  R     ADDHX1LVT         1  0.9     8    20    5068 
  BFU8_07/BFU2_UNIT3/DATA_B_RE/MAN_RND/g647/CO                                              -       B->CO  R     ADDHX1LVT         1  0.9     8    20    5089 
  BFU8_07/BFU2_UNIT3/DATA_B_RE/MAN_RND/g646/CO                                              -       B->CO  R     ADDHX1LVT         1  0.9     8    20    5109 
  BFU8_07/BFU2_UNIT3/DATA_B_RE/MAN_RND/g645/CO                                              -       B->CO  R     ADDHX1LVT         1  0.9     8    20    5129 
  BFU8_07/BFU2_UNIT3/DATA_B_RE/MAN_RND/g644/CO                                              -       B->CO  R     ADDHX1LVT         1  0.9     8    20    5150 
  BFU8_07/BFU2_UNIT3/DATA_B_RE/MAN_RND/g643/CO                                              -       B->CO  R     ADDHX1LVT         1  0.9     8    20    5170 
  BFU8_07/BFU2_UNIT3/DATA_B_RE/MAN_RND/g642/CO                                              -       B->CO  R     ADDHX1LVT         1  0.9     8    20    5190 
  BFU8_07/BFU2_UNIT3/DATA_B_RE/MAN_RND/g641/CO                                              -       B->CO  R     ADDHX1LVT         1  0.9     8    20    5210 
  BFU8_07/BFU2_UNIT3/DATA_B_RE/MAN_RND/g640/CO                                              -       B->CO  R     ADDHX1LVT         1  0.9     8    20    5231 
  BFU8_07/BFU2_UNIT3/DATA_B_RE/MAN_RND/g639/CO                                              -       B->CO  R     ADDHX1LVT         1  0.9     8    20    5251 
  BFU8_07/BFU2_UNIT3/DATA_B_RE/MAN_RND/g638/CO                                              -       B->CO  R     ADDHX1LVT         1  0.9     8    20    5271 
  BFU8_07/BFU2_UNIT3/DATA_B_RE/MAN_RND/g637/CO                                              -       B->CO  R     ADDHX1LVT         1  0.9     8    20    5292 
  BFU8_07/BFU2_UNIT3/DATA_B_RE/MAN_RND/g636/CO                                              -       B->CO  R     ADDHX1LVT         1  0.9     8    20    5312 
  BFU8_07/BFU2_UNIT3/DATA_B_RE/MAN_RND/g635/CO                                              -       B->CO  R     ADDHX1LVT         2  1.0     8    21    5333 
  BFU8_07/BFU2_UNIT3/DATA_B_RE/MAN_RND/g633/Y                                               -       C->Y   R     AND3XLLVT         2  1.2    14    28    5360 
  BFU8_07/BFU2_UNIT3/DATA_B_RE/EXP_RND/g187/Y                                               -       B->Y   F     NAND2X1LVT        2  0.9    14    13    5373 
  BFU8_07/BFU2_UNIT3/DATA_B_RE/EXP_RND/g185/Y                                               -       AN->Y  F     NAND2BX1LVT       2  0.9    13    20    5394 
  BFU8_07/BFU2_UNIT3/DATA_B_RE/EXP_RND/g183/Y                                               -       AN->Y  F     NAND2BX1LVT       2  0.9    13    20    5414 
  BFU8_07/BFU2_UNIT3/DATA_B_RE/EXP_RND/g181/Y                                               -       AN->Y  F     NAND2BX1LVT       2  0.9    13    20    5434 
  BFU8_07/BFU2_UNIT3/DATA_B_RE/EXP_RND/g179/Y                                               -       AN->Y  F     NAND2BX1LVT       2  0.9    14    20    5454 
  BFU8_07/BFU2_UNIT3/DATA_B_RE/EXP_RND/g177/Y                                               -       AN->Y  F     NAND2BX1LVT       2  0.9    13    20    5474 
  BFU8_07/BFU2_UNIT3/DATA_B_RE/EXP_RND/g175/Y                                               -       AN->Y  F     NAND2BX1LVT       1  0.6    10    19    5493 
  BFU8_07/BFU2_UNIT3/DATA_B_RE/EXP_RND/g173/Y                                               -       B->Y   F     XNOR2X1LVT        1  0.5     6    24    5516 
  BFU8_07/BFU2_UNIT3/DATA_B_RE/g2967/Y                                                      -       B1->Y  R     AOI222X1LVT       1  0.5    42    28    5545 
  BFU8_07/BFU2_UNIT3/DATA_B_RE/g2954/Y                                                      -       B->Y   F     NAND2X1LVT        1  0.5    15    18    5563 
  X7_real_reg[30]/SI                                                                        <<<     -      F     SDFFRHQX4LVT      1    -     -     0    5563 
#-------------------------------------------------------------------------------------------------------------------------------------------------------------

