============================================================
  Generated by:           Genus(TM) Synthesis Solution GENUS15.20 - 15.20-p004_1
  Generated on:           Jan 04 2026  08:06:54 am
  Module:                 FFT_8Points
  Wireload mode:          enclosed
  Area mode:              timing library
============================================================

Timing
--------

Clock   Period  
----------------
i_clk 1000000.0 


  Cost    Critical       Violating 
 Group   Path Slack TNS    Paths   
-----------------------------------
default    No paths   0            
i_clk      994414.8   0          0 
-----------------------------------
Total                 0          0 

Instance Count
--------------
Leaf Instance Count             66473 
Sequential Instance Count        2055 
Combinational Instance Count    64418 
Hierarchical Instance Count      2654 

Area
----
Cell Area                          152453.340
Physical Cell Area                 0.000
Total Cell Area (Cell+Physical)    152453.340
Net Area                           0.000
Total Area (Cell+Physical+Net)     152453.340

Max Fanout                         2055 (i_rst_n)
Min Fanout                         0 (BFU2_S1_04/DATA_A_IM/EXP_ADJUST/CLA_8BIT_UNIT/w_G_22)
Average Fanout                     1.3
Terms to net ratio                 1.8
Terms to instance ratio            4.0
Runtime                            570.577 seconds
Elapsed Runtime                    591 seconds
RC peak memory usage:              1077.84 
EDI peak memory usage:             no_value 
Hostname                           centos7
