# vsim -lib ./../FFT8_POINT/QuestaSim/work -debugDB -l ./../FFT8_POINT/QuestaSim/tb_FFT_8Points.log -voptargs="+acc" -assertdebug -c tb_FFT_8Points -wlf ./../FFT8_POINT/QuestaSim/tb_FFT_8Points.wlf -do "cd ./../FFT8_POINT/QuestaSim; log -r /*; run -all;" 
# Start time: 15:14:01 on Jan 04,2026
# ** Note: (vsim-3813) Design is being optimized due to module recompilation...
# ** Note: (vsim-8611) Generating debug db.
# ** Warning: (vopt-10908) Some optimizations are turned off because the +acc switch is in effect.
# ** Note: (vsim-12126) Error and warning message counts have been restored: Errors=0, Warnings=1.
# //  Questa Intel Starter FPGA Edition-64
# //  Version 2024.3 linux_x86_64 Sep 10 2024
# //
# // Unpublished work. Copyright 2024 Siemens
# //
# // This material contains trade secrets or otherwise confidential information
# // owned by Siemens Industry Software Inc. or its affiliates (collectively,
# // "SISW"), or its licensors. Access to and use of this information is strictly
# // limited as set forth in the Customer's applicable agreements with SISW.
# //
# // This material may not be copied, distributed, or otherwise disclosed outside
# // of the Customer's facilities without the express written permission of SISW,
# // and may not be used in any way not expressly authorized by SISW.
# //
# Loading sv_std.std
# Loading work.tb_FFT_8Points(fast)
# Loading work.FFT_8Points(fast)
# Loading work.Detect_edge(fast)
# Loading work.Butterfly_Unit(fast)
# Loading work.fpu_mul(fast)
# Loading work.MUL_EXP_unit(fast)
# Loading work.MUL_MAN_mul(fast)
# Loading work.MUL_LOPD_24bit(fast)
# Loading work.MUL_LOPD_16bit(fast)
# Loading work.MUL_LOPD_8bit(fast)
# Loading work.MUL_NOR_unit(fast)
# Loading work.MUL_SHF_left(fast)
# Loading work.MUL_MAN_rounding(fast)
# Loading work.MUL_EXP_adjust(fast)
# Loading work.MUL_CLA_8bit(fast)
# Loading work.MUL_CLA_4bit(fast)
# Loading work.MUL_EXP_rounding(fast)
# Loading work.MUL_PSC_unit(fast)
# Loading work.FPU_add_sub(fast)
# Loading work.ADD_SUB_EXP_comp(fast)
# Loading work.ADD_SUB_COMP_8bit(fast)
# Loading work.ADD_SUB_COMP_4bit(fast)
# Loading work.ADD_SUB_EXP_swap(fast)
# Loading work.ADD_SUB_EXP_sub(fast)
# Loading work.ADD_SUB_CLA_8bit(fast)
# Loading work.ADD_SUB_CLA_4bit(fast)
# Loading work.ADD_SUB_MAN_swap(fast)
# Loading work.ADD_SUB_SHF_right(fast)
# Loading work.ADD_SUB_COMP_24bit(fast)
# Loading work.ADD_SUB_SIGN_unit(fast)
# Loading work.ADD_SUB_PSC_unit(fast)
# Loading work.ADD_SUB_CLS_4bit(fast)
# Loading work.ADD_SUB_MAN_ALU(fast)
# Loading work.ADD_SUB_CLA_24bit(fast)
# Loading work.ADD_SUB_LOPD_24bit(fast)
# Loading work.ADD_SUB_LOPD_16bit(fast)
# Loading work.ADD_SUB_LOPD_8bit(fast)
# Loading work.ADD_SUB_EXP_adjust(fast)
# Loading work.ADD_SUB_NOR_unit(fast)
# Loading work.ADD_SUB_SHF_left(fast)
# Loading work.ADD_SUB_MAN_rounding(fast)
# Loading work.ADD_SUB_EXP_rounding(fast)
# ** Note: (vsim-8900) Creating design debug database ./../FFT8_POINT/QuestaSim/tb_FFT_8Points.dbg.
# cd ./../FFT8_POINT/QuestaSim
# Cannot change directory while a simulation is in progress.
# Use the "quit -sim" command to unload the design first.
#  log -r /*
#  run -all
# ALL FFT TESTS PASSED (4 vectors)
# ** Note: $finish    : ./../../03_verif/FFT8_POINT/tb_FFT_8Points.sv(160)
#    Time: 306 ns  Iteration: 0  Instance: /tb_FFT_8Points
# End time: 15:14:03 on Jan 04,2026, Elapsed time: 0:00:02
# Errors: 0, Warnings: 1
