============================================================
  Generated by:           Genus(TM) Synthesis Solution GENUS15.20 - 15.20-p004_1
  Generated on:           Jan 04 2026  05:31:13 am
  Module:                 FFT_8Points
  Wireload mode:          enclosed
  Area mode:              timing library
============================================================

Timing
--------

Clock   Period  
----------------
i_clk 1000000.0 


  Cost    Critical       Violating 
 Group   Path Slack TNS    Paths   
-----------------------------------
default    No paths   0            
i_clk      955579.6   0          0 
-----------------------------------
Total                 0          0 

Instance Count
--------------
Leaf Instance Count             124968 
Sequential Instance Count         2055 
Combinational Instance Count    122913 
Hierarchical Instance Count       5637 

Area
----
Cell Area                          343337.562
Physical Cell Area                 0.000
Total Cell Area (Cell+Physical)    343337.562
Net Area                           0.000
Total Area (Cell+Physical+Net)     343337.562

Max Fanout                         2055 (i_rst_n)
Min Fanout                         0 (n_535)
Average Fanout                     2.3
Terms to net ratio                 3.3
Terms to instance ratio            3.8
Runtime                            1680.233 seconds
Elapsed Runtime                    1641 seconds
RC peak memory usage:              3767.14 
EDI peak memory usage:             no_value 
Hostname                           centos7
