============================================================
  Generated by:           Genus(TM) Synthesis Solution GENUS15.20 - 15.20-p004_1
  Generated on:           Jan 04 2026  05:31:13 am
  Module:                 FFT_8Points
  Wireload mode:          enclosed
  Area mode:              timing library
============================================================

                                    
    Gate      Instances     Area        Library    
---------------------------------------------------
ACHCONX2HVT           1      12.654    slow_vdd1v0 
ADDFX1HVT          7084   36340.920    slow_vdd1v0 
ADDFX2HVT           100     786.600    slow_vdd1v0 
ADDHX1HVT          8988   33812.856    slow_vdd1v0 
AND2X1HVT          2182    2984.976    slow_vdd1v0 
AND2X2HVT           368     629.280    slow_vdd1v0 
AND2XLHVT           240     328.320    slow_vdd1v0 
AND3XLHVT           136     279.072    slow_vdd1v0 
AND4XLHVT           484    1158.696    slow_vdd1v0 
AO21X1HVT           524    1254.456    slow_vdd1v0 
AO21X4HVT           144     492.480    slow_vdd1v0 
AO21XLHVT           228     545.832    slow_vdd1v0 
AO22X1HVT           696    1904.256    slow_vdd1v0 
AO22XLHVT           344     941.184    slow_vdd1v0 
AOI21X1HVT          952    1627.920    slow_vdd1v0 
AOI21XLHVT          792    1354.320    slow_vdd1v0 
AOI221X1HVT        1090    2609.460    slow_vdd1v0 
AOI222X1HVT         518    1594.404    slow_vdd1v0 
AOI22X1HVT        10497   21539.844    slow_vdd1v0 
AOI22XLHVT         2732    5606.064    slow_vdd1v0 
AOI2BB1X1HVT        684    1403.568    slow_vdd1v0 
AOI2BB1XLHVT        288     590.976    slow_vdd1v0 
AOI2BB2X1HVT         46     157.320    slow_vdd1v0 
AOI31X1HVT          156     320.112    slow_vdd1v0 
AOI32X1HVT          268     641.592    slow_vdd1v0 
BUFX20HVT          9284   76203.072    slow_vdd1v0 
BUFX2HVT            104     177.840    slow_vdd1v0 
BUFX3HVT             10      20.520    slow_vdd1v0 
CLKBUFX20HVT        513    4210.704    slow_vdd1v0 
CLKINVX16HVT          8      43.776    slow_vdd1v0 
CLKINVX1HVT         184     188.784    slow_vdd1v0 
CLKINVX2HVT         368     503.424    slow_vdd1v0 
CLKINVX4HVT           2       3.420    slow_vdd1v0 
CLKXOR2X1HVT       1588    4344.768    slow_vdd1v0 
CLKXOR2X2HVT         52     177.840    slow_vdd1v0 
DFFRHQX1HVT         946    5823.576    slow_vdd1v0 
DFFRHQX4HVT          93     890.568    slow_vdd1v0 
INVX1HVT           8041    5500.044    slow_vdd1v0 
INVX2HVT            472     484.272    slow_vdd1v0 
INVXLHVT            765     523.260    slow_vdd1v0 
MX2X1HVT           3832    9173.808    slow_vdd1v0 
MX2XLHVT           3568    8541.792    slow_vdd1v0 
MXI2XLHVT          1030    2465.820    slow_vdd1v0 
NAND2BX1HVT        3592    4913.856    slow_vdd1v0 
NAND2BX2HVT          12      28.728    slow_vdd1v0 
NAND2BXLHVT          38      51.984    slow_vdd1v0 
NAND2X1HVT         3912    4013.712    slow_vdd1v0 
NAND2X2HVT          410     701.100    slow_vdd1v0 
NAND2X4HVT           20      62.928    slow_vdd1v0 
NAND2XLHVT          906     929.556    slow_vdd1v0 
NAND3BX1HVT         170     348.840    slow_vdd1v0 
NAND3BXLHVT         662    1132.020    slow_vdd1v0 
NAND3X1HVT           72     123.120    slow_vdd1v0 
NAND4BBX1HVT         10      34.200    slow_vdd1v0 
NAND4BX1HVT          10      23.940    slow_vdd1v0 
NAND4X1HVT          484     993.168    slow_vdd1v0 
NAND4X2HVT           10      37.620    slow_vdd1v0 
NAND4XLHVT          106     181.260    slow_vdd1v0 
NOR2BX1HVT         3205    4384.440    slow_vdd1v0 
NOR2BX2HVT            4      10.944    slow_vdd1v0 
NOR2X1HVT          3616    3710.016    slow_vdd1v0 
NOR2X2HVT           298     509.580    slow_vdd1v0 
NOR2XLHVT           938     962.388    slow_vdd1v0 
NOR3BX1HVT          252     517.104    slow_vdd1v0 
NOR3BXLHVT           94     192.888    slow_vdd1v0 
NOR3X1HVT            72     123.120    slow_vdd1v0 
NOR3XLHVT            48      82.080    slow_vdd1v0 
NOR4BBX1HVT         264     722.304    slow_vdd1v0 
NOR4BX1HVT          268     641.592    slow_vdd1v0 
NOR4X1HVT          1422    2431.620    slow_vdd1v0 
NOR4XLHVT             4       8.208    slow_vdd1v0 
OA21X1HVT           620    1272.240    slow_vdd1v0 
OA22X1HVT           742    1776.348    slow_vdd1v0 
OAI211X1HVT         602    1029.420    slow_vdd1v0 
OAI21X1HVT         1996    3413.160    slow_vdd1v0 
OAI21XLHVT         1092    1867.320    slow_vdd1v0 
OAI221X1HVT        1404    3361.176    slow_vdd1v0 
OAI222X1HVT         288     787.968    slow_vdd1v0 
OAI222XLHVT         140     383.040    slow_vdd1v0 
OAI22X1HVT         4192    8601.984    slow_vdd1v0 
OAI22XLHVT          640    1313.280    slow_vdd1v0 
OAI2BB1X1HVT       7288   12462.480    slow_vdd1v0 
OAI31X1HVT           20      41.040    slow_vdd1v0 
OAI32X1HVT          513    1228.122    slow_vdd1v0 
OAI32XLHVT            1       3.078    slow_vdd1v0 
OAI33X1HVT           46     125.856    slow_vdd1v0 
OR2X1HVT           1396    1909.728    slow_vdd1v0 
OR2XLHVT           1063    1454.184    slow_vdd1v0 
OR3X1HVT             30      61.560    slow_vdd1v0 
OR3XLHVT             30      61.560    slow_vdd1v0 
OR4X1HVT           2766    5675.832    slow_vdd1v0 
SDFFRHQX1HVT        504    4136.832    slow_vdd1v0 
SDFFRHQX8HVT        512    6829.056    slow_vdd1v0 
XNOR2X1HVT         5454   13056.876    slow_vdd1v0 
XNOR2X2HVT          144     443.232    slow_vdd1v0 
XOR2XLHVT          2184    5975.424    slow_vdd1v0 
---------------------------------------------------
total            124968  343337.562                


                                       
   Type    Instances    Area    Area % 
---------------------------------------
sequential      2055  17680.032    5.1 
inverter        9840   7246.980    2.1 
buffer          9911  80612.136   23.5 
logic         103162 237798.414   69.3 
---------------------------------------
total         124968 343337.562  100.0 

