============================================================
  Generated by:           Genus(TM) Synthesis Solution GENUS15.20 - 15.20-p004_1
  Generated on:           Jan 04 2026  05:31:07 am
  Module:                 FFT_8Points
  Wireload mode:          enclosed
  Area mode:              timing library
============================================================


Path 1: MET (955580 ps) Setup Check with Pin X5_real_reg[30]/CK->SI
          Group: i_clk
     Startpoint: (R) s3_S2_5_imag_reg[23]/CK
          Clock: (R) i_clk
       Endpoint: (R) X5_real_reg[30]/SI
          Clock: (R) i_clk

                      Capture       Launch     
        Clock Edge:+  1000000            0     
       Src Latency:+        0            0     
       Net Latency:+        0 (I)        0 (I) 
           Arrival:=  1000000            0     
                                               
             Setup:-      384                  
     Required Time:=   999616                  
      Launch Clock:-        0                  
         Data Path:-    44036                  
             Slack:=   955580                  

#-------------------------------------------------------------------------------------------------------------------------------------------
#                              Timing Point                               Flags    Arc   Edge     Cell      Fanout Load Trans Delay Arrival 
#                                                                                                                  (fF)  (ps)  (ps)   (ps)  
#-------------------------------------------------------------------------------------------------------------------------------------------
  s3_S2_5_imag_reg[23]/CK                                                 -       -      R     (arrival)      2055    -     0     -       0 
  s3_S2_5_imag_reg[23]/Q                                                  -       CK->Q  F     DFFRHQX1HVT      10  3.0   154   372     372 
  BFLY3_1/mul1/MUL_EXP_UNIT/g573/Y                                        -       A->Y   R     NOR2X1HVT         3  0.8    91   160     532 
  BFLY3_1/mul1/MUL_EXP_UNIT/g570/Y                                        -       B->Y   F     NAND2BX1HVT       3  0.9   152   157     689 
  BFLY3_1/mul1/MUL_EXP_UNIT/g569/Y                                        -       B->Y   R     NOR2X1HVT         3  0.8    93   147     836 
  BFLY3_1/mul1/MUL_EXP_UNIT/g567/Y                                        -       B->Y   F     NAND2BX1HVT       3  0.9   152   158     994 
  BFLY3_1/mul1/MUL_EXP_UNIT/g565/Y                                        -       B->Y   R     NOR2X1HVT         3  0.8    93   147    1142 
  BFLY3_1/mul1/MUL_EXP_UNIT/g563/Y                                        -       B->Y   F     NAND2BX1HVT       3  0.8   142   153    1294 
  BFLY3_1/mul1/MUL_EXP_UNIT/g560/Y                                        -       B->Y   R     NOR2X1HVT         7  2.1   168   186    1480 
  BFLY3_1/mul1/MUL_EXP_UNIT/g553/Y                                        -       B->Y   F     NOR2X1HVT         3  0.7    84   160    1640 
  BFLY3_1/mul1/MUL_EXP_ADJUST_UNIT/CLA_8BIT_UNIT/CLA_4BIT_UNIT_1/g229/Y   -       S0->Y  F     MX2XLHVT          1  0.5    66   170    1810 
  BFLY3_1/mul1/MUL_EXP_ADJUST_UNIT/CLA_8BIT_UNIT/CLA_4BIT_UNIT_1/g223/S   -       B->S   F     ADDHX1HVT         1  0.2    34   152    1962 
  BFLY3_1/mul1/MUL_EXP_ADJUST_UNIT/g163/Y                                 -       AN->Y  F     NOR2BX1HVT        2  0.6    61    99    2060 
  BFLY3_1/mul1/EXP_ROUNDING_UNIT/g176/Y                                   -       B->Y   F     XNOR2X1HVT        1  0.2    36   160    2220 
  BFLY3_1/mul1/g1237/Y                                                    -       A1N->Y F     OAI2BB1X1HVT      7  1.7   230   203    2424 
  BFLY3_1/sub0/EXP_COM_8BIT/COMP_LESS_UNIT/u_high/g345/Y                  -       A->Y   R     INVX1HVT          2  0.8    74   175    2599 
  BFLY3_1/sub0/EXP_COM_8BIT/COMP_LESS_UNIT/u_high/g338/CO                 -       B->CO  R     ADDHX1HVT         1  0.3    33   215    2814 
  BFLY3_1/sub0/EXP_COM_8BIT/COMP_LESS_UNIT/u_high/g336/Y                  -       A2->Y  F     OAI32X1HVT        1  0.3   158   157    2971 
  BFLY3_1/sub0/EXP_COM_8BIT/COMP_LESS_UNIT/u_high/g335/Y                  -       A1->Y  R     AOI22X1HVT        2  0.5   100   182    3154 
  BFLY3_1/sub0/EXP_COM_8BIT/COMP_LESS_UNIT/u_high/g334/Y                  -       A1N->Y R     OAI2BB1X1HVT      1  0.3    74   233    3386 
  BFLY3_1/sub0/EXP_COM_8BIT/COMP_LESS_UNIT/u_high/g333/Y                  -       B0->Y  F     OAI21X1HVT        1  0.3   109   137    3523 
  BFLY3_1/sub0/EXP_COM_8BIT/COMP_LESS_UNIT/g16/Y                          -       B0->Y  F     AO21X4HVT        60 17.9   254   346    3869 
  BFLY3_1/sub0/EXP_SWAP/g222/Y                                            -       S0->Y  R     MX2XLHVT          1  0.3    38   331    4200 
  BFLY3_1/sub0/EXP_SUB/g11/Y                                              -       A->Y   F     INVX1HVT          3  0.8    58    62    4262 
  BFLY3_1/sub0/EXP_SUB/CLA_8BIT_UNIT/CLA_4BIT_UNIT_0/g320/Y               -       B->Y   R     XNOR2X2HVT       29  8.9   182   398    4660 
  BFLY3_1/sub0/EXP_SUB/CLA_8BIT_UNIT/CLA_4BIT_UNIT_0/g319/Y               -       AN->Y  R     NOR2BX1HVT        2  0.6    74   226    4885 
  BFLY3_1/sub0/EXP_SUB/CLA_8BIT_UNIT/CLA_4BIT_UNIT_0/g316/Y               -       B->Y   F     XNOR2X2HVT       27  8.4   229   326    5211 
  BFLY3_1/sub0/SHF_RIGHT_MAN/g3778/Y                                      -       A->Y   R     INVX2HVT         25  7.5   160   210    5421 
  BFLY3_1/sub0/SHF_RIGHT_MAN/g3720/Y                                      -       B1->Y  F     OAI22X1HVT        2  0.6   174   217    5638 
  BFLY3_1/sub0/SHF_RIGHT_MAN/g3694/Y                                      -       A1->Y  R     AOI22X1HVT        2  0.5   103   193    5830 
  BFLY3_1/sub0/SHF_RIGHT_MAN/g3671/Y                                      -       A->Y   R     MX2XLHVT          1  0.3    36   277    6107 
  BFLY3_1/sub0/SHF_RIGHT_MAN/g3647/Y                                      -       A1->Y  F     OAI22X1HVT        4  1.0   213   193    6300 
  BFLY3_1/sub0/MAN_COMP_24BIT/u_i_data_1/g340/Y                           -       B->Y   R     XNOR2X1HVT        1  0.2    34   338    6638 
  BFLY3_1/sub0/MAN_COMP_24BIT/u_i_data_1/g337/Y                           -       A->Y   R     AND4XLHVT         1  0.3    46   514    7152 
  BFLY3_1/sub0/MAN_COMP_24BIT/g154/Y                                      -       A0->Y  F     AOI21X1HVT        1  0.3   112   141    7293 
  BFLY3_1/sub0/MAN_COMP_24BIT/g153/Y                                      -       B->Y   R     NOR2BX1HVT        1  0.2    55   102    7396 
  BFLY3_1/sub0/MAN_COMP_24BIT/g152/Y                                      -       A1->Y  R     OA21X1HVT         1  0.3    36   232    7628 
  BFLY3_1/sub0/MAN_COMP_24BIT/g151/Y                                      -       A1->Y  F     OAI21X1HVT        1  0.3   109   111    7739 
  BFLY3_1/sub0/MAN_COMP_24BIT/g150/Y                                      -       B->Y   R     NAND2BX1HVT       1  0.3    44    90    7829 
  BFLY3_1/sub0/MAN_COMP_24BIT/g149/Y                                      -       A1->Y  R     AO21X4HVT        49 14.5   168   355    8185 
  BFLY3_1/sub0/MAN_SWAP/g796/Y                                            -       S0->Y  F     MX2XLHVT          3  0.7    83   276    8461 
  BFLY3_1/sub0/MAN_ALU/g453/Y                                             -       B->Y   R     XNOR2X1HVT        1  0.5    42   278    8740 
  BFLY3_1/sub0/MAN_ALU/ALU_SUB_UNIT/CLA_BLOCK_GEN[0].CLA_4BIT_UNIT/g329/S -       B->S   R     ADDHX1HVT         3  0.8    50   233    8972 
  BFLY3_1/sub0/MAN_ALU/ALU_SUB_UNIT/CLA_BLOCK_GEN[0].CLA_4BIT_UNIT/g324/Y -       A->Y   R     AND4XLHVT         3  0.7    66   535    9507 
  BFLY3_1/sub0/MAN_ALU/ALU_SUB_UNIT/CLA_BLOCK_GEN[0].CLA_4BIT_UNIT/g319/Y -       A1N->Y R     OAI2BB1X1HVT      2  0.5    59   216    9723 
  BFLY3_1/sub0/MAN_ALU/ALU_SUB_UNIT/g101/Y                                -       B0->Y  R     AO21XLHVT         2  0.6    51   133    9856 
  BFLY3_1/sub0/MAN_ALU/ALU_SUB_UNIT/CLA_BLOCK_GEN[1].CLA_4BIT_UNIT/g463/Y -       A1->Y  F     AOI21X1HVT        2  0.6   140   145   10001 
  BFLY3_1/sub0/MAN_ALU/ALU_SUB_UNIT/CLA_BLOCK_GEN[1].CLA_4BIT_UNIT/g459/Y -       A1->Y  R     OAI21X1HVT        2  0.6    92   147   10148 
  BFLY3_1/sub0/MAN_ALU/ALU_SUB_UNIT/CLA_BLOCK_GEN[1].CLA_4BIT_UNIT/g457/Y -       A1->Y  F     AOI22X1HVT        2  0.6   180   200   10348 
  BFLY3_1/sub0/MAN_ALU/ALU_SUB_UNIT/CLA_BLOCK_GEN[1].CLA_4BIT_UNIT/g455/Y -       A1->Y  R     OAI21X1HVT        3  0.7   101   175   10523 
  BFLY3_1/sub0/MAN_ALU/ALU_SUB_UNIT/g119/Y                                -       B->Y   R     OR2X1HVT          2  0.6    36   151   10674 
  BFLY3_1/sub0/MAN_ALU/ALU_SUB_UNIT/CLA_BLOCK_GEN[2].CLA_4BIT_UNIT/g463/Y -       A1->Y  F     AOI21X1HVT        2  0.6   140   135   10809 
  BFLY3_1/sub0/MAN_ALU/ALU_SUB_UNIT/CLA_BLOCK_GEN[2].CLA_4BIT_UNIT/g459/Y -       A1->Y  R     OAI21X1HVT        2  0.6    92   147   10955 
  BFLY3_1/sub0/MAN_ALU/ALU_SUB_UNIT/CLA_BLOCK_GEN[2].CLA_4BIT_UNIT/g457/Y -       A1->Y  F     AOI22X1HVT        2  0.6   180   200   11156 
  BFLY3_1/sub0/MAN_ALU/ALU_SUB_UNIT/CLA_BLOCK_GEN[2].CLA_4BIT_UNIT/g455/Y -       A1->Y  R     OAI21X1HVT        3  0.7   101   175   11330 
  BFLY3_1/sub0/MAN_ALU/ALU_SUB_UNIT/g146/Y                                -       AN->Y  R     NAND2BX1HVT       2  0.5    50   145   11476 
  BFLY3_1/sub0/MAN_ALU/ALU_SUB_UNIT/CLA_BLOCK_GEN[3].CLA_4BIT_UNIT/g463/Y -       A1N->Y R     OAI2BB1X1HVT      2  0.5    54   208   11683 
  BFLY3_1/sub0/MAN_ALU/ALU_SUB_UNIT/CLA_BLOCK_GEN[3].CLA_4BIT_UNIT/g459/Y -       A1N->Y R     OAI2BB1X1HVT      2  0.6    57   212   11895 
  BFLY3_1/sub0/MAN_ALU/ALU_SUB_UNIT/CLA_BLOCK_GEN[3].CLA_4BIT_UNIT/g457/Y -       A1->Y  F     AOI22X1HVT        2  0.6   179   178   12073 
  BFLY3_1/sub0/MAN_ALU/ALU_SUB_UNIT/CLA_BLOCK_GEN[3].CLA_4BIT_UNIT/g455/Y -       A1->Y  R     OAI21X1HVT        3  0.7   101   174   12247 
  BFLY3_1/sub0/MAN_ALU/ALU_SUB_UNIT/g181/Y                                -       AN->Y  R     NAND2BX1HVT       2  0.6    53   147   12394 
  BFLY3_1/sub0/MAN_ALU/ALU_SUB_UNIT/CLA_BLOCK_GEN[4].CLA_4BIT_UNIT/g366/Y -       A1->Y  F     AOI22X1HVT        2  0.6   179   176   12569 
  BFLY3_1/sub0/MAN_ALU/ALU_SUB_UNIT/CLA_BLOCK_GEN[4].CLA_4BIT_UNIT/g364/Y -       A1->Y  R     OAI21X1HVT        2  0.6    95   171   12740 
  BFLY3_1/sub0/MAN_ALU/ALU_SUB_UNIT/CLA_BLOCK_GEN[4].CLA_4BIT_UNIT/g362/Y -       A1->Y  F     AOI22X1HVT        2  0.6   180   202   12942 
  BFLY3_1/sub0/MAN_ALU/ALU_SUB_UNIT/CLA_BLOCK_GEN[4].CLA_4BIT_UNIT/g360/Y -       A1->Y  R     OAI21X1HVT        2  0.5    90   168   13110 
  BFLY3_1/sub0/MAN_ALU/ALU_SUB_UNIT/g213/Y                                -       AN->Y  R     NAND2BX1HVT       2  0.5    50   138   13248 
  BFLY3_1/sub0/MAN_ALU/ALU_SUB_UNIT/CLA_BLOCK_GEN[5].CLA_4BIT_UNIT/g511/Y -       A1N->Y R     OAI2BB1X1HVT      2  0.5    54   208   13456 
  BFLY3_1/sub0/MAN_ALU/ALU_SUB_UNIT/CLA_BLOCK_GEN[5].CLA_4BIT_UNIT/g507/Y -       A1N->Y R     OAI2BB1X1HVT      2  0.6    57   212   13668 
  BFLY3_1/sub0/MAN_ALU/ALU_SUB_UNIT/CLA_BLOCK_GEN[5].CLA_4BIT_UNIT/g505/Y -       A1->Y  F     AOI22X1HVT        2  0.6   179   178   13846 
  BFLY3_1/sub0/MAN_ALU/ALU_SUB_UNIT/CLA_BLOCK_GEN[5].CLA_4BIT_UNIT/g504/Y -       B->Y   F     XOR2XLHVT         1  0.3    50   197   14043 
  BFLY3_1/sub0/MAN_ALU/g1889/Y                                            -       A1->Y  R     AOI22X1HVT        1  0.3    88   106   14149 
  BFLY3_1/sub0/MAN_ALU/g1858/Y                                            -       B0->Y  F     OAI2BB1X1HVT      1  0.2    83   136   14285 
  BFLY3_1/sub0/MAN_ALU/drc_bufs/Y                                         -       A->Y   F     BUFX2HVT          8  2.2    76   147   14433 
  BFLY3_1/sub0/LOPD_24BIT/LOPD_16bit_UNIT_MSB/LOPD_8bit_unit_1/g283/Y     -       B->Y   F     OR2X1HVT          3  0.9    66   166   14598 
  BFLY3_1/sub0/LOPD_24BIT/LOPD_16bit_UNIT_MSB/LOPD_8bit_unit_1/g274/Y     -       C->Y   R     NOR3BX1HVT        2  0.5   115   111   14710 
  BFLY3_1/sub0/LOPD_24BIT/LOPD_16bit_UNIT_MSB/g114/Y                      -       A->Y   F     INVX1HVT          4  0.9    76   121   14831 
  BFLY3_1/sub0/LOPD_24BIT/LOPD_16bit_UNIT_MSB/g112/Y                      -       B->Y   R     NOR2X1HVT         4  0.8    86   100   14931 
  BFLY3_1/sub0/LOPD_24BIT/LOPD_16bit_UNIT_MSB/g111/Y                      -       A1->Y  R     AO22XLHVT         1  0.3    38   301   15232 
  BFLY3_1/sub0/LOPD_24BIT/g143/Y                                          -       A1->Y  F     AOI22X1HVT        1  0.3   149   149   15382 
  BFLY3_1/sub0/LOPD_24BIT/g139/Y                                          -       B->Y   R     NAND2X1HVT        2  0.5    71   120   15502 
  BFLY3_1/sub0/g612/Y                                                     -       B->Y   R     AND2X2HVT        28  8.7   174   350   15852 
  BFLY3_1/sub0/NOR_UNIT/SHF_left_unit/g2991/Y                             -       B1->Y  F     AOI22X1HVT        3  0.8   202   213   16065 
  BFLY3_1/sub0/NOR_UNIT/SHF_left_unit/g2957/Y                             -       B1->Y  R     OAI22X1HVT        2  0.6   115   177   16242 
  BFLY3_1/sub0/NOR_UNIT/SHF_left_unit/g2945/Y                             -       A->Y   F     INVX1HVT          3  0.9    76   121   16364 
  BFLY3_1/sub0/NOR_UNIT/SHF_left_unit/g2942/Y                             -       B->Y   R     NOR2X1HVT         1  0.3    66    83   16447 
  BFLY3_1/sub0/NOR_UNIT/g1478/Y                                           -       A1->Y  F     AOI22X1HVT        1  0.3   153   167   16614 
  BFLY3_1/sub0/NOR_UNIT/g1451/Y                                           -       B0->Y  R     OAI2BB1X1HVT      1  0.3    55   124   16739 
  BFLY3_1/sub0/MAN_RND/g658/Y                                             -       D->Y   F     NOR4X1HVT         1  0.3    76    74   16813 
  BFLY3_1/sub0/MAN_RND/g657/Y                                             -       B->Y   R     NOR2BX1HVT        1  0.4    64    87   16900 
  BFLY3_1/sub0/MAN_RND/g656/CO                                            -       A->CO  R     ADDHX1HVT         1  0.5    38   232   17132 
  BFLY3_1/sub0/MAN_RND/g655/CO                                            -       B->CO  R     ADDHX1HVT         1  0.5    38   198   17330 
  BFLY3_1/sub0/MAN_RND/g654/CO                                            -       B->CO  R     ADDHX1HVT         1  0.5    38   198   17528 
  BFLY3_1/sub0/MAN_RND/g653/CO                                            -       B->CO  R     ADDHX1HVT         1  0.5    38   198   17726 
  BFLY3_1/sub0/MAN_RND/g652/CO                                            -       B->CO  R     ADDHX1HVT         1  0.5    38   198   17925 
  BFLY3_1/sub0/MAN_RND/g651/CO                                            -       B->CO  R     ADDHX1HVT         1  0.5    38   198   18123 
  BFLY3_1/sub0/MAN_RND/g650/CO                                            -       B->CO  R     ADDHX1HVT         1  0.5    38   198   18321 
  BFLY3_1/sub0/MAN_RND/g649/CO                                            -       B->CO  R     ADDHX1HVT         1  0.5    38   198   18519 
  BFLY3_1/sub0/MAN_RND/g648/CO                                            -       B->CO  R     ADDHX1HVT         1  0.5    38   198   18718 
  BFLY3_1/sub0/MAN_RND/g647/CO                                            -       B->CO  R     ADDHX1HVT         1  0.5    38   198   18916 
  BFLY3_1/sub0/MAN_RND/g646/CO                                            -       B->CO  R     ADDHX1HVT         1  0.5    38   198   19114 
  BFLY3_1/sub0/MAN_RND/g645/CO                                            -       B->CO  R     ADDHX1HVT         1  0.5    38   198   19312 
  BFLY3_1/sub0/MAN_RND/g644/CO                                            -       B->CO  R     ADDHX1HVT         1  0.5    38   198   19510 
  BFLY3_1/sub0/MAN_RND/g643/CO                                            -       B->CO  R     ADDHX1HVT         1  0.5    38   198   19708 
  BFLY3_1/sub0/MAN_RND/g642/CO                                            -       B->CO  R     ADDHX1HVT         1  0.5    38   198   19907 
  BFLY3_1/sub0/MAN_RND/g641/CO                                            -       B->CO  R     ADDHX1HVT         1  0.5    38   198   20105 
  BFLY3_1/sub0/MAN_RND/g640/CO                                            -       B->CO  R     ADDHX1HVT         1  0.5    38   198   20303 
  BFLY3_1/sub0/MAN_RND/g639/CO                                            -       B->CO  R     ADDHX1HVT         1  0.5    38   198   20501 
  BFLY3_1/sub0/MAN_RND/g638/CO                                            -       B->CO  R     ADDHX1HVT         1  0.5    38   198   20700 
  BFLY3_1/sub0/MAN_RND/g637/CO                                            -       B->CO  R     ADDHX1HVT         1  0.5    38   198   20898 
  BFLY3_1/sub0/MAN_RND/g636/CO                                            -       B->CO  R     ADDHX1HVT         1  0.5    38   198   21096 
  BFLY3_1/sub0/MAN_RND/g635/CO                                            -       B->CO  R     ADDHX1HVT         2  0.5    38   198   21294 
  BFLY3_1/sub0/MAN_RND/g633/Y                                             -       C->Y   R     AND3XLHVT         2  0.6    51   281   21575 
  BFLY3_1/sub0/EXP_RND/g187/Y                                             -       B->Y   F     NAND2X1HVT        2  0.5   110   108   21683 
  BFLY3_1/sub0/EXP_RND/g185/Y                                             -       AN->Y  F     NAND2BX1HVT       2  0.5   111   184   21868 
  BFLY3_1/sub0/EXP_RND/g183/Y                                             -       AN->Y  F     NAND2BX1HVT       2  0.5   111   185   22053 
  BFLY3_1/sub0/EXP_RND/g181/Y                                             -       AN->Y  F     NAND2BX1HVT       2  0.5   111   185   22238 
  BFLY3_1/sub0/EXP_RND/g179/Y                                             -       AN->Y  F     NAND2BX1HVT       2  0.5   113   185   22423 
  BFLY3_1/sub0/EXP_RND/g177/Y                                             -       AN->Y  F     NAND2BX1HVT       2  0.5   111   186   22609 
  BFLY3_1/sub0/EXP_RND/g175/Y                                             -       AN->Y  F     NAND2BX1HVT       1  0.3    91   174   22783 
  BFLY3_1/sub0/EXP_RND/g173/Y                                             -       B->Y   R     XNOR2X1HVT        1  0.3    36   279   23062 
  BFLY3_1/sub0/g2967/Y                                                    -       B1->Y  F     AOI222X1HVT       1  0.3   206   158   23220 
  BFLY3_1/sub0/g2954/Y                                                    -       B->Y   R     NAND2X1HVT        1  0.2    63   154   23373 
  BFLY3_1/sub0/drc_bufs3082/Y                                             -       A->Y   R     BUFX2HVT         16  4.4    89   180   23553 
  BFLY3_1/sub1/EXP_COM_8BIT/COMP_LESS_UNIT/u_high/g340/Y                  -       B->Y   R     XNOR2X1HVT        1  0.2    34   228   23781 
  BFLY3_1/sub1/EXP_COM_8BIT/COMP_LESS_UNIT/u_high/g337/Y                  -       D->Y   R     AND4XLHVT         1  0.3    46   404   24185 
  BFLY3_1/sub1/EXP_COM_8BIT/COMP_LESS_UNIT/g16/Y                          -       A1->Y  R     AO21X4HVT        60 17.9   193   371   24556 
  BFLY3_1/sub1/EXP_SWAP/g228/Y                                            -       S0->Y  F     MX2XLHVT          4  0.9   100   299   24855 
  BFLY3_1/sub1/EXP_SUB/CLA_8BIT_UNIT/CLA_4BIT_UNIT_0/g320/Y               -       A->Y   R     XNOR2X2HVT       28  8.7   179   467   25322 
  BFLY3_1/sub1/EXP_SUB/CLA_8BIT_UNIT/CLA_4BIT_UNIT_0/g319/Y               -       AN->Y  R     NOR2BX1HVT        2  0.6    74   224   25546 
  BFLY3_1/sub1/EXP_SUB/CLA_8BIT_UNIT/CLA_4BIT_UNIT_0/g316/Y               -       B->Y   F     XNOR2X2HVT       27  8.4   229   326   25872 
  BFLY3_1/sub1/SHF_RIGHT_MAN/g3778/Y                                      -       A->Y   R     INVX2HVT         25  7.5   160   210   26082 
  BFLY3_1/sub1/SHF_RIGHT_MAN/g3720/Y                                      -       B1->Y  F     OAI22X1HVT        2  0.6   174   217   26299 
  BFLY3_1/sub1/SHF_RIGHT_MAN/g3694/Y                                      -       A1->Y  R     AOI22X1HVT        2  0.5   104   193   26492 
  BFLY3_1/sub1/SHF_RIGHT_MAN/g3672/Y                                      -       A->Y   R     MX2XLHVT          1  0.3    36   277   26769 
  BFLY3_1/sub1/SHF_RIGHT_MAN/g3647/Y                                      -       A1->Y  F     OAI22X1HVT        4  1.0   213   193   26961 
  BFLY3_1/sub1/MAN_COMP_24BIT/u_i_data_1/g340/Y                           -       B->Y   R     XNOR2X1HVT        1  0.2    34   338   27300 
  BFLY3_1/sub1/MAN_COMP_24BIT/u_i_data_1/g337/Y                           -       A->Y   R     AND4XLHVT         1  0.3    46   514   27813 
  BFLY3_1/sub1/MAN_COMP_24BIT/g152/Y                                      -       A0->Y  F     AOI21X1HVT        1  0.3   112   141   27955 
  BFLY3_1/sub1/MAN_COMP_24BIT/g151/Y                                      -       B->Y   R     NOR2BX1HVT        1  0.2    55   102   28057 
  BFLY3_1/sub1/MAN_COMP_24BIT/g150/Y                                      -       A1->Y  R     OA21X1HVT         1  0.3    36   232   28290 
  BFLY3_1/sub1/MAN_COMP_24BIT/g149/Y                                      -       A1->Y  F     OAI21X1HVT        1  0.3   109   111   28400 
  BFLY3_1/sub1/MAN_COMP_24BIT/g148/Y                                      -       B->Y   R     NAND2BX1HVT       1  0.3    44    90   28491 
  BFLY3_1/sub1/MAN_COMP_24BIT/g147/Y                                      -       A1->Y  R     AO21X4HVT        49 14.5   168   355   28846 
  BFLY3_1/sub1/MAN_SWAP/g796/Y                                            -       S0->Y  F     MX2XLHVT          3  0.7    83   276   29122 
  BFLY3_1/sub1/MAN_ALU/g453/Y                                             -       B->Y   R     XNOR2X1HVT        1  0.5    42   278   29401 
  BFLY3_1/sub1/MAN_ALU/ALU_SUB_UNIT/CLA_BLOCK_GEN[0].CLA_4BIT_UNIT/g329/S -       B->S   R     ADDHX1HVT         3  0.8    50   233   29633 
  BFLY3_1/sub1/MAN_ALU/ALU_SUB_UNIT/CLA_BLOCK_GEN[0].CLA_4BIT_UNIT/g324/Y -       A->Y   R     AND4XLHVT         3  0.7    66   535   30168 
  BFLY3_1/sub1/MAN_ALU/ALU_SUB_UNIT/CLA_BLOCK_GEN[0].CLA_4BIT_UNIT/g319/Y -       A1N->Y R     OAI2BB1X1HVT      2  0.5    59   216   30385 
  BFLY3_1/sub1/MAN_ALU/ALU_SUB_UNIT/g101/Y                                -       B0->Y  R     AO21XLHVT         2  0.6    51   133   30518 
  BFLY3_1/sub1/MAN_ALU/ALU_SUB_UNIT/CLA_BLOCK_GEN[1].CLA_4BIT_UNIT/g463/Y -       A1->Y  F     AOI21X1HVT        2  0.6   140   145   30662 
  BFLY3_1/sub1/MAN_ALU/ALU_SUB_UNIT/CLA_BLOCK_GEN[1].CLA_4BIT_UNIT/g459/Y -       A1->Y  R     OAI21X1HVT        2  0.6    92   147   30809 
  BFLY3_1/sub1/MAN_ALU/ALU_SUB_UNIT/CLA_BLOCK_GEN[1].CLA_4BIT_UNIT/g457/Y -       A1->Y  F     AOI22X1HVT        2  0.6   180   200   31010 
  BFLY3_1/sub1/MAN_ALU/ALU_SUB_UNIT/CLA_BLOCK_GEN[1].CLA_4BIT_UNIT/g455/Y -       A1->Y  R     OAI21X1HVT        3  0.7   101   175   31184 
  BFLY3_1/sub1/MAN_ALU/ALU_SUB_UNIT/g119/Y                                -       B->Y   R     OR2X1HVT          2  0.6    36   151   31335 
  BFLY3_1/sub1/MAN_ALU/ALU_SUB_UNIT/CLA_BLOCK_GEN[2].CLA_4BIT_UNIT/g463/Y -       A1->Y  F     AOI21X1HVT        2  0.6   140   135   31470 
  BFLY3_1/sub1/MAN_ALU/ALU_SUB_UNIT/CLA_BLOCK_GEN[2].CLA_4BIT_UNIT/g459/Y -       A1->Y  R     OAI21X1HVT        2  0.6    92   147   31617 
  BFLY3_1/sub1/MAN_ALU/ALU_SUB_UNIT/CLA_BLOCK_GEN[2].CLA_4BIT_UNIT/g457/Y -       A1->Y  F     AOI22X1HVT        2  0.6   180   200   31817 
  BFLY3_1/sub1/MAN_ALU/ALU_SUB_UNIT/CLA_BLOCK_GEN[2].CLA_4BIT_UNIT/g455/Y -       A1->Y  R     OAI21X1HVT        3  0.7   101   175   31992 
  BFLY3_1/sub1/MAN_ALU/ALU_SUB_UNIT/g146/Y                                -       AN->Y  R     NAND2BX1HVT       2  0.5    50   145   32137 
  BFLY3_1/sub1/MAN_ALU/ALU_SUB_UNIT/CLA_BLOCK_GEN[3].CLA_4BIT_UNIT/g463/Y -       A1N->Y R     OAI2BB1X1HVT      2  0.5    54   208   32345 
  BFLY3_1/sub1/MAN_ALU/ALU_SUB_UNIT/CLA_BLOCK_GEN[3].CLA_4BIT_UNIT/g459/Y -       A1N->Y R     OAI2BB1X1HVT      2  0.6    57   212   32556 
  BFLY3_1/sub1/MAN_ALU/ALU_SUB_UNIT/CLA_BLOCK_GEN[3].CLA_4BIT_UNIT/g457/Y -       A1->Y  F     AOI22X1HVT        2  0.6   179   178   32734 
  BFLY3_1/sub1/MAN_ALU/ALU_SUB_UNIT/CLA_BLOCK_GEN[3].CLA_4BIT_UNIT/g455/Y -       A1->Y  R     OAI21X1HVT        3  0.7   101   174   32908 
  BFLY3_1/sub1/MAN_ALU/ALU_SUB_UNIT/g181/Y                                -       AN->Y  R     NAND2BX1HVT       2  0.6    53   147   33055 
  BFLY3_1/sub1/MAN_ALU/ALU_SUB_UNIT/CLA_BLOCK_GEN[4].CLA_4BIT_UNIT/g366/Y -       A1->Y  F     AOI22X1HVT        2  0.6   179   176   33230 
  BFLY3_1/sub1/MAN_ALU/ALU_SUB_UNIT/CLA_BLOCK_GEN[4].CLA_4BIT_UNIT/g364/Y -       A1->Y  R     OAI21X1HVT        2  0.6    95   171   33401 
  BFLY3_1/sub1/MAN_ALU/ALU_SUB_UNIT/CLA_BLOCK_GEN[4].CLA_4BIT_UNIT/g362/Y -       A1->Y  F     AOI22X1HVT        2  0.6   180   202   33604 
  BFLY3_1/sub1/MAN_ALU/ALU_SUB_UNIT/CLA_BLOCK_GEN[4].CLA_4BIT_UNIT/g360/Y -       A1->Y  R     OAI21X1HVT        2  0.5    90   168   33772 
  BFLY3_1/sub1/MAN_ALU/ALU_SUB_UNIT/g213/Y                                -       AN->Y  R     NAND2BX1HVT       2  0.5    50   138   33910 
  BFLY3_1/sub1/MAN_ALU/ALU_SUB_UNIT/CLA_BLOCK_GEN[5].CLA_4BIT_UNIT/g511/Y -       A1N->Y R     OAI2BB1X1HVT      2  0.5    54   208   34117 
  BFLY3_1/sub1/MAN_ALU/ALU_SUB_UNIT/CLA_BLOCK_GEN[5].CLA_4BIT_UNIT/g507/Y -       A1N->Y R     OAI2BB1X1HVT      2  0.6    57   212   34329 
  BFLY3_1/sub1/MAN_ALU/ALU_SUB_UNIT/CLA_BLOCK_GEN[5].CLA_4BIT_UNIT/g505/Y -       A1->Y  F     AOI22X1HVT        2  0.6   179   178   34507 
  BFLY3_1/sub1/MAN_ALU/ALU_SUB_UNIT/CLA_BLOCK_GEN[5].CLA_4BIT_UNIT/g504/Y -       B->Y   F     XOR2XLHVT         1  0.3    50   197   34704 
  BFLY3_1/sub1/MAN_ALU/g1889/Y                                            -       A1->Y  R     AOI22X1HVT        1  0.3    88   106   34810 
  BFLY3_1/sub1/MAN_ALU/g1858/Y                                            -       B0->Y  F     OAI2BB1X1HVT      1  0.2    83   136   34947 
  BFLY3_1/sub1/MAN_ALU/drc_bufs/Y                                         -       A->Y   F     BUFX2HVT          8  2.2    76   147   35094 
  BFLY3_1/sub1/LOPD_24BIT/LOPD_16bit_UNIT_MSB/LOPD_8bit_unit_1/g283/Y     -       B->Y   F     OR2X1HVT          3  0.9    66   166   35260 
  BFLY3_1/sub1/LOPD_24BIT/LOPD_16bit_UNIT_MSB/LOPD_8bit_unit_1/g274/Y     -       C->Y   R     NOR3BX1HVT        2  0.5   115   111   35371 
  BFLY3_1/sub1/LOPD_24BIT/LOPD_16bit_UNIT_MSB/g114/Y                      -       A->Y   F     INVX1HVT          4  0.9    76   121   35492 
  BFLY3_1/sub1/LOPD_24BIT/LOPD_16bit_UNIT_MSB/g112/Y                      -       B->Y   R     NOR2X1HVT         4  0.8    86   100   35592 
  BFLY3_1/sub1/LOPD_24BIT/LOPD_16bit_UNIT_MSB/g111/Y                      -       A1->Y  R     AO22XLHVT         1  0.3    38   301   35894 
  BFLY3_1/sub1/LOPD_24BIT/g143/Y                                          -       A1->Y  F     AOI22X1HVT        1  0.3   149   149   36043 
  BFLY3_1/sub1/LOPD_24BIT/g139/Y                                          -       B->Y   R     NAND2X1HVT        2  0.5    71   120   36163 
  BFLY3_1/sub1/g612/Y                                                     -       B->Y   R     AND2X2HVT        28  8.7   174   350   36514 
  BFLY3_1/sub1/NOR_UNIT/SHF_left_unit/g2991/Y                             -       B1->Y  F     AOI22X1HVT        3  0.8   202   213   36727 
  BFLY3_1/sub1/NOR_UNIT/SHF_left_unit/g2957/Y                             -       B1->Y  R     OAI22X1HVT        2  0.6   115   177   36904 
  BFLY3_1/sub1/NOR_UNIT/SHF_left_unit/g2945/Y                             -       A->Y   F     INVX1HVT          3  0.9    76   121   37025 
  BFLY3_1/sub1/NOR_UNIT/SHF_left_unit/g2942/Y                             -       B->Y   R     NOR2X1HVT         1  0.3    66    83   37108 
  BFLY3_1/sub1/NOR_UNIT/g1478/Y                                           -       A1->Y  F     AOI22X1HVT        1  0.3   153   167   37276 
  BFLY3_1/sub1/NOR_UNIT/g1451/Y                                           -       B0->Y  R     OAI2BB1X1HVT      1  0.3    55   124   37400 
  BFLY3_1/sub1/MAN_RND/g658/Y                                             -       D->Y   F     NOR4X1HVT         1  0.3    76    74   37474 
  BFLY3_1/sub1/MAN_RND/g657/Y                                             -       B->Y   R     NOR2BX1HVT        1  0.4    64    87   37561 
  BFLY3_1/sub1/MAN_RND/g656/CO                                            -       A->CO  R     ADDHX1HVT         1  0.5    38   232   37793 
  BFLY3_1/sub1/MAN_RND/g655/CO                                            -       B->CO  R     ADDHX1HVT         1  0.5    38   198   37991 
  BFLY3_1/sub1/MAN_RND/g654/CO                                            -       B->CO  R     ADDHX1HVT         1  0.5    38   198   38190 
  BFLY3_1/sub1/MAN_RND/g653/CO                                            -       B->CO  R     ADDHX1HVT         1  0.5    38   198   38388 
  BFLY3_1/sub1/MAN_RND/g652/CO                                            -       B->CO  R     ADDHX1HVT         1  0.5    38   198   38586 
  BFLY3_1/sub1/MAN_RND/g651/CO                                            -       B->CO  R     ADDHX1HVT         1  0.5    38   198   38784 
  BFLY3_1/sub1/MAN_RND/g650/CO                                            -       B->CO  R     ADDHX1HVT         1  0.5    38   198   38982 
  BFLY3_1/sub1/MAN_RND/g649/CO                                            -       B->CO  R     ADDHX1HVT         1  0.5    38   198   39181 
  BFLY3_1/sub1/MAN_RND/g648/CO                                            -       B->CO  R     ADDHX1HVT         1  0.5    38   198   39379 
  BFLY3_1/sub1/MAN_RND/g647/CO                                            -       B->CO  R     ADDHX1HVT         1  0.5    38   198   39577 
  BFLY3_1/sub1/MAN_RND/g646/CO                                            -       B->CO  R     ADDHX1HVT         1  0.5    38   198   39775 
  BFLY3_1/sub1/MAN_RND/g645/CO                                            -       B->CO  R     ADDHX1HVT         1  0.5    38   198   39973 
  BFLY3_1/sub1/MAN_RND/g644/CO                                            -       B->CO  R     ADDHX1HVT         1  0.5    38   198   40172 
  BFLY3_1/sub1/MAN_RND/g643/CO                                            -       B->CO  R     ADDHX1HVT         1  0.5    38   198   40370 
  BFLY3_1/sub1/MAN_RND/g642/CO                                            -       B->CO  R     ADDHX1HVT         1  0.5    38   198   40568 
  BFLY3_1/sub1/MAN_RND/g641/CO                                            -       B->CO  R     ADDHX1HVT         1  0.5    38   198   40766 
  BFLY3_1/sub1/MAN_RND/g640/CO                                            -       B->CO  R     ADDHX1HVT         1  0.5    38   198   40964 
  BFLY3_1/sub1/MAN_RND/g639/CO                                            -       B->CO  R     ADDHX1HVT         1  0.5    38   198   41163 
  BFLY3_1/sub1/MAN_RND/g638/CO                                            -       B->CO  R     ADDHX1HVT         1  0.5    38   198   41361 
  BFLY3_1/sub1/MAN_RND/g637/CO                                            -       B->CO  R     ADDHX1HVT         1  0.5    38   198   41559 
  BFLY3_1/sub1/MAN_RND/g636/CO                                            -       B->CO  R     ADDHX1HVT         1  0.5    38   198   41757 
  BFLY3_1/sub1/MAN_RND/g635/CO                                            -       B->CO  R     ADDHX1HVT         2  0.5    38   198   41955 
  BFLY3_1/sub1/MAN_RND/g633/Y                                             -       C->Y   R     AND3XLHVT         2  0.6    51   281   42236 
  BFLY3_1/sub1/EXP_RND/g187/Y                                             -       B->Y   F     NAND2X1HVT        2  0.5   110   108   42344 
  BFLY3_1/sub1/EXP_RND/g185/Y                                             -       AN->Y  F     NAND2BX1HVT       2  0.5   111   184   42529 
  BFLY3_1/sub1/EXP_RND/g183/Y                                             -       AN->Y  F     NAND2BX1HVT       2  0.5   111   185   42714 
  BFLY3_1/sub1/EXP_RND/g181/Y                                             -       AN->Y  F     NAND2BX1HVT       2  0.5   111   185   42899 
  BFLY3_1/sub1/EXP_RND/g179/Y                                             -       AN->Y  F     NAND2BX1HVT       2  0.5   113   185   43084 
  BFLY3_1/sub1/EXP_RND/g177/Y                                             -       AN->Y  F     NAND2BX1HVT       2  0.5   111   186   43270 
  BFLY3_1/sub1/EXP_RND/g175/Y                                             -       AN->Y  F     NAND2BX1HVT       1  0.3    91   174   43444 
  BFLY3_1/sub1/EXP_RND/g173/Y                                             -       B->Y   R     XNOR2X1HVT        1  0.3    36   279   43724 
  BFLY3_1/sub1/g2967/Y                                                    -       B1->Y  F     AOI222X1HVT       1  0.3   207   158   43881 
  BFLY3_1/sub1/g2954/Y                                                    -       B->Y   R     NAND2X1HVT        1  0.3    64   155   44036 
  X5_real_reg[30]/SI                                                      <<<     -      R     SDFFRHQX8HVT      1    -     -     0   44036 
#-------------------------------------------------------------------------------------------------------------------------------------------

