============================================================
  Generated by:           Genus(TM) Synthesis Solution GENUS15.20 - 15.20-p004_1
  Generated on:           Jan 05 2026  09:40:53 am
  Module:                 FFT_8Points
  Wireload mode:          enclosed
  Area mode:              timing library
============================================================


Path 1: MET (971681 ps) Setup Check with Pin X7_real_reg[30]/CK->SI
          Group: i_clk
     Startpoint: (R) s3_S2_7_real_reg[28]/CK
          Clock: (R) i_clk
       Endpoint: (R) X7_real_reg[30]/SI
          Clock: (R) i_clk

                      Capture       Launch     
        Clock Edge:+  1000000            0     
       Src Latency:+        0            0     
       Net Latency:+        0 (I)        0 (I) 
           Arrival:=  1000000            0     
                                               
             Setup:-      151                  
     Required Time:=   999849                  
      Launch Clock:-        0                  
         Data Path:-    28169                  
             Slack:=   971681                  

#------------------------------------------------------------------------------------------------------------------------------------------------------------------------
#                                            Timing Point                                              Flags    Arc   Edge     Cell      Fanout Load Trans Delay Arrival 
#                                                                                                                                               (fF)  (ps)  (ps)   (ps)  
#------------------------------------------------------------------------------------------------------------------------------------------------------------------------
  s3_S2_7_real_reg[28]/CK                                                                              -       -      R     (arrival)      2055    -     0     -       0 
  s3_S2_7_real_reg[28]/Q                                                                               -       CK->Q  R     DFFRHQX1HVT      18  5.8    99   207     207 
  BFU8_07/INPUT_DATA_7/DATA_A_IM/EXP_COM_8BIT/COMP_LESS_UNIT/u_high/g338/CO                            -       A->CO  R     ADDHX1HVT         1  0.4    17   128     335 
  BFU8_07/INPUT_DATA_7/DATA_A_IM/EXP_COM_8BIT/COMP_LESS_UNIT/u_high/g336/Y                             -       A2->Y  F     OAI32X1HVT        1  0.3    80    71     405 
  BFU8_07/INPUT_DATA_7/DATA_A_IM/EXP_COM_8BIT/COMP_LESS_UNIT/u_high/g335/Y                             -       A1->Y  R     AOI22X1HVT        2  0.6    61    82     487 
  BFU8_07/INPUT_DATA_7/DATA_A_IM/EXP_COM_8BIT/COMP_LESS_UNIT/u_high/g334/Y                             -       A1N->Y R     OAI2BB1X1HVT      1  0.4    30   103     591 
  BFU8_07/INPUT_DATA_7/DATA_A_IM/EXP_COM_8BIT/COMP_LESS_UNIT/u_high/g333/Y                             -       B0->Y  F     OAI21X1HVT        1  0.2    49    54     645 
  BFU8_07/INPUT_DATA_7/DATA_A_IM/EXP_COM_8BIT/COMP_LESS_UNIT/g16/Y                                     -       B0->Y  F     AO21X2HVT        60 23.8   277   246     891 
  BFU8_07/INPUT_DATA_7/DATA_A_IM/EXP_SWAP/g222/Y                                                       -       S0->Y  R     MX2XLHVT          1  0.4    20   182    1073 
  BFU8_07/INPUT_DATA_7/DATA_A_IM/EXP_SUB/g12/Y                                                         -       A->Y   F     INVX1HVT          3  0.9    29    30    1103 
  BFU8_07/INPUT_DATA_7/DATA_A_IM/EXP_SUB/CLA_8BIT_UNIT/CLA_4BIT_UNIT_0/g320/Y                          -       B->Y   R     XNOR2X1HVT       28 11.4   187   211    1314 
  BFU8_07/INPUT_DATA_7/DATA_A_IM/EXP_SUB/CLA_8BIT_UNIT/CLA_4BIT_UNIT_0/g319/Y                          -       AN->Y  R     NOR2BX1HVT        2  0.8    43   142    1455 
  BFU8_07/INPUT_DATA_7/DATA_A_IM/EXP_SUB/CLA_8BIT_UNIT/CLA_4BIT_UNIT_0/g316/Y                          -       B->Y   F     XNOR2X1HVT       27  8.4   192   186    1641 
  BFU8_07/INPUT_DATA_7/DATA_A_IM/SHF_RIGHT_MAN/g3783/Y                                                 -       A->Y   R     INVX2HVT         25 10.0   110   139    1780 
  BFU8_07/INPUT_DATA_7/DATA_A_IM/SHF_RIGHT_MAN/g3733/Y                                                 -       B1->Y  F     OAI22X1HVT        2  0.6    83   110    1891 
  BFU8_07/INPUT_DATA_7/DATA_A_IM/SHF_RIGHT_MAN/g3704/Y                                                 -       A1->Y  R     AOI22X1HVT        2  0.4    59    80    1971 
  BFU8_07/INPUT_DATA_7/DATA_A_IM/SHF_RIGHT_MAN/g3682/Y                                                 -       A->Y   R     MX2XLHVT          1  0.4    20   121    2092 
  BFU8_07/INPUT_DATA_7/DATA_A_IM/SHF_RIGHT_MAN/g3657/Y                                                 -       A1->Y  F     OAI22X1HVT        3  0.7    85    79    2171 
  BFU8_07/INPUT_DATA_7/DATA_A_IM/MAN_COMP_24BIT/u_i_data_1/g345/Y                                      -       A->Y   R     INVX1HVT          2  1.0    32    57    2228 
  BFU8_07/INPUT_DATA_7/DATA_A_IM/MAN_COMP_24BIT/u_i_data_1/g338/CO                                     -       B->CO  R     ADDHX1HVT         1  0.4    17    89    2317 
  BFU8_07/INPUT_DATA_7/DATA_A_IM/MAN_COMP_24BIT/u_i_data_1/g336/Y                                      -       A2->Y  F     OAI32X1HVT        1  0.3    75    70    2388 
  BFU8_07/INPUT_DATA_7/DATA_A_IM/MAN_COMP_24BIT/u_i_data_1/g335/Y                                      -       A1->Y  R     AOI22X1HVT        2  0.6    66    80    2468 
  BFU8_07/INPUT_DATA_7/DATA_A_IM/MAN_COMP_24BIT/u_i_data_1/g334/Y                                      -       A1N->Y R     OAI2BB1X1HVT      1  0.4    42   105    2573 
  BFU8_07/INPUT_DATA_7/DATA_A_IM/MAN_COMP_24BIT/u_i_data_1/g333/Y                                      -       B0->Y  F     OAI21X1HVT        1  0.3    51    63    2636 
  BFU8_07/INPUT_DATA_7/DATA_A_IM/MAN_COMP_24BIT/g144/Y                                                 -       B0->Y  R     AOI21X1HVT        1  0.4    38    51    2687 
  BFU8_07/INPUT_DATA_7/DATA_A_IM/MAN_COMP_24BIT/g143/Y                                                 -       B->Y   F     NOR2BX1HVT        1  0.2    21    33    2720 
  BFU8_07/INPUT_DATA_7/DATA_A_IM/MAN_COMP_24BIT/g142/Y                                                 -       A1->Y  F     OA21X1HVT         1  0.3    19    76    2796 
  BFU8_07/INPUT_DATA_7/DATA_A_IM/MAN_COMP_24BIT/g141/Y                                                 -       A1->Y  R     OAI21X1HVT        1  0.4    38    38    2834 
  BFU8_07/INPUT_DATA_7/DATA_A_IM/MAN_COMP_24BIT/g140/Y                                                 -       B->Y   F     NAND2BX1HVT       1  0.2    37    46    2880 
  BFU8_07/INPUT_DATA_7/DATA_A_IM/MAN_COMP_24BIT/g139/Y                                                 -       A1->Y  F     AO21X2HVT        49 19.1   226   215    3095 
  BFU8_07/INPUT_DATA_7/DATA_A_IM/MAN_SWAP/g796/Y                                                       -       S0->Y  F     MX2XLHVT          3  0.8    42   154    3249 
  BFU8_07/INPUT_DATA_7/DATA_A_IM/MAN_ALU/g441/Y                                                        -       B->Y   R     XNOR2X1HVT        1  0.6    21   120    3369 
  BFU8_07/INPUT_DATA_7/DATA_A_IM/MAN_ALU/ALU_SUB_UNIT/CLA_BLOCK_GEN[0].CLA_4BIT_UNIT/g329/S            -       B->S   R     ADDHX1HVT         3  1.0    27   101    3470 
  BFU8_07/INPUT_DATA_7/DATA_A_IM/MAN_ALU/ALU_SUB_UNIT/CLA_BLOCK_GEN[0].CLA_4BIT_UNIT/g324/Y            -       A->Y   R     AND4XLHVT         3  0.8    35   219    3689 
  BFU8_07/INPUT_DATA_7/DATA_A_IM/MAN_ALU/ALU_SUB_UNIT/CLA_BLOCK_GEN[0].CLA_4BIT_UNIT/g319/Y            -       A1N->Y R     OAI2BB1X1HVT      2  0.6    30    94    3783 
  BFU8_07/INPUT_DATA_7/DATA_A_IM/MAN_ALU/ALU_SUB_UNIT/g101/Y                                           -       B0->Y  R     AO21X1HVT         2  0.8    24    65    3848 
  BFU8_07/INPUT_DATA_7/DATA_A_IM/MAN_ALU/ALU_SUB_UNIT/CLA_BLOCK_GEN[1].CLA_4BIT_UNIT/g463/Y            -       A1->Y  F     AOI21X1HVT        2  0.7    68    66    3914 
  BFU8_07/INPUT_DATA_7/DATA_A_IM/MAN_ALU/ALU_SUB_UNIT/CLA_BLOCK_GEN[1].CLA_4BIT_UNIT/g459/Y            -       A1->Y  R     OAI21X1HVT        2  0.8    54    68    3983 
  BFU8_07/INPUT_DATA_7/DATA_A_IM/MAN_ALU/ALU_SUB_UNIT/CLA_BLOCK_GEN[1].CLA_4BIT_UNIT/g457/Y            -       A1->Y  F     AOI22X1HVT        2  0.7    93    96    4079 
  BFU8_07/INPUT_DATA_7/DATA_A_IM/MAN_ALU/ALU_SUB_UNIT/CLA_BLOCK_GEN[1].CLA_4BIT_UNIT/g455/Y            -       A1->Y  R     OAI21X1HVT        3  0.8    57    81    4160 
  BFU8_07/INPUT_DATA_7/DATA_A_IM/MAN_ALU/ALU_SUB_UNIT/g119/Y                                           -       B->Y   R     OR2XLHVT          2  0.6    24    64    4224 
  BFU8_07/INPUT_DATA_7/DATA_A_IM/MAN_ALU/ALU_SUB_UNIT/CLA_BLOCK_GEN[2].CLA_4BIT_UNIT/g463/Y            -       A1N->Y R     OAI2BB1X1HVT      2  0.6    26    89    4313 
  BFU8_07/INPUT_DATA_7/DATA_A_IM/MAN_ALU/ALU_SUB_UNIT/CLA_BLOCK_GEN[2].CLA_4BIT_UNIT/g459/Y            -       A1N->Y R     OAI2BB1X1HVT      2  0.8    30    92    4405 
  BFU8_07/INPUT_DATA_7/DATA_A_IM/MAN_ALU/ALU_SUB_UNIT/CLA_BLOCK_GEN[2].CLA_4BIT_UNIT/g457/Y            -       A1->Y  F     AOI22X1HVT        2  0.7    91    84    4488 
  BFU8_07/INPUT_DATA_7/DATA_A_IM/MAN_ALU/ALU_SUB_UNIT/CLA_BLOCK_GEN[2].CLA_4BIT_UNIT/g455/Y            -       A1->Y  R     OAI21X1HVT        3  0.8    56    80    4568 
  BFU8_07/INPUT_DATA_7/DATA_A_IM/MAN_ALU/ALU_SUB_UNIT/g146/Y                                           -       AN->Y  R     NAND2BX1HVT       2  0.6    25    68    4636 
  BFU8_07/INPUT_DATA_7/DATA_A_IM/MAN_ALU/ALU_SUB_UNIT/CLA_BLOCK_GEN[3].CLA_4BIT_UNIT/g463/Y            -       A1N->Y R     OAI2BB1X1HVT      2  0.6    27    89    4725 
  BFU8_07/INPUT_DATA_7/DATA_A_IM/MAN_ALU/ALU_SUB_UNIT/CLA_BLOCK_GEN[3].CLA_4BIT_UNIT/g459/Y            -       A1N->Y R     OAI2BB1X1HVT      2  0.8    30    92    4817 
  BFU8_07/INPUT_DATA_7/DATA_A_IM/MAN_ALU/ALU_SUB_UNIT/CLA_BLOCK_GEN[3].CLA_4BIT_UNIT/g457/Y            -       A1->Y  F     AOI22X1HVT        2  0.7    91    84    4901 
  BFU8_07/INPUT_DATA_7/DATA_A_IM/MAN_ALU/ALU_SUB_UNIT/CLA_BLOCK_GEN[3].CLA_4BIT_UNIT/g455/Y            -       A1->Y  R     OAI21X1HVT        3  0.8    56    80    4980 
  BFU8_07/INPUT_DATA_7/DATA_A_IM/MAN_ALU/ALU_SUB_UNIT/g181/Y                                           -       AN->Y  R     NAND2BX1HVT       2  0.8    28    70    5050 
  BFU8_07/INPUT_DATA_7/DATA_A_IM/MAN_ALU/ALU_SUB_UNIT/CLA_BLOCK_GEN[4].CLA_4BIT_UNIT/g374/Y            -       A1->Y  F     AOI22X1HVT        2  0.7    91    83    5133 
  BFU8_07/INPUT_DATA_7/DATA_A_IM/MAN_ALU/ALU_SUB_UNIT/CLA_BLOCK_GEN[4].CLA_4BIT_UNIT/g372/Y            -       A1->Y  R     OAI21X1HVT        2  0.8    56    80    5212 
  BFU8_07/INPUT_DATA_7/DATA_A_IM/MAN_ALU/ALU_SUB_UNIT/CLA_BLOCK_GEN[4].CLA_4BIT_UNIT/g370/Y            -       A1->Y  F     AOI22X1HVT        2  0.7    94    98    5310 
  BFU8_07/INPUT_DATA_7/DATA_A_IM/MAN_ALU/ALU_SUB_UNIT/CLA_BLOCK_GEN[4].CLA_4BIT_UNIT/g368/Y            -       A1->Y  R     OAI21X1HVT        2  0.6    51    78    5388 
  BFU8_07/INPUT_DATA_7/DATA_A_IM/MAN_ALU/ALU_SUB_UNIT/g213/Y                                           -       AN->Y  R     NAND2BX1HVT       2  0.6    25    65    5453 
  BFU8_07/INPUT_DATA_7/DATA_A_IM/MAN_ALU/ALU_SUB_UNIT/CLA_BLOCK_GEN[5].CLA_4BIT_UNIT/g511/Y            -       A1N->Y R     OAI2BB1X1HVT      2  0.6    26    89    5543 
  BFU8_07/INPUT_DATA_7/DATA_A_IM/MAN_ALU/ALU_SUB_UNIT/CLA_BLOCK_GEN[5].CLA_4BIT_UNIT/g507/Y            -       A1N->Y R     OAI2BB1X1HVT      2  0.8    30    92    5634 
  BFU8_07/INPUT_DATA_7/DATA_A_IM/MAN_ALU/ALU_SUB_UNIT/CLA_BLOCK_GEN[5].CLA_4BIT_UNIT/g505/Y            -       A1->Y  F     AOI22X1HVT        2  0.7    91    84    5718 
  BFU8_07/INPUT_DATA_7/DATA_A_IM/MAN_ALU/ALU_SUB_UNIT/CLA_BLOCK_GEN[5].CLA_4BIT_UNIT/g504/Y            -       B->Y   F     XOR2XLHVT         1  0.3    22    87    5805 
  BFU8_07/INPUT_DATA_7/DATA_A_IM/MAN_ALU/g1877/Y                                                       -       A1->Y  R     AOI22X1HVT        1  0.4    57    51    5856 
  BFU8_07/INPUT_DATA_7/DATA_A_IM/MAN_ALU/g1846/Y                                                       -       B0->Y  F     OAI2BB1X1HVT      8  2.2   124   114    5970 
  BFU8_07/INPUT_DATA_7/DATA_A_IM/LOPD_24BIT/LOPD_16bit_UNIT_MSB/LOPD_8bit_unit_1/g283/Y                -       B->Y   F     OR2X1HVT          3  0.9    31   111    6081 
  BFU8_07/INPUT_DATA_7/DATA_A_IM/LOPD_24BIT/LOPD_16bit_UNIT_MSB/LOPD_8bit_unit_1/g274/Y                -       C->Y   R     NOR3BX1HVT        2  0.6    60    52    6133 
  BFU8_07/INPUT_DATA_7/DATA_A_IM/LOPD_24BIT/LOPD_16bit_UNIT_MSB/g106/Y                                 -       A->Y   R     AND2X1HVT         7  2.6    51   120    6253 
  BFU8_07/INPUT_DATA_7/DATA_A_IM/LOPD_24BIT/g139/Y                                                     -       A->Y   F     INVX1HVT          4  1.1    38    49    6302 
  BFU8_07/INPUT_DATA_7/DATA_A_IM/LOPD_24BIT/g135/Y                                                     -       A0->Y  R     AOI22X1HVT        1  0.4    46    65    6367 
  BFU8_07/INPUT_DATA_7/DATA_A_IM/LOPD_24BIT/g131/Y                                                     -       B->Y   F     NAND2X1HVT        2  0.5    50    58    6425 
  BFU8_07/INPUT_DATA_7/DATA_A_IM/g600/Y                                                                -       A->Y   F     AND2X1HVT        27  8.8   198   156    6581 
  BFU8_07/INPUT_DATA_7/DATA_A_IM/NOR_UNIT/SHF_left_unit/g3019/Y                                        -       A->Y   R     INVX2HVT         24  9.6   108   140    6721 
  BFU8_07/INPUT_DATA_7/DATA_A_IM/NOR_UNIT/SHF_left_unit/g3002/Y                                        -       A1->Y  F     AOI22X1HVT        2  0.6    94   123    6844 
  BFU8_07/INPUT_DATA_7/DATA_A_IM/NOR_UNIT/SHF_left_unit/g2993/Y                                        -       A->Y   R     INVX1HVT          1  0.4    24    56    6900 
  BFU8_07/INPUT_DATA_7/DATA_A_IM/NOR_UNIT/SHF_left_unit/g2955/Y                                        -       A1->Y  F     AOI22X1HVT        4  1.2   116    93    6993 
  BFU8_07/INPUT_DATA_7/DATA_A_IM/NOR_UNIT/SHF_left_unit/g2940/Y                                        -       B->Y   R     NOR2X1HVT         1  0.4    41    76    7070 
  BFU8_07/INPUT_DATA_7/DATA_A_IM/NOR_UNIT/g1478/Y                                                      -       A1->Y  F     AOI22X1HVT        1  0.3    86    80    7149 
  BFU8_07/INPUT_DATA_7/DATA_A_IM/NOR_UNIT/g1451/Y                                                      -       B0->Y  R     OAI2BB1X1HVT      1  0.4    28    57    7207 
  BFU8_07/INPUT_DATA_7/DATA_A_IM/MAN_RND/g658/Y                                                        -       D->Y   F     NOR4X1HVT         1  0.3    39    33    7240 
  BFU8_07/INPUT_DATA_7/DATA_A_IM/MAN_RND/g657/Y                                                        -       B->Y   R     NOR2BX1HVT        1  0.4    32    39    7279 
  BFU8_07/INPUT_DATA_7/DATA_A_IM/MAN_RND/g656/CO                                                       -       A->CO  R     ADDHX1HVT         1  0.6    20    99    7378 
  BFU8_07/INPUT_DATA_7/DATA_A_IM/MAN_RND/g655/CO                                                       -       B->CO  R     ADDHX1HVT         1  0.6    20    85    7463 
  BFU8_07/INPUT_DATA_7/DATA_A_IM/MAN_RND/g654/CO                                                       -       B->CO  R     ADDHX1HVT         1  0.6    20    85    7549 
  BFU8_07/INPUT_DATA_7/DATA_A_IM/MAN_RND/g653/CO                                                       -       B->CO  R     ADDHX1HVT         1  0.6    20    85    7634 
  BFU8_07/INPUT_DATA_7/DATA_A_IM/MAN_RND/g652/CO                                                       -       B->CO  R     ADDHX1HVT         1  0.6    20    85    7720 
  BFU8_07/INPUT_DATA_7/DATA_A_IM/MAN_RND/g651/CO                                                       -       B->CO  R     ADDHX1HVT         1  0.6    20    85    7805 
  BFU8_07/INPUT_DATA_7/DATA_A_IM/MAN_RND/g650/S                                                        -       B->S   F     ADDHX1HVT         1  0.2    16    93    7898 
  BFU8_07/INPUT_DATA_7/DATA_A_IM/g2961/Y                                                               -       A1N->Y F     OAI2BB1X1HVT     15  5.1   248   177    8075 
  BFU8_07/INPUT_DATA_7/mul1_sub/MAN_MUL_UNIT/MUL_UNIT_MAN_UNIT/m1/m1/m2/m2/g46/Y                       -       A->Y   R     INVX1HVT          1  0.4    46   133    8207 
  BFU8_07/INPUT_DATA_7/mul1_sub/MAN_MUL_UNIT/MUL_UNIT_MAN_UNIT/m1/m1/m2/m2/g44/S                       -       A->S   F     ADDHX1HVT         1  0.3    18   127    8334 
  BFU8_07/INPUT_DATA_7/mul1_sub/MAN_MUL_UNIT/MUL_UNIT_MAN_UNIT/m1/m1/m2/m2/g43/Y                       -       A->Y   R     INVX1HVT          2  0.8    20    22    8356 
  BFU8_07/INPUT_DATA_7/mul1_sub/MAN_MUL_UNIT/MUL_UNIT_MAN_UNIT/m1/m1/m2/g255/Y                         -       B->Y   R     XOR2XLHVT         1  0.6    25    86    8443 
  BFU8_07/INPUT_DATA_7/mul1_sub/MAN_MUL_UNIT/MUL_UNIT_MAN_UNIT/m1/m1/m2/g251/CO                        -       B->CO  R     ADDHX1HVT         2  0.6    20    88    8530 
  BFU8_07/INPUT_DATA_7/mul1_sub/MAN_MUL_UNIT/MUL_UNIT_MAN_UNIT/m1/m1/m2/g250/Y                         -       A->Y   F     NAND2X1HVT        2  0.7    56    56    8586 
  BFU8_07/INPUT_DATA_7/mul1_sub/MAN_MUL_UNIT/MUL_UNIT_MAN_UNIT/m1/m1/m2/g248/S                         -       CI->S  R     ADDFX1HVT         1  0.4    25   187    8774 
  BFU8_07/INPUT_DATA_7/mul1_sub/MAN_MUL_UNIT/MUL_UNIT_MAN_UNIT/m1/m1/m2/g246/Y                         -       A->Y   F     INVX1HVT          1  0.3    17    26    8799 
  BFU8_07/INPUT_DATA_7/mul1_sub/MAN_MUL_UNIT/MUL_UNIT_MAN_UNIT/m1/m1/csa_tree_add_46_27_groupi/g559/Y  -       A->Y   R     INVX1HVT          1  0.8    19    22    8821 
  BFU8_07/INPUT_DATA_7/mul1_sub/MAN_MUL_UNIT/MUL_UNIT_MAN_UNIT/m1/m1/csa_tree_add_46_27_groupi/g540/S  -       B->S   R     ADDFX1HVT         1  0.8    31   184    9004 
  BFU8_07/INPUT_DATA_7/mul1_sub/MAN_MUL_UNIT/MUL_UNIT_MAN_UNIT/m1/m1/csa_tree_add_46_27_groupi/g524/CO -       B->CO  R     ADDFX1HVT         1  0.5    25   140    9144 
  BFU8_07/INPUT_DATA_7/mul1_sub/MAN_MUL_UNIT/MUL_UNIT_MAN_UNIT/m1/m1/csa_tree_add_46_27_groupi/g522/CO -       CI->CO R     ADDFX1HVT         1  0.5    25   128    9272 
  BFU8_07/INPUT_DATA_7/mul1_sub/MAN_MUL_UNIT/MUL_UNIT_MAN_UNIT/m1/m1/csa_tree_add_46_27_groupi/g520/CO -       CI->CO R     ADDFX1HVT         1  0.5    25   128    9400 
  BFU8_07/INPUT_DATA_7/mul1_sub/MAN_MUL_UNIT/MUL_UNIT_MAN_UNIT/m1/m1/csa_tree_add_46_27_groupi/g518/S  -       CI->S  R     ADDFX1HVT         1  0.4    25   175    9575 
  BFU8_07/INPUT_DATA_7/mul1_sub/MAN_MUL_UNIT/MUL_UNIT_MAN_UNIT/m1/m1/csa_tree_add_46_27_groupi/g517/Y  -       A->Y   F     INVX1HVT          2  0.7    26    30    9605 
  BFU8_07/INPUT_DATA_7/mul1_sub/MAN_MUL_UNIT/MUL_UNIT_MAN_UNIT/m1/csa_tree_add_74_27_groupi/g730/Y     -       B->Y   R     XNOR2X1HVT        1  0.5    19   114    9720 
  BFU8_07/INPUT_DATA_7/mul1_sub/MAN_MUL_UNIT/MUL_UNIT_MAN_UNIT/m1/csa_tree_add_74_27_groupi/g716/S     -       CI->S  F     ADDFX1HVT         1  0.3    22   176    9895 
  BFU8_07/INPUT_DATA_7/mul1_sub/MAN_MUL_UNIT/MUL_UNIT_MAN_UNIT/m1/csa_tree_add_74_27_groupi/g706/Y     -       A->Y   R     INVX1HVT          1  0.8    20    24    9919 
  BFU8_07/INPUT_DATA_7/mul1_sub/MAN_MUL_UNIT/MUL_UNIT_MAN_UNIT/m1/csa_tree_add_74_27_groupi/g473/CO    -       B->CO  R     ADDFX1HVT         1  0.5    25   135   10054 
  BFU8_07/INPUT_DATA_7/mul1_sub/MAN_MUL_UNIT/MUL_UNIT_MAN_UNIT/m1/csa_tree_add_74_27_groupi/g472/CO    -       CI->CO R     ADDFX1HVT         1  0.5    25   128   10182 
  BFU8_07/INPUT_DATA_7/mul1_sub/MAN_MUL_UNIT/MUL_UNIT_MAN_UNIT/m1/csa_tree_add_74_27_groupi/g471/CO    -       CI->CO R     ADDFX1HVT         1  0.5    25   128   10310 
  BFU8_07/INPUT_DATA_7/mul1_sub/MAN_MUL_UNIT/MUL_UNIT_MAN_UNIT/m1/csa_tree_add_74_27_groupi/g470/CO    -       CI->CO R     ADDFX1HVT         1  0.5    25   128   10438 
  BFU8_07/INPUT_DATA_7/mul1_sub/MAN_MUL_UNIT/MUL_UNIT_MAN_UNIT/m1/csa_tree_add_74_27_groupi/g469/CO    -       CI->CO R     ADDFX1HVT         1  0.5    25   128   10566 
  BFU8_07/INPUT_DATA_7/mul1_sub/MAN_MUL_UNIT/MUL_UNIT_MAN_UNIT/m1/csa_tree_add_74_27_groupi/g468/CO    -       CI->CO R     ADDFX1HVT         1  0.5    25   128   10694 
  BFU8_07/INPUT_DATA_7/mul1_sub/MAN_MUL_UNIT/MUL_UNIT_MAN_UNIT/m1/csa_tree_add_74_27_groupi/g467/CO    -       CI->CO R     ADDFX1HVT         1  0.5    25   128   10822 
  BFU8_07/INPUT_DATA_7/mul1_sub/MAN_MUL_UNIT/MUL_UNIT_MAN_UNIT/m1/csa_tree_add_74_27_groupi/g466/CO    -       CI->CO R     ADDFX1HVT         1  0.5    25   128   10950 
  BFU8_07/INPUT_DATA_7/mul1_sub/MAN_MUL_UNIT/MUL_UNIT_MAN_UNIT/m1/csa_tree_add_74_27_groupi/g465/CO    -       CI->CO R     ADDFX1HVT         1  0.5    25   128   11078 
  BFU8_07/INPUT_DATA_7/mul1_sub/MAN_MUL_UNIT/MUL_UNIT_MAN_UNIT/m1/csa_tree_add_74_27_groupi/g464/CO    -       CI->CO R     ADDFX1HVT         1  0.5    25   128   11206 
  BFU8_07/INPUT_DATA_7/mul1_sub/MAN_MUL_UNIT/MUL_UNIT_MAN_UNIT/m1/csa_tree_add_74_27_groupi/g463/CO    -       CI->CO R     ADDFX1HVT         1  0.5    25   128   11334 
  BFU8_07/INPUT_DATA_7/mul1_sub/MAN_MUL_UNIT/MUL_UNIT_MAN_UNIT/m1/csa_tree_add_74_27_groupi/g462/CO    -       CI->CO R     ADDFX1HVT         1  0.5    25   128   11462 
  BFU8_07/INPUT_DATA_7/mul1_sub/MAN_MUL_UNIT/MUL_UNIT_MAN_UNIT/m1/csa_tree_add_74_27_groupi/g461/S     -       CI->S  F     ADDFX1HVT         1  0.5    27   181   11643 
  BFU8_07/INPUT_DATA_7/mul1_sub/MAN_MUL_UNIT/MUL_UNIT_MAN_UNIT/csa_tree_add_108_35_groupi/g823/S       -       CI->S  R     ADDFX1HVT         1  0.8    31   178   11821 
  BFU8_07/INPUT_DATA_7/mul1_sub/MAN_MUL_UNIT/MUL_UNIT_MAN_UNIT/csa_tree_add_108_35_groupi/g795/CO      -       B->CO  R     ADDFX1HVT         1  0.5    25   140   11961 
  BFU8_07/INPUT_DATA_7/mul1_sub/MAN_MUL_UNIT/MUL_UNIT_MAN_UNIT/csa_tree_add_108_35_groupi/g794/CO      -       CI->CO R     ADDFX1HVT         1  0.5    25   128   12089 
  BFU8_07/INPUT_DATA_7/mul1_sub/MAN_MUL_UNIT/MUL_UNIT_MAN_UNIT/csa_tree_add_108_35_groupi/g793/CO      -       CI->CO R     ADDFX1HVT         1  0.5    25   128   12217 
  BFU8_07/INPUT_DATA_7/mul1_sub/MAN_MUL_UNIT/MUL_UNIT_MAN_UNIT/csa_tree_add_108_35_groupi/g792/CO      -       CI->CO R     ADDFX1HVT         1  0.5    25   128   12345 
  BFU8_07/INPUT_DATA_7/mul1_sub/MAN_MUL_UNIT/MUL_UNIT_MAN_UNIT/csa_tree_add_108_35_groupi/g791/CO      -       CI->CO R     ADDFX1HVT         1  0.5    25   128   12473 
  BFU8_07/INPUT_DATA_7/mul1_sub/MAN_MUL_UNIT/MUL_UNIT_MAN_UNIT/csa_tree_add_108_35_groupi/g790/CO      -       CI->CO R     ADDFX1HVT         1  0.5    25   128   12601 
  BFU8_07/INPUT_DATA_7/mul1_sub/MAN_MUL_UNIT/MUL_UNIT_MAN_UNIT/csa_tree_add_108_35_groupi/g789/CO      -       CI->CO R     ADDFX1HVT         1  0.5    25   128   12729 
  BFU8_07/INPUT_DATA_7/mul1_sub/MAN_MUL_UNIT/MUL_UNIT_MAN_UNIT/csa_tree_add_108_35_groupi/g788/CO      -       CI->CO R     ADDFX1HVT         1  0.5    25   128   12857 
  BFU8_07/INPUT_DATA_7/mul1_sub/MAN_MUL_UNIT/MUL_UNIT_MAN_UNIT/csa_tree_add_108_35_groupi/g787/CO      -       CI->CO R     ADDFX1HVT         1  0.5    25   128   12985 
  BFU8_07/INPUT_DATA_7/mul1_sub/MAN_MUL_UNIT/MUL_UNIT_MAN_UNIT/csa_tree_add_108_35_groupi/g786/CO      -       CI->CO R     ADDFX1HVT         1  0.5    25   128   13113 
  BFU8_07/INPUT_DATA_7/mul1_sub/MAN_MUL_UNIT/MUL_UNIT_MAN_UNIT/csa_tree_add_108_35_groupi/g785/CO      -       CI->CO R     ADDFX1HVT         1  0.5    25   128   13241 
  BFU8_07/INPUT_DATA_7/mul1_sub/MAN_MUL_UNIT/MUL_UNIT_MAN_UNIT/csa_tree_add_108_35_groupi/g784/CO      -       CI->CO R     ADDFX1HVT         1  0.5    25   128   13369 
  BFU8_07/INPUT_DATA_7/mul1_sub/MAN_MUL_UNIT/MUL_UNIT_MAN_UNIT/csa_tree_add_108_35_groupi/g783/CO      -       CI->CO R     ADDFX1HVT         1  0.5    25   128   13497 
  BFU8_07/INPUT_DATA_7/mul1_sub/MAN_MUL_UNIT/MUL_UNIT_MAN_UNIT/csa_tree_add_108_35_groupi/g782/CO      -       CI->CO R     ADDFX1HVT         1  0.5    25   128   13625 
  BFU8_07/INPUT_DATA_7/mul1_sub/MAN_MUL_UNIT/MUL_UNIT_MAN_UNIT/csa_tree_add_108_35_groupi/g781/CO      -       CI->CO R     ADDFX1HVT         1  0.5    25   128   13753 
  BFU8_07/INPUT_DATA_7/mul1_sub/MAN_MUL_UNIT/MUL_UNIT_MAN_UNIT/csa_tree_add_108_35_groupi/g780/CO      -       CI->CO R     ADDFX1HVT         1  0.5    25   128   13881 
  BFU8_07/INPUT_DATA_7/mul1_sub/MAN_MUL_UNIT/MUL_UNIT_MAN_UNIT/csa_tree_add_108_35_groupi/g779/CO      -       CI->CO R     ADDFX1HVT         2  0.8    30   131   14012 
  BFU8_07/INPUT_DATA_7/mul1_sub/MAN_MUL_UNIT/MUL_UNIT_MAN_UNIT/csa_tree_add_108_35_groupi/g778/Y       -       B->Y   F     NAND2X1HVT        2  0.6    53    52   14064 
  BFU8_07/INPUT_DATA_7/mul1_sub/MAN_MUL_UNIT/MUL_UNIT_MAN_UNIT/csa_tree_add_108_35_groupi/g776/Y       -       AN->Y  F     NAND2BX1HVT       2  0.6    52    83   14147 
  BFU8_07/INPUT_DATA_7/mul1_sub/MAN_MUL_UNIT/MUL_UNIT_MAN_UNIT/csa_tree_add_108_35_groupi/g774/Y       -       AN->Y  F     NAND2BX1HVT       2  0.6    52    83   14229 
  BFU8_07/INPUT_DATA_7/mul1_sub/MAN_MUL_UNIT/MUL_UNIT_MAN_UNIT/csa_tree_add_108_35_groupi/g772/Y       -       AN->Y  F     NAND2BX1HVT       2  0.6    52    83   14312 
  BFU8_07/INPUT_DATA_7/mul1_sub/MAN_MUL_UNIT/MUL_UNIT_MAN_UNIT/csa_tree_add_108_35_groupi/g770/Y       -       AN->Y  F     NAND2BX1HVT       2  0.6    52    83   14395 
  BFU8_07/INPUT_DATA_7/mul1_sub/MAN_MUL_UNIT/MUL_UNIT_MAN_UNIT/csa_tree_add_108_35_groupi/g767/Y       -       B->Y   F     XNOR2X1HVT        8  2.1    57   107   14502 
  BFU8_07/INPUT_DATA_7/mul1_sub/LOPD_UNIT/LOPD_16bit_UNIT_MSB/LOPD_8bit_unit_1/g283/Y                  -       B->Y   F     OR2X1HVT          3  0.9    30    86   14588 
  BFU8_07/INPUT_DATA_7/mul1_sub/LOPD_UNIT/LOPD_16bit_UNIT_MSB/LOPD_8bit_unit_1/g274/Y                  -       C->Y   R     NOR3BX1HVT        2  0.6    60    52   14640 
  BFU8_07/INPUT_DATA_7/mul1_sub/LOPD_UNIT/LOPD_16bit_UNIT_MSB/g106/Y                                   -       A->Y   R     AND2X1HVT         9  3.2    60   126   14766 
  BFU8_07/INPUT_DATA_7/mul1_sub/LOPD_UNIT/g139/Y                                                       -       A->Y   F     INVX1HVT          4  1.1    40    54   14820 
  BFU8_07/INPUT_DATA_7/mul1_sub/LOPD_UNIT/g134/Y                                                       -       A0->Y  R     AOI22X1HVT        1  0.4    45    66   14886 
  BFU8_07/INPUT_DATA_7/mul1_sub/LOPD_UNIT/g130/Y                                                       -       B->Y   F     NAND2X1HVT       10  3.4   175   129   15014 
  BFU8_07/INPUT_DATA_7/mul1_sub/NOR_UNIT/SHF_left_unit/g2896/Y                                         -       A->Y   R     INVX1HVT          8  3.2    79   121   15136 
  BFU8_07/INPUT_DATA_7/mul1_sub/NOR_UNIT/SHF_left_unit/g2876/Y                                         -       B->Y   F     NAND2X1HVT       17  5.1   251   189   15324 
  BFU8_07/INPUT_DATA_7/mul1_sub/NOR_UNIT/SHF_left_unit/g2848/Y                                         -       A->Y   R     NOR2X1HVT         1  0.4    44   142   15466 
  BFU8_07/INPUT_DATA_7/mul1_sub/NOR_UNIT/g1221/Y                                                       -       A1->Y  F     AOI22X1HVT        1  0.3    85    82   15548 
  BFU8_07/INPUT_DATA_7/mul1_sub/NOR_UNIT/g1198/Y                                                       -       B0->Y  R     OAI2BB1X1HVT      1  0.6    31    58   15606 
  BFU8_07/INPUT_DATA_7/mul1_sub/MAN_ROUNDING_UNIT/g602/CO                                              -       B->CO  R     ADDHX1HVT         1  0.4    17    89   15695 
  BFU8_07/INPUT_DATA_7/mul1_sub/MAN_ROUNDING_UNIT/g601/CO                                              -       A->CO  R     ADDHX1HVT         1  0.6    20    92   15787 
  BFU8_07/INPUT_DATA_7/mul1_sub/MAN_ROUNDING_UNIT/g600/CO                                              -       B->CO  R     ADDHX1HVT         1  0.6    20    85   15872 
  BFU8_07/INPUT_DATA_7/mul1_sub/MAN_ROUNDING_UNIT/g599/CO                                              -       B->CO  R     ADDHX1HVT         1  0.6    20    85   15958 
  BFU8_07/INPUT_DATA_7/mul1_sub/MAN_ROUNDING_UNIT/g598/CO                                              -       B->CO  R     ADDHX1HVT         1  0.6    20    85   16043 
  BFU8_07/INPUT_DATA_7/mul1_sub/MAN_ROUNDING_UNIT/g597/CO                                              -       B->CO  R     ADDHX1HVT         1  0.6    20    85   16129 
  BFU8_07/INPUT_DATA_7/mul1_sub/MAN_ROUNDING_UNIT/g596/CO                                              -       B->CO  R     ADDHX1HVT         1  0.6    20    85   16214 
  BFU8_07/INPUT_DATA_7/mul1_sub/MAN_ROUNDING_UNIT/g595/CO                                              -       B->CO  R     ADDHX1HVT         1  0.6    20    85   16299 
  BFU8_07/INPUT_DATA_7/mul1_sub/MAN_ROUNDING_UNIT/g594/CO                                              -       B->CO  R     ADDHX1HVT         1  0.6    20    85   16385 
  BFU8_07/INPUT_DATA_7/mul1_sub/MAN_ROUNDING_UNIT/g593/CO                                              -       B->CO  R     ADDHX1HVT         1  0.6    20    85   16470 
  BFU8_07/INPUT_DATA_7/mul1_sub/MAN_ROUNDING_UNIT/g592/CO                                              -       B->CO  R     ADDHX1HVT         1  0.6    20    85   16556 
  BFU8_07/INPUT_DATA_7/mul1_sub/MAN_ROUNDING_UNIT/g591/CO                                              -       B->CO  R     ADDHX1HVT         1  0.6    20    85   16641 
  BFU8_07/INPUT_DATA_7/mul1_sub/MAN_ROUNDING_UNIT/g590/CO                                              -       B->CO  R     ADDHX1HVT         1  0.6    20    85   16726 
  BFU8_07/INPUT_DATA_7/mul1_sub/MAN_ROUNDING_UNIT/g589/CO                                              -       B->CO  R     ADDHX1HVT         1  0.6    20    85   16812 
  BFU8_07/INPUT_DATA_7/mul1_sub/MAN_ROUNDING_UNIT/g588/CO                                              -       B->CO  R     ADDHX1HVT         1  0.6    20    85   16897 
  BFU8_07/INPUT_DATA_7/mul1_sub/MAN_ROUNDING_UNIT/g587/CO                                              -       B->CO  R     ADDHX1HVT         1  0.6    20    85   16983 
  BFU8_07/INPUT_DATA_7/mul1_sub/MAN_ROUNDING_UNIT/g586/CO                                              -       B->CO  R     ADDHX1HVT         1  0.6    20    85   17068 
  BFU8_07/INPUT_DATA_7/mul1_sub/MAN_ROUNDING_UNIT/g585/CO                                              -       B->CO  R     ADDHX1HVT         1  0.6    20    85   17153 
  BFU8_07/INPUT_DATA_7/mul1_sub/MAN_ROUNDING_UNIT/g584/CO                                              -       B->CO  R     ADDHX1HVT         1  0.6    20    85   17239 
  BFU8_07/INPUT_DATA_7/mul1_sub/MAN_ROUNDING_UNIT/g583/CO                                              -       B->CO  R     ADDHX1HVT         1  0.6    20    85   17324 
  BFU8_07/INPUT_DATA_7/mul1_sub/MAN_ROUNDING_UNIT/g582/CO                                              -       B->CO  R     ADDHX1HVT         1  0.6    20    85   17410 
  BFU8_07/INPUT_DATA_7/mul1_sub/MAN_ROUNDING_UNIT/g581/CO                                              -       B->CO  R     ADDHX1HVT         2  0.6    20    85   17495 
  BFU8_07/INPUT_DATA_7/mul1_sub/MAN_ROUNDING_UNIT/g579/Y                                               -       C->Y   R     AND3XLHVT         2  0.8    31   119   17614 
  BFU8_07/INPUT_DATA_7/mul1_sub/EXP_ROUNDING_UNIT/g187/Y                                               -       B->Y   F     NAND2X1HVT        2  0.6    53    52   17666 
  BFU8_07/INPUT_DATA_7/mul1_sub/EXP_ROUNDING_UNIT/g185/Y                                               -       AN->Y  F     NAND2BX1HVT       2  0.6    55    83   17749 
  BFU8_07/INPUT_DATA_7/mul1_sub/EXP_ROUNDING_UNIT/g183/Y                                               -       AN->Y  F     NAND2BX1HVT       2  0.6    55    84   17833 
  BFU8_07/INPUT_DATA_7/mul1_sub/EXP_ROUNDING_UNIT/g181/Y                                               -       AN->Y  F     NAND2BX1HVT       2  0.6    55    84   17917 
  BFU8_07/INPUT_DATA_7/mul1_sub/EXP_ROUNDING_UNIT/g179/Y                                               -       AN->Y  F     NAND2BX1HVT       2  0.6    55    84   18000 
  BFU8_07/INPUT_DATA_7/mul1_sub/EXP_ROUNDING_UNIT/g177/Y                                               -       AN->Y  F     NAND2BX1HVT       2  0.6    55    84   18084 
  BFU8_07/INPUT_DATA_7/mul1_sub/EXP_ROUNDING_UNIT/g175/Y                                               -       AN->Y  F     NAND2BX1HVT       1  0.4    46    79   18163 
  BFU8_07/INPUT_DATA_7/mul1_sub/EXP_ROUNDING_UNIT/g173/Y                                               -       B->Y   F     XNOR2X1HVT        1  0.2    16    82   18246 
  BFU8_07/INPUT_DATA_7/mul1_sub/g1226/Y                                                                -       A1N->Y F     OAI2BB1X1HVT     14  3.8   193   144   18390 
  BFU8_07/BFU2_UNIT3/DATA_B_RE/EXP_COM_8BIT/COMP_LESS_UNIT/u_high/g342/Y                               -       A->Y   R     INVX1HVT          2  1.0    48   111   18501 
  BFU8_07/BFU2_UNIT3/DATA_B_RE/EXP_COM_8BIT/COMP_LESS_UNIT/u_high/g335/S                               -       B->S   R     ADDHX1HVT         1  0.2    15   106   18606 
  BFU8_07/BFU2_UNIT3/DATA_B_RE/EXP_COM_8BIT/COMP_LESS_UNIT/u_high/g334/Y                               -       D->Y   R     AND4XLHVT         1  0.2    19   158   18764 
  BFU8_07/BFU2_UNIT3/DATA_B_RE/EXP_COM_8BIT/COMP_LESS_UNIT/g16/Y                                       -       A1->Y  R     AO21X2HVT        60 23.8   208   233   18997 
  BFU8_07/BFU2_UNIT3/DATA_B_RE/EXP_SWAP/g228/Y                                                         -       S0->Y  F     MX2XLHVT          4  0.9    46   176   19173 
  BFU8_07/BFU2_UNIT3/DATA_B_RE/EXP_SUB/CLA_8BIT_UNIT/CLA_4BIT_UNIT_0/g271/Y                            -       A->Y   R     XNOR2X1HVT       28 11.4   187   240   19413 
  BFU8_07/BFU2_UNIT3/DATA_B_RE/EXP_SUB/CLA_8BIT_UNIT/CLA_4BIT_UNIT_0/g270/Y                            -       AN->Y  R     NOR2BX1HVT        2  0.8    43   142   19554 
  BFU8_07/BFU2_UNIT3/DATA_B_RE/EXP_SUB/CLA_8BIT_UNIT/CLA_4BIT_UNIT_0/g266/Y                            -       B->Y   F     XNOR2X1HVT       27  8.4   192   186   19740 
  BFU8_07/BFU2_UNIT3/DATA_B_RE/SHF_RIGHT_MAN/g3851/Y                                                   -       A->Y   R     INVX2HVT         25 10.0   110   139   19879 
  BFU8_07/BFU2_UNIT3/DATA_B_RE/SHF_RIGHT_MAN/g3800/Y                                                   -       B1->Y  F     OAI22X1HVT        2  0.6    83   110   19990 
  BFU8_07/BFU2_UNIT3/DATA_B_RE/SHF_RIGHT_MAN/g3771/Y                                                   -       A1->Y  R     AOI22X1HVT        2  0.4    57    80   20070 
  BFU8_07/BFU2_UNIT3/DATA_B_RE/SHF_RIGHT_MAN/g3747/Y                                                   -       A->Y   R     MX2XLHVT          1  0.4    20   120   20190 
  BFU8_07/BFU2_UNIT3/DATA_B_RE/SHF_RIGHT_MAN/g3725/Y                                                   -       A1->Y  F     OAI22X1HVT        3  0.7    84    79   20270 
  BFU8_07/BFU2_UNIT3/DATA_B_RE/MAN_COMP_24BIT/u_i_data_1/g345/Y                                        -       A->Y   R     INVX1HVT          2  1.0    32    57   20327 
  BFU8_07/BFU2_UNIT3/DATA_B_RE/MAN_COMP_24BIT/u_i_data_1/g338/CO                                       -       B->CO  R     ADDHX1HVT         1  0.4    17    89   20416 
  BFU8_07/BFU2_UNIT3/DATA_B_RE/MAN_COMP_24BIT/u_i_data_1/g336/Y                                        -       A2->Y  F     OAI32X1HVT        1  0.3    75    70   20486 
  BFU8_07/BFU2_UNIT3/DATA_B_RE/MAN_COMP_24BIT/u_i_data_1/g335/Y                                        -       A1->Y  R     AOI22X1HVT        2  0.6    66    80   20566 
  BFU8_07/BFU2_UNIT3/DATA_B_RE/MAN_COMP_24BIT/u_i_data_1/g334/Y                                        -       A1N->Y R     OAI2BB1X1HVT      1  0.4    42   105   20671 
  BFU8_07/BFU2_UNIT3/DATA_B_RE/MAN_COMP_24BIT/u_i_data_1/g333/Y                                        -       B0->Y  F     OAI21X1HVT        1  0.3    51    63   20734 
  BFU8_07/BFU2_UNIT3/DATA_B_RE/MAN_COMP_24BIT/g144/Y                                                   -       B0->Y  R     AOI21X1HVT        1  0.4    38    51   20785 
  BFU8_07/BFU2_UNIT3/DATA_B_RE/MAN_COMP_24BIT/g143/Y                                                   -       B->Y   F     NOR2BX1HVT        1  0.2    21    33   20818 
  BFU8_07/BFU2_UNIT3/DATA_B_RE/MAN_COMP_24BIT/g142/Y                                                   -       A1->Y  F     OA21X1HVT         1  0.3    19    76   20894 
  BFU8_07/BFU2_UNIT3/DATA_B_RE/MAN_COMP_24BIT/g141/Y                                                   -       A1->Y  R     OAI21X1HVT        1  0.4    38    38   20932 
  BFU8_07/BFU2_UNIT3/DATA_B_RE/MAN_COMP_24BIT/g140/Y                                                   -       B->Y   F     NAND2BX1HVT       1  0.2    37    46   20978 
  BFU8_07/BFU2_UNIT3/DATA_B_RE/MAN_COMP_24BIT/g139/Y                                                   -       A1->Y  F     AO21X2HVT        49 19.1   226   215   21193 
  BFU8_07/BFU2_UNIT3/DATA_B_RE/MAN_SWAP/g796/Y                                                         -       S0->Y  F     MX2XLHVT          3  0.8    42   154   21347 
  BFU8_07/BFU2_UNIT3/DATA_B_RE/MAN_ALU/g441/Y                                                          -       B->Y   R     XNOR2X1HVT        1  0.6    21   120   21467 
  BFU8_07/BFU2_UNIT3/DATA_B_RE/MAN_ALU/ALU_SUB_UNIT/CLA_BLOCK_GEN[0].CLA_4BIT_UNIT/g329/S              -       B->S   R     ADDHX1HVT         3  1.0    27   101   21568 
  BFU8_07/BFU2_UNIT3/DATA_B_RE/MAN_ALU/ALU_SUB_UNIT/CLA_BLOCK_GEN[0].CLA_4BIT_UNIT/g324/Y              -       A->Y   R     AND4XLHVT         3  0.8    35   219   21787 
  BFU8_07/BFU2_UNIT3/DATA_B_RE/MAN_ALU/ALU_SUB_UNIT/CLA_BLOCK_GEN[0].CLA_4BIT_UNIT/g319/Y              -       A1N->Y R     OAI2BB1X1HVT      2  0.6    30    94   21881 
  BFU8_07/BFU2_UNIT3/DATA_B_RE/MAN_ALU/ALU_SUB_UNIT/g101/Y                                             -       B0->Y  R     AO21X1HVT         2  0.8    24    65   21946 
  BFU8_07/BFU2_UNIT3/DATA_B_RE/MAN_ALU/ALU_SUB_UNIT/CLA_BLOCK_GEN[1].CLA_4BIT_UNIT/g463/Y              -       A1->Y  F     AOI21X1HVT        2  0.7    68    66   22012 
  BFU8_07/BFU2_UNIT3/DATA_B_RE/MAN_ALU/ALU_SUB_UNIT/CLA_BLOCK_GEN[1].CLA_4BIT_UNIT/g459/Y              -       A1->Y  R     OAI21X1HVT        2  0.8    54    68   22081 
  BFU8_07/BFU2_UNIT3/DATA_B_RE/MAN_ALU/ALU_SUB_UNIT/CLA_BLOCK_GEN[1].CLA_4BIT_UNIT/g457/Y              -       A1->Y  F     AOI22X1HVT        2  0.7    93    96   22177 
  BFU8_07/BFU2_UNIT3/DATA_B_RE/MAN_ALU/ALU_SUB_UNIT/CLA_BLOCK_GEN[1].CLA_4BIT_UNIT/g455/Y              -       A1->Y  R     OAI21X1HVT        3  0.8    57    81   22258 
  BFU8_07/BFU2_UNIT3/DATA_B_RE/MAN_ALU/ALU_SUB_UNIT/g119/Y                                             -       B->Y   R     OR2X1HVT          2  0.8    21    70   22328 
  BFU8_07/BFU2_UNIT3/DATA_B_RE/MAN_ALU/ALU_SUB_UNIT/CLA_BLOCK_GEN[2].CLA_4BIT_UNIT/g463/Y              -       A1->Y  F     AOI21X1HVT        2  0.7    67    64   22393 
  BFU8_07/BFU2_UNIT3/DATA_B_RE/MAN_ALU/ALU_SUB_UNIT/CLA_BLOCK_GEN[2].CLA_4BIT_UNIT/g459/Y              -       A1->Y  R     OAI21X1HVT        2  0.8    54    68   22461 
  BFU8_07/BFU2_UNIT3/DATA_B_RE/MAN_ALU/ALU_SUB_UNIT/CLA_BLOCK_GEN[2].CLA_4BIT_UNIT/g457/Y              -       A1->Y  F     AOI22X1HVT        2  0.7    93    96   22557 
  BFU8_07/BFU2_UNIT3/DATA_B_RE/MAN_ALU/ALU_SUB_UNIT/CLA_BLOCK_GEN[2].CLA_4BIT_UNIT/g455/Y              -       A1->Y  R     OAI21X1HVT        3  0.8    57    81   22638 
  BFU8_07/BFU2_UNIT3/DATA_B_RE/MAN_ALU/ALU_SUB_UNIT/g146/Y                                             -       AN->Y  R     NAND2BX1HVT       2  0.6    25    68   22706 
  BFU8_07/BFU2_UNIT3/DATA_B_RE/MAN_ALU/ALU_SUB_UNIT/CLA_BLOCK_GEN[3].CLA_4BIT_UNIT/g463/Y              -       A1N->Y R     OAI2BB1X1HVT      2  0.6    27    89   22796 
  BFU8_07/BFU2_UNIT3/DATA_B_RE/MAN_ALU/ALU_SUB_UNIT/CLA_BLOCK_GEN[3].CLA_4BIT_UNIT/g459/Y              -       A1N->Y R     OAI2BB1X1HVT      2  0.8    30    92   22888 
  BFU8_07/BFU2_UNIT3/DATA_B_RE/MAN_ALU/ALU_SUB_UNIT/CLA_BLOCK_GEN[3].CLA_4BIT_UNIT/g457/Y              -       A1->Y  F     AOI22X1HVT        2  0.7    91    84   22971 
  BFU8_07/BFU2_UNIT3/DATA_B_RE/MAN_ALU/ALU_SUB_UNIT/CLA_BLOCK_GEN[3].CLA_4BIT_UNIT/g455/Y              -       A1->Y  R     OAI21X1HVT        3  0.8    56    80   23051 
  BFU8_07/BFU2_UNIT3/DATA_B_RE/MAN_ALU/ALU_SUB_UNIT/g181/Y                                             -       AN->Y  R     NAND2BX1HVT       2  0.8    28    70   23120 
  BFU8_07/BFU2_UNIT3/DATA_B_RE/MAN_ALU/ALU_SUB_UNIT/CLA_BLOCK_GEN[4].CLA_4BIT_UNIT/g374/Y              -       A1->Y  F     AOI22X1HVT        2  0.7    91    83   23203 
  BFU8_07/BFU2_UNIT3/DATA_B_RE/MAN_ALU/ALU_SUB_UNIT/CLA_BLOCK_GEN[4].CLA_4BIT_UNIT/g372/Y              -       A1->Y  R     OAI21X1HVT        2  0.8    56    80   23283 
  BFU8_07/BFU2_UNIT3/DATA_B_RE/MAN_ALU/ALU_SUB_UNIT/CLA_BLOCK_GEN[4].CLA_4BIT_UNIT/g370/Y              -       A1->Y  F     AOI22X1HVT        2  0.7    94    98   23381 
  BFU8_07/BFU2_UNIT3/DATA_B_RE/MAN_ALU/ALU_SUB_UNIT/CLA_BLOCK_GEN[4].CLA_4BIT_UNIT/g368/Y              -       A1->Y  R     OAI21X1HVT        2  0.6    51    78   23458 
  BFU8_07/BFU2_UNIT3/DATA_B_RE/MAN_ALU/ALU_SUB_UNIT/g213/Y                                             -       AN->Y  R     NAND2BX1HVT       2  0.6    25    65   23524 
  BFU8_07/BFU2_UNIT3/DATA_B_RE/MAN_ALU/ALU_SUB_UNIT/CLA_BLOCK_GEN[5].CLA_4BIT_UNIT/g511/Y              -       A1N->Y R     OAI2BB1X1HVT      2  0.6    26    89   23613 
  BFU8_07/BFU2_UNIT3/DATA_B_RE/MAN_ALU/ALU_SUB_UNIT/CLA_BLOCK_GEN[5].CLA_4BIT_UNIT/g507/Y              -       A1N->Y R     OAI2BB1X1HVT      2  0.8    30    92   23705 
  BFU8_07/BFU2_UNIT3/DATA_B_RE/MAN_ALU/ALU_SUB_UNIT/CLA_BLOCK_GEN[5].CLA_4BIT_UNIT/g505/Y              -       A1->Y  F     AOI22X1HVT        2  0.7    91    84   23788 
  BFU8_07/BFU2_UNIT3/DATA_B_RE/MAN_ALU/ALU_SUB_UNIT/CLA_BLOCK_GEN[5].CLA_4BIT_UNIT/g504/Y              -       B->Y   F     XOR2XLHVT         1  0.3    22    87   23875 
  BFU8_07/BFU2_UNIT3/DATA_B_RE/MAN_ALU/g1877/Y                                                         -       A1->Y  R     AOI22X1HVT        1  0.4    57    51   23926 
  BFU8_07/BFU2_UNIT3/DATA_B_RE/MAN_ALU/g1846/Y                                                         -       B0->Y  F     OAI2BB1X1HVT      8  2.2   124   114   24040 
  BFU8_07/BFU2_UNIT3/DATA_B_RE/LOPD_24BIT/LOPD_16bit_UNIT_MSB/LOPD_8bit_unit_1/g283/Y                  -       B->Y   F     OR2X1HVT          3  0.9    31   111   24151 
  BFU8_07/BFU2_UNIT3/DATA_B_RE/LOPD_24BIT/LOPD_16bit_UNIT_MSB/LOPD_8bit_unit_1/g274/Y                  -       C->Y   R     NOR3BX1HVT        2  0.6    60    52   24203 
  BFU8_07/BFU2_UNIT3/DATA_B_RE/LOPD_24BIT/LOPD_16bit_UNIT_MSB/g106/Y                                   -       A->Y   R     AND2X1HVT         7  2.6    51   120   24324 
  BFU8_07/BFU2_UNIT3/DATA_B_RE/LOPD_24BIT/g139/Y                                                       -       A->Y   F     INVX1HVT          4  1.1    38    49   24373 
  BFU8_07/BFU2_UNIT3/DATA_B_RE/LOPD_24BIT/g135/Y                                                       -       A0->Y  R     AOI22X1HVT        1  0.4    46    65   24438 
  BFU8_07/BFU2_UNIT3/DATA_B_RE/LOPD_24BIT/g131/Y                                                       -       B->Y   F     NAND2X1HVT        2  0.5    50    58   24495 
  BFU8_07/BFU2_UNIT3/DATA_B_RE/g600/Y                                                                  -       A->Y   F     AND2X1HVT        27  8.8   198   156   24651 
  BFU8_07/BFU2_UNIT3/DATA_B_RE/NOR_UNIT/SHF_left_unit/g3019/Y                                          -       A->Y   R     INVX2HVT         24  9.6   108   140   24791 
  BFU8_07/BFU2_UNIT3/DATA_B_RE/NOR_UNIT/SHF_left_unit/g3002/Y                                          -       A1->Y  F     AOI22X1HVT        2  0.6    94   123   24914 
  BFU8_07/BFU2_UNIT3/DATA_B_RE/NOR_UNIT/SHF_left_unit/g2993/Y                                          -       A->Y   R     INVX1HVT          1  0.4    24    56   24970 
  BFU8_07/BFU2_UNIT3/DATA_B_RE/NOR_UNIT/SHF_left_unit/g2955/Y                                          -       A1->Y  F     AOI22X1HVT        4  1.2   120    93   25064 
  BFU8_07/BFU2_UNIT3/DATA_B_RE/NOR_UNIT/SHF_left_unit/g2940/Y                                          -       B->Y   R     NOR2X1HVT         1  0.4    41    78   25142 
  BFU8_07/BFU2_UNIT3/DATA_B_RE/NOR_UNIT/g1478/Y                                                        -       A1->Y  F     AOI22X1HVT        1  0.3    86    80   25222 
  BFU8_07/BFU2_UNIT3/DATA_B_RE/NOR_UNIT/g1451/Y                                                        -       B0->Y  R     OAI2BB1X1HVT      1  0.4    28    57   25279 
  BFU8_07/BFU2_UNIT3/DATA_B_RE/MAN_RND/g658/Y                                                          -       D->Y   F     NOR4X1HVT         1  0.3    41    33   25312 
  BFU8_07/BFU2_UNIT3/DATA_B_RE/MAN_RND/g657/Y                                                          -       B->Y   R     NOR2BX1HVT        1  0.4    32    40   25352 
  BFU8_07/BFU2_UNIT3/DATA_B_RE/MAN_RND/g656/CO                                                         -       A->CO  R     ADDHX1HVT         1  0.6    20    99   25452 
  BFU8_07/BFU2_UNIT3/DATA_B_RE/MAN_RND/g655/CO                                                         -       B->CO  R     ADDHX1HVT         1  0.6    20    85   25537 
  BFU8_07/BFU2_UNIT3/DATA_B_RE/MAN_RND/g654/CO                                                         -       B->CO  R     ADDHX1HVT         1  0.6    20    85   25622 
  BFU8_07/BFU2_UNIT3/DATA_B_RE/MAN_RND/g653/CO                                                         -       B->CO  R     ADDHX1HVT         1  0.6    20    85   25708 
  BFU8_07/BFU2_UNIT3/DATA_B_RE/MAN_RND/g652/CO                                                         -       B->CO  R     ADDHX1HVT         1  0.6    20    85   25793 
  BFU8_07/BFU2_UNIT3/DATA_B_RE/MAN_RND/g651/CO                                                         -       B->CO  R     ADDHX1HVT         1  0.6    20    85   25878 
  BFU8_07/BFU2_UNIT3/DATA_B_RE/MAN_RND/g650/CO                                                         -       B->CO  R     ADDHX1HVT         1  0.6    20    85   25964 
  BFU8_07/BFU2_UNIT3/DATA_B_RE/MAN_RND/g649/CO                                                         -       B->CO  R     ADDHX1HVT         1  0.6    20    85   26049 
  BFU8_07/BFU2_UNIT3/DATA_B_RE/MAN_RND/g648/CO                                                         -       B->CO  R     ADDHX1HVT         1  0.6    20    85   26135 
  BFU8_07/BFU2_UNIT3/DATA_B_RE/MAN_RND/g647/CO                                                         -       B->CO  R     ADDHX1HVT         1  0.6    20    85   26220 
  BFU8_07/BFU2_UNIT3/DATA_B_RE/MAN_RND/g646/CO                                                         -       B->CO  R     ADDHX1HVT         1  0.6    20    85   26306 
  BFU8_07/BFU2_UNIT3/DATA_B_RE/MAN_RND/g645/CO                                                         -       B->CO  R     ADDHX1HVT         1  0.6    20    85   26391 
  BFU8_07/BFU2_UNIT3/DATA_B_RE/MAN_RND/g644/CO                                                         -       B->CO  R     ADDHX1HVT         1  0.6    20    85   26476 
  BFU8_07/BFU2_UNIT3/DATA_B_RE/MAN_RND/g643/CO                                                         -       B->CO  R     ADDHX1HVT         1  0.6    20    85   26562 
  BFU8_07/BFU2_UNIT3/DATA_B_RE/MAN_RND/g642/CO                                                         -       B->CO  R     ADDHX1HVT         1  0.6    20    85   26647 
  BFU8_07/BFU2_UNIT3/DATA_B_RE/MAN_RND/g641/CO                                                         -       B->CO  R     ADDHX1HVT         1  0.6    20    85   26732 
  BFU8_07/BFU2_UNIT3/DATA_B_RE/MAN_RND/g640/CO                                                         -       B->CO  R     ADDHX1HVT         1  0.6    20    85   26818 
  BFU8_07/BFU2_UNIT3/DATA_B_RE/MAN_RND/g639/CO                                                         -       B->CO  R     ADDHX1HVT         1  0.6    20    85   26903 
  BFU8_07/BFU2_UNIT3/DATA_B_RE/MAN_RND/g638/CO                                                         -       B->CO  R     ADDHX1HVT         1  0.6    20    85   26989 
  BFU8_07/BFU2_UNIT3/DATA_B_RE/MAN_RND/g637/CO                                                         -       B->CO  R     ADDHX1HVT         1  0.6    20    85   27074 
  BFU8_07/BFU2_UNIT3/DATA_B_RE/MAN_RND/g636/CO                                                         -       B->CO  R     ADDHX1HVT         1  0.6    20    85   27160 
  BFU8_07/BFU2_UNIT3/DATA_B_RE/MAN_RND/g635/CO                                                         -       B->CO  R     ADDHX1HVT         2  0.6    20    85   27245 
  BFU8_07/BFU2_UNIT3/DATA_B_RE/MAN_RND/g633/Y                                                          -       C->Y   R     AND3XLHVT         2  0.8    31   119   27364 
  BFU8_07/BFU2_UNIT3/DATA_B_RE/EXP_RND/g187/Y                                                          -       B->Y   F     NAND2X1HVT        2  0.6    53    52   27416 
  BFU8_07/BFU2_UNIT3/DATA_B_RE/EXP_RND/g185/Y                                                          -       AN->Y  F     NAND2BX1HVT       2  0.6    52    83   27499 
  BFU8_07/BFU2_UNIT3/DATA_B_RE/EXP_RND/g183/Y                                                          -       AN->Y  F     NAND2BX1HVT       2  0.6    53    83   27582 
  BFU8_07/BFU2_UNIT3/DATA_B_RE/EXP_RND/g181/Y                                                          -       AN->Y  F     NAND2BX1HVT       2  0.6    53    83   27665 
  BFU8_07/BFU2_UNIT3/DATA_B_RE/EXP_RND/g179/Y                                                          -       AN->Y  F     NAND2BX1HVT       2  0.6    55    83   27748 
  BFU8_07/BFU2_UNIT3/DATA_B_RE/EXP_RND/g177/Y                                                          -       AN->Y  F     NAND2BX1HVT       2  0.6    52    84   27832 
  BFU8_07/BFU2_UNIT3/DATA_B_RE/EXP_RND/g175/Y                                                          -       AN->Y  F     NAND2BX1HVT       1  0.4    44    78   27909 
  BFU8_07/BFU2_UNIT3/DATA_B_RE/EXP_RND/g173/Y                                                          -       B->Y   R     XNOR2X1HVT        1  0.4    18   119   28028 
  BFU8_07/BFU2_UNIT3/DATA_B_RE/g2955/Y                                                                 -       B1->Y  F     AOI222X1HVT       1  0.3   115    72   28100 
  BFU8_07/BFU2_UNIT3/DATA_B_RE/g2942/Y                                                                 -       B->Y   R     NAND2X1HVT        1  0.4    36    68   28169 
  X7_real_reg[30]/SI                                                                                   <<<     -      R     SDFFRHQX1HVT      1    -     -     0   28169 
#------------------------------------------------------------------------------------------------------------------------------------------------------------------------

