============================================================
  Generated by:           Genus(TM) Synthesis Solution GENUS15.20 - 15.20-p004_1
  Generated on:           Jan 05 2026  09:40:55 am
  Module:                 FFT_8Points
  Wireload mode:          enclosed
  Area mode:              timing library
============================================================

                                    
    Gate      Instances     Area        Library    
---------------------------------------------------
ADDFX1HVT           728    3734.640    slow_vdd1v2 
ADDFX2HVT            56     440.496    slow_vdd1v2 
ADDHX1HVT          2292    8622.504    slow_vdd1v2 
AND2X1HVT           581     794.808    slow_vdd1v2 
AND2XLHVT           251     343.368    slow_vdd1v2 
AND3XLHVT            82     168.264    slow_vdd1v2 
AND4XLHVT           364     871.416    slow_vdd1v2 
AO21X1HVT            52     124.488    slow_vdd1v2 
AO21X2HVT           104     284.544    slow_vdd1v2 
AO21XLHVT           152     363.888    slow_vdd1v2 
AO22X1HVT             4      10.944    slow_vdd1v2 
AO22XLHVT           224     612.864    slow_vdd1v2 
AOI211XLHVT          20      41.040    slow_vdd1v2 
AOI21X1HVT          741    1267.110    slow_vdd1v2 
AOI221X1HVT         548    1311.912    slow_vdd1v2 
AOI222X1HVT         444    1366.632    slow_vdd1v2 
AOI22X1HVT         8225   16877.700    slow_vdd1v2 
AOI22XLHVT          815    1672.380    slow_vdd1v2 
AOI2BB1X1HVT        316     648.432    slow_vdd1v2 
AOI2BB1XLHVT        224     459.648    slow_vdd1v2 
AOI31X1HVT          156     320.112    slow_vdd1v2 
AOI32X1HVT          408     976.752    slow_vdd1v2 
BUFX12HVT             1       5.130    slow_vdd1v2 
BUFX2HVT             52      88.920    slow_vdd1v2 
BUFX3HVT              4       8.208    slow_vdd1v2 
CLKINVX12HVT        514    2109.456    slow_vdd1v2 
CLKXOR2X1HVT        199     544.464    slow_vdd1v2 
DFFRHQX1HVT        1029    6334.524    slow_vdd1v2 
DFFRX1HVT             1       6.840    slow_vdd1v2 
DFFRX2HVT             1       7.524    slow_vdd1v2 
INVX1HVT           6763    4625.892    slow_vdd1v2 
INVX2HVT            190     194.940    slow_vdd1v2 
INVX3HVT              8      10.944    slow_vdd1v2 
INVXLHVT             16      10.944    slow_vdd1v2 
MX2X1HVT           3018    7225.092    slow_vdd1v2 
MX2XLHVT           3244    7766.136    slow_vdd1v2 
MXI2XLHVT           864    2068.416    slow_vdd1v2 
NAND2BX1HVT        1606    2197.008    slow_vdd1v2 
NAND2BXLHVT          24      32.832    slow_vdd1v2 
NAND2X1HVT         3755    3852.630    slow_vdd1v2 
NAND2X2HVT            4       6.840    slow_vdd1v2 
NAND3BXLHVT          80     136.800    slow_vdd1v2 
NAND3X1HVT           56      95.760    slow_vdd1v2 
NAND3XLHVT            4       6.840    slow_vdd1v2 
NAND4BX1HVT          50     119.700    slow_vdd1v2 
NAND4X1HVT           40      82.080    slow_vdd1v2 
NAND4XLHVT          402     687.420    slow_vdd1v2 
NOR2BX1HVT         1596    2183.328    slow_vdd1v2 
NOR2X1HVT          2761    2832.786    slow_vdd1v2 
NOR2X2HVT            52      88.920    slow_vdd1v2 
NOR2XLHVT            52      53.352    slow_vdd1v2 
NOR3BX1HVT          176     361.152    slow_vdd1v2 
NOR3BXLHVT           26      53.352    slow_vdd1v2 
NOR3X1HVT            52      88.920    slow_vdd1v2 
NOR4BBX1HVT         152     415.872    slow_vdd1v2 
NOR4BX1HVT          208     497.952    slow_vdd1v2 
NOR4X1HVT           678    1159.380    slow_vdd1v2 
NOR4XLHVT             4       8.208    slow_vdd1v2 
OA21X1HVT           332     681.264    slow_vdd1v2 
OA22X1HVT           492    1177.848    slow_vdd1v2 
OAI211X1HVT         196     335.160    slow_vdd1v2 
OAI21X1HVT         1269    2169.990    slow_vdd1v2 
OAI221X1HVT         872    2087.568    slow_vdd1v2 
OAI222X1HVT         450    1231.200    slow_vdd1v2 
OAI22X1HVT         3134    6430.968    slow_vdd1v2 
OAI2BB1X1HVT       4722    8074.620    slow_vdd1v2 
OAI32X1HVT          428    1024.632    slow_vdd1v2 
OAI33X1HVT           26      71.136    slow_vdd1v2 
OR2X1HVT            380     519.840    slow_vdd1v2 
OR2XLHVT            815    1114.920    slow_vdd1v2 
OR3XLHVT              4       8.208    slow_vdd1v2 
OR4X1HVT           2244    4604.688    slow_vdd1v2 
SDFFRHQX1HVT       1021    8380.368    slow_vdd1v2 
SDFFRHQX2HVT          3      29.754    slow_vdd1v2 
XNOR2X1HVT         4467   10693.998    slow_vdd1v2 
XOR2XLHVT          1742    4766.112    slow_vdd1v2 
---------------------------------------------------
total             67066  140684.778                


                                       
   Type    Instances    Area    Area % 
---------------------------------------
sequential      2055  14759.010   10.5 
inverter        7491   6952.176    4.9 
buffer            57    102.258    0.1 
logic          57463 118871.334   84.5 
---------------------------------------
total          67066 140684.778  100.0 

