Command: report datapath > ./slow_vdd1v2_basicCells_hvt/report/FFT_8Points_datapath.rpt
============================================================
  Generated by:           Genus(TM) Synthesis Solution GENUS15.20 - 15.20-p004_1
  Generated on:           Jan 05 2026  09:40:55 am
  Module:                 FFT_8Points
  Wireload mode:          enclosed
  Area mode:              timing library
============================================================


Inferred components

                       Operator   Signedness   Inputs   Outputs CellArea 
=========================================================================
FFT_8Points
 BFU8_07
  INPUT_DATA_5
   mul1_add
    MAN_MUL_UNIT
     MUL_UNIT_MAN_UNIT
      csa_tree_add_108_35_groupi
       
       module:csa_tree_add_108_35_group_692_693_3
        very_fast   csa_and_adder            48x32x40x4 48        262.66 
                                             0                           
-------------------------------------------------------------------------
        add_108_35        +       unsigned   42x48      48               
        add_108_27        +       unsigned   32x41      42               
        add_105_32        +       unsigned   40x40      41               
=========================================================================
FFT_8Points
 BFU8_07
  INPUT_DATA_5
   mul1_add
    MAN_MUL_UNIT
     MUL_UNIT_MAN_UNIT
      m1
       csa_tree_add_74_27_groupi
        
        module:csa_tree_add_74_27_group_684_685_3
         very_fast  csa_and_adder            32x16x24x2 32        186.05 
                                             4                           
-------------------------------------------------------------------------
         add_74_27        +       unsigned   26x32      32               
         add_74_19        +       unsigned   16x25      26               
         add_72_38        +       unsigned   24x24      25               
=========================================================================
FFT_8Points
 BFU8_07
  INPUT_DATA_5
   mul1_add
    MAN_MUL_UNIT
     MUL_UNIT_MAN_UNIT
      m1
       m1
        csa_tree_add_46_27_groupi
         
         module:csa_tree_add_46_27_group_388_389_8
          slow      csa_and_adder            16x8x12x12 16        117.99 
-------------------------------------------------------------------------
          add_46_27       +       unsigned   14x16      16               
          add_46_19       +       unsigned   8x13       14               
          add_44_34       +       unsigned   12x12      13               
=========================================================================
FFT_8Points
 BFU8_07
  INPUT_DATA_5
   mul1_add
    MAN_MUL_UNIT
     MUL_UNIT_MAN_UNIT
      m1
       m2
        csa_tree_add_46_27_groupi
         
         module:csa_tree_add_46_27_group_388_389_5435
          slow      csa_and_adder            16x8x12x12 16        117.99 
=========================================================================
FFT_8Points
 BFU8_07
  INPUT_DATA_5
   mul1_add
    MAN_MUL_UNIT
     MUL_UNIT_MAN_UNIT
      m2
       m1
        csa_tree_add_46_27_groupi
         
         module:csa_tree_add_46_27_group_388_389_12
          slow      csa_and_adder            16x8x12x12 16        117.99 
=========================================================================
FFT_8Points
 BFU8_07
  INPUT_DATA_5
   mul1_add
    MAN_MUL_UNIT
     MUL_UNIT_MAN_UNIT
      m2
       m2
        csa_tree_add_46_27_groupi
         
         module:csa_tree_add_46_27_group_388_389_13
          slow      csa_and_adder            16x8x12x12 16        117.99 
=========================================================================
FFT_8Points
 BFU8_07
  INPUT_DATA_5
   mul1_add
    MAN_MUL_UNIT
     MUL_UNIT_MAN_UNIT
      m3
       m1
        csa_tree_add_46_27_groupi
         
         module:csa_tree_add_46_27_group_388_389_5_5438
          slow      csa_and_adder            16x8x12x12 16        108.41 
=========================================================================
FFT_8Points
 BFU8_07
  INPUT_DATA_5
   mul1_add
    MAN_MUL_UNIT
     MUL_UNIT_MAN_UNIT
      m4
       csa_tree_add_46_27_groupi
        
        module:csa_tree_add_46_27_group_388_389_34_5442
         slow       csa_and_adder            16x8x12x12 16        117.31 
=========================================================================
FFT_8Points
 BFU8_07
  INPUT_DATA_5
   mul1_sub
    MAN_MUL_UNIT
     MUL_UNIT_MAN_UNIT
      csa_tree_add_108_35_groupi
       
       module:csa_tree_add_108_35_group_692_693
        very_fast   csa_and_adder            48x32x40x4 48        262.66 
                                             0                           
=========================================================================
FFT_8Points
 BFU8_07
  INPUT_DATA_5
   mul1_sub
    MAN_MUL_UNIT
     MUL_UNIT_MAN_UNIT
      m1
       csa_tree_add_74_27_groupi
        
        module:csa_tree_add_74_27_group_684_685
         very_fast  csa_and_adder            32x16x24x2 32        186.05 
                                             4                           
=========================================================================
FFT_8Points
 BFU8_07
  INPUT_DATA_5
   mul1_sub
    MAN_MUL_UNIT
     MUL_UNIT_MAN_UNIT
      m1
       m1
        csa_tree_add_46_27_groupi
         
         module:csa_tree_add_46_27_group_388_389_8_5447
          slow      csa_and_adder            16x8x12x12 16        117.99 
=========================================================================
FFT_8Points
 BFU8_07
  INPUT_DATA_5
   mul1_sub
    MAN_MUL_UNIT
     MUL_UNIT_MAN_UNIT
      m1
       m2
        csa_tree_add_46_27_groupi
         
         module:csa_tree_add_46_27_group_388_389_5436
          slow      csa_and_adder            16x8x12x12 16        117.99 
=========================================================================
FFT_8Points
 BFU8_07
  INPUT_DATA_5
   mul1_sub
    MAN_MUL_UNIT
     MUL_UNIT_MAN_UNIT
      m2
       m1
        csa_tree_add_46_27_groupi
         
         module:csa_tree_add_46_27_group_388_389_12_5450
          slow      csa_and_adder            16x8x12x12 16        117.99 
=========================================================================
FFT_8Points
 BFU8_07
  INPUT_DATA_5
   mul1_sub
    MAN_MUL_UNIT
     MUL_UNIT_MAN_UNIT
      m2
       m2
        csa_tree_add_46_27_groupi
         
         module:csa_tree_add_46_27_group_388_389_13_5444
          slow      csa_and_adder            16x8x12x12 16        117.99 
=========================================================================
FFT_8Points
 BFU8_07
  INPUT_DATA_5
   mul1_sub
    MAN_MUL_UNIT
     MUL_UNIT_MAN_UNIT
      m3
       m1
        csa_tree_add_46_27_groupi
         
         module:csa_tree_add_46_27_group_388_389_5
          slow      csa_and_adder            16x8x12x12 16        108.41 
=========================================================================
FFT_8Points
 BFU8_07
  INPUT_DATA_5
   mul1_sub
    MAN_MUL_UNIT
     MUL_UNIT_MAN_UNIT
      m4
       csa_tree_add_46_27_groupi
        
        module:csa_tree_add_46_27_group_388_389_34_5443
         slow       csa_and_adder            16x8x12x12 16        117.31 
=========================================================================
FFT_8Points
 BFU8_07
  INPUT_DATA_7
   mul1_add
    MAN_MUL_UNIT
     MUL_UNIT_MAN_UNIT
      csa_tree_add_108_35_groupi
       
       module:csa_tree_add_108_35_group_692_693_1
        very_fast   csa_and_adder            48x32x40x4 48        262.66 
                                             0                           
=========================================================================
FFT_8Points
 BFU8_07
  INPUT_DATA_7
   mul1_add
    MAN_MUL_UNIT
     MUL_UNIT_MAN_UNIT
      m1
       csa_tree_add_74_27_groupi
        
        module:csa_tree_add_74_27_group_684_685_1
         very_fast  csa_and_adder            32x16x24x2 32        186.05 
                                             4                           
=========================================================================
FFT_8Points
 BFU8_07
  INPUT_DATA_7
   mul1_add
    MAN_MUL_UNIT
     MUL_UNIT_MAN_UNIT
      m1
       m1
        csa_tree_add_46_27_groupi
         
         module:csa_tree_add_46_27_group_388_389_8_5448
          slow      csa_and_adder            16x8x12x12 16        117.99 
=========================================================================
FFT_8Points
 BFU8_07
  INPUT_DATA_7
   mul1_add
    MAN_MUL_UNIT
     MUL_UNIT_MAN_UNIT
      m1
       m2
        csa_tree_add_46_27_groupi
         
         module:csa_tree_add_46_27_group_388_389_5437
          slow      csa_and_adder            16x8x12x12 16        117.99 
=========================================================================
FFT_8Points
 BFU8_07
  INPUT_DATA_7
   mul1_add
    MAN_MUL_UNIT
     MUL_UNIT_MAN_UNIT
      m2
       m1
        csa_tree_add_46_27_groupi
         
         module:csa_tree_add_46_27_group_388_389_12_5451
          slow      csa_and_adder            16x8x12x12 16        117.99 
=========================================================================
FFT_8Points
 BFU8_07
  INPUT_DATA_7
   mul1_add
    MAN_MUL_UNIT
     MUL_UNIT_MAN_UNIT
      m2
       m2
        csa_tree_add_46_27_groupi
         
         module:csa_tree_add_46_27_group_388_389_13_5445
          slow      csa_and_adder            16x8x12x12 16        117.99 
=========================================================================
FFT_8Points
 BFU8_07
  INPUT_DATA_7
   mul1_add
    MAN_MUL_UNIT
     MUL_UNIT_MAN_UNIT
      m3
       m1
        csa_tree_add_46_27_groupi
         
         module:csa_tree_add_46_27_group_388_389_5_5440
          slow      csa_and_adder            16x8x12x12 16        108.41 
=========================================================================
FFT_8Points
 BFU8_07
  INPUT_DATA_7
   mul1_add
    MAN_MUL_UNIT
     MUL_UNIT_MAN_UNIT
      m4
       csa_tree_add_46_27_groupi
        
        module:csa_tree_add_46_27_group_388_389_34
         slow       csa_and_adder            16x8x12x12 16        117.31 
=========================================================================
FFT_8Points
 BFU8_07
  INPUT_DATA_7
   mul1_sub
    MAN_MUL_UNIT
     MUL_UNIT_MAN_UNIT
      csa_tree_add_108_35_groupi
       
       module:csa_tree_add_108_35_group_692_693_2
        very_fast   csa_and_adder            48x32x40x4 48        262.66 
                                             0                           
=========================================================================
FFT_8Points
 BFU8_07
  INPUT_DATA_7
   mul1_sub
    MAN_MUL_UNIT
     MUL_UNIT_MAN_UNIT
      m1
       csa_tree_add_74_27_groupi
        
        module:csa_tree_add_74_27_group_684_685_2
         very_fast  csa_and_adder            32x16x24x2 32        186.05 
                                             4                           
=========================================================================
FFT_8Points
 BFU8_07
  INPUT_DATA_7
   mul1_sub
    MAN_MUL_UNIT
     MUL_UNIT_MAN_UNIT
      m1
       m1
        csa_tree_add_46_27_groupi
         
         module:csa_tree_add_46_27_group_388_389_8_5449
          slow      csa_and_adder            16x8x12x12 16        117.99 
=========================================================================
FFT_8Points
 BFU8_07
  INPUT_DATA_7
   mul1_sub
    MAN_MUL_UNIT
     MUL_UNIT_MAN_UNIT
      m1
       m2
        csa_tree_add_46_27_groupi
         
         module:csa_tree_add_46_27_group_388_389
          slow      csa_and_adder            16x8x12x12 16        117.99 
=========================================================================
FFT_8Points
 BFU8_07
  INPUT_DATA_7
   mul1_sub
    MAN_MUL_UNIT
     MUL_UNIT_MAN_UNIT
      m2
       m1
        csa_tree_add_46_27_groupi
         
         module:csa_tree_add_46_27_group_388_389_12_5452
          slow      csa_and_adder            16x8x12x12 16        117.99 
=========================================================================
FFT_8Points
 BFU8_07
  INPUT_DATA_7
   mul1_sub
    MAN_MUL_UNIT
     MUL_UNIT_MAN_UNIT
      m2
       m2
        csa_tree_add_46_27_groupi
         
         module:csa_tree_add_46_27_group_388_389_13_5446
          slow      csa_and_adder            16x8x12x12 16        117.99 
=========================================================================
FFT_8Points
 BFU8_07
  INPUT_DATA_7
   mul1_sub
    MAN_MUL_UNIT
     MUL_UNIT_MAN_UNIT
      m3
       m1
        csa_tree_add_46_27_groupi
         
         module:csa_tree_add_46_27_group_388_389_5_5439
          slow      csa_and_adder            16x8x12x12 16        108.41 
=========================================================================
FFT_8Points
 BFU8_07
  INPUT_DATA_7
   mul1_sub
    MAN_MUL_UNIT
     MUL_UNIT_MAN_UNIT
      m4
       csa_tree_add_46_27_groupi
        
        module:csa_tree_add_46_27_group_388_389_34_5441
         slow       csa_and_adder            16x8x12x12 16        117.31 
=========================================================================

      Type        CellArea Percentage 
--------------------------------------
datapath modules   4585.54       3.26 
external muxes        0.00       0.00 
others           136099.24      96.74 
--------------------------------------
total            140684.78     100.00 

