============================================================
  Generated by:           Genus(TM) Synthesis Solution GENUS15.20 - 15.20-p004_1
  Generated on:           Jan 05 2026  09:40:55 am
  Module:                 FFT_8Points
  Wireload mode:          enclosed
  Area mode:              timing library
============================================================

Timing
--------

Clock   Period  
----------------
i_clk 1000000.0 


  Cost    Critical       Violating 
 Group   Path Slack TNS    Paths   
-----------------------------------
default    No paths   0            
i_clk      971680.8   0          0 
-----------------------------------
Total                 0          0 

Instance Count
--------------
Leaf Instance Count             67066 
Sequential Instance Count        2055 
Combinational Instance Count    65011 
Hierarchical Instance Count      2674 

Area
----
Cell Area                          140684.778
Physical Cell Area                 0.000
Total Cell Area (Cell+Physical)    140684.778
Net Area                           0.000
Total Area (Cell+Physical+Net)     140684.778

Max Fanout                         2055 (i_rst_n)
Min Fanout                         0 (BFU2_S1_04/DATA_A_IM/EXP_ADJUST/CLA_8BIT_UNIT/w_G_22)
Average Fanout                     2.6
Terms to net ratio                 3.6
Terms to instance ratio            3.9
Runtime                            516.323 seconds
Elapsed Runtime                    562 seconds
RC peak memory usage:              865.71 
EDI peak memory usage:             no_value 
Hostname                           centos7
