============================================================
  Generated by:           Genus(TM) Synthesis Solution GENUS15.20 - 15.20-p004_1
  Generated on:           Jan 04 2026  08:06:54 am
  Module:                 FFT_8Points
  Wireload mode:          enclosed
  Area mode:              timing library
============================================================

                                    
    Gate      Instances     Area        Library    
---------------------------------------------------
ADDFX1LVT          1012    5191.560    fast_vdd1v0 
ADDFX2LVT            56     440.496    fast_vdd1v0 
ADDHX1LVT          2596    9766.152    fast_vdd1v0 
AND2X1LVT           577     789.336    fast_vdd1v0 
AND2XLLVT           404     552.672    fast_vdd1v0 
AND3XLLVT            82     168.264    fast_vdd1v0 
AND4XLLVT           364     871.416    fast_vdd1v0 
AO21X1LVT           116     277.704    fast_vdd1v0 
AO21XLLVT           156     373.464    fast_vdd1v0 
AO22X1LVT            68     186.048    fast_vdd1v0 
AO22XLLVT           182     497.952    fast_vdd1v0 
AOI211XLLVT          44      90.288    fast_vdd1v0 
AOI21X1LVT          488     834.480    fast_vdd1v0 
AOI21XLLVT          172     294.120    fast_vdd1v0 
AOI221X1LVT         574    1374.156    fast_vdd1v0 
AOI222X1LVT         432    1329.696    fast_vdd1v0 
AOI22X1LVT         6588   13518.576    fast_vdd1v0 
AOI22XLLVT         2622    5380.344    fast_vdd1v0 
AOI2BB1X1LVT         26      53.352    fast_vdd1v0 
AOI2BB1XLLVT        530    1087.560    fast_vdd1v0 
AOI31X1LVT          104     213.408    fast_vdd1v0 
AOI32X1LVT          364     871.416    fast_vdd1v0 
BUFX20LVT          1392   11425.536    fast_vdd1v0 
BUFX2LVT              4       6.840    fast_vdd1v0 
CLKINVX4LVT          12      20.520    fast_vdd1v0 
CLKINVX6LVT           4       9.576    fast_vdd1v0 
CLKXOR2X1LVT        422    1154.592    fast_vdd1v0 
DFFRHQX1LVT        1092    6722.352    fast_vdd1v0 
DFFRHQX4LVT           1       9.576    fast_vdd1v0 
DFFRX1LVT             2      13.680    fast_vdd1v0 
INVX1LVT           4919    3364.596    fast_vdd1v0 
INVX2LVT            208     213.408    fast_vdd1v0 
INVXLLVT             92      62.928    fast_vdd1v0 
MX2X1LVT           2417    5786.298    fast_vdd1v0 
MX2XLLVT           3729    8927.226    fast_vdd1v0 
MXI2XLLVT           658    1575.252    fast_vdd1v0 
NAND2BX1LVT        1160    1586.880    fast_vdd1v0 
NAND2BXLLVT         452     618.336    fast_vdd1v0 
NAND2X1LVT         3220    3303.720    fast_vdd1v0 
NAND2XLLVT          582     597.132    fast_vdd1v0 
NAND3BXLLVT         230     393.300    fast_vdd1v0 
NAND3X1LVT          104     177.840    fast_vdd1v0 
NAND4XLLVT          440     752.400    fast_vdd1v0 
NOR2BX1LVT         1228    1679.904    fast_vdd1v0 
NOR2X1LVT          2476    2540.376    fast_vdd1v0 
NOR2XLLVT           292     299.592    fast_vdd1v0 
NOR3BX1LVT          208     426.816    fast_vdd1v0 
NOR3BXLLVT           38      77.976    fast_vdd1v0 
NOR3X1LVT           104     177.840    fast_vdd1v0 
NOR3XLLVT             4       6.840    fast_vdd1v0 
NOR4BBX1LVT          56     153.216    fast_vdd1v0 
NOR4BX1LVT          260     622.440    fast_vdd1v0 
NOR4X1LVT           774    1323.540    fast_vdd1v0 
OA21X1LVT           404     829.008    fast_vdd1v0 
OA22X1LVT           350     837.900    fast_vdd1v0 
OAI211X1LVT         138     235.980    fast_vdd1v0 
OAI21X1LVT          962    1645.020    fast_vdd1v0 
OAI21XLLVT          338     577.980    fast_vdd1v0 
OAI221X1LVT         840    2010.960    fast_vdd1v0 
OAI222X1LVT         468    1280.448    fast_vdd1v0 
OAI222XLLVT          20      54.720    fast_vdd1v0 
OAI22X1LVT         3276    6722.352    fast_vdd1v0 
OAI22XLLVT           66     135.432    fast_vdd1v0 
OAI2BB1X1LVT       4892    8365.320    fast_vdd1v0 
OAI32X1LVT          442    1058.148    fast_vdd1v0 
OAI33X1LVT           26      71.136    fast_vdd1v0 
OR2X1LVT            164     224.352    fast_vdd1v0 
OR2XLLVT            984    1346.112    fast_vdd1v0 
OR4X1LVT           2218    4551.336    fast_vdd1v0 
SDFFRHQX1LVT        460    3775.680    fast_vdd1v0 
SDFFRHQX4LVT        500    6156.000    fast_vdd1v0 
XNOR2X1LVT         4250   10174.500    fast_vdd1v0 
XOR2XLLVT          1538    4207.968    fast_vdd1v0 
---------------------------------------------------
total             66473  152453.340                


                                       
   Type    Instances    Area    Area % 
---------------------------------------
sequential      2055  16677.288   10.9 
inverter        5235   3671.028    2.4 
buffer          1396  11432.376    7.5 
logic          57787 120672.648   79.2 
---------------------------------------
total          66473 152453.340  100.0 

