============================================================
  Generated by:           Genus(TM) Synthesis Solution GENUS15.20 - 15.20-p004_1
  Generated on:           Jan 04 2026  02:22:58 pm
  Module:                 FFT_8Points
  Wireload mode:          enclosed
  Area mode:              timing library
============================================================


Path 1: MET (992456 ps) Setup Check with Pin X7_real_reg[30]/CK->SI
          Group: i_clk
     Startpoint: (R) s3_S2_7_imag_reg[24]/CK
          Clock: (R) i_clk
       Endpoint: (F) X7_real_reg[30]/SI
          Clock: (R) i_clk

                      Capture       Launch     
        Clock Edge:+  1000000            0     
       Src Latency:+        0            0     
       Net Latency:+        0 (I)        0 (I) 
           Arrival:=  1000000            0     
                                               
             Setup:-       23                  
     Required Time:=   999977                  
      Launch Clock:-        0                  
         Data Path:-     7521                  
             Slack:=   992456                  

#------------------------------------------------------------------------------------------------------------------------------------------------------------------------
#                                            Timing Point                                              Flags    Arc   Edge     Cell      Fanout Load Trans Delay Arrival 
#                                                                                                                                               (fF)  (ps)  (ps)   (ps)  
#------------------------------------------------------------------------------------------------------------------------------------------------------------------------
  s3_S2_7_imag_reg[24]/CK                                                                              -       -      R     (arrival)      2055    -     0     -       0 
  s3_S2_7_imag_reg[24]/Q                                                                               -       CK->Q  R     DFFRHQX1LVT      17  7.2    43    62      62 
  BFU8_07/INPUT_DATA_7/DATA_A_IM/EXP_COM_8BIT/COMP_LESS_UNIT/u_low/g261/Y                              -       A->Y   F     INVX1LVT          2  0.8    13    15      77 
  BFU8_07/INPUT_DATA_7/DATA_A_IM/EXP_COM_8BIT/COMP_LESS_UNIT/u_low/g256/Y                              -       B->Y   F     AND2XLLVT         1  0.5     6    14      90 
  BFU8_07/INPUT_DATA_7/DATA_A_IM/EXP_COM_8BIT/COMP_LESS_UNIT/u_low/g255/Y                              -       A2->Y  R     OAI32X1LVT        1  0.5    39    21     111 
  BFU8_07/INPUT_DATA_7/DATA_A_IM/EXP_COM_8BIT/COMP_LESS_UNIT/u_low/g254/Y                              -       A1->Y  F     AOI22X1LVT        1  0.5    26    24     136 
  BFU8_07/INPUT_DATA_7/DATA_A_IM/EXP_COM_8BIT/COMP_LESS_UNIT/u_low/g253/Y                              -       A1->Y  R     OAI22X1LVT        1  0.3    25    19     154 
  BFU8_07/INPUT_DATA_7/DATA_A_IM/EXP_COM_8BIT/COMP_LESS_UNIT/g16/Y                                     -       A1->Y  R     AO21X1LVT        60 41.6   236   152     306 
  BFU8_07/INPUT_DATA_7/DATA_A_IM/EXP_SWAP/g222/Y                                                       -       S0->Y  R     MX2XLLVT          1  0.5     8    43     349 
  BFU8_07/INPUT_DATA_7/DATA_A_IM/EXP_SUB/g12/Y                                                         -       A->Y   F     INVX1LVT          3  1.2     8     8     358 
  BFU8_07/INPUT_DATA_7/DATA_A_IM/EXP_SUB/CLA_8BIT_UNIT/CLA_4BIT_UNIT_0/g272/Y                          -       B->Y   R     XNOR2X1LVT       28 14.5    84    70     427 
  BFU8_07/INPUT_DATA_7/DATA_A_IM/EXP_SUB/CLA_8BIT_UNIT/CLA_4BIT_UNIT_0/g271/Y                          -       B->Y   F     NAND2BX1LVT       2  1.1    28    31     458 
  BFU8_07/INPUT_DATA_7/DATA_A_IM/EXP_SUB/CLA_8BIT_UNIT/CLA_4BIT_UNIT_0/g266/Y                          -       B->Y   R     XNOR2X1LVT       26 15.7    91    75     533 
  BFU8_07/INPUT_DATA_7/DATA_A_IM/SHF_RIGHT_MAN/g3760/Y                                                 -       A->Y   F     INVX2LVT         24 12.0    49    37     570 
  BFU8_07/INPUT_DATA_7/DATA_A_IM/SHF_RIGHT_MAN/g3712/Y                                                 -       B1->Y  R     OAI22X1LVT        2  1.2    41    26     596 
  BFU8_07/INPUT_DATA_7/DATA_A_IM/SHF_RIGHT_MAN/g3680/Y                                                 -       A0->Y  F     AOI22X1LVT        2  0.8    30    26     622 
  BFU8_07/INPUT_DATA_7/DATA_A_IM/SHF_RIGHT_MAN/g3662/Y                                                 -       A->Y   F     MX2XLLVT          1  0.5     7    27     649 
  BFU8_07/INPUT_DATA_7/DATA_A_IM/SHF_RIGHT_MAN/g3642/Y                                                 -       A0->Y  R     OAI22X1LVT        3  1.1    34    20     669 
  BFU8_07/INPUT_DATA_7/DATA_A_IM/MAN_COMP_24BIT/u_i_data_1/g343/Y                                      -       A->Y   F     INVX1LVT          2  1.3    13    14     683 
  BFU8_07/INPUT_DATA_7/DATA_A_IM/MAN_COMP_24BIT/u_i_data_1/g336/CO                                     -       B->CO  F     ADDHX1LVT         1  0.5     5    15     698 
  BFU8_07/INPUT_DATA_7/DATA_A_IM/MAN_COMP_24BIT/u_i_data_1/g333/Y                                      -       A2->Y  R     OAI32X1LVT        1  0.5    38    21     719 
  BFU8_07/INPUT_DATA_7/DATA_A_IM/MAN_COMP_24BIT/u_i_data_1/g332/Y                                      -       A1->Y  F     AOI22X1LVT        1  0.5    25    24     743 
  BFU8_07/INPUT_DATA_7/DATA_A_IM/MAN_COMP_24BIT/u_i_data_1/g331/Y                                      -       A1->Y  R     OAI22X1LVT        1  0.5    27    20     763 
  BFU8_07/INPUT_DATA_7/DATA_A_IM/MAN_COMP_24BIT/g145/Y                                                 -       B0->Y  F     AOI21X1LVT        1  0.5    17    11     774 
  BFU8_07/INPUT_DATA_7/DATA_A_IM/MAN_COMP_24BIT/g144/Y                                                 -       B->Y   R     NOR2BX1LVT        1  0.3    10    11     785 
  BFU8_07/INPUT_DATA_7/DATA_A_IM/MAN_COMP_24BIT/g143/Y                                                 -       A1->Y  R     OA21X1LVT         1  0.3     5    21     806 
  BFU8_07/INPUT_DATA_7/DATA_A_IM/MAN_COMP_24BIT/g142/Y                                                 -       A1->Y  R     OA21X1LVT         1  0.3     5    20     826 
  BFU8_07/INPUT_DATA_7/DATA_A_IM/MAN_COMP_24BIT/g141/Y                                                 -       A1->Y  R     OA21X1LVT         1  0.3     5    20     846 
  BFU8_07/INPUT_DATA_7/DATA_A_IM/MAN_COMP_24BIT/g140/Y                                                 -       B->Y   R     OR2X1LVT         49 33.1   188   113     959 
  BFU8_07/INPUT_DATA_7/DATA_A_IM/MAN_SWAP/g794/Y                                                       -       S0->Y  F     MX2XLLVT          3  1.4    14    42    1001 
  BFU8_07/INPUT_DATA_7/DATA_A_IM/MAN_ALU/g440/Y                                                        -       B->Y   R     XNOR2X1LVT        1  0.9     8    28    1029 
  BFU8_07/INPUT_DATA_7/DATA_A_IM/MAN_ALU/ALU_SUB_UNIT/CLA_BLOCK_GEN[0].CLA_4BIT_UNIT/g330/S            -       B->S   F     ADDHX1LVT         4  1.4    10    31    1060 
  BFU8_07/INPUT_DATA_7/DATA_A_IM/MAN_ALU/ALU_SUB_UNIT/CLA_BLOCK_GEN[0].CLA_4BIT_UNIT/g327/Y            -       AN->Y  F     NOR2BX1LVT        1  0.5     7    15    1076 
  BFU8_07/INPUT_DATA_7/DATA_A_IM/MAN_ALU/ALU_SUB_UNIT/CLA_BLOCK_GEN[0].CLA_4BIT_UNIT/g325/Y            -       B->Y   R     NOR2X1LVT         1  0.6    11    10    1086 
  BFU8_07/INPUT_DATA_7/DATA_A_IM/MAN_ALU/ALU_SUB_UNIT/CLA_BLOCK_GEN[0].CLA_4BIT_UNIT/g322/Y            -       A1->Y  F     OAI21X1LVT        1  0.5    14    12    1098 
  BFU8_07/INPUT_DATA_7/DATA_A_IM/MAN_ALU/ALU_SUB_UNIT/CLA_BLOCK_GEN[0].CLA_4BIT_UNIT/g320/Y            -       A1->Y  R     AOI22X1LVT        1  0.6    21    19    1117 
  BFU8_07/INPUT_DATA_7/DATA_A_IM/MAN_ALU/ALU_SUB_UNIT/CLA_BLOCK_GEN[0].CLA_4BIT_UNIT/g319/Y            -       B0->Y  F     OAI2BB1X1LVT      3  0.9    15    16    1132 
  BFU8_07/INPUT_DATA_7/DATA_A_IM/MAN_ALU/ALU_SUB_UNIT/g101/Y                                           -       B0->Y  F     AO21XLLVT         2  0.9    10    24    1156 
  BFU8_07/INPUT_DATA_7/DATA_A_IM/MAN_ALU/ALU_SUB_UNIT/CLA_BLOCK_GEN[1].CLA_4BIT_UNIT/g463/Y            -       A1N->Y F     OAI2BB1X1LVT      2  0.9    14    20    1176 
  BFU8_07/INPUT_DATA_7/DATA_A_IM/MAN_ALU/ALU_SUB_UNIT/CLA_BLOCK_GEN[1].CLA_4BIT_UNIT/g459/Y            -       A1N->Y F     OAI2BB1X1LVT      2  1.1    16    21    1197 
  BFU8_07/INPUT_DATA_7/DATA_A_IM/MAN_ALU/ALU_SUB_UNIT/CLA_BLOCK_GEN[1].CLA_4BIT_UNIT/g457/Y            -       A1->Y  R     AOI22X1LVT        2  1.3    28    23    1220 
  BFU8_07/INPUT_DATA_7/DATA_A_IM/MAN_ALU/ALU_SUB_UNIT/CLA_BLOCK_GEN[1].CLA_4BIT_UNIT/g455/Y            -       A1->Y  F     OAI21X1LVT        3  0.9    17    18    1237 
  BFU8_07/INPUT_DATA_7/DATA_A_IM/MAN_ALU/ALU_SUB_UNIT/g119/Y                                           -       AN->Y  F     NAND2BX1LVT       2  0.9    15    20    1258 
  BFU8_07/INPUT_DATA_7/DATA_A_IM/MAN_ALU/ALU_SUB_UNIT/CLA_BLOCK_GEN[2].CLA_4BIT_UNIT/g463/Y            -       A1N->Y F     OAI2BB1X1LVT      2  0.9    14    20    1278 
  BFU8_07/INPUT_DATA_7/DATA_A_IM/MAN_ALU/ALU_SUB_UNIT/CLA_BLOCK_GEN[2].CLA_4BIT_UNIT/g459/Y            -       A1N->Y F     OAI2BB1X1LVT      2  1.1    16    21    1299 
  BFU8_07/INPUT_DATA_7/DATA_A_IM/MAN_ALU/ALU_SUB_UNIT/CLA_BLOCK_GEN[2].CLA_4BIT_UNIT/g457/Y            -       A1->Y  R     AOI22X1LVT        2  1.3    28    23    1322 
  BFU8_07/INPUT_DATA_7/DATA_A_IM/MAN_ALU/ALU_SUB_UNIT/CLA_BLOCK_GEN[2].CLA_4BIT_UNIT/g455/Y            -       A1->Y  F     OAI21X1LVT        3  0.9    17    18    1339 
  BFU8_07/INPUT_DATA_7/DATA_A_IM/MAN_ALU/ALU_SUB_UNIT/g146/Y                                           -       AN->Y  F     NAND2BX1LVT       2  0.9    15    20    1360 
  BFU8_07/INPUT_DATA_7/DATA_A_IM/MAN_ALU/ALU_SUB_UNIT/CLA_BLOCK_GEN[3].CLA_4BIT_UNIT/g463/Y            -       A1N->Y F     OAI2BB1X1LVT      2  0.9    14    20    1380 
  BFU8_07/INPUT_DATA_7/DATA_A_IM/MAN_ALU/ALU_SUB_UNIT/CLA_BLOCK_GEN[3].CLA_4BIT_UNIT/g459/Y            -       A1N->Y F     OAI2BB1X1LVT      2  1.1    16    21    1401 
  BFU8_07/INPUT_DATA_7/DATA_A_IM/MAN_ALU/ALU_SUB_UNIT/CLA_BLOCK_GEN[3].CLA_4BIT_UNIT/g457/Y            -       A1->Y  R     AOI22X1LVT        2  1.3    28    23    1424 
  BFU8_07/INPUT_DATA_7/DATA_A_IM/MAN_ALU/ALU_SUB_UNIT/CLA_BLOCK_GEN[3].CLA_4BIT_UNIT/g455/Y            -       A1->Y  F     OAI21X1LVT        3  1.1    19    18    1442 
  BFU8_07/INPUT_DATA_7/DATA_A_IM/MAN_ALU/ALU_SUB_UNIT/g181/Y                                           -       AN->Y  F     NAND2BX1LVT       2  1.1    17    22    1464 
  BFU8_07/INPUT_DATA_7/DATA_A_IM/MAN_ALU/ALU_SUB_UNIT/CLA_BLOCK_GEN[4].CLA_4BIT_UNIT/g366/Y            -       A1->Y  R     AOI22X1LVT        2  1.3    28    23    1487 
  BFU8_07/INPUT_DATA_7/DATA_A_IM/MAN_ALU/ALU_SUB_UNIT/CLA_BLOCK_GEN[4].CLA_4BIT_UNIT/g364/Y            -       A1->Y  F     OAI21X1LVT        2  1.1    19    18    1506 
  BFU8_07/INPUT_DATA_7/DATA_A_IM/MAN_ALU/ALU_SUB_UNIT/CLA_BLOCK_GEN[4].CLA_4BIT_UNIT/g362/Y            -       A1->Y  R     AOI22X1LVT        2  1.3    28    23    1529 
  BFU8_07/INPUT_DATA_7/DATA_A_IM/MAN_ALU/ALU_SUB_UNIT/CLA_BLOCK_GEN[4].CLA_4BIT_UNIT/g360/Y            -       A1->Y  F     OAI21X1LVT        2  0.8    16    17    1546 
  BFU8_07/INPUT_DATA_7/DATA_A_IM/MAN_ALU/ALU_SUB_UNIT/g213/Y                                           -       AN->Y  F     NAND2BX1LVT       2  0.9    14    20    1566 
  BFU8_07/INPUT_DATA_7/DATA_A_IM/MAN_ALU/ALU_SUB_UNIT/CLA_BLOCK_GEN[5].CLA_4BIT_UNIT/g511/Y            -       A1N->Y F     OAI2BB1X1LVT      2  0.9    14    20    1586 
  BFU8_07/INPUT_DATA_7/DATA_A_IM/MAN_ALU/ALU_SUB_UNIT/CLA_BLOCK_GEN[5].CLA_4BIT_UNIT/g507/Y            -       A1N->Y F     OAI2BB1X1LVT      2  1.1    16    21    1608 
  BFU8_07/INPUT_DATA_7/DATA_A_IM/MAN_ALU/ALU_SUB_UNIT/CLA_BLOCK_GEN[5].CLA_4BIT_UNIT/g505/Y            -       A1->Y  R     AOI22X1LVT        2  1.3    28    23    1630 
  BFU8_07/INPUT_DATA_7/DATA_A_IM/MAN_ALU/ALU_SUB_UNIT/CLA_BLOCK_GEN[5].CLA_4BIT_UNIT/g504/Y            -       B->Y   F     XOR2XLLVT         1  0.5     6    27    1658 
  BFU8_07/INPUT_DATA_7/DATA_A_IM/MAN_ALU/g1877/Y                                                       -       A1->Y  R     AOI22X1LVT        1  0.6    28    17    1675 
  BFU8_07/INPUT_DATA_7/DATA_A_IM/MAN_ALU/g1846/Y                                                       -       B0->Y  F     OAI2BB1X1LVT      8  3.6    40    31    1705 
  BFU8_07/INPUT_DATA_7/DATA_A_IM/LOPD_24BIT/LOPD_16bit_UNIT_MSB/LOPD_8bit_unit_1/g283/Y                -       B->Y   F     OR2XLLVT          3  1.4    14    26    1731 
  BFU8_07/INPUT_DATA_7/DATA_A_IM/LOPD_24BIT/LOPD_16bit_UNIT_MSB/LOPD_8bit_unit_1/g274/Y                -       C->Y   R     NOR3BX1LVT        2  0.8    23    17    1748 
  BFU8_07/INPUT_DATA_7/DATA_A_IM/LOPD_24BIT/LOPD_16bit_UNIT_MSB/g107/Y                                 -       A->Y   F     INVX1LVT          4  1.4    12    12    1760 
  BFU8_07/INPUT_DATA_7/DATA_A_IM/LOPD_24BIT/LOPD_16bit_UNIT_MSB/g105/Y                                 -       B->Y   R     NOR2X1LVT         4  1.2    18    15    1775 
  BFU8_07/INPUT_DATA_7/DATA_A_IM/LOPD_24BIT/LOPD_16bit_UNIT_MSB/g103/Y                                 -       A1->Y  R     AO22XLLVT         1  0.5     8    27    1802 
  BFU8_07/INPUT_DATA_7/DATA_A_IM/LOPD_24BIT/g136/Y                                                     -       A1->Y  F     AOI22X1LVT        1  0.5    21    16    1819 
  BFU8_07/INPUT_DATA_7/DATA_A_IM/LOPD_24BIT/g132/Y                                                     -       B->Y   R     NAND2X1LVT        2  0.8    13    11    1830 
  BFU8_07/INPUT_DATA_7/DATA_A_IM/g599/Y                                                                -       A->Y   R     AND2X1LVT        27 16.1    93    68    1897 
  BFU8_07/INPUT_DATA_7/DATA_A_IM/NOR_UNIT/SHF_left_unit/g3033/Y                                        -       A->Y   F     INVX1LVT         20 10.0    68    51    1948 
  BFU8_07/INPUT_DATA_7/DATA_A_IM/NOR_UNIT/SHF_left_unit/g2960/Y                                        -       B0->Y  R     OAI22X1LVT        2  1.0    36    27    1976 
  BFU8_07/INPUT_DATA_7/DATA_A_IM/NOR_UNIT/SHF_left_unit/g2953/Y                                        -       A->Y   F     INVX1LVT          1  0.3     9    12    1987 
  BFU8_07/INPUT_DATA_7/DATA_A_IM/NOR_UNIT/SHF_left_unit/g2940/Y                                        -       A->Y   F     MX2XLLVT          3  1.3    13    29    2016 
  BFU8_07/INPUT_DATA_7/DATA_A_IM/NOR_UNIT/SHF_left_unit/g2932/Y                                        -       B->Y   R     NOR2X1LVT         1  0.3    15    10    2026 
  BFU8_07/INPUT_DATA_7/DATA_A_IM/NOR_UNIT/g1437/Y                                                      -       A1N->Y R     OAI2BB1X1LVT      1  0.9    15    22    2048 
  BFU8_07/INPUT_DATA_7/DATA_A_IM/MAN_RND/g656/CO                                                       -       B->CO  R     ADDHX1LVT         1  0.9     8    21    2069 
  BFU8_07/INPUT_DATA_7/DATA_A_IM/MAN_RND/g655/CO                                                       -       B->CO  R     ADDHX1LVT         1  0.9     8    20    2089 
  BFU8_07/INPUT_DATA_7/DATA_A_IM/MAN_RND/g654/CO                                                       -       B->CO  R     ADDHX1LVT         1  0.9     8    20    2110 
  BFU8_07/INPUT_DATA_7/DATA_A_IM/MAN_RND/g653/CO                                                       -       B->CO  R     ADDHX1LVT         1  0.9     8    20    2130 
  BFU8_07/INPUT_DATA_7/DATA_A_IM/MAN_RND/g652/CO                                                       -       B->CO  R     ADDHX1LVT         1  0.9     8    20    2150 
  BFU8_07/INPUT_DATA_7/DATA_A_IM/MAN_RND/g651/CO                                                       -       B->CO  R     ADDHX1LVT         1  0.9     8    20    2171 
  BFU8_07/INPUT_DATA_7/DATA_A_IM/MAN_RND/g650/S                                                        -       B->S   F     ADDHX1LVT         1  0.3     5    28    2199 
  BFU8_07/INPUT_DATA_7/DATA_A_IM/g2961/Y                                                               -       A1N->Y F     OAI2BB1X1LVT     17  8.5    83    57    2256 
  BFU8_07/INPUT_DATA_7/mul1_sub/MAN_MUL_UNIT/MUL_UNIT_MAN_UNIT/m1/m1/m2/m2/g46/Y                       -       A->Y   R     INVX1LVT          1  0.7    20    23    2278 
  BFU8_07/INPUT_DATA_7/mul1_sub/MAN_MUL_UNIT/MUL_UNIT_MAN_UNIT/m1/m1/m2/m2/g44/S                       -       A->S   F     ADDHX1LVT         1  0.5     6    35    2314 
  BFU8_07/INPUT_DATA_7/mul1_sub/MAN_MUL_UNIT/MUL_UNIT_MAN_UNIT/m1/m1/m2/m2/g43/Y                       -       A->Y   R     INVX1LVT          2  1.2     8     8    2322 
  BFU8_07/INPUT_DATA_7/mul1_sub/MAN_MUL_UNIT/MUL_UNIT_MAN_UNIT/m1/m1/m2/g255/Y                         -       B->Y   R     XOR2XLLVT         1  0.9    11    21    2343 
  BFU8_07/INPUT_DATA_7/mul1_sub/MAN_MUL_UNIT/MUL_UNIT_MAN_UNIT/m1/m1/m2/g251/S                         -       B->S   F     ADDHX1LVT         1  0.8     7    30    2373 
  BFU8_07/INPUT_DATA_7/mul1_sub/MAN_MUL_UNIT/MUL_UNIT_MAN_UNIT/m1/m1/csa_tree_add_46_27_groupi/g535/S  -       CI->S  R     ADDFX1LVT         1  0.5     8    49    2422 
  BFU8_07/INPUT_DATA_7/mul1_sub/MAN_MUL_UNIT/MUL_UNIT_MAN_UNIT/m1/m1/csa_tree_add_46_27_groupi/g533/Y  -       A->Y   F     INVX1LVT          1  1.1     7     8    2430 
  BFU8_07/INPUT_DATA_7/mul1_sub/MAN_MUL_UNIT/MUL_UNIT_MAN_UNIT/m1/m1/csa_tree_add_46_27_groupi/g528/CO -       B->CO  F     ADDFX1LVT         1  0.8    10    34    2464 
  BFU8_07/INPUT_DATA_7/mul1_sub/MAN_MUL_UNIT/MUL_UNIT_MAN_UNIT/m1/m1/csa_tree_add_46_27_groupi/g526/CO -       CI->CO F     ADDFX1LVT         1  0.8    10    34    2498 
  BFU8_07/INPUT_DATA_7/mul1_sub/MAN_MUL_UNIT/MUL_UNIT_MAN_UNIT/m1/m1/csa_tree_add_46_27_groupi/g524/CO -       CI->CO F     ADDFX1LVT         1  0.8    10    34    2532 
  BFU8_07/INPUT_DATA_7/mul1_sub/MAN_MUL_UNIT/MUL_UNIT_MAN_UNIT/m1/m1/csa_tree_add_46_27_groupi/g522/CO -       CI->CO F     ADDFX1LVT         1  0.8    10    34    2567 
  BFU8_07/INPUT_DATA_7/mul1_sub/MAN_MUL_UNIT/MUL_UNIT_MAN_UNIT/m1/m1/csa_tree_add_46_27_groupi/g520/S  -       CI->S  R     ADDFX1LVT         1  0.5     8    50    2616 
  BFU8_07/INPUT_DATA_7/mul1_sub/MAN_MUL_UNIT/MUL_UNIT_MAN_UNIT/m1/m1/csa_tree_add_46_27_groupi/g519/Y  -       A->Y   F     INVX1LVT          2  1.1     7     8    2624 
  BFU8_07/INPUT_DATA_7/mul1_sub/MAN_MUL_UNIT/MUL_UNIT_MAN_UNIT/m1/csa_tree_add_74_27_groupi/g725/Y     -       B->Y   F     XNOR2X1LVT        1  0.8     7    24    2648 
  BFU8_07/INPUT_DATA_7/mul1_sub/MAN_MUL_UNIT/MUL_UNIT_MAN_UNIT/m1/csa_tree_add_74_27_groupi/g718/S     -       CI->S  R     ADDFX1LVT         1  0.5     8    49    2698 
  BFU8_07/INPUT_DATA_7/mul1_sub/MAN_MUL_UNIT/MUL_UNIT_MAN_UNIT/m1/csa_tree_add_74_27_groupi/g710/Y     -       A->Y   F     INVX1LVT          1  1.1     7     8    2706 
  BFU8_07/INPUT_DATA_7/mul1_sub/MAN_MUL_UNIT/MUL_UNIT_MAN_UNIT/m1/csa_tree_add_74_27_groupi/g474/CO    -       A->CO  F     ADDFX1LVT         1  0.8    10    35    2741 
  BFU8_07/INPUT_DATA_7/mul1_sub/MAN_MUL_UNIT/MUL_UNIT_MAN_UNIT/m1/csa_tree_add_74_27_groupi/g473/CO    -       CI->CO F     ADDFX1LVT         1  0.8    10    34    2775 
  BFU8_07/INPUT_DATA_7/mul1_sub/MAN_MUL_UNIT/MUL_UNIT_MAN_UNIT/m1/csa_tree_add_74_27_groupi/g472/CO    -       CI->CO F     ADDFX1LVT         1  0.8    10    34    2809 
  BFU8_07/INPUT_DATA_7/mul1_sub/MAN_MUL_UNIT/MUL_UNIT_MAN_UNIT/m1/csa_tree_add_74_27_groupi/g471/CO    -       CI->CO F     ADDFX1LVT         1  0.8    10    34    2843 
  BFU8_07/INPUT_DATA_7/mul1_sub/MAN_MUL_UNIT/MUL_UNIT_MAN_UNIT/m1/csa_tree_add_74_27_groupi/g470/CO    -       CI->CO F     ADDFX1LVT         1  0.8    10    34    2877 
  BFU8_07/INPUT_DATA_7/mul1_sub/MAN_MUL_UNIT/MUL_UNIT_MAN_UNIT/m1/csa_tree_add_74_27_groupi/g469/CO    -       CI->CO F     ADDFX1LVT         1  0.8    10    34    2911 
  BFU8_07/INPUT_DATA_7/mul1_sub/MAN_MUL_UNIT/MUL_UNIT_MAN_UNIT/m1/csa_tree_add_74_27_groupi/g468/CO    -       CI->CO F     ADDFX1LVT         1  0.8    10    34    2945 
  BFU8_07/INPUT_DATA_7/mul1_sub/MAN_MUL_UNIT/MUL_UNIT_MAN_UNIT/m1/csa_tree_add_74_27_groupi/g467/CO    -       CI->CO F     ADDFX1LVT         1  0.8    10    34    2979 
  BFU8_07/INPUT_DATA_7/mul1_sub/MAN_MUL_UNIT/MUL_UNIT_MAN_UNIT/m1/csa_tree_add_74_27_groupi/g466/CO    -       CI->CO F     ADDFX1LVT         1  0.8    10    34    3013 
  BFU8_07/INPUT_DATA_7/mul1_sub/MAN_MUL_UNIT/MUL_UNIT_MAN_UNIT/m1/csa_tree_add_74_27_groupi/g465/CO    -       CI->CO F     ADDFX1LVT         1  0.8    10    34    3048 
  BFU8_07/INPUT_DATA_7/mul1_sub/MAN_MUL_UNIT/MUL_UNIT_MAN_UNIT/m1/csa_tree_add_74_27_groupi/g464/CO    -       CI->CO F     ADDFX1LVT         1  0.8    10    34    3082 
  BFU8_07/INPUT_DATA_7/mul1_sub/MAN_MUL_UNIT/MUL_UNIT_MAN_UNIT/m1/csa_tree_add_74_27_groupi/g463/CO    -       CI->CO F     ADDFX1LVT         1  0.8    10    34    3116 
  BFU8_07/INPUT_DATA_7/mul1_sub/MAN_MUL_UNIT/MUL_UNIT_MAN_UNIT/m1/csa_tree_add_74_27_groupi/g462/CO    -       CI->CO F     ADDFX1LVT         1  0.8    10    34    3150 
  BFU8_07/INPUT_DATA_7/mul1_sub/MAN_MUL_UNIT/MUL_UNIT_MAN_UNIT/m1/csa_tree_add_74_27_groupi/g461/S     -       CI->S  R     ADDFX1LVT         1  0.8    10    50    3200 
  BFU8_07/INPUT_DATA_7/mul1_sub/MAN_MUL_UNIT/MUL_UNIT_MAN_UNIT/csa_tree_add_108_35_groupi/g823/S       -       CI->S  F     ADDFX1LVT         1  1.1    12    48    3249 
  BFU8_07/INPUT_DATA_7/mul1_sub/MAN_MUL_UNIT/MUL_UNIT_MAN_UNIT/csa_tree_add_108_35_groupi/g795/CO      -       A->CO  F     ADDFX1LVT         1  0.8    10    36    3284 
  BFU8_07/INPUT_DATA_7/mul1_sub/MAN_MUL_UNIT/MUL_UNIT_MAN_UNIT/csa_tree_add_108_35_groupi/g794/CO      -       CI->CO F     ADDFX1LVT         1  0.8    10    34    3319 
  BFU8_07/INPUT_DATA_7/mul1_sub/MAN_MUL_UNIT/MUL_UNIT_MAN_UNIT/csa_tree_add_108_35_groupi/g793/CO      -       CI->CO F     ADDFX1LVT         1  0.8    10    34    3353 
  BFU8_07/INPUT_DATA_7/mul1_sub/MAN_MUL_UNIT/MUL_UNIT_MAN_UNIT/csa_tree_add_108_35_groupi/g792/CO      -       CI->CO F     ADDFX1LVT         1  0.8    10    34    3387 
  BFU8_07/INPUT_DATA_7/mul1_sub/MAN_MUL_UNIT/MUL_UNIT_MAN_UNIT/csa_tree_add_108_35_groupi/g791/CO      -       CI->CO F     ADDFX1LVT         1  0.8    10    34    3421 
  BFU8_07/INPUT_DATA_7/mul1_sub/MAN_MUL_UNIT/MUL_UNIT_MAN_UNIT/csa_tree_add_108_35_groupi/g790/CO      -       CI->CO F     ADDFX1LVT         1  0.8    10    34    3455 
  BFU8_07/INPUT_DATA_7/mul1_sub/MAN_MUL_UNIT/MUL_UNIT_MAN_UNIT/csa_tree_add_108_35_groupi/g789/CO      -       CI->CO F     ADDFX1LVT         1  0.8    10    34    3489 
  BFU8_07/INPUT_DATA_7/mul1_sub/MAN_MUL_UNIT/MUL_UNIT_MAN_UNIT/csa_tree_add_108_35_groupi/g788/CO      -       CI->CO F     ADDFX1LVT         1  0.8    10    34    3523 
  BFU8_07/INPUT_DATA_7/mul1_sub/MAN_MUL_UNIT/MUL_UNIT_MAN_UNIT/csa_tree_add_108_35_groupi/g787/CO      -       CI->CO F     ADDFX1LVT         1  0.8    10    34    3557 
  BFU8_07/INPUT_DATA_7/mul1_sub/MAN_MUL_UNIT/MUL_UNIT_MAN_UNIT/csa_tree_add_108_35_groupi/g786/CO      -       CI->CO F     ADDFX1LVT         1  0.8    10    34    3591 
  BFU8_07/INPUT_DATA_7/mul1_sub/MAN_MUL_UNIT/MUL_UNIT_MAN_UNIT/csa_tree_add_108_35_groupi/g785/CO      -       CI->CO F     ADDFX1LVT         1  0.8    10    34    3626 
  BFU8_07/INPUT_DATA_7/mul1_sub/MAN_MUL_UNIT/MUL_UNIT_MAN_UNIT/csa_tree_add_108_35_groupi/g784/CO      -       CI->CO F     ADDFX1LVT         1  0.8    10    34    3660 
  BFU8_07/INPUT_DATA_7/mul1_sub/MAN_MUL_UNIT/MUL_UNIT_MAN_UNIT/csa_tree_add_108_35_groupi/g783/CO      -       CI->CO F     ADDFX1LVT         1  0.8    10    34    3694 
  BFU8_07/INPUT_DATA_7/mul1_sub/MAN_MUL_UNIT/MUL_UNIT_MAN_UNIT/csa_tree_add_108_35_groupi/g782/CO      -       CI->CO F     ADDFX1LVT         1  0.8    10    34    3728 
  BFU8_07/INPUT_DATA_7/mul1_sub/MAN_MUL_UNIT/MUL_UNIT_MAN_UNIT/csa_tree_add_108_35_groupi/g781/CO      -       CI->CO F     ADDFX1LVT         1  0.8    10    34    3762 
  BFU8_07/INPUT_DATA_7/mul1_sub/MAN_MUL_UNIT/MUL_UNIT_MAN_UNIT/csa_tree_add_108_35_groupi/g780/CO      -       CI->CO F     ADDFX1LVT         1  0.8    10    34    3796 
  BFU8_07/INPUT_DATA_7/mul1_sub/MAN_MUL_UNIT/MUL_UNIT_MAN_UNIT/csa_tree_add_108_35_groupi/g779/CO      -       CI->CO F     ADDFX1LVT         2  1.1    12    35    3831 
  BFU8_07/INPUT_DATA_7/mul1_sub/MAN_MUL_UNIT/MUL_UNIT_MAN_UNIT/csa_tree_add_108_35_groupi/g778/Y       -       B->Y   R     NAND2X1LVT        2  1.0    10    10    3840 
  BFU8_07/INPUT_DATA_7/mul1_sub/MAN_MUL_UNIT/MUL_UNIT_MAN_UNIT/csa_tree_add_108_35_groupi/g776/Y       -       AN->Y  R     NAND2BX1LVT       2  1.0    10    16    3856 
  BFU8_07/INPUT_DATA_7/mul1_sub/MAN_MUL_UNIT/MUL_UNIT_MAN_UNIT/csa_tree_add_108_35_groupi/g774/Y       -       AN->Y  R     NAND2BX1LVT       2  1.0    10    16    3872 
  BFU8_07/INPUT_DATA_7/mul1_sub/MAN_MUL_UNIT/MUL_UNIT_MAN_UNIT/csa_tree_add_108_35_groupi/g772/Y       -       AN->Y  R     NAND2BX1LVT       2  1.0    10    16    3888 
  BFU8_07/INPUT_DATA_7/mul1_sub/MAN_MUL_UNIT/MUL_UNIT_MAN_UNIT/csa_tree_add_108_35_groupi/g770/Y       -       AN->Y  R     NAND2BX1LVT       2  1.0    10    16    3904 
  BFU8_07/INPUT_DATA_7/mul1_sub/MAN_MUL_UNIT/MUL_UNIT_MAN_UNIT/csa_tree_add_108_35_groupi/g767/Y       -       B->Y   F     XNOR2X1LVT        8  3.4    20    32    3935 
  BFU8_07/INPUT_DATA_7/mul1_sub/LOPD_UNIT/LOPD_16bit_UNIT_MSB/LOPD_8bit_unit_1/g283/Y                  -       B->Y   F     OR2XLLVT          3  1.4    14    24    3958 
  BFU8_07/INPUT_DATA_7/mul1_sub/LOPD_UNIT/LOPD_16bit_UNIT_MSB/LOPD_8bit_unit_1/g274/Y                  -       C->Y   R     NOR3BX1LVT        2  0.8    23    17    3976 
  BFU8_07/INPUT_DATA_7/mul1_sub/LOPD_UNIT/LOPD_16bit_UNIT_MSB/g106/Y                                   -       A->Y   R     AND2X1LVT         9  4.1    26    32    4008 
  BFU8_07/INPUT_DATA_7/mul1_sub/LOPD_UNIT/g139/Y                                                       -       A->Y   F     INVX1LVT          4  1.8    14    14    4021 
  BFU8_07/INPUT_DATA_7/mul1_sub/LOPD_UNIT/g134/Y                                                       -       A0->Y  R     AOI22X1LVT        1  0.5    19    20    4041 
  BFU8_07/INPUT_DATA_7/mul1_sub/LOPD_UNIT/g130/Y                                                       -       B->Y   F     NAND2X1LVT       10  5.4    55    37    4078 
  BFU8_07/INPUT_DATA_7/mul1_sub/NOR_UNIT/SHF_left_unit/g2903/Y                                         -       A->Y   R     INVX1LVT          8  4.2    34    28    4106 
  BFU8_07/INPUT_DATA_7/mul1_sub/NOR_UNIT/SHF_left_unit/g2883/Y                                         -       B->Y   F     NAND2X1LVT       17  8.5    84    56    4162 
  BFU8_07/INPUT_DATA_7/mul1_sub/NOR_UNIT/SHF_left_unit/g2855/Y                                         -       A->Y   R     NOR2X1LVT         1  0.5    18    26    4187 
  BFU8_07/INPUT_DATA_7/mul1_sub/NOR_UNIT/g1221/Y                                                       -       A1->Y  F     AOI22X1LVT        1  0.5    38    19    4206 
  BFU8_07/INPUT_DATA_7/mul1_sub/NOR_UNIT/g1198/Y                                                       -       B0->Y  R     OAI2BB1X1LVT      1  0.9    16    16    4222 
  BFU8_07/INPUT_DATA_7/mul1_sub/MAN_ROUNDING_UNIT/g602/CO                                              -       B->CO  R     ADDHX1LVT         1  0.7     7    21    4243 
  BFU8_07/INPUT_DATA_7/mul1_sub/MAN_ROUNDING_UNIT/g601/CO                                              -       A->CO  R     ADDHX1LVT         1  0.9     8    21    4264 
  BFU8_07/INPUT_DATA_7/mul1_sub/MAN_ROUNDING_UNIT/g600/CO                                              -       B->CO  R     ADDHX1LVT         1  0.9     8    20    4285 
  BFU8_07/INPUT_DATA_7/mul1_sub/MAN_ROUNDING_UNIT/g599/CO                                              -       B->CO  R     ADDHX1LVT         1  0.9     8    20    4305 
  BFU8_07/INPUT_DATA_7/mul1_sub/MAN_ROUNDING_UNIT/g598/CO                                              -       B->CO  R     ADDHX1LVT         1  0.9     8    20    4325 
  BFU8_07/INPUT_DATA_7/mul1_sub/MAN_ROUNDING_UNIT/g597/CO                                              -       B->CO  R     ADDHX1LVT         1  0.9     8    20    4346 
  BFU8_07/INPUT_DATA_7/mul1_sub/MAN_ROUNDING_UNIT/g596/CO                                              -       B->CO  R     ADDHX1LVT         1  0.9     8    20    4366 
  BFU8_07/INPUT_DATA_7/mul1_sub/MAN_ROUNDING_UNIT/g595/CO                                              -       B->CO  R     ADDHX1LVT         1  0.9     8    20    4386 
  BFU8_07/INPUT_DATA_7/mul1_sub/MAN_ROUNDING_UNIT/g594/CO                                              -       B->CO  R     ADDHX1LVT         1  0.9     8    20    4406 
  BFU8_07/INPUT_DATA_7/mul1_sub/MAN_ROUNDING_UNIT/g593/CO                                              -       B->CO  R     ADDHX1LVT         1  0.9     8    20    4427 
  BFU8_07/INPUT_DATA_7/mul1_sub/MAN_ROUNDING_UNIT/g592/CO                                              -       B->CO  R     ADDHX1LVT         1  0.9     8    20    4447 
  BFU8_07/INPUT_DATA_7/mul1_sub/MAN_ROUNDING_UNIT/g591/CO                                              -       B->CO  R     ADDHX1LVT         1  0.9     8    20    4467 
  BFU8_07/INPUT_DATA_7/mul1_sub/MAN_ROUNDING_UNIT/g590/CO                                              -       B->CO  R     ADDHX1LVT         1  0.9     8    20    4488 
  BFU8_07/INPUT_DATA_7/mul1_sub/MAN_ROUNDING_UNIT/g589/CO                                              -       B->CO  R     ADDHX1LVT         1  0.9     8    20    4508 
  BFU8_07/INPUT_DATA_7/mul1_sub/MAN_ROUNDING_UNIT/g588/CO                                              -       B->CO  R     ADDHX1LVT         1  0.9     8    20    4528 
  BFU8_07/INPUT_DATA_7/mul1_sub/MAN_ROUNDING_UNIT/g587/CO                                              -       B->CO  R     ADDHX1LVT         1  0.9     8    20    4549 
  BFU8_07/INPUT_DATA_7/mul1_sub/MAN_ROUNDING_UNIT/g586/CO                                              -       B->CO  R     ADDHX1LVT         1  0.9     8    20    4569 
  BFU8_07/INPUT_DATA_7/mul1_sub/MAN_ROUNDING_UNIT/g585/CO                                              -       B->CO  R     ADDHX1LVT         1  0.9     8    20    4589 
  BFU8_07/INPUT_DATA_7/mul1_sub/MAN_ROUNDING_UNIT/g584/CO                                              -       B->CO  R     ADDHX1LVT         1  0.9     8    20    4610 
  BFU8_07/INPUT_DATA_7/mul1_sub/MAN_ROUNDING_UNIT/g583/CO                                              -       B->CO  R     ADDHX1LVT         1  0.9     8    20    4630 
  BFU8_07/INPUT_DATA_7/mul1_sub/MAN_ROUNDING_UNIT/g582/CO                                              -       B->CO  R     ADDHX1LVT         1  0.9     8    20    4650 
  BFU8_07/INPUT_DATA_7/mul1_sub/MAN_ROUNDING_UNIT/g581/CO                                              -       B->CO  R     ADDHX1LVT         2  1.0     8    21    4671 
  BFU8_07/INPUT_DATA_7/mul1_sub/MAN_ROUNDING_UNIT/g579/Y                                               -       C->Y   R     AND3XLLVT         2  1.2    14    28    4698 
  BFU8_07/INPUT_DATA_7/mul1_sub/EXP_ROUNDING_UNIT/g187/Y                                               -       B->Y   F     NAND2X1LVT        2  0.9    14    13    4711 
  BFU8_07/INPUT_DATA_7/mul1_sub/EXP_ROUNDING_UNIT/g185/Y                                               -       AN->Y  F     NAND2BX1LVT       2  0.9    15    20    4732 
  BFU8_07/INPUT_DATA_7/mul1_sub/EXP_ROUNDING_UNIT/g183/Y                                               -       AN->Y  F     NAND2BX1LVT       2  0.9    15    20    4752 
  BFU8_07/INPUT_DATA_7/mul1_sub/EXP_ROUNDING_UNIT/g181/Y                                               -       AN->Y  F     NAND2BX1LVT       2  0.9    15    20    4772 
  BFU8_07/INPUT_DATA_7/mul1_sub/EXP_ROUNDING_UNIT/g179/Y                                               -       AN->Y  F     NAND2BX1LVT       2  0.9    15    20    4792 
  BFU8_07/INPUT_DATA_7/mul1_sub/EXP_ROUNDING_UNIT/g177/Y                                               -       AN->Y  F     NAND2BX1LVT       2  0.9    15    20    4812 
  BFU8_07/INPUT_DATA_7/mul1_sub/EXP_ROUNDING_UNIT/g175/Y                                               -       AN->Y  F     NAND2BXLLVT       1  0.6    15    18    4831 
  BFU8_07/INPUT_DATA_7/mul1_sub/EXP_ROUNDING_UNIT/g173/Y                                               -       B->Y   F     XNOR2X1LVT        1  0.3     5    24    4855 
  BFU8_07/INPUT_DATA_7/mul1_sub/g1226/Y                                                                -       A1N->Y F     OAI2BB1X1LVT     14  5.5    57    42    4897 
  BFU8_07/BFU2_UNIT3/DATA_B_RE/EXP_COM_8BIT/COMP_LESS_UNIT/u_high/g342/Y                               -       A->Y   R     INVX1LVT          2  1.4    19    20    4916 
  BFU8_07/BFU2_UNIT3/DATA_B_RE/EXP_COM_8BIT/COMP_LESS_UNIT/u_high/g335/S                               -       B->S   R     ADDHX1LVT         1  0.3     5    22    4938 
  BFU8_07/BFU2_UNIT3/DATA_B_RE/EXP_COM_8BIT/COMP_LESS_UNIT/u_high/g334/Y                               -       D->Y   R     AND4XLLVT         1  0.3     6    30    4968 
  BFU8_07/BFU2_UNIT3/DATA_B_RE/EXP_COM_8BIT/COMP_LESS_UNIT/g16/Y                                       -       A1->Y  R     AO21X1LVT        60 41.6   236   149    5117 
  BFU8_07/BFU2_UNIT3/DATA_B_RE/EXP_SWAP/g222/Y                                                         -       S0->Y  R     MX2XLLVT          1  0.5     8    43    5160 
  BFU8_07/BFU2_UNIT3/DATA_B_RE/EXP_SUB/g13/Y                                                           -       A->Y   F     INVX1LVT          3  1.4     9     9    5169 
  BFU8_07/BFU2_UNIT3/DATA_B_RE/EXP_SUB/CLA_8BIT_UNIT/CLA_4BIT_UNIT_0/g271/Y                            -       B->Y   R     XNOR2X1LVT       28 14.3    83    69    5238 
  BFU8_07/BFU2_UNIT3/DATA_B_RE/EXP_SUB/CLA_8BIT_UNIT/CLA_4BIT_UNIT_0/g270/Y                            -       AN->Y  R     NOR2BX1LVT        2  1.3    19    28    5267 
  BFU8_07/BFU2_UNIT3/DATA_B_RE/EXP_SUB/CLA_8BIT_UNIT/CLA_4BIT_UNIT_0/g266/Y                            -       B->Y   R     XNOR2X1LVT       26 15.4    89    66    5332 
  BFU8_07/BFU2_UNIT3/DATA_B_RE/SHF_RIGHT_MAN/g3760/Y                                                   -       A->Y   F     INVX2LVT         24 12.0    48    36    5368 
  BFU8_07/BFU2_UNIT3/DATA_B_RE/SHF_RIGHT_MAN/g3710/Y                                                   -       B1->Y  R     OAI22X1LVT        2  1.2    41    26    5394 
  BFU8_07/BFU2_UNIT3/DATA_B_RE/SHF_RIGHT_MAN/g3678/Y                                                   -       A0->Y  F     AOI22X1LVT        2  0.8    30    26    5420 
  BFU8_07/BFU2_UNIT3/DATA_B_RE/SHF_RIGHT_MAN/g3660/Y                                                   -       A->Y   F     MX2XLLVT          1  0.5     7    27    5447 
  BFU8_07/BFU2_UNIT3/DATA_B_RE/SHF_RIGHT_MAN/g3640/Y                                                   -       A0->Y  R     OAI22X1LVT        3  1.1    34    20    5468 
  BFU8_07/BFU2_UNIT3/DATA_B_RE/MAN_COMP_24BIT/u_i_data_1/g343/Y                                        -       A->Y   F     INVX1LVT          2  1.3    13    14    5482 
  BFU8_07/BFU2_UNIT3/DATA_B_RE/MAN_COMP_24BIT/u_i_data_1/g336/CO                                       -       B->CO  F     ADDHX1LVT         1  0.5     5    15    5497 
  BFU8_07/BFU2_UNIT3/DATA_B_RE/MAN_COMP_24BIT/u_i_data_1/g333/Y                                        -       A2->Y  R     OAI32X1LVT        1  0.5    38    21    5517 
  BFU8_07/BFU2_UNIT3/DATA_B_RE/MAN_COMP_24BIT/u_i_data_1/g332/Y                                        -       A1->Y  F     AOI22X1LVT        1  0.5    25    24    5542 
  BFU8_07/BFU2_UNIT3/DATA_B_RE/MAN_COMP_24BIT/u_i_data_1/g331/Y                                        -       A1->Y  R     OAI22X1LVT        1  0.5    27    20    5561 
  BFU8_07/BFU2_UNIT3/DATA_B_RE/MAN_COMP_24BIT/g145/Y                                                   -       B0->Y  F     AOI21X1LVT        1  0.5    17    11    5572 
  BFU8_07/BFU2_UNIT3/DATA_B_RE/MAN_COMP_24BIT/g144/Y                                                   -       B->Y   R     NOR2BX1LVT        1  0.3    10    11    5583 
  BFU8_07/BFU2_UNIT3/DATA_B_RE/MAN_COMP_24BIT/g143/Y                                                   -       A1->Y  R     OA21X1LVT         1  0.3     5    21    5604 
  BFU8_07/BFU2_UNIT3/DATA_B_RE/MAN_COMP_24BIT/g142/Y                                                   -       A1->Y  R     OA21X1LVT         1  0.3     5    20    5624 
  BFU8_07/BFU2_UNIT3/DATA_B_RE/MAN_COMP_24BIT/g141/Y                                                   -       A1->Y  R     OA21X1LVT         1  0.3     5    20    5644 
  BFU8_07/BFU2_UNIT3/DATA_B_RE/MAN_COMP_24BIT/g140/Y                                                   -       B->Y   R     OR2X1LVT         49 33.1   188   113    5757 
  BFU8_07/BFU2_UNIT3/DATA_B_RE/MAN_SWAP/g794/Y                                                         -       S0->Y  F     MX2XLLVT          3  1.2    13    41    5798 
  BFU8_07/BFU2_UNIT3/DATA_B_RE/MAN_ALU/g440/Y                                                          -       B->Y   R     XNOR2X1LVT        2  1.0     9    29    5827 
  BFU8_07/BFU2_UNIT3/DATA_B_RE/MAN_ALU/ALU_SUB_UNIT/CLA_BLOCK_GEN[0].CLA_4BIT_UNIT/g331/Y              -       B->Y   F     XOR2XLLVT         3  1.1    11    28    5855 
  BFU8_07/BFU2_UNIT3/DATA_B_RE/MAN_ALU/ALU_SUB_UNIT/CLA_BLOCK_GEN[0].CLA_4BIT_UNIT/g325/Y              -       A1N->Y F     OAI2BB1X1LVT      1  0.3     9    17    5872 
  BFU8_07/BFU2_UNIT3/DATA_B_RE/MAN_ALU/ALU_SUB_UNIT/CLA_BLOCK_GEN[0].CLA_4BIT_UNIT/g322/Y              -       A1->Y  F     AO21XLLVT         1  0.5     6    22    5894 
  BFU8_07/BFU2_UNIT3/DATA_B_RE/MAN_ALU/ALU_SUB_UNIT/CLA_BLOCK_GEN[0].CLA_4BIT_UNIT/g320/Y              -       A1->Y  R     AOI22X1LVT        1  0.6    21    17    5911 
  BFU8_07/BFU2_UNIT3/DATA_B_RE/MAN_ALU/ALU_SUB_UNIT/CLA_BLOCK_GEN[0].CLA_4BIT_UNIT/g319/Y              -       B0->Y  F     OAI2BB1X1LVT      3  0.9    15    16    5927 
  BFU8_07/BFU2_UNIT3/DATA_B_RE/MAN_ALU/ALU_SUB_UNIT/g101/Y                                             -       B0->Y  F     AO21XLLVT         2  0.9    10    24    5950 
  BFU8_07/BFU2_UNIT3/DATA_B_RE/MAN_ALU/ALU_SUB_UNIT/CLA_BLOCK_GEN[1].CLA_4BIT_UNIT/g463/Y              -       A1N->Y F     OAI2BB1X1LVT      2  0.9    14    20    5970 
  BFU8_07/BFU2_UNIT3/DATA_B_RE/MAN_ALU/ALU_SUB_UNIT/CLA_BLOCK_GEN[1].CLA_4BIT_UNIT/g459/Y              -       A1N->Y F     OAI2BB1X1LVT      2  1.1    16    21    5991 
  BFU8_07/BFU2_UNIT3/DATA_B_RE/MAN_ALU/ALU_SUB_UNIT/CLA_BLOCK_GEN[1].CLA_4BIT_UNIT/g457/Y              -       A1->Y  R     AOI22X1LVT        2  1.3    28    23    6014 
  BFU8_07/BFU2_UNIT3/DATA_B_RE/MAN_ALU/ALU_SUB_UNIT/CLA_BLOCK_GEN[1].CLA_4BIT_UNIT/g455/Y              -       A1->Y  F     OAI21X1LVT        3  0.9    17    18    6032 
  BFU8_07/BFU2_UNIT3/DATA_B_RE/MAN_ALU/ALU_SUB_UNIT/g119/Y                                             -       AN->Y  F     NAND2BX1LVT       2  0.9    15    20    6052 
  BFU8_07/BFU2_UNIT3/DATA_B_RE/MAN_ALU/ALU_SUB_UNIT/CLA_BLOCK_GEN[2].CLA_4BIT_UNIT/g463/Y              -       A1N->Y F     OAI2BB1X1LVT      2  0.9    14    20    6072 
  BFU8_07/BFU2_UNIT3/DATA_B_RE/MAN_ALU/ALU_SUB_UNIT/CLA_BLOCK_GEN[2].CLA_4BIT_UNIT/g459/Y              -       A1N->Y F     OAI2BB1X1LVT      2  1.1    16    21    6093 
  BFU8_07/BFU2_UNIT3/DATA_B_RE/MAN_ALU/ALU_SUB_UNIT/CLA_BLOCK_GEN[2].CLA_4BIT_UNIT/g457/Y              -       A1->Y  R     AOI22X1LVT        2  1.3    28    23    6116 
  BFU8_07/BFU2_UNIT3/DATA_B_RE/MAN_ALU/ALU_SUB_UNIT/CLA_BLOCK_GEN[2].CLA_4BIT_UNIT/g455/Y              -       A1->Y  F     OAI21X1LVT        3  1.1    19    18    6135 
  BFU8_07/BFU2_UNIT3/DATA_B_RE/MAN_ALU/ALU_SUB_UNIT/g146/Y                                             -       AN->Y  F     NAND2BX1LVT       2  0.9    15    21    6155 
  BFU8_07/BFU2_UNIT3/DATA_B_RE/MAN_ALU/ALU_SUB_UNIT/CLA_BLOCK_GEN[3].CLA_4BIT_UNIT/g463/Y              -       A1N->Y F     OAI2BB1X1LVT      2  0.9    14    20    6175 
  BFU8_07/BFU2_UNIT3/DATA_B_RE/MAN_ALU/ALU_SUB_UNIT/CLA_BLOCK_GEN[3].CLA_4BIT_UNIT/g459/Y              -       A1N->Y F     OAI2BB1X1LVT      2  1.1    16    21    6196 
  BFU8_07/BFU2_UNIT3/DATA_B_RE/MAN_ALU/ALU_SUB_UNIT/CLA_BLOCK_GEN[3].CLA_4BIT_UNIT/g457/Y              -       A1->Y  R     AOI22X1LVT        2  1.3    28    23    6219 
  BFU8_07/BFU2_UNIT3/DATA_B_RE/MAN_ALU/ALU_SUB_UNIT/CLA_BLOCK_GEN[3].CLA_4BIT_UNIT/g455/Y              -       A1->Y  F     OAI21X1LVT        3  1.1    19    18    6238 
  BFU8_07/BFU2_UNIT3/DATA_B_RE/MAN_ALU/ALU_SUB_UNIT/g181/Y                                             -       AN->Y  F     NAND2BX1LVT       2  1.1    16    22    6259 
  BFU8_07/BFU2_UNIT3/DATA_B_RE/MAN_ALU/ALU_SUB_UNIT/CLA_BLOCK_GEN[4].CLA_4BIT_UNIT/g366/Y              -       A1->Y  R     AOI22X1LVT        2  1.3    28    23    6282 
  BFU8_07/BFU2_UNIT3/DATA_B_RE/MAN_ALU/ALU_SUB_UNIT/CLA_BLOCK_GEN[4].CLA_4BIT_UNIT/g364/Y              -       A1->Y  F     OAI21X1LVT        2  1.1    19    18    6301 
  BFU8_07/BFU2_UNIT3/DATA_B_RE/MAN_ALU/ALU_SUB_UNIT/CLA_BLOCK_GEN[4].CLA_4BIT_UNIT/g362/Y              -       A1->Y  R     AOI22X1LVT        2  1.3    28    23    6324 
  BFU8_07/BFU2_UNIT3/DATA_B_RE/MAN_ALU/ALU_SUB_UNIT/CLA_BLOCK_GEN[4].CLA_4BIT_UNIT/g360/Y              -       A1->Y  F     OAI21X1LVT        2  0.8    16    17    6341 
  BFU8_07/BFU2_UNIT3/DATA_B_RE/MAN_ALU/ALU_SUB_UNIT/g213/Y                                             -       AN->Y  F     NAND2BX1LVT       2  0.9    14    20    6362 
  BFU8_07/BFU2_UNIT3/DATA_B_RE/MAN_ALU/ALU_SUB_UNIT/CLA_BLOCK_GEN[5].CLA_4BIT_UNIT/g511/Y              -       A1N->Y F     OAI2BB1X1LVT      2  0.9    14    20    6382 
  BFU8_07/BFU2_UNIT3/DATA_B_RE/MAN_ALU/ALU_SUB_UNIT/CLA_BLOCK_GEN[5].CLA_4BIT_UNIT/g507/Y              -       A1N->Y F     OAI2BB1X1LVT      2  1.1    16    21    6403 
  BFU8_07/BFU2_UNIT3/DATA_B_RE/MAN_ALU/ALU_SUB_UNIT/CLA_BLOCK_GEN[5].CLA_4BIT_UNIT/g505/Y              -       A1->Y  R     AOI22X1LVT        2  1.3    28    23    6426 
  BFU8_07/BFU2_UNIT3/DATA_B_RE/MAN_ALU/ALU_SUB_UNIT/CLA_BLOCK_GEN[5].CLA_4BIT_UNIT/g504/Y              -       B->Y   F     XOR2XLLVT         1  0.5     6    27    6453 
  BFU8_07/BFU2_UNIT3/DATA_B_RE/MAN_ALU/g1877/Y                                                         -       A1->Y  R     AOI22X1LVT        1  0.6    28    17    6470 
  BFU8_07/BFU2_UNIT3/DATA_B_RE/MAN_ALU/g1846/Y                                                         -       B0->Y  F     OAI2BB1X1LVT      8  3.6    40    31    6501 
  BFU8_07/BFU2_UNIT3/DATA_B_RE/LOPD_24BIT/LOPD_16bit_UNIT_MSB/LOPD_8bit_unit_1/g283/Y                  -       B->Y   F     OR2XLLVT          3  1.4    14    26    6526 
  BFU8_07/BFU2_UNIT3/DATA_B_RE/LOPD_24BIT/LOPD_16bit_UNIT_MSB/LOPD_8bit_unit_1/g274/Y                  -       C->Y   R     NOR3BX1LVT        2  0.8    23    17    6544 
  BFU8_07/BFU2_UNIT3/DATA_B_RE/LOPD_24BIT/LOPD_16bit_UNIT_MSB/g107/Y                                   -       A->Y   F     INVX1LVT          4  1.4    12    12    6556 
  BFU8_07/BFU2_UNIT3/DATA_B_RE/LOPD_24BIT/LOPD_16bit_UNIT_MSB/g105/Y                                   -       B->Y   R     NOR2X1LVT         4  1.2    18    15    6570 
  BFU8_07/BFU2_UNIT3/DATA_B_RE/LOPD_24BIT/LOPD_16bit_UNIT_MSB/g103/Y                                   -       A1->Y  R     AO22XLLVT         1  0.5     8    27    6598 
  BFU8_07/BFU2_UNIT3/DATA_B_RE/LOPD_24BIT/g136/Y                                                       -       A1->Y  F     AOI22X1LVT        1  0.5    21    16    6614 
  BFU8_07/BFU2_UNIT3/DATA_B_RE/LOPD_24BIT/g132/Y                                                       -       B->Y   R     NAND2X1LVT        2  0.8    13    11    6625 
  BFU8_07/BFU2_UNIT3/DATA_B_RE/g599/Y                                                                  -       A->Y   R     AND2X1LVT        27 16.1    93    68    6693 
  BFU8_07/BFU2_UNIT3/DATA_B_RE/NOR_UNIT/SHF_left_unit/g3033/Y                                          -       A->Y   F     INVX1LVT         20 10.0    68    51    6744 
  BFU8_07/BFU2_UNIT3/DATA_B_RE/NOR_UNIT/SHF_left_unit/g2960/Y                                          -       B0->Y  R     OAI22X1LVT        2  1.0    36    27    6771 
  BFU8_07/BFU2_UNIT3/DATA_B_RE/NOR_UNIT/SHF_left_unit/g2953/Y                                          -       A->Y   F     INVX1LVT          1  0.3     9    12    6783 
  BFU8_07/BFU2_UNIT3/DATA_B_RE/NOR_UNIT/SHF_left_unit/g2940/Y                                          -       A->Y   F     MX2XLLVT          3  1.3    13    29    6811 
  BFU8_07/BFU2_UNIT3/DATA_B_RE/NOR_UNIT/SHF_left_unit/g2932/Y                                          -       B->Y   R     NOR2X1LVT         1  0.3    15    10    6821 
  BFU8_07/BFU2_UNIT3/DATA_B_RE/NOR_UNIT/g1437/Y                                                        -       A1N->Y R     OAI2BB1X1LVT      1  0.9    15    22    6843 
  BFU8_07/BFU2_UNIT3/DATA_B_RE/MAN_RND/g656/CO                                                         -       B->CO  R     ADDHX1LVT         1  0.9     8    21    6864 
  BFU8_07/BFU2_UNIT3/DATA_B_RE/MAN_RND/g655/CO                                                         -       B->CO  R     ADDHX1LVT         1  0.9     8    20    6885 
  BFU8_07/BFU2_UNIT3/DATA_B_RE/MAN_RND/g654/CO                                                         -       B->CO  R     ADDHX1LVT         1  0.9     8    20    6905 
  BFU8_07/BFU2_UNIT3/DATA_B_RE/MAN_RND/g653/CO                                                         -       B->CO  R     ADDHX1LVT         1  0.9     8    20    6925 
  BFU8_07/BFU2_UNIT3/DATA_B_RE/MAN_RND/g652/CO                                                         -       B->CO  R     ADDHX1LVT         1  0.9     8    20    6946 
  BFU8_07/BFU2_UNIT3/DATA_B_RE/MAN_RND/g651/CO                                                         -       B->CO  R     ADDHX1LVT         1  0.9     8    20    6966 
  BFU8_07/BFU2_UNIT3/DATA_B_RE/MAN_RND/g650/CO                                                         -       B->CO  R     ADDHX1LVT         1  0.9     8    20    6986 
  BFU8_07/BFU2_UNIT3/DATA_B_RE/MAN_RND/g649/CO                                                         -       B->CO  R     ADDHX1LVT         1  0.9     8    20    7006 
  BFU8_07/BFU2_UNIT3/DATA_B_RE/MAN_RND/g648/CO                                                         -       B->CO  R     ADDHX1LVT         1  0.9     8    20    7027 
  BFU8_07/BFU2_UNIT3/DATA_B_RE/MAN_RND/g647/CO                                                         -       B->CO  R     ADDHX1LVT         1  0.9     8    20    7047 
  BFU8_07/BFU2_UNIT3/DATA_B_RE/MAN_RND/g646/CO                                                         -       B->CO  R     ADDHX1LVT         1  0.9     8    20    7067 
  BFU8_07/BFU2_UNIT3/DATA_B_RE/MAN_RND/g645/CO                                                         -       B->CO  R     ADDHX1LVT         1  0.9     8    20    7088 
  BFU8_07/BFU2_UNIT3/DATA_B_RE/MAN_RND/g644/CO                                                         -       B->CO  R     ADDHX1LVT         1  0.9     8    20    7108 
  BFU8_07/BFU2_UNIT3/DATA_B_RE/MAN_RND/g643/CO                                                         -       B->CO  R     ADDHX1LVT         1  0.9     8    20    7128 
  BFU8_07/BFU2_UNIT3/DATA_B_RE/MAN_RND/g642/CO                                                         -       B->CO  R     ADDHX1LVT         1  0.9     8    20    7149 
  BFU8_07/BFU2_UNIT3/DATA_B_RE/MAN_RND/g641/CO                                                         -       B->CO  R     ADDHX1LVT         1  0.9     8    20    7169 
  BFU8_07/BFU2_UNIT3/DATA_B_RE/MAN_RND/g640/CO                                                         -       B->CO  R     ADDHX1LVT         1  0.9     8    20    7189 
  BFU8_07/BFU2_UNIT3/DATA_B_RE/MAN_RND/g639/CO                                                         -       B->CO  R     ADDHX1LVT         1  0.9     8    20    7210 
  BFU8_07/BFU2_UNIT3/DATA_B_RE/MAN_RND/g638/CO                                                         -       B->CO  R     ADDHX1LVT         1  0.9     8    20    7230 
  BFU8_07/BFU2_UNIT3/DATA_B_RE/MAN_RND/g637/CO                                                         -       B->CO  R     ADDHX1LVT         1  0.9     8    20    7250 
  BFU8_07/BFU2_UNIT3/DATA_B_RE/MAN_RND/g636/CO                                                         -       B->CO  R     ADDHX1LVT         1  0.9     8    20    7270 
  BFU8_07/BFU2_UNIT3/DATA_B_RE/MAN_RND/g635/CO                                                         -       B->CO  R     ADDHX1LVT         2  1.0     8    21    7291 
  BFU8_07/BFU2_UNIT3/DATA_B_RE/MAN_RND/g633/Y                                                          -       C->Y   R     AND3XLLVT         2  1.2    14    28    7318 
  BFU8_07/BFU2_UNIT3/DATA_B_RE/EXP_RND/g187/Y                                                          -       B->Y   F     NAND2X1LVT        2  0.9    14    13    7332 
  BFU8_07/BFU2_UNIT3/DATA_B_RE/EXP_RND/g185/Y                                                          -       AN->Y  F     NAND2BX1LVT       2  0.9    13    20    7352 
  BFU8_07/BFU2_UNIT3/DATA_B_RE/EXP_RND/g183/Y                                                          -       AN->Y  F     NAND2BX1LVT       2  0.9    13    20    7372 
  BFU8_07/BFU2_UNIT3/DATA_B_RE/EXP_RND/g181/Y                                                          -       AN->Y  F     NAND2BX1LVT       2  0.9    13    20    7392 
  BFU8_07/BFU2_UNIT3/DATA_B_RE/EXP_RND/g179/Y                                                          -       AN->Y  F     NAND2BX1LVT       2  0.9    14    20    7412 
  BFU8_07/BFU2_UNIT3/DATA_B_RE/EXP_RND/g177/Y                                                          -       AN->Y  F     NAND2BX1LVT       2  0.9    13    20    7432 
  BFU8_07/BFU2_UNIT3/DATA_B_RE/EXP_RND/g175/Y                                                          -       AN->Y  F     NAND2BX1LVT       1  0.6    10    19    7451 
  BFU8_07/BFU2_UNIT3/DATA_B_RE/EXP_RND/g173/Y                                                          -       B->Y   F     XNOR2X1LVT        1  0.5     6    24    7475 
  BFU8_07/BFU2_UNIT3/DATA_B_RE/g2955/Y                                                                 -       B1->Y  R     AOI222X1LVT       1  0.5    42    28    7503 
  BFU8_07/BFU2_UNIT3/DATA_B_RE/g2942/Y                                                                 -       B->Y   F     NAND2X1LVT        1  0.5    15    18    7521 
  X7_real_reg[30]/SI                                                                                   <<<     -      F     SDFFRHQX4LVT      1    -     -     0    7521 
#------------------------------------------------------------------------------------------------------------------------------------------------------------------------

