============================================================
  Generated by:           Genus(TM) Synthesis Solution GENUS15.20 - 15.20-p004_1
  Generated on:           Jan 05 2026  10:28:25 am
  Module:                 FFT_8Points
  Wireload mode:          enclosed
  Area mode:              timing library
============================================================


Path 1: MET (993892 ps) Setup Check with Pin X7_real_reg[30]/CK->SI
          Group: i_clk
     Startpoint: (R) s3_S2_7_imag_reg[28]/CK
          Clock: (R) i_clk
       Endpoint: (R) X7_real_reg[30]/SI
          Clock: (R) i_clk

                      Capture       Launch     
        Clock Edge:+  1000000            0     
       Src Latency:+        0            0     
       Net Latency:+        0 (I)        0 (I) 
           Arrival:=  1000000            0     
                                               
             Setup:-       21                  
     Required Time:=   999979                  
      Launch Clock:-        0                  
         Data Path:-     6087                  
             Slack:=   993892                  

#------------------------------------------------------------------------------------------------------------------------------------------------------------------------
#                                            Timing Point                                              Flags    Arc   Edge     Cell      Fanout Load Trans Delay Arrival 
#                                                                                                                                               (fF)  (ps)  (ps)   (ps)  
#------------------------------------------------------------------------------------------------------------------------------------------------------------------------
  s3_S2_7_imag_reg[28]/CK                                                                              -       -      R     (arrival)      2055    -     0     -       0 
  s3_S2_7_imag_reg[28]/Q                                                                               -       CK->Q  R     DFFRHQX1LVT      15  6.5    34    49      49 
  BFU8_07/INPUT_DATA_7/DATA_A_IM/EXP_COM_8BIT/COMP_LESS_UNIT/u_high/g345/Y                             -       A->Y   F     INVX1LVT          2  1.3    12    11      60 
  BFU8_07/INPUT_DATA_7/DATA_A_IM/EXP_COM_8BIT/COMP_LESS_UNIT/u_high/g338/CO                            -       B->CO  F     ADDHX1LVT         1  0.5     4    12      72 
  BFU8_07/INPUT_DATA_7/DATA_A_IM/EXP_COM_8BIT/COMP_LESS_UNIT/u_high/g336/Y                             -       A2->Y  R     OAI32X1LVT        1  0.5    34    17      90 
  BFU8_07/INPUT_DATA_7/DATA_A_IM/EXP_COM_8BIT/COMP_LESS_UNIT/u_high/g335/Y                             -       A1->Y  F     AOI22X1LVT        2  0.8    24    20     109 
  BFU8_07/INPUT_DATA_7/DATA_A_IM/EXP_COM_8BIT/COMP_LESS_UNIT/u_high/g334/Y                             -       A1N->Y F     OAI2BB1X1LVT      1  0.5    11    15     124 
  BFU8_07/INPUT_DATA_7/DATA_A_IM/EXP_COM_8BIT/COMP_LESS_UNIT/u_high/g333/Y                             -       B0->Y  R     OAI21X1LVT        1  0.4    15     7     131 
  BFU8_07/INPUT_DATA_7/DATA_A_IM/EXP_COM_8BIT/COMP_LESS_UNIT/g16/Y                                     -       B0->Y  R     AO21X1LVT        60 41.6   203   121     252 
  BFU8_07/INPUT_DATA_7/DATA_A_IM/EXP_SWAP/g222/Y                                                       -       S0->Y  R     MX2XLLVT          1  0.6     8    31     283 
  BFU8_07/INPUT_DATA_7/DATA_A_IM/EXP_SUB/g12/Y                                                         -       A->Y   F     INVX1LVT          3  1.4     7     8     290 
  BFU8_07/INPUT_DATA_7/DATA_A_IM/EXP_SUB/CLA_8BIT_UNIT/CLA_4BIT_UNIT_0/g303/Y                          -       B->Y   R     XNOR2X1LVT       27 14.4    72    58     349 
  BFU8_07/INPUT_DATA_7/DATA_A_IM/EXP_SUB/CLA_8BIT_UNIT/CLA_4BIT_UNIT_0/g302/Y                          -       AN->Y  R     NOR2BX1LVT        2  1.3    16    22     370 
  BFU8_07/INPUT_DATA_7/DATA_A_IM/EXP_SUB/CLA_8BIT_UNIT/CLA_4BIT_UNIT_0/g295/Y                          -       A1->Y  F     OAI21X1LVT        2  1.2    17    13     383 
  BFU8_07/INPUT_DATA_7/DATA_A_IM/EXP_SUB/CLA_8BIT_UNIT/CLA_4BIT_UNIT_0/g293/Y                          -       B->Y   R     CLKXOR2X1LVT     18 11.2    56    46     430 
  BFU8_07/INPUT_DATA_7/DATA_A_IM/SHF_RIGHT_MAN/g3892/Y                                                 -       A->Y   F     INVX2LVT         24 13.0    38    26     455 
  BFU8_07/INPUT_DATA_7/DATA_A_IM/SHF_RIGHT_MAN/g3811/Y                                                 -       A1->Y  R     AOI22X1LVT        2  0.9    25    20     475 
  BFU8_07/INPUT_DATA_7/DATA_A_IM/SHF_RIGHT_MAN/g3808/Y                                                 -       A->Y   F     INVXLLVT          1  0.5     8     9     484 
  BFU8_07/INPUT_DATA_7/DATA_A_IM/SHF_RIGHT_MAN/g3793/Y                                                 -       B1->Y  R     AOI22X1LVT        1  0.6    20    11     495 
  BFU8_07/INPUT_DATA_7/DATA_A_IM/SHF_RIGHT_MAN/g3767/Y                                                 -       A1->Y  F     OAI22X1LVT        3  1.1    22    17     512 
  BFU8_07/INPUT_DATA_7/DATA_A_IM/MAN_COMP_24BIT/u_i_data_1/g345/Y                                      -       A->Y   R     INVX1LVT          2  1.6    12    11     523 
  BFU8_07/INPUT_DATA_7/DATA_A_IM/MAN_COMP_24BIT/u_i_data_1/g338/CO                                     -       B->CO  R     ADDHX1LVT         1  0.6     5    16     539 
  BFU8_07/INPUT_DATA_7/DATA_A_IM/MAN_COMP_24BIT/u_i_data_1/g336/Y                                      -       A2->Y  F     OAI32X1LVT        1  0.6    20    13     552 
  BFU8_07/INPUT_DATA_7/DATA_A_IM/MAN_COMP_24BIT/u_i_data_1/g335/Y                                      -       A1->Y  R     AOI22X1LVT        2  0.9    23    17     569 
  BFU8_07/INPUT_DATA_7/DATA_A_IM/MAN_COMP_24BIT/u_i_data_1/g334/Y                                      -       A1N->Y R     OAI2BB1X1LVT      1  0.6    14    18     587 
  BFU8_07/INPUT_DATA_7/DATA_A_IM/MAN_COMP_24BIT/u_i_data_1/g333/Y                                      -       B0->Y  F     OAI21X1LVT        1  0.5    12    12     598 
  BFU8_07/INPUT_DATA_7/DATA_A_IM/MAN_COMP_24BIT/g147/Y                                                 -       B0->Y  R     AOI21X1LVT        1  0.6    13    11     610 
  BFU8_07/INPUT_DATA_7/DATA_A_IM/MAN_COMP_24BIT/g146/Y                                                 -       B->Y   F     NOR2BX1LVT        1  0.3     5     6     616 
  BFU8_07/INPUT_DATA_7/DATA_A_IM/MAN_COMP_24BIT/g145/Y                                                 -       A1->Y  F     OA21X1LVT         1  0.3     4    20     636 
  BFU8_07/INPUT_DATA_7/DATA_A_IM/MAN_COMP_24BIT/g144/Y                                                 -       A1->Y  F     OA21X1LVT         1  0.5     5    20     656 
  BFU8_07/INPUT_DATA_7/DATA_A_IM/MAN_COMP_24BIT/g143/Y                                                 -       A1->Y  R     OAI21X1LVT        1  0.5    13    10     666 
  BFU8_07/INPUT_DATA_7/DATA_A_IM/MAN_COMP_24BIT/g142/Y                                                 -       B->Y   F     NAND2BX1LVT      49 28.5   211   121     788 
  BFU8_07/INPUT_DATA_7/DATA_A_IM/MAN_SWAP/g794/Y                                                       -       S0->Y  F     MX2XLLVT          3  1.2    12    39     826 
  BFU8_07/INPUT_DATA_7/DATA_A_IM/MAN_ALU/g440/Y                                                        -       B->Y   R     XNOR2X1LVT        1  1.0     7    23     849 
  BFU8_07/INPUT_DATA_7/DATA_A_IM/MAN_ALU/ALU_SUB_UNIT/CLA_BLOCK_GEN[0].CLA_4BIT_UNIT/g330/S            -       B->S   F     ADDHX1LVT         4  1.4     9    25     874 
  BFU8_07/INPUT_DATA_7/DATA_A_IM/MAN_ALU/ALU_SUB_UNIT/CLA_BLOCK_GEN[0].CLA_4BIT_UNIT/g327/Y            -       AN->Y  F     NOR2BX1LVT        1  0.5     6    13     887 
  BFU8_07/INPUT_DATA_7/DATA_A_IM/MAN_ALU/ALU_SUB_UNIT/CLA_BLOCK_GEN[0].CLA_4BIT_UNIT/g325/Y            -       B->Y   R     NOR2X1LVT         1  0.6    10     8     896 
  BFU8_07/INPUT_DATA_7/DATA_A_IM/MAN_ALU/ALU_SUB_UNIT/CLA_BLOCK_GEN[0].CLA_4BIT_UNIT/g322/Y            -       A1->Y  F     OAI21X1LVT        1  0.6    13    10     905 
  BFU8_07/INPUT_DATA_7/DATA_A_IM/MAN_ALU/ALU_SUB_UNIT/CLA_BLOCK_GEN[0].CLA_4BIT_UNIT/g320/Y            -       A1->Y  R     AOI22X1LVT        1  0.6    18    15     920 
  BFU8_07/INPUT_DATA_7/DATA_A_IM/MAN_ALU/ALU_SUB_UNIT/CLA_BLOCK_GEN[0].CLA_4BIT_UNIT/g319/Y            -       B0->Y  F     OAI2BB1X1LVT      3  0.9    12    12     932 
  BFU8_07/INPUT_DATA_7/DATA_A_IM/MAN_ALU/ALU_SUB_UNIT/g101/Y                                           -       B0->Y  F     AO21XLLVT         2  0.9     8    19     951 
  BFU8_07/INPUT_DATA_7/DATA_A_IM/MAN_ALU/ALU_SUB_UNIT/CLA_BLOCK_GEN[1].CLA_4BIT_UNIT/g463/Y            -       A1N->Y F     OAI2BB1X1LVT      2  0.9    11    16     967 
  BFU8_07/INPUT_DATA_7/DATA_A_IM/MAN_ALU/ALU_SUB_UNIT/CLA_BLOCK_GEN[1].CLA_4BIT_UNIT/g459/Y            -       A1N->Y F     OAI2BB1X1LVT      2  1.2    13    17     985 
  BFU8_07/INPUT_DATA_7/DATA_A_IM/MAN_ALU/ALU_SUB_UNIT/CLA_BLOCK_GEN[1].CLA_4BIT_UNIT/g457/Y            -       A1->Y  R     AOI22X1LVT        2  1.3    24    18    1003 
  BFU8_07/INPUT_DATA_7/DATA_A_IM/MAN_ALU/ALU_SUB_UNIT/CLA_BLOCK_GEN[1].CLA_4BIT_UNIT/g455/Y            -       A1->Y  F     OAI21X1LVT        3  1.1    16    14    1017 
  BFU8_07/INPUT_DATA_7/DATA_A_IM/MAN_ALU/ALU_SUB_UNIT/g119/Y                                           -       AN->Y  F     NAND2BX1LVT       2  0.9    12    16    1033 
  BFU8_07/INPUT_DATA_7/DATA_A_IM/MAN_ALU/ALU_SUB_UNIT/CLA_BLOCK_GEN[2].CLA_4BIT_UNIT/g463/Y            -       A1N->Y F     OAI2BB1X1LVT      2  0.9    11    16    1049 
  BFU8_07/INPUT_DATA_7/DATA_A_IM/MAN_ALU/ALU_SUB_UNIT/CLA_BLOCK_GEN[2].CLA_4BIT_UNIT/g459/Y            -       A1N->Y F     OAI2BB1X1LVT      2  1.2    14    17    1067 
  BFU8_07/INPUT_DATA_7/DATA_A_IM/MAN_ALU/ALU_SUB_UNIT/CLA_BLOCK_GEN[2].CLA_4BIT_UNIT/g457/Y            -       A1->Y  R     AOI22X1LVT        2  1.3    24    18    1085 
  BFU8_07/INPUT_DATA_7/DATA_A_IM/MAN_ALU/ALU_SUB_UNIT/CLA_BLOCK_GEN[2].CLA_4BIT_UNIT/g455/Y            -       A1->Y  F     OAI21X1LVT        3  0.9    14    13    1098 
  BFU8_07/INPUT_DATA_7/DATA_A_IM/MAN_ALU/ALU_SUB_UNIT/g146/Y                                           -       AN->Y  F     NAND2BX1LVT       2  1.2    14    18    1116 
  BFU8_07/INPUT_DATA_7/DATA_A_IM/MAN_ALU/ALU_SUB_UNIT/CLA_BLOCK_GEN[3].CLA_4BIT_UNIT/g463/Y            -       A1->Y  R     AOI21X1LVT        2  1.3    19    15    1130 
  BFU8_07/INPUT_DATA_7/DATA_A_IM/MAN_ALU/ALU_SUB_UNIT/CLA_BLOCK_GEN[3].CLA_4BIT_UNIT/g459/Y            -       A1->Y  F     OAI21X1LVT        2  1.2    17    13    1144 
  BFU8_07/INPUT_DATA_7/DATA_A_IM/MAN_ALU/ALU_SUB_UNIT/CLA_BLOCK_GEN[3].CLA_4BIT_UNIT/g457/Y            -       A1->Y  R     AOI22X1LVT        2  1.3    24    19    1162 
  BFU8_07/INPUT_DATA_7/DATA_A_IM/MAN_ALU/ALU_SUB_UNIT/CLA_BLOCK_GEN[3].CLA_4BIT_UNIT/g455/Y            -       A1->Y  F     OAI21X1LVT        3  0.9    14    13    1175 
  BFU8_07/INPUT_DATA_7/DATA_A_IM/MAN_ALU/ALU_SUB_UNIT/g181/Y                                           -       AN->Y  F     NAND2BX1LVT       2  1.2    14    18    1193 
  BFU8_07/INPUT_DATA_7/DATA_A_IM/MAN_ALU/ALU_SUB_UNIT/CLA_BLOCK_GEN[4].CLA_4BIT_UNIT/g366/Y            -       A1->Y  R     AOI22X1LVT        2  1.3    24    18    1211 
  BFU8_07/INPUT_DATA_7/DATA_A_IM/MAN_ALU/ALU_SUB_UNIT/CLA_BLOCK_GEN[4].CLA_4BIT_UNIT/g364/Y            -       A1->Y  F     OAI21X1LVT        2  1.2    16    14    1225 
  BFU8_07/INPUT_DATA_7/DATA_A_IM/MAN_ALU/ALU_SUB_UNIT/CLA_BLOCK_GEN[4].CLA_4BIT_UNIT/g362/Y            -       A1->Y  R     AOI22X1LVT        2  1.3    24    19    1244 
  BFU8_07/INPUT_DATA_7/DATA_A_IM/MAN_ALU/ALU_SUB_UNIT/CLA_BLOCK_GEN[4].CLA_4BIT_UNIT/g360/Y            -       A1->Y  F     OAI21X1LVT        2  0.8    14    12    1256 
  BFU8_07/INPUT_DATA_7/DATA_A_IM/MAN_ALU/ALU_SUB_UNIT/g213/Y                                           -       AN->Y  F     NAND2BX1LVT       2  1.2    14    18    1274 
  BFU8_07/INPUT_DATA_7/DATA_A_IM/MAN_ALU/ALU_SUB_UNIT/CLA_BLOCK_GEN[5].CLA_4BIT_UNIT/g511/Y            -       A1->Y  R     AOI21X1LVT        2  1.3    19    15    1289 
  BFU8_07/INPUT_DATA_7/DATA_A_IM/MAN_ALU/ALU_SUB_UNIT/CLA_BLOCK_GEN[5].CLA_4BIT_UNIT/g507/Y            -       A1->Y  F     OAI21X1LVT        2  1.2    17    13    1302 
  BFU8_07/INPUT_DATA_7/DATA_A_IM/MAN_ALU/ALU_SUB_UNIT/CLA_BLOCK_GEN[5].CLA_4BIT_UNIT/g505/Y            -       A1->Y  R     AOI22X1LVT        2  1.3    24    19    1321 
  BFU8_07/INPUT_DATA_7/DATA_A_IM/MAN_ALU/ALU_SUB_UNIT/CLA_BLOCK_GEN[5].CLA_4BIT_UNIT/g504/Y            -       B->Y   F     XOR2XLLVT         1  0.6     6    22    1343 
  BFU8_07/INPUT_DATA_7/DATA_A_IM/MAN_ALU/g1877/Y                                                       -       A1->Y  R     AOI22X1LVT        1  0.6    24    14    1357 
  BFU8_07/INPUT_DATA_7/DATA_A_IM/MAN_ALU/g1846/Y                                                       -       B0->Y  F     OAI2BB1X1LVT      8  3.9    34    25    1382 
  BFU8_07/INPUT_DATA_7/DATA_A_IM/LOPD_24BIT/LOPD_16bit_UNIT_MSB/LOPD_8bit_unit_1/g283/Y                -       B->Y   F     OR2XLLVT          3  1.3    11    21    1402 
  BFU8_07/INPUT_DATA_7/DATA_A_IM/LOPD_24BIT/LOPD_16bit_UNIT_MSB/LOPD_8bit_unit_1/g274/Y                -       C->Y   R     NOR3BX1LVT        2  0.9    21    14    1416 
  BFU8_07/INPUT_DATA_7/DATA_A_IM/LOPD_24BIT/LOPD_16bit_UNIT_MSB/g106/Y                                 -       A->Y   R     AND2X1LVT         7  3.6    20    25    1441 
  BFU8_07/INPUT_DATA_7/DATA_A_IM/LOPD_24BIT/g139/Y                                                     -       A->Y   F     INVX1LVT          4  2.1    12    11    1452 
  BFU8_07/INPUT_DATA_7/DATA_A_IM/LOPD_24BIT/g134/Y                                                     -       A0->Y  R     AOI221X1LVT       1  0.3    23    22    1474 
  BFU8_07/INPUT_DATA_7/DATA_A_IM/LOPD_24BIT/g132/Y                                                     -       A->Y   F     INVXLLVT          2  0.8    10    10    1484 
  BFU8_07/INPUT_DATA_7/DATA_A_IM/g600/Y                                                                -       A->Y   F     AND2X1LVT        27 14.2    62    44    1528 
  BFU8_07/INPUT_DATA_7/DATA_A_IM/NOR_UNIT/SHF_left_unit/g3036/Y                                        -       A->Y   R     INVX2LVT         25 12.6    42    28    1556 
  BFU8_07/INPUT_DATA_7/DATA_A_IM/NOR_UNIT/SHF_left_unit/g3004/Y                                        -       A1->Y  F     AOI22X1LVT        2  1.0    29    22    1578 
  BFU8_07/INPUT_DATA_7/DATA_A_IM/NOR_UNIT/SHF_left_unit/g2971/Y                                        -       A1->Y  R     OAI22X1LVT        2  0.9    31    19    1597 
  BFU8_07/INPUT_DATA_7/DATA_A_IM/NOR_UNIT/SHF_left_unit/g2961/Y                                        -       A->Y   F     INVXLLVT          1  0.5     9    10    1607 
  BFU8_07/INPUT_DATA_7/DATA_A_IM/NOR_UNIT/SHF_left_unit/g2941/Y                                        -       A1->Y  R     OAI22X1LVT        2  0.8    27    15    1622 
  BFU8_07/INPUT_DATA_7/DATA_A_IM/NOR_UNIT/SHF_left_unit/g2933/Y                                        -       A->Y   F     INVXLLVT          2  1.0    12    11    1633 
  BFU8_07/INPUT_DATA_7/DATA_A_IM/NOR_UNIT/SHF_left_unit/g2931/Y                                        -       B->Y   R     NOR2X1LVT         1  0.3    14     8    1641 
  BFU8_07/INPUT_DATA_7/DATA_A_IM/NOR_UNIT/g1438/Y                                                      -       A1N->Y R     OAI2BB1X1LVT      1  1.0    13    18    1659 
  BFU8_07/INPUT_DATA_7/DATA_A_IM/MAN_RND/g656/CO                                                       -       B->CO  R     ADDHX1LVT         1  1.0     7    17    1676 
  BFU8_07/INPUT_DATA_7/DATA_A_IM/MAN_RND/g655/CO                                                       -       B->CO  R     ADDHX1LVT         1  1.0     7    16    1692 
  BFU8_07/INPUT_DATA_7/DATA_A_IM/MAN_RND/g654/CO                                                       -       B->CO  R     ADDHX1LVT         1  1.0     7    16    1709 
  BFU8_07/INPUT_DATA_7/DATA_A_IM/MAN_RND/g653/CO                                                       -       B->CO  R     ADDHX1LVT         1  1.0     7    16    1726 
  BFU8_07/INPUT_DATA_7/DATA_A_IM/MAN_RND/g652/CO                                                       -       B->CO  R     ADDHX1LVT         1  1.0     7    16    1742 
  BFU8_07/INPUT_DATA_7/DATA_A_IM/MAN_RND/g651/CO                                                       -       B->CO  R     ADDHX1LVT         1  1.0     7    16    1758 
  BFU8_07/INPUT_DATA_7/DATA_A_IM/MAN_RND/g650/S                                                        -       B->S   F     ADDHX1LVT         1  0.3     4    23    1781 
  BFU8_07/INPUT_DATA_7/DATA_A_IM/g2961/Y                                                               -       A1N->Y F     OAI2BB1X1LVT     18  7.9    64    44    1825 
  BFU8_07/INPUT_DATA_7/mul1_sub/MAN_MUL_UNIT/MUL_UNIT_MAN_UNIT/m1/m1/m2/m2/g46/Y                       -       A->Y   R     INVXLLVT          1  0.7    18    18    1843 
  BFU8_07/INPUT_DATA_7/mul1_sub/MAN_MUL_UNIT/MUL_UNIT_MAN_UNIT/m1/m1/m2/m2/g44/S                       -       A->S   F     ADDHX1LVT         1  0.3     5    28    1870 
  BFU8_07/INPUT_DATA_7/mul1_sub/MAN_MUL_UNIT/MUL_UNIT_MAN_UNIT/m1/m1/m2/m2/g43/Y                       -       A->Y   R     INVXLLVT          2  1.2    11     9    1880 
  BFU8_07/INPUT_DATA_7/mul1_sub/MAN_MUL_UNIT/MUL_UNIT_MAN_UNIT/m1/m1/m2/g255/Y                         -       B->Y   R     XOR2XLLVT         1  1.0    10    18    1897 
  BFU8_07/INPUT_DATA_7/mul1_sub/MAN_MUL_UNIT/MUL_UNIT_MAN_UNIT/m1/m1/m2/g251/S                         -       B->S   F     ADDHX1LVT         1  0.8     6    24    1921 
  BFU8_07/INPUT_DATA_7/mul1_sub/MAN_MUL_UNIT/MUL_UNIT_MAN_UNIT/m1/m1/csa_tree_add_46_27_groupi/g535/S  -       CI->S  R     ADDFX1LVT         1  0.3     5    39    1960 
  BFU8_07/INPUT_DATA_7/mul1_sub/MAN_MUL_UNIT/MUL_UNIT_MAN_UNIT/m1/m1/csa_tree_add_46_27_groupi/g533/Y  -       A->Y   F     INVXLLVT          1  1.1     8     8    1968 
  BFU8_07/INPUT_DATA_7/mul1_sub/MAN_MUL_UNIT/MUL_UNIT_MAN_UNIT/m1/m1/csa_tree_add_46_27_groupi/g528/CO -       B->CO  F     ADDFX1LVT         1  0.8     8    28    1996 
  BFU8_07/INPUT_DATA_7/mul1_sub/MAN_MUL_UNIT/MUL_UNIT_MAN_UNIT/m1/m1/csa_tree_add_46_27_groupi/g526/CO -       CI->CO F     ADDFX1LVT         1  0.8     8    27    2023 
  BFU8_07/INPUT_DATA_7/mul1_sub/MAN_MUL_UNIT/MUL_UNIT_MAN_UNIT/m1/m1/csa_tree_add_46_27_groupi/g524/CO -       CI->CO F     ADDFX1LVT         1  0.8     8    27    2050 
  BFU8_07/INPUT_DATA_7/mul1_sub/MAN_MUL_UNIT/MUL_UNIT_MAN_UNIT/m1/m1/csa_tree_add_46_27_groupi/g522/CO -       CI->CO F     ADDFX1LVT         1  0.8     8    27    2077 
  BFU8_07/INPUT_DATA_7/mul1_sub/MAN_MUL_UNIT/MUL_UNIT_MAN_UNIT/m1/m1/csa_tree_add_46_27_groupi/g520/CO -       CI->CO F     ADDFX1LVT         1  0.8     8    27    2104 
  BFU8_07/INPUT_DATA_7/mul1_sub/MAN_MUL_UNIT/MUL_UNIT_MAN_UNIT/m1/m1/csa_tree_add_46_27_groupi/g518/S  -       CI->S  R     ADDFX1LVT         1  0.3     5    39    2143 
  BFU8_07/INPUT_DATA_7/mul1_sub/MAN_MUL_UNIT/MUL_UNIT_MAN_UNIT/m1/m1/csa_tree_add_46_27_groupi/g517/Y  -       A->Y   F     INVXLLVT          2  1.1     8     8    2151 
  BFU8_07/INPUT_DATA_7/mul1_sub/MAN_MUL_UNIT/MUL_UNIT_MAN_UNIT/m1/csa_tree_add_74_27_groupi/g730/Y     -       B->Y   F     XNOR2X1LVT        1  0.8     6    20    2171 
  BFU8_07/INPUT_DATA_7/mul1_sub/MAN_MUL_UNIT/MUL_UNIT_MAN_UNIT/m1/csa_tree_add_74_27_groupi/g716/S     -       CI->S  R     ADDFX1LVT         1  0.3     5    39    2210 
  BFU8_07/INPUT_DATA_7/mul1_sub/MAN_MUL_UNIT/MUL_UNIT_MAN_UNIT/m1/csa_tree_add_74_27_groupi/g706/Y     -       A->Y   F     INVXLLVT          1  1.2     9     8    2218 
  BFU8_07/INPUT_DATA_7/mul1_sub/MAN_MUL_UNIT/MUL_UNIT_MAN_UNIT/m1/csa_tree_add_74_27_groupi/g473/CO    -       A->CO  F     ADDFX1LVT         1  0.8     8    28    2246 
  BFU8_07/INPUT_DATA_7/mul1_sub/MAN_MUL_UNIT/MUL_UNIT_MAN_UNIT/m1/csa_tree_add_74_27_groupi/g472/CO    -       CI->CO F     ADDFX1LVT         1  0.8     8    27    2273 
  BFU8_07/INPUT_DATA_7/mul1_sub/MAN_MUL_UNIT/MUL_UNIT_MAN_UNIT/m1/csa_tree_add_74_27_groupi/g471/CO    -       CI->CO F     ADDFX1LVT         1  0.8     8    27    2300 
  BFU8_07/INPUT_DATA_7/mul1_sub/MAN_MUL_UNIT/MUL_UNIT_MAN_UNIT/m1/csa_tree_add_74_27_groupi/g470/CO    -       CI->CO F     ADDFX1LVT         1  0.8     8    27    2327 
  BFU8_07/INPUT_DATA_7/mul1_sub/MAN_MUL_UNIT/MUL_UNIT_MAN_UNIT/m1/csa_tree_add_74_27_groupi/g469/CO    -       CI->CO F     ADDFX1LVT         1  0.8     8    27    2354 
  BFU8_07/INPUT_DATA_7/mul1_sub/MAN_MUL_UNIT/MUL_UNIT_MAN_UNIT/m1/csa_tree_add_74_27_groupi/g468/CO    -       CI->CO F     ADDFX1LVT         1  0.8     8    27    2381 
  BFU8_07/INPUT_DATA_7/mul1_sub/MAN_MUL_UNIT/MUL_UNIT_MAN_UNIT/m1/csa_tree_add_74_27_groupi/g467/S     -       CI->S  R     ADDFX1LVT         1  0.9     8    41    2422 
  BFU8_07/INPUT_DATA_7/mul1_sub/MAN_MUL_UNIT/MUL_UNIT_MAN_UNIT/csa_tree_add_108_35_groupi/g827/S       -       CI->S  F     ADDFX1LVT         1  1.2    10    39    2461 
  BFU8_07/INPUT_DATA_7/mul1_sub/MAN_MUL_UNIT/MUL_UNIT_MAN_UNIT/csa_tree_add_108_35_groupi/g801/CO      -       A->CO  F     ADDFX1LVT         1  0.8     8    29    2490 
  BFU8_07/INPUT_DATA_7/mul1_sub/MAN_MUL_UNIT/MUL_UNIT_MAN_UNIT/csa_tree_add_108_35_groupi/g800/CO      -       CI->CO F     ADDFX1LVT         1  0.8     8    27    2517 
  BFU8_07/INPUT_DATA_7/mul1_sub/MAN_MUL_UNIT/MUL_UNIT_MAN_UNIT/csa_tree_add_108_35_groupi/g799/CO      -       CI->CO F     ADDFX1LVT         1  0.8     8    27    2544 
  BFU8_07/INPUT_DATA_7/mul1_sub/MAN_MUL_UNIT/MUL_UNIT_MAN_UNIT/csa_tree_add_108_35_groupi/g798/CO      -       CI->CO F     ADDFX1LVT         1  0.8     8    27    2571 
  BFU8_07/INPUT_DATA_7/mul1_sub/MAN_MUL_UNIT/MUL_UNIT_MAN_UNIT/csa_tree_add_108_35_groupi/g797/CO      -       CI->CO F     ADDFX1LVT         1  0.8     8    27    2598 
  BFU8_07/INPUT_DATA_7/mul1_sub/MAN_MUL_UNIT/MUL_UNIT_MAN_UNIT/csa_tree_add_108_35_groupi/g796/CO      -       CI->CO F     ADDFX1LVT         1  0.8     8    27    2625 
  BFU8_07/INPUT_DATA_7/mul1_sub/MAN_MUL_UNIT/MUL_UNIT_MAN_UNIT/csa_tree_add_108_35_groupi/g795/CO      -       CI->CO F     ADDFX1LVT         1  0.8     8    27    2652 
  BFU8_07/INPUT_DATA_7/mul1_sub/MAN_MUL_UNIT/MUL_UNIT_MAN_UNIT/csa_tree_add_108_35_groupi/g794/CO      -       CI->CO F     ADDFX1LVT         1  0.8     8    27    2679 
  BFU8_07/INPUT_DATA_7/mul1_sub/MAN_MUL_UNIT/MUL_UNIT_MAN_UNIT/csa_tree_add_108_35_groupi/g793/CO      -       CI->CO F     ADDFX1LVT         1  0.8     8    27    2706 
  BFU8_07/INPUT_DATA_7/mul1_sub/MAN_MUL_UNIT/MUL_UNIT_MAN_UNIT/csa_tree_add_108_35_groupi/g792/CO      -       CI->CO F     ADDFX1LVT         1  0.8     8    27    2733 
  BFU8_07/INPUT_DATA_7/mul1_sub/MAN_MUL_UNIT/MUL_UNIT_MAN_UNIT/csa_tree_add_108_35_groupi/g791/CO      -       CI->CO F     ADDFX1LVT         1  0.8     8    27    2760 
  BFU8_07/INPUT_DATA_7/mul1_sub/MAN_MUL_UNIT/MUL_UNIT_MAN_UNIT/csa_tree_add_108_35_groupi/g790/CO      -       CI->CO F     ADDFX1LVT         1  0.8     8    27    2787 
  BFU8_07/INPUT_DATA_7/mul1_sub/MAN_MUL_UNIT/MUL_UNIT_MAN_UNIT/csa_tree_add_108_35_groupi/g789/CO      -       CI->CO F     ADDFX1LVT         1  0.8     8    27    2814 
  BFU8_07/INPUT_DATA_7/mul1_sub/MAN_MUL_UNIT/MUL_UNIT_MAN_UNIT/csa_tree_add_108_35_groupi/g788/CO      -       CI->CO F     ADDFX1LVT         1  0.8     8    27    2841 
  BFU8_07/INPUT_DATA_7/mul1_sub/MAN_MUL_UNIT/MUL_UNIT_MAN_UNIT/csa_tree_add_108_35_groupi/g787/CO      -       CI->CO F     ADDFX1LVT         1  0.8     8    27    2868 
  BFU8_07/INPUT_DATA_7/mul1_sub/MAN_MUL_UNIT/MUL_UNIT_MAN_UNIT/csa_tree_add_108_35_groupi/g786/CO      -       CI->CO F     ADDFX1LVT         1  0.8     8    27    2895 
  BFU8_07/INPUT_DATA_7/mul1_sub/MAN_MUL_UNIT/MUL_UNIT_MAN_UNIT/csa_tree_add_108_35_groupi/g785/CO      -       CI->CO F     ADDFX1LVT         1  0.8     8    27    2922 
  BFU8_07/INPUT_DATA_7/mul1_sub/MAN_MUL_UNIT/MUL_UNIT_MAN_UNIT/csa_tree_add_108_35_groupi/g784/CO      -       CI->CO F     ADDFX1LVT         1  0.8     8    27    2949 
  BFU8_07/INPUT_DATA_7/mul1_sub/MAN_MUL_UNIT/MUL_UNIT_MAN_UNIT/csa_tree_add_108_35_groupi/g783/CO      -       CI->CO F     ADDFX1LVT         1  0.8     8    27    2976 
  BFU8_07/INPUT_DATA_7/mul1_sub/MAN_MUL_UNIT/MUL_UNIT_MAN_UNIT/csa_tree_add_108_35_groupi/g782/CO      -       CI->CO F     ADDFX1LVT         1  0.8     8    27    3003 
  BFU8_07/INPUT_DATA_7/mul1_sub/MAN_MUL_UNIT/MUL_UNIT_MAN_UNIT/csa_tree_add_108_35_groupi/g781/CO      -       CI->CO F     ADDFX1LVT         1  0.8     8    27    3030 
  BFU8_07/INPUT_DATA_7/mul1_sub/MAN_MUL_UNIT/MUL_UNIT_MAN_UNIT/csa_tree_add_108_35_groupi/g780/CO      -       CI->CO F     ADDFX1LVT         1  0.8     8    27    3057 
  BFU8_07/INPUT_DATA_7/mul1_sub/MAN_MUL_UNIT/MUL_UNIT_MAN_UNIT/csa_tree_add_108_35_groupi/g779/CO      -       CI->CO F     ADDFX1LVT         2  1.1    10    28    3084 
  BFU8_07/INPUT_DATA_7/mul1_sub/MAN_MUL_UNIT/MUL_UNIT_MAN_UNIT/csa_tree_add_108_35_groupi/g778/Y       -       B->Y   R     NAND2X1LVT        2  1.0     9     8    3092 
  BFU8_07/INPUT_DATA_7/mul1_sub/MAN_MUL_UNIT/MUL_UNIT_MAN_UNIT/csa_tree_add_108_35_groupi/g776/Y       -       AN->Y  R     NAND2BX1LVT       2  1.0     9    13    3105 
  BFU8_07/INPUT_DATA_7/mul1_sub/MAN_MUL_UNIT/MUL_UNIT_MAN_UNIT/csa_tree_add_108_35_groupi/g774/Y       -       AN->Y  R     NAND2BX1LVT       2  1.0     9    13    3118 
  BFU8_07/INPUT_DATA_7/mul1_sub/MAN_MUL_UNIT/MUL_UNIT_MAN_UNIT/csa_tree_add_108_35_groupi/g772/Y       -       AN->Y  R     NAND2BX1LVT       2  1.0     9    13    3131 
  BFU8_07/INPUT_DATA_7/mul1_sub/MAN_MUL_UNIT/MUL_UNIT_MAN_UNIT/csa_tree_add_108_35_groupi/g770/Y       -       AN->Y  R     NAND2BX1LVT       2  1.1    10    13    3144 
  BFU8_07/INPUT_DATA_7/mul1_sub/MAN_MUL_UNIT/MUL_UNIT_MAN_UNIT/csa_tree_add_108_35_groupi/g767/Y       -       B->Y   F     XNOR2X1LVT        8  4.0    20    27    3171 
  BFU8_07/INPUT_DATA_7/mul1_sub/LOPD_UNIT/LOPD_16bit_UNIT_MSB/LOPD_8bit_unit_1/g283/Y                  -       B->Y   F     OR2XLLVT          3  1.3    11    19    3190 
  BFU8_07/INPUT_DATA_7/mul1_sub/LOPD_UNIT/LOPD_16bit_UNIT_MSB/LOPD_8bit_unit_1/g274/Y                  -       C->Y   R     NOR3BX1LVT        2  0.6    17    12    3202 
  BFU8_07/INPUT_DATA_7/mul1_sub/LOPD_UNIT/LOPD_16bit_UNIT_MSB/g106/Y                                   -       A->Y   R     AND2X1LVT         9  4.8    26    28    3230 
  BFU8_07/INPUT_DATA_7/mul1_sub/LOPD_UNIT/g139/Y                                                       -       A->Y   F     INVX1LVT          4  1.8    12    11    3240 
  BFU8_07/INPUT_DATA_7/mul1_sub/LOPD_UNIT/g134/Y                                                       -       A0->Y  R     AOI22X1LVT        1  0.5    17    16    3256 
  BFU8_07/INPUT_DATA_7/mul1_sub/LOPD_UNIT/g130/Y                                                       -       B->Y   F     NAND2X1LVT       16  8.3    66    41    3297 
  BFU8_07/INPUT_DATA_7/mul1_sub/NOR_UNIT/SHF_left_unit/g2735/Y                                         -       A->Y   R     INVX1LVT         14  8.1    51    35    3332 
  BFU8_07/INPUT_DATA_7/mul1_sub/NOR_UNIT/SHF_left_unit/g2712/Y                                         -       B->Y   F     NAND2X1LVT        8  4.4    43    32    3364 
  BFU8_07/INPUT_DATA_7/mul1_sub/NOR_UNIT/SHF_left_unit/g2693/Y                                         -       A->Y   R     NOR2X1LVT         1  0.5    12    14    3378 
  BFU8_07/INPUT_DATA_7/mul1_sub/NOR_UNIT/g1223/Y                                                       -       A1->Y  F     AOI22X1LVT        1  0.5    34    14    3392 
  BFU8_07/INPUT_DATA_7/mul1_sub/NOR_UNIT/g1201/Y                                                       -       B0->Y  R     OAI2BB1X1LVT      1  1.0    14    12    3404 
  BFU8_07/INPUT_DATA_7/mul1_sub/MAN_ROUNDING_UNIT/g602/CO                                              -       B->CO  R     ADDHX1LVT         1  0.7     6    16    3421 
  BFU8_07/INPUT_DATA_7/mul1_sub/MAN_ROUNDING_UNIT/g601/CO                                              -       A->CO  R     ADDHX1LVT         1  1.0     7    17    3438 
  BFU8_07/INPUT_DATA_7/mul1_sub/MAN_ROUNDING_UNIT/g600/CO                                              -       B->CO  R     ADDHX1LVT         1  1.0     7    16    3454 
  BFU8_07/INPUT_DATA_7/mul1_sub/MAN_ROUNDING_UNIT/g599/CO                                              -       B->CO  R     ADDHX1LVT         1  1.0     7    16    3471 
  BFU8_07/INPUT_DATA_7/mul1_sub/MAN_ROUNDING_UNIT/g598/CO                                              -       B->CO  R     ADDHX1LVT         1  1.0     7    16    3487 
  BFU8_07/INPUT_DATA_7/mul1_sub/MAN_ROUNDING_UNIT/g597/CO                                              -       B->CO  R     ADDHX1LVT         1  1.0     7    16    3504 
  BFU8_07/INPUT_DATA_7/mul1_sub/MAN_ROUNDING_UNIT/g596/CO                                              -       B->CO  R     ADDHX1LVT         1  1.0     7    16    3520 
  BFU8_07/INPUT_DATA_7/mul1_sub/MAN_ROUNDING_UNIT/g595/CO                                              -       B->CO  R     ADDHX1LVT         1  1.0     7    16    3537 
  BFU8_07/INPUT_DATA_7/mul1_sub/MAN_ROUNDING_UNIT/g594/CO                                              -       B->CO  R     ADDHX1LVT         1  1.0     7    16    3553 
  BFU8_07/INPUT_DATA_7/mul1_sub/MAN_ROUNDING_UNIT/g593/CO                                              -       B->CO  R     ADDHX1LVT         1  1.0     7    16    3570 
  BFU8_07/INPUT_DATA_7/mul1_sub/MAN_ROUNDING_UNIT/g592/CO                                              -       B->CO  R     ADDHX1LVT         1  1.0     7    16    3586 
  BFU8_07/INPUT_DATA_7/mul1_sub/MAN_ROUNDING_UNIT/g591/CO                                              -       B->CO  R     ADDHX1LVT         1  1.0     7    16    3603 
  BFU8_07/INPUT_DATA_7/mul1_sub/MAN_ROUNDING_UNIT/g590/CO                                              -       B->CO  R     ADDHX1LVT         1  1.0     7    16    3619 
  BFU8_07/INPUT_DATA_7/mul1_sub/MAN_ROUNDING_UNIT/g589/CO                                              -       B->CO  R     ADDHX1LVT         1  1.0     7    16    3636 
  BFU8_07/INPUT_DATA_7/mul1_sub/MAN_ROUNDING_UNIT/g588/CO                                              -       B->CO  R     ADDHX1LVT         1  1.0     7    16    3652 
  BFU8_07/INPUT_DATA_7/mul1_sub/MAN_ROUNDING_UNIT/g587/CO                                              -       B->CO  R     ADDHX1LVT         1  1.0     7    16    3669 
  BFU8_07/INPUT_DATA_7/mul1_sub/MAN_ROUNDING_UNIT/g586/CO                                              -       B->CO  R     ADDHX1LVT         1  1.0     7    16    3685 
  BFU8_07/INPUT_DATA_7/mul1_sub/MAN_ROUNDING_UNIT/g585/CO                                              -       B->CO  R     ADDHX1LVT         1  1.0     7    16    3702 
  BFU8_07/INPUT_DATA_7/mul1_sub/MAN_ROUNDING_UNIT/g584/CO                                              -       B->CO  R     ADDHX1LVT         1  1.0     7    16    3718 
  BFU8_07/INPUT_DATA_7/mul1_sub/MAN_ROUNDING_UNIT/g583/CO                                              -       B->CO  R     ADDHX1LVT         1  1.0     7    16    3735 
  BFU8_07/INPUT_DATA_7/mul1_sub/MAN_ROUNDING_UNIT/g582/CO                                              -       B->CO  R     ADDHX1LVT         1  1.0     7    16    3751 
  BFU8_07/INPUT_DATA_7/mul1_sub/MAN_ROUNDING_UNIT/g581/CO                                              -       B->CO  R     ADDHX1LVT         2  1.0     7    16    3768 
  BFU8_07/INPUT_DATA_7/mul1_sub/MAN_ROUNDING_UNIT/g579/Y                                               -       C->Y   R     AND3XLLVT         2  1.2    12    22    3789 
  BFU8_07/INPUT_DATA_7/mul1_sub/EXP_ROUNDING_UNIT/g187/Y                                               -       B->Y   F     NAND2X1LVT        2  0.9    11    10    3800 
  BFU8_07/INPUT_DATA_7/mul1_sub/EXP_ROUNDING_UNIT/g185/Y                                               -       AN->Y  F     NAND2BX1LVT       2  0.9    11    16    3816 
  BFU8_07/INPUT_DATA_7/mul1_sub/EXP_ROUNDING_UNIT/g183/Y                                               -       AN->Y  F     NAND2BX1LVT       2  0.9    11    16    3832 
  BFU8_07/INPUT_DATA_7/mul1_sub/EXP_ROUNDING_UNIT/g181/Y                                               -       AN->Y  F     NAND2BX1LVT       2  0.9    11    16    3848 
  BFU8_07/INPUT_DATA_7/mul1_sub/EXP_ROUNDING_UNIT/g179/Y                                               -       AN->Y  F     NAND2BX1LVT       2  0.9    11    16    3864 
  BFU8_07/INPUT_DATA_7/mul1_sub/EXP_ROUNDING_UNIT/g177/Y                                               -       AN->Y  F     NAND2BX1LVT       2  0.9    11    16    3881 
  BFU8_07/INPUT_DATA_7/mul1_sub/EXP_ROUNDING_UNIT/g175/Y                                               -       AN->Y  F     NAND2BXLLVT       1  0.6    12    15    3895 
  BFU8_07/INPUT_DATA_7/mul1_sub/EXP_ROUNDING_UNIT/g173/Y                                               -       B->Y   F     XNOR2X1LVT        1  0.3     4    19    3914 
  BFU8_07/INPUT_DATA_7/mul1_sub/g1226/Y                                                                -       A1N->Y F     OAI2BB1X1LVT     14  6.0    50    36    3950 
  BFU8_07/BFU2_UNIT3/DATA_B_RE/EXP_COM_8BIT/COMP_LESS_UNIT/u_high/g342/Y                               -       A->Y   R     INVX1LVT          2  1.6    17    15    3965 
  BFU8_07/BFU2_UNIT3/DATA_B_RE/EXP_COM_8BIT/COMP_LESS_UNIT/u_high/g335/S                               -       B->S   R     ADDHX1LVT         1  0.3     4    17    3982 
  BFU8_07/BFU2_UNIT3/DATA_B_RE/EXP_COM_8BIT/COMP_LESS_UNIT/u_high/g334/Y                               -       D->Y   R     AND4XLLVT         1  0.3     5    23    4006 
  BFU8_07/BFU2_UNIT3/DATA_B_RE/EXP_COM_8BIT/COMP_LESS_UNIT/g16/Y                                       -       A1->Y  R     AO21X1LVT        60 41.6   203   127    4132 
  BFU8_07/BFU2_UNIT3/DATA_B_RE/EXP_SWAP/g222/Y                                                         -       S0->Y  R     MX2XLLVT          1  0.6     8    31    4163 
  BFU8_07/BFU2_UNIT3/DATA_B_RE/EXP_SUB/g13/Y                                                           -       A->Y   F     INVX1LVT          3  1.4     7     8    4171 
  BFU8_07/BFU2_UNIT3/DATA_B_RE/EXP_SUB/CLA_8BIT_UNIT/CLA_4BIT_UNIT_0/g303/Y                            -       B->Y   R     XNOR2X1LVT       28 15.4    77    61    4232 
  BFU8_07/BFU2_UNIT3/DATA_B_RE/EXP_SUB/CLA_8BIT_UNIT/CLA_4BIT_UNIT_0/g302/Y                            -       AN->Y  R     NOR2BX1LVT        2  1.3    16    22    4254 
  BFU8_07/BFU2_UNIT3/DATA_B_RE/EXP_SUB/CLA_8BIT_UNIT/CLA_4BIT_UNIT_0/g298/Y                            -       B->Y   F     XNOR2X1LVT       26 10.8    48    43    4296 
  BFU8_07/BFU2_UNIT3/DATA_B_RE/SHF_RIGHT_MAN/g3689/Y                                                   -       A->Y   R     INVX2LVT         26 11.7    37    25    4321 
  BFU8_07/BFU2_UNIT3/DATA_B_RE/SHF_RIGHT_MAN/g3638/Y                                                   -       B1->Y  F     OAI22XLLVT        2  1.0    26    22    4343 
  BFU8_07/BFU2_UNIT3/DATA_B_RE/SHF_RIGHT_MAN/g3610/Y                                                   -       A0->Y  R     AOI22X1LVT        2  0.9    26    20    4362 
  BFU8_07/BFU2_UNIT3/DATA_B_RE/SHF_RIGHT_MAN/g3580/Y                                                   -       A0->Y  F     OAI222X1LVT       3  1.1    39    32    4395 
  BFU8_07/BFU2_UNIT3/DATA_B_RE/MAN_COMP_24BIT/u_i_data_1/g345/Y                                        -       A->Y   R     INVX1LVT          2  1.6    15    13    4408 
  BFU8_07/BFU2_UNIT3/DATA_B_RE/MAN_COMP_24BIT/u_i_data_1/g338/CO                                       -       B->CO  R     ADDHX1LVT         1  0.6     5    16    4424 
  BFU8_07/BFU2_UNIT3/DATA_B_RE/MAN_COMP_24BIT/u_i_data_1/g336/Y                                        -       A2->Y  F     OAI32X1LVT        1  0.6    20    13    4437 
  BFU8_07/BFU2_UNIT3/DATA_B_RE/MAN_COMP_24BIT/u_i_data_1/g335/Y                                        -       A1->Y  R     AOI22X1LVT        2  0.9    23    17    4454 
  BFU8_07/BFU2_UNIT3/DATA_B_RE/MAN_COMP_24BIT/u_i_data_1/g334/Y                                        -       A1N->Y R     OAI2BB1X1LVT      1  0.6    14    18    4472 
  BFU8_07/BFU2_UNIT3/DATA_B_RE/MAN_COMP_24BIT/u_i_data_1/g333/Y                                        -       B0->Y  F     OAI21X1LVT        1  0.5    12    12    4484 
  BFU8_07/BFU2_UNIT3/DATA_B_RE/MAN_COMP_24BIT/g147/Y                                                   -       B0->Y  R     AOI21X1LVT        1  0.6    13    11    4495 
  BFU8_07/BFU2_UNIT3/DATA_B_RE/MAN_COMP_24BIT/g146/Y                                                   -       B->Y   F     NOR2BX1LVT        1  0.3     5     6    4501 
  BFU8_07/BFU2_UNIT3/DATA_B_RE/MAN_COMP_24BIT/g145/Y                                                   -       A1->Y  F     OA21X1LVT         1  0.3     4    20    4521 
  BFU8_07/BFU2_UNIT3/DATA_B_RE/MAN_COMP_24BIT/g144/Y                                                   -       A1->Y  F     OA21X1LVT         1  0.5     5    20    4542 
  BFU8_07/BFU2_UNIT3/DATA_B_RE/MAN_COMP_24BIT/g143/Y                                                   -       A1->Y  R     OAI21X1LVT        1  0.5    13    10    4552 
  BFU8_07/BFU2_UNIT3/DATA_B_RE/MAN_COMP_24BIT/g142/Y                                                   -       B->Y   F     NAND2BX1LVT      49 28.5   211   121    4673 
  BFU8_07/BFU2_UNIT3/DATA_B_RE/MAN_SWAP/g794/Y                                                         -       S0->Y  F     MX2XLLVT          3  1.2    12    39    4712 
  BFU8_07/BFU2_UNIT3/DATA_B_RE/MAN_ALU/g440/Y                                                          -       B->Y   R     XNOR2X1LVT        1  1.0     7    23    4735 
  BFU8_07/BFU2_UNIT3/DATA_B_RE/MAN_ALU/ALU_SUB_UNIT/CLA_BLOCK_GEN[0].CLA_4BIT_UNIT/g330/S              -       B->S   F     ADDHX1LVT         4  1.4     9    25    4760 
  BFU8_07/BFU2_UNIT3/DATA_B_RE/MAN_ALU/ALU_SUB_UNIT/CLA_BLOCK_GEN[0].CLA_4BIT_UNIT/g327/Y              -       AN->Y  F     NOR2BX1LVT        1  0.5     6    13    4773 
  BFU8_07/BFU2_UNIT3/DATA_B_RE/MAN_ALU/ALU_SUB_UNIT/CLA_BLOCK_GEN[0].CLA_4BIT_UNIT/g325/Y              -       B->Y   R     NOR2X1LVT         1  0.6    10     8    4781 
  BFU8_07/BFU2_UNIT3/DATA_B_RE/MAN_ALU/ALU_SUB_UNIT/CLA_BLOCK_GEN[0].CLA_4BIT_UNIT/g322/Y              -       A1->Y  F     OAI21X1LVT        1  0.6    12    10    4791 
  BFU8_07/BFU2_UNIT3/DATA_B_RE/MAN_ALU/ALU_SUB_UNIT/CLA_BLOCK_GEN[0].CLA_4BIT_UNIT/g320/Y              -       A1->Y  R     AOI22X1LVT        1  0.6    18    15    4806 
  BFU8_07/BFU2_UNIT3/DATA_B_RE/MAN_ALU/ALU_SUB_UNIT/CLA_BLOCK_GEN[0].CLA_4BIT_UNIT/g319/Y              -       B0->Y  F     OAI2BB1X1LVT      3  0.9    12    12    4818 
  BFU8_07/BFU2_UNIT3/DATA_B_RE/MAN_ALU/ALU_SUB_UNIT/g101/Y                                             -       B0->Y  F     AO21XLLVT         2  0.9     8    19    4837 
  BFU8_07/BFU2_UNIT3/DATA_B_RE/MAN_ALU/ALU_SUB_UNIT/CLA_BLOCK_GEN[1].CLA_4BIT_UNIT/g463/Y              -       A1N->Y F     OAI2BB1X1LVT      2  0.9    11    16    4853 
  BFU8_07/BFU2_UNIT3/DATA_B_RE/MAN_ALU/ALU_SUB_UNIT/CLA_BLOCK_GEN[1].CLA_4BIT_UNIT/g459/Y              -       A1N->Y F     OAI2BB1X1LVT      2  1.2    13    17    4870 
  BFU8_07/BFU2_UNIT3/DATA_B_RE/MAN_ALU/ALU_SUB_UNIT/CLA_BLOCK_GEN[1].CLA_4BIT_UNIT/g457/Y              -       A1->Y  R     AOI22X1LVT        2  1.3    24    18    4888 
  BFU8_07/BFU2_UNIT3/DATA_B_RE/MAN_ALU/ALU_SUB_UNIT/CLA_BLOCK_GEN[1].CLA_4BIT_UNIT/g455/Y              -       A1->Y  F     OAI21X1LVT        3  0.9    14    13    4901 
  BFU8_07/BFU2_UNIT3/DATA_B_RE/MAN_ALU/ALU_SUB_UNIT/g119/Y                                             -       AN->Y  F     NAND2BX1LVT       2  0.9    12    16    4918 
  BFU8_07/BFU2_UNIT3/DATA_B_RE/MAN_ALU/ALU_SUB_UNIT/CLA_BLOCK_GEN[2].CLA_4BIT_UNIT/g463/Y              -       A1N->Y F     OAI2BB1X1LVT      2  0.9    11    16    4934 
  BFU8_07/BFU2_UNIT3/DATA_B_RE/MAN_ALU/ALU_SUB_UNIT/CLA_BLOCK_GEN[2].CLA_4BIT_UNIT/g459/Y              -       A1N->Y F     OAI2BB1X1LVT      2  1.2    14    17    4951 
  BFU8_07/BFU2_UNIT3/DATA_B_RE/MAN_ALU/ALU_SUB_UNIT/CLA_BLOCK_GEN[2].CLA_4BIT_UNIT/g457/Y              -       A1->Y  R     AOI22X1LVT        2  1.3    24    18    4970 
  BFU8_07/BFU2_UNIT3/DATA_B_RE/MAN_ALU/ALU_SUB_UNIT/CLA_BLOCK_GEN[2].CLA_4BIT_UNIT/g455/Y              -       A1->Y  F     OAI21X1LVT        3  0.9    14    13    4982 
  BFU8_07/BFU2_UNIT3/DATA_B_RE/MAN_ALU/ALU_SUB_UNIT/g146/Y                                             -       AN->Y  F     NAND2BX1LVT       2  1.2    14    18    5000 
  BFU8_07/BFU2_UNIT3/DATA_B_RE/MAN_ALU/ALU_SUB_UNIT/CLA_BLOCK_GEN[3].CLA_4BIT_UNIT/g463/Y              -       A1->Y  R     AOI21X1LVT        2  1.3    19    15    5015 
  BFU8_07/BFU2_UNIT3/DATA_B_RE/MAN_ALU/ALU_SUB_UNIT/CLA_BLOCK_GEN[3].CLA_4BIT_UNIT/g459/Y              -       A1->Y  F     OAI21X1LVT        2  1.2    17    13    5028 
  BFU8_07/BFU2_UNIT3/DATA_B_RE/MAN_ALU/ALU_SUB_UNIT/CLA_BLOCK_GEN[3].CLA_4BIT_UNIT/g457/Y              -       A1->Y  R     AOI22X1LVT        2  1.3    24    19    5047 
  BFU8_07/BFU2_UNIT3/DATA_B_RE/MAN_ALU/ALU_SUB_UNIT/CLA_BLOCK_GEN[3].CLA_4BIT_UNIT/g455/Y              -       A1->Y  F     OAI21X1LVT        3  0.9    14    13    5060 
  BFU8_07/BFU2_UNIT3/DATA_B_RE/MAN_ALU/ALU_SUB_UNIT/g181/Y                                             -       AN->Y  F     NAND2BX1LVT       2  1.2    14    18    5077 
  BFU8_07/BFU2_UNIT3/DATA_B_RE/MAN_ALU/ALU_SUB_UNIT/CLA_BLOCK_GEN[4].CLA_4BIT_UNIT/g366/Y              -       A1->Y  R     AOI22X1LVT        2  1.3    24    18    5096 
  BFU8_07/BFU2_UNIT3/DATA_B_RE/MAN_ALU/ALU_SUB_UNIT/CLA_BLOCK_GEN[4].CLA_4BIT_UNIT/g364/Y              -       A1->Y  F     OAI21X1LVT        2  1.2    16    14    5110 
  BFU8_07/BFU2_UNIT3/DATA_B_RE/MAN_ALU/ALU_SUB_UNIT/CLA_BLOCK_GEN[4].CLA_4BIT_UNIT/g362/Y              -       A1->Y  R     AOI22X1LVT        2  1.3    24    19    5128 
  BFU8_07/BFU2_UNIT3/DATA_B_RE/MAN_ALU/ALU_SUB_UNIT/CLA_BLOCK_GEN[4].CLA_4BIT_UNIT/g360/Y              -       A1->Y  F     OAI21X1LVT        2  0.8    14    12    5141 
  BFU8_07/BFU2_UNIT3/DATA_B_RE/MAN_ALU/ALU_SUB_UNIT/g213/Y                                             -       AN->Y  F     NAND2BX1LVT       2  1.2    14    18    5158 
  BFU8_07/BFU2_UNIT3/DATA_B_RE/MAN_ALU/ALU_SUB_UNIT/CLA_BLOCK_GEN[5].CLA_4BIT_UNIT/g511/Y              -       A1->Y  R     AOI21X1LVT        2  1.3    19    15    5173 
  BFU8_07/BFU2_UNIT3/DATA_B_RE/MAN_ALU/ALU_SUB_UNIT/CLA_BLOCK_GEN[5].CLA_4BIT_UNIT/g507/Y              -       A1->Y  F     OAI21X1LVT        2  1.2    17    13    5186 
  BFU8_07/BFU2_UNIT3/DATA_B_RE/MAN_ALU/ALU_SUB_UNIT/CLA_BLOCK_GEN[5].CLA_4BIT_UNIT/g505/Y              -       A1->Y  R     AOI22X1LVT        2  1.3    24    19    5205 
  BFU8_07/BFU2_UNIT3/DATA_B_RE/MAN_ALU/ALU_SUB_UNIT/CLA_BLOCK_GEN[5].CLA_4BIT_UNIT/g504/Y              -       B->Y   F     XOR2XLLVT         1  0.6     6    22    5227 
  BFU8_07/BFU2_UNIT3/DATA_B_RE/MAN_ALU/g1877/Y                                                         -       A1->Y  R     AOI22X1LVT        1  0.6    24    14    5241 
  BFU8_07/BFU2_UNIT3/DATA_B_RE/MAN_ALU/g1846/Y                                                         -       B0->Y  F     OAI2BB1X1LVT      8  3.9    34    25    5266 
  BFU8_07/BFU2_UNIT3/DATA_B_RE/LOPD_24BIT/LOPD_16bit_UNIT_MSB/LOPD_8bit_unit_1/g283/Y                  -       B->Y   F     OR2XLLVT          3  1.3    11    21    5287 
  BFU8_07/BFU2_UNIT3/DATA_B_RE/LOPD_24BIT/LOPD_16bit_UNIT_MSB/LOPD_8bit_unit_1/g274/Y                  -       C->Y   R     NOR3BX1LVT        2  0.9    21    14    5301 
  BFU8_07/BFU2_UNIT3/DATA_B_RE/LOPD_24BIT/LOPD_16bit_UNIT_MSB/g106/Y                                   -       A->Y   R     AND2X1LVT         7  3.6    20    25    5326 
  BFU8_07/BFU2_UNIT3/DATA_B_RE/LOPD_24BIT/g139/Y                                                       -       A->Y   F     INVX1LVT          4  2.1    12    11    5336 
  BFU8_07/BFU2_UNIT3/DATA_B_RE/LOPD_24BIT/g134/Y                                                       -       A0->Y  R     AOI221X1LVT       1  0.3    23    22    5359 
  BFU8_07/BFU2_UNIT3/DATA_B_RE/LOPD_24BIT/g132/Y                                                       -       A->Y   F     INVXLLVT          2  0.8    10    10    5369 
  BFU8_07/BFU2_UNIT3/DATA_B_RE/g600/Y                                                                  -       A->Y   F     AND2X1LVT        27 14.2    62    44    5412 
  BFU8_07/BFU2_UNIT3/DATA_B_RE/NOR_UNIT/SHF_left_unit/g3036/Y                                          -       A->Y   R     INVX2LVT         25 12.6    42    28    5440 
  BFU8_07/BFU2_UNIT3/DATA_B_RE/NOR_UNIT/SHF_left_unit/g3004/Y                                          -       A1->Y  F     AOI22X1LVT        2  1.0    29    22    5462 
  BFU8_07/BFU2_UNIT3/DATA_B_RE/NOR_UNIT/SHF_left_unit/g2971/Y                                          -       A1->Y  R     OAI22X1LVT        2  0.9    31    19    5481 
  BFU8_07/BFU2_UNIT3/DATA_B_RE/NOR_UNIT/SHF_left_unit/g2961/Y                                          -       A->Y   F     INVXLLVT          1  0.5     9    10    5491 
  BFU8_07/BFU2_UNIT3/DATA_B_RE/NOR_UNIT/SHF_left_unit/g2941/Y                                          -       A1->Y  R     OAI22X1LVT        2  0.8    27    15    5506 
  BFU8_07/BFU2_UNIT3/DATA_B_RE/NOR_UNIT/SHF_left_unit/g2933/Y                                          -       A->Y   F     INVXLLVT          2  1.0    12    11    5517 
  BFU8_07/BFU2_UNIT3/DATA_B_RE/NOR_UNIT/SHF_left_unit/g2931/Y                                          -       B->Y   R     NOR2X1LVT         1  0.3    14     8    5525 
  BFU8_07/BFU2_UNIT3/DATA_B_RE/NOR_UNIT/g1438/Y                                                        -       A1N->Y R     OAI2BB1X1LVT      1  1.0    13    18    5543 
  BFU8_07/BFU2_UNIT3/DATA_B_RE/MAN_RND/g656/CO                                                         -       B->CO  R     ADDHX1LVT         1  1.0     7    17    5560 
  BFU8_07/BFU2_UNIT3/DATA_B_RE/MAN_RND/g655/CO                                                         -       B->CO  R     ADDHX1LVT         1  1.0     7    16    5577 
  BFU8_07/BFU2_UNIT3/DATA_B_RE/MAN_RND/g654/CO                                                         -       B->CO  R     ADDHX1LVT         1  1.0     7    16    5594 
  BFU8_07/BFU2_UNIT3/DATA_B_RE/MAN_RND/g653/CO                                                         -       B->CO  R     ADDHX1LVT         1  1.0     7    16    5610 
  BFU8_07/BFU2_UNIT3/DATA_B_RE/MAN_RND/g652/CO                                                         -       B->CO  R     ADDHX1LVT         1  1.0     7    16    5626 
  BFU8_07/BFU2_UNIT3/DATA_B_RE/MAN_RND/g651/CO                                                         -       B->CO  R     ADDHX1LVT         1  1.0     7    16    5643 
  BFU8_07/BFU2_UNIT3/DATA_B_RE/MAN_RND/g650/CO                                                         -       B->CO  R     ADDHX1LVT         1  1.0     7    16    5660 
  BFU8_07/BFU2_UNIT3/DATA_B_RE/MAN_RND/g649/CO                                                         -       B->CO  R     ADDHX1LVT         1  1.0     7    16    5676 
  BFU8_07/BFU2_UNIT3/DATA_B_RE/MAN_RND/g648/CO                                                         -       B->CO  R     ADDHX1LVT         1  1.0     7    16    5692 
  BFU8_07/BFU2_UNIT3/DATA_B_RE/MAN_RND/g647/CO                                                         -       B->CO  R     ADDHX1LVT         1  1.0     7    16    5709 
  BFU8_07/BFU2_UNIT3/DATA_B_RE/MAN_RND/g646/CO                                                         -       B->CO  R     ADDHX1LVT         1  1.0     7    16    5726 
  BFU8_07/BFU2_UNIT3/DATA_B_RE/MAN_RND/g645/CO                                                         -       B->CO  R     ADDHX1LVT         1  1.0     7    16    5742 
  BFU8_07/BFU2_UNIT3/DATA_B_RE/MAN_RND/g644/CO                                                         -       B->CO  R     ADDHX1LVT         1  1.0     7    16    5758 
  BFU8_07/BFU2_UNIT3/DATA_B_RE/MAN_RND/g643/CO                                                         -       B->CO  R     ADDHX1LVT         1  1.0     7    16    5775 
  BFU8_07/BFU2_UNIT3/DATA_B_RE/MAN_RND/g642/CO                                                         -       B->CO  R     ADDHX1LVT         1  1.0     7    16    5792 
  BFU8_07/BFU2_UNIT3/DATA_B_RE/MAN_RND/g641/CO                                                         -       B->CO  R     ADDHX1LVT         1  1.0     7    16    5808 
  BFU8_07/BFU2_UNIT3/DATA_B_RE/MAN_RND/g640/CO                                                         -       B->CO  R     ADDHX1LVT         1  1.0     7    16    5824 
  BFU8_07/BFU2_UNIT3/DATA_B_RE/MAN_RND/g639/CO                                                         -       B->CO  R     ADDHX1LVT         1  1.0     7    16    5841 
  BFU8_07/BFU2_UNIT3/DATA_B_RE/MAN_RND/g638/CO                                                         -       B->CO  R     ADDHX1LVT         1  1.0     7    16    5858 
  BFU8_07/BFU2_UNIT3/DATA_B_RE/MAN_RND/g637/CO                                                         -       B->CO  R     ADDHX1LVT         1  1.0     7    16    5874 
  BFU8_07/BFU2_UNIT3/DATA_B_RE/MAN_RND/g636/CO                                                         -       B->CO  R     ADDHX1LVT         1  1.0     7    16    5890 
  BFU8_07/BFU2_UNIT3/DATA_B_RE/MAN_RND/g635/CO                                                         -       B->CO  R     ADDHX1LVT         2  1.0     7    16    5907 
  BFU8_07/BFU2_UNIT3/DATA_B_RE/MAN_RND/g633/Y                                                          -       C->Y   R     AND3XLLVT         2  1.2    12    22    5929 
  BFU8_07/BFU2_UNIT3/DATA_B_RE/EXP_RND/g187/Y                                                          -       B->Y   F     NAND2X1LVT        2  0.9    11    10    5939 
  BFU8_07/BFU2_UNIT3/DATA_B_RE/EXP_RND/g185/Y                                                          -       AN->Y  F     NAND2BX1LVT       2  0.9    11    16    5955 
  BFU8_07/BFU2_UNIT3/DATA_B_RE/EXP_RND/g183/Y                                                          -       AN->Y  F     NAND2BX1LVT       2  0.9    11    16    5972 
  BFU8_07/BFU2_UNIT3/DATA_B_RE/EXP_RND/g181/Y                                                          -       AN->Y  F     NAND2BX1LVT       2  0.9    11    16    5988 
  BFU8_07/BFU2_UNIT3/DATA_B_RE/EXP_RND/g179/Y                                                          -       AN->Y  F     NAND2BX1LVT       2  0.9    11    16    6004 
  BFU8_07/BFU2_UNIT3/DATA_B_RE/EXP_RND/g177/Y                                                          -       AN->Y  F     NAND2BX1LVT       2  0.9    11    16    6020 
  BFU8_07/BFU2_UNIT3/DATA_B_RE/EXP_RND/g175/Y                                                          -       AN->Y  F     NAND2BXLLVT       1  0.6    11    15    6035 
  BFU8_07/BFU2_UNIT3/DATA_B_RE/EXP_RND/g173/Y                                                          -       B->Y   R     XNOR2X1LVT        1  0.6     5    22    6057 
  BFU8_07/BFU2_UNIT3/DATA_B_RE/g2955/Y                                                                 -       B1->Y  F     AOI222X1LVT       1  0.5    72    14    6071 
  BFU8_07/BFU2_UNIT3/DATA_B_RE/g2942/Y                                                                 -       B->Y   R     NAND2X1LVT        1  0.6    18    16    6087 
  X7_real_reg[30]/SI                                                                                   <<<     -      R     SDFFRHQX2LVT      1    -     -     0    6087 
#------------------------------------------------------------------------------------------------------------------------------------------------------------------------

