============================================================
  Generated by:           Genus(TM) Synthesis Solution GENUS15.20 - 15.20-p004_1
  Generated on:           Jan 05 2026  10:12:01 am
  Module:                 FFT_8Points
  Wireload mode:          enclosed
  Area mode:              timing library
============================================================

Timing
--------

Clock   Period  
----------------
i_clk 1000000.0 


  Cost    Critical       Violating 
 Group   Path Slack TNS    Paths   
-----------------------------------
default    No paths   0            
i_clk      993892.4   0          0 
-----------------------------------
Total                 0          0 

Instance Count
--------------
Leaf Instance Count             66297 
Sequential Instance Count        2055 
Combinational Instance Count    64242 
Hierarchical Instance Count      2674 

Area
----
Cell Area                          138903.642
Physical Cell Area                 0.000
Total Cell Area (Cell+Physical)    138903.642
Net Area                           0.000
Total Area (Cell+Physical+Net)     138903.642

Max Fanout                         2055 (i_rst_n)
Min Fanout                         0 (BFU2_S1_04/DATA_A_IM/EXP_ADJUST/CLA_8BIT_UNIT/w_G_22)
Average Fanout                     2.7
Terms to net ratio                 3.6
Terms to instance ratio            3.9
Runtime                            503.582 seconds
Elapsed Runtime                    551 seconds
RC peak memory usage:              865.09 
EDI peak memory usage:             no_value 
Hostname                           centos7
