============================================================
  Generated by:           Genus(TM) Synthesis Solution GENUS15.20 - 15.20-p004_1
  Generated on:           Jan 05 2026  10:12:01 am
  Module:                 FFT_8Points
  Wireload mode:          enclosed
  Area mode:              timing library
============================================================

                                    
    Gate      Instances     Area        Library    
---------------------------------------------------
ADDFX1LVT           720    3693.600    fast_vdd1v2 
ADDFX2LVT            56     440.496    fast_vdd1v2 
ADDHX1LVT          2204    8291.448    fast_vdd1v2 
AND2X1LVT           729     997.272    fast_vdd1v2 
AND2XLLVT           576     787.968    fast_vdd1v2 
AND3XLLVT            82     168.264    fast_vdd1v2 
AND4X1LVT            52     124.488    fast_vdd1v2 
AND4XLLVT           312     746.928    fast_vdd1v2 
AO21X1LVT            64     153.216    fast_vdd1v2 
AO21XLLVT           160     383.040    fast_vdd1v2 
AO22X1LVT             4      10.944    fast_vdd1v2 
AO22XLLVT           192     525.312    fast_vdd1v2 
AOI211XLLVT          20      41.040    fast_vdd1v2 
AOI21X1LVT          592    1012.320    fast_vdd1v2 
AOI21XLLVT           60     102.600    fast_vdd1v2 
AOI221X1LVT         696    1666.224    fast_vdd1v2 
AOI222X1LVT        1688    5195.664    fast_vdd1v2 
AOI22X1LVT         5750   11799.000    fast_vdd1v2 
AOI22XLLVT         2172    4456.944    fast_vdd1v2 
AOI2BB1X1LVT         12      24.624    fast_vdd1v2 
AOI2BB1XLLVT        516    1058.832    fast_vdd1v2 
AOI31X1LVT            8      16.416    fast_vdd1v2 
AOI32X1LVT          284     679.896    fast_vdd1v2 
CLKINVX6LVT           4       9.576    fast_vdd1v2 
CLKXOR2X1LVT        308     842.688    fast_vdd1v2 
DFFRHQX1LVT        1028    6328.368    fast_vdd1v2 
DFFRX1LVT             2      13.680    fast_vdd1v2 
DFFRX2LVT             1       7.524    fast_vdd1v2 
INVX1LVT           1292     883.728    fast_vdd1v2 
INVX2LVT            265     271.890    fast_vdd1v2 
INVXLLVT           6228    4259.952    fast_vdd1v2 
MX2X1LVT           2085    4991.490    fast_vdd1v2 
MX2XLLVT           3697    8850.618    fast_vdd1v2 
MXI2XLLVT           906    2168.964    fast_vdd1v2 
NAND2BX1LVT        1526    2087.568    fast_vdd1v2 
NAND2BXLLVT         552     755.136    fast_vdd1v2 
NAND2X1LVT         3176    3258.576    fast_vdd1v2 
NAND2XLLVT          496     508.896    fast_vdd1v2 
NAND3BXLLVT         276     471.960    fast_vdd1v2 
NAND3X1LVT           52      88.920    fast_vdd1v2 
NAND3XLLVT            4       6.840    fast_vdd1v2 
NAND4BX1LVT          24      57.456    fast_vdd1v2 
NAND4XLLVT          408     697.680    fast_vdd1v2 
NOR2BX1LVT         1456    1991.808    fast_vdd1v2 
NOR2X1LVT          2336    2396.736    fast_vdd1v2 
NOR2XLLVT           376     385.776    fast_vdd1v2 
NOR3BX1LVT          220     451.440    fast_vdd1v2 
NOR3BXLLVT           78     160.056    fast_vdd1v2 
NOR3X1LVT           108     184.680    fast_vdd1v2 
NOR4BBX1LVT         104     284.544    fast_vdd1v2 
NOR4BX1LVT          212     507.528    fast_vdd1v2 
NOR4X1LVT           744    1272.240    fast_vdd1v2 
OA21X1LVT           396     812.592    fast_vdd1v2 
OA22X1LVT           512    1225.728    fast_vdd1v2 
OAI211X1LVT         392     670.320    fast_vdd1v2 
OAI21X1LVT         1184    2024.640    fast_vdd1v2 
OAI21XLLVT          216     369.360    fast_vdd1v2 
OAI221X1LVT         788    1886.472    fast_vdd1v2 
OAI222X1LVT         404    1105.344    fast_vdd1v2 
OAI22X1LVT         2700    5540.400    fast_vdd1v2 
OAI22XLLVT          650    1333.800    fast_vdd1v2 
OAI2BB1X1LVT       3444    5889.240    fast_vdd1v2 
OAI31X1LVT           20      41.040    fast_vdd1v2 
OAI32X1LVT          488    1168.272    fast_vdd1v2 
OAI33X1LVT            6      16.416    fast_vdd1v2 
OR2X1LVT             98     134.064    fast_vdd1v2 
OR2XLLVT            668     913.824    fast_vdd1v2 
OR3XLLVT              4       8.208    fast_vdd1v2 
OR4X1LVT           2218    4551.336    fast_vdd1v2 
SDFFRHQX1LVT        512    4202.496    fast_vdd1v2 
SDFFRHQX2LVT        512    5078.016    fast_vdd1v2 
XNOR2X1LVT         4466   10691.604    fast_vdd1v2 
XOR2XLLVT          1706    4667.616    fast_vdd1v2 
---------------------------------------------------
total             66297  138903.642                


                                       
   Type    Instances    Area    Area % 
---------------------------------------
sequential      2055  15630.084   11.3 
inverter        7789   5425.146    3.9 
logic          56453 117848.412   84.8 
---------------------------------------
total          66297 138903.642  100.0 

