============================================================
  Generated by:           Genus(TM) Synthesis Solution GENUS15.20 - 15.20-p004_1
  Generated on:           Jan 05 2026  09:29:16 am
  Module:                 FFT_8Points
  Wireload mode:          enclosed
  Area mode:              timing library
============================================================

                                    
    Gate      Instances     Area        Library    
---------------------------------------------------
ADDFX1LVT           724    3714.120    slow_vdd1v0 
ADDFX2LVT            56     440.496    slow_vdd1v0 
ADDHX1LVT          2388    8983.656    slow_vdd1v0 
AND2X1LVT           669     915.192    slow_vdd1v0 
AND2XLLVT           490     670.320    slow_vdd1v0 
AND3XLLVT            82     168.264    slow_vdd1v0 
AND4XLLVT           420    1005.480    slow_vdd1v0 
AO21X1LVT            52     124.488    slow_vdd1v0 
AO21X2LVT           104     284.544    slow_vdd1v0 
AO21XLLVT           164     392.616    slow_vdd1v0 
AO22X1LVT             4      10.944    slow_vdd1v0 
AO22XLLVT           244     667.584    slow_vdd1v0 
AOI211XLLVT          20      41.040    slow_vdd1v0 
AOI21X1LVT          924    1580.040    slow_vdd1v0 
AOI221X1LVT         488    1168.272    slow_vdd1v0 
AOI222X1LVT         488    1502.064    slow_vdd1v0 
AOI22X1LVT         8564   17573.328    slow_vdd1v0 
AOI22XLLVT          624    1280.448    slow_vdd1v0 
AOI2BB1X1LVT        360     738.720    slow_vdd1v0 
AOI2BB1XLLVT        180     369.360    slow_vdd1v0 
AOI31X1LVT          104     213.408    slow_vdd1v0 
AOI32X1LVT          312     746.928    slow_vdd1v0 
BUFX2LVT             52      88.920    slow_vdd1v0 
CLKINVX12LVT          2       8.208    slow_vdd1v0 
CLKINVX6LVT           4       9.576    slow_vdd1v0 
CLKXOR2X1LVT        346     946.656    slow_vdd1v0 
DFFRHQX1LVT        1060    6525.360    slow_vdd1v0 
DFFRHQX8LVT           1      11.286    slow_vdd1v0 
DFFRX1LVT             2      13.680    slow_vdd1v0 
INVX1LVT           6203    4242.852    slow_vdd1v0 
INVX2LVT            208     213.408    slow_vdd1v0 
MX2X1LVT           2375    5685.750    slow_vdd1v0 
MX2XLLVT           3913    9367.722    slow_vdd1v0 
MXI2XLLVT           884    2116.296    slow_vdd1v0 
NAND2BX1LVT        1690    2311.920    slow_vdd1v0 
NAND2BXLLVT         120     164.160    slow_vdd1v0 
NAND2X1LVT         3398    3486.348    slow_vdd1v0 
NAND2X2LVT            4       6.840    slow_vdd1v0 
NAND2XLLVT           82      84.132    slow_vdd1v0 
NAND3BXLLVT         132     225.720    slow_vdd1v0 
NAND3X1LVT           38      64.980    slow_vdd1v0 
NAND4BX1LVT          20      47.880    slow_vdd1v0 
NAND4XLLVT          400     684.000    slow_vdd1v0 
NOR2BX1LVT         1578    2158.704    slow_vdd1v0 
NOR2X1LVT          2764    2835.864    slow_vdd1v0 
NOR2X2LVT            52      88.920    slow_vdd1v0 
NOR3BX1LVT          220     451.440    slow_vdd1v0 
NOR3BXLLVT           26      53.352    slow_vdd1v0 
NOR3X1LVT            74     126.540    slow_vdd1v0 
NOR4BBX1LVT         104     284.544    slow_vdd1v0 
NOR4BX1LVT          156     373.464    slow_vdd1v0 
NOR4X1LVT           748    1279.080    slow_vdd1v0 
OA21X1LVT           332     681.264    slow_vdd1v0 
OA22X1LVT           426    1019.844    slow_vdd1v0 
OAI211X1LVT         258     441.180    slow_vdd1v0 
OAI21X1LVT         1340    2291.400    slow_vdd1v0 
OAI221X1LVT         834    1996.596    slow_vdd1v0 
OAI222X1LVT         362     990.432    slow_vdd1v0 
OAI22X1LVT         3350    6874.200    slow_vdd1v0 
OAI2BB1X1LVT       4584    7838.640    slow_vdd1v0 
OAI31X1LVT           20      41.040    slow_vdd1v0 
OAI32X1LVT          428    1024.632    slow_vdd1v0 
OAI33X1LVT            6      16.416    slow_vdd1v0 
OR2X1LVT            252     344.736    slow_vdd1v0 
OR2XLLVT            732    1001.376    slow_vdd1v0 
OR3XLLVT              4       8.208    slow_vdd1v0 
OR4X1LVT           2218    4551.336    slow_vdd1v0 
SDFFRHQX1LVT        480    3939.840    slow_vdd1v0 
SDFFRHQX8LVT        512    6829.056    slow_vdd1v0 
XNOR2X1LVT         4316   10332.504    slow_vdd1v0 
XOR2XLLVT          1758    4809.888    slow_vdd1v0 
---------------------------------------------------
total             66329  141581.502                


                                       
   Type    Instances    Area    Area % 
---------------------------------------
sequential      2055  17319.222   12.2 
inverter        6417   4474.044    3.2 
buffer            52     88.920    0.1 
logic          57805 119699.316   84.5 
---------------------------------------
total          66329 141581.502  100.0 

