============================================================
  Generated by:           Genus(TM) Synthesis Solution GENUS15.20 - 15.20-p004_1
  Generated on:           Jan 05 2026  09:29:14 am
  Module:                 FFT_8Points
  Wireload mode:          enclosed
  Area mode:              timing library
============================================================


Path 1: MET (974822 ps) Setup Check with Pin X7_real_reg[30]/CK->SI
          Group: i_clk
     Startpoint: (R) s3_S2_7_real_reg[28]/CK
          Clock: (R) i_clk
       Endpoint: (R) X7_real_reg[30]/SI
          Clock: (R) i_clk

                      Capture       Launch     
        Clock Edge:+  1000000            0     
       Src Latency:+        0            0     
       Net Latency:+        0 (I)        0 (I) 
           Arrival:=  1000000            0     
                                               
             Setup:-      127                  
     Required Time:=   999873                  
      Launch Clock:-        0                  
         Data Path:-    25052                  
             Slack:=   974822                  

#------------------------------------------------------------------------------------------------------------------------------------------------------------------------
#                                            Timing Point                                              Flags    Arc   Edge     Cell      Fanout Load Trans Delay Arrival 
#                                                                                                                                               (fF)  (ps)  (ps)   (ps)  
#------------------------------------------------------------------------------------------------------------------------------------------------------------------------
  s3_S2_7_real_reg[28]/CK                                                                              -       -      R     (arrival)      2055    -     0     -       0 
  s3_S2_7_real_reg[28]/Q                                                                               -       CK->Q  R     DFFRHQX1LVT      18  6.2    97   191     191 
  BFU8_07/INPUT_DATA_7/DATA_A_IM/EXP_COM_8BIT/COMP_LESS_UNIT/u_high/g338/CO                            -       A->CO  R     ADDHX1LVT         1  0.4    16   110     301 
  BFU8_07/INPUT_DATA_7/DATA_A_IM/EXP_COM_8BIT/COMP_LESS_UNIT/u_high/g336/Y                             -       A2->Y  F     OAI32X1LVT        1  0.4    76    57     358 
  BFU8_07/INPUT_DATA_7/DATA_A_IM/EXP_COM_8BIT/COMP_LESS_UNIT/u_high/g335/Y                             -       A1->Y  R     AOI22X1LVT        2  0.6    61    77     435 
  BFU8_07/INPUT_DATA_7/DATA_A_IM/EXP_COM_8BIT/COMP_LESS_UNIT/u_high/g334/Y                             -       A1N->Y R     OAI2BB1X1LVT      1  0.4    27    92     527 
  BFU8_07/INPUT_DATA_7/DATA_A_IM/EXP_COM_8BIT/COMP_LESS_UNIT/u_high/g333/Y                             -       B0->Y  F     OAI21X1LVT        1  0.2    43    45     572 
  BFU8_07/INPUT_DATA_7/DATA_A_IM/EXP_COM_8BIT/COMP_LESS_UNIT/g16/Y                                     -       B0->Y  F     AO21X2LVT        60 23.8   208   206     778 
  BFU8_07/INPUT_DATA_7/DATA_A_IM/EXP_SWAP/g228/Y                                                       -       S0->Y  R     MX2XLLVT          3  1.1    37   151     929 
  BFU8_07/INPUT_DATA_7/DATA_A_IM/EXP_SUB/CLA_8BIT_UNIT/CLA_4BIT_UNIT_0/g271/Y                          -       A->Y   F     XNOR2X1LVT       27 11.0   186   210    1139 
  BFU8_07/INPUT_DATA_7/DATA_A_IM/EXP_SUB/CLA_8BIT_UNIT/CLA_4BIT_UNIT_0/g270/Y                          -       AN->Y  F     NOR2BX1LVT        2  0.8    27   101    1240 
  BFU8_07/INPUT_DATA_7/DATA_A_IM/EXP_SUB/CLA_8BIT_UNIT/CLA_4BIT_UNIT_0/g266/Y                          -       B->Y   R     XNOR2X1LVT       26 10.7   163   184    1423 
  BFU8_07/INPUT_DATA_7/DATA_A_IM/SHF_RIGHT_MAN/g3839/Y                                                 -       A->Y   F     INVX2LVT         22  8.8   101   117    1540 
  BFU8_07/INPUT_DATA_7/DATA_A_IM/SHF_RIGHT_MAN/g3789/Y                                                 -       B1->Y  R     OAI22X1LVT        2  0.8    91    75    1615 
  BFU8_07/INPUT_DATA_7/DATA_A_IM/SHF_RIGHT_MAN/g3759/Y                                                 -       A0->Y  F     AOI22X1LVT        2  0.8    90   104    1719 
  BFU8_07/INPUT_DATA_7/DATA_A_IM/SHF_RIGHT_MAN/g3754/Y                                                 -       A->Y   R     INVX1LVT          1  0.4    23    51    1770 
  BFU8_07/INPUT_DATA_7/DATA_A_IM/SHF_RIGHT_MAN/g3739/Y                                                 -       B1->Y  F     AOI22X1LVT        1  0.4    70    39    1808 
  BFU8_07/INPUT_DATA_7/DATA_A_IM/SHF_RIGHT_MAN/g3713/Y                                                 -       A1->Y  R     OAI22X1LVT        3  0.8    79    73    1882 
  BFU8_07/INPUT_DATA_7/DATA_A_IM/MAN_COMP_24BIT/u_i_data_1/g345/Y                                      -       A->Y   F     INVX1LVT          2  1.0    33    54    1935 
  BFU8_07/INPUT_DATA_7/DATA_A_IM/MAN_COMP_24BIT/u_i_data_1/g338/CO                                     -       B->CO  F     ADDHX1LVT         1  0.4    14    47    1982 
  BFU8_07/INPUT_DATA_7/DATA_A_IM/MAN_COMP_24BIT/u_i_data_1/g336/Y                                      -       A2->Y  R     OAI32X1LVT        1  0.4    99    61    2043 
  BFU8_07/INPUT_DATA_7/DATA_A_IM/MAN_COMP_24BIT/u_i_data_1/g335/Y                                      -       A1->Y  F     AOI22X1LVT        2  0.6    84   101    2144 
  BFU8_07/INPUT_DATA_7/DATA_A_IM/MAN_COMP_24BIT/u_i_data_1/g334/Y                                      -       A1N->Y F     OAI2BB1X1LVT      1  0.4    41    76    2220 
  BFU8_07/INPUT_DATA_7/DATA_A_IM/MAN_COMP_24BIT/u_i_data_1/g333/Y                                      -       B0->Y  R     OAI21X1LVT        1  0.4    46    30    2250 
  BFU8_07/INPUT_DATA_7/DATA_A_IM/MAN_COMP_24BIT/g144/Y                                                 -       B0->Y  F     AOI21X1LVT        1  0.4    50    34    2283 
  BFU8_07/INPUT_DATA_7/DATA_A_IM/MAN_COMP_24BIT/g143/Y                                                 -       B->Y   R     NOR2BX1LVT        1  0.2    26    38    2322 
  BFU8_07/INPUT_DATA_7/DATA_A_IM/MAN_COMP_24BIT/g142/Y                                                 -       A1->Y  R     OA21X1LVT         1  0.4    17    86    2408 
  BFU8_07/INPUT_DATA_7/DATA_A_IM/MAN_COMP_24BIT/g141/Y                                                 -       A1->Y  F     OAI21X1LVT        1  0.4    46    40    2448 
  BFU8_07/INPUT_DATA_7/DATA_A_IM/MAN_COMP_24BIT/g140/Y                                                 -       B->Y   R     NAND2BX1LVT       1  0.2    17    31    2478 
  BFU8_07/INPUT_DATA_7/DATA_A_IM/MAN_COMP_24BIT/g139/Y                                                 -       A1->Y  R     AO21X2LVT        49 23.6   189   206    2684 
  BFU8_07/INPUT_DATA_7/DATA_A_IM/MAN_SWAP/g796/Y                                                       -       S0->Y  F     MX2XLLVT          3  0.8    34   146    2829 
  BFU8_07/INPUT_DATA_7/DATA_A_IM/MAN_ALU/g441/Y                                                        -       B->Y   R     XNOR2X1LVT        1  0.7    21   107    2936 
  BFU8_07/INPUT_DATA_7/DATA_A_IM/MAN_ALU/ALU_SUB_UNIT/CLA_BLOCK_GEN[0].CLA_4BIT_UNIT/g329/S            -       B->S   R     ADDHX1LVT         3  1.1    27    91    3027 
  BFU8_07/INPUT_DATA_7/DATA_A_IM/MAN_ALU/ALU_SUB_UNIT/CLA_BLOCK_GEN[0].CLA_4BIT_UNIT/g324/Y            -       A->Y   R     AND4XLLVT         3  0.8    34   191    3218 
  BFU8_07/INPUT_DATA_7/DATA_A_IM/MAN_ALU/ALU_SUB_UNIT/CLA_BLOCK_GEN[0].CLA_4BIT_UNIT/g319/Y            -       A1N->Y R     OAI2BB1X1LVT      2  0.6    28    84    3301 
  BFU8_07/INPUT_DATA_7/DATA_A_IM/MAN_ALU/ALU_SUB_UNIT/g101/Y                                           -       B0->Y  R     AO21X1LVT         2  0.9    25    57    3358 
  BFU8_07/INPUT_DATA_7/DATA_A_IM/MAN_ALU/ALU_SUB_UNIT/CLA_BLOCK_GEN[1].CLA_4BIT_UNIT/g463/Y            -       A1->Y  F     AOI21X1LVT        2  0.8    58    56    3414 
  BFU8_07/INPUT_DATA_7/DATA_A_IM/MAN_ALU/ALU_SUB_UNIT/CLA_BLOCK_GEN[1].CLA_4BIT_UNIT/g459/Y            -       A1->Y  R     OAI21X1LVT        2  0.9    57    63    3477 
  BFU8_07/INPUT_DATA_7/DATA_A_IM/MAN_ALU/ALU_SUB_UNIT/CLA_BLOCK_GEN[1].CLA_4BIT_UNIT/g457/Y            -       A1->Y  F     AOI22X1LVT        2  0.8    86    85    3562 
  BFU8_07/INPUT_DATA_7/DATA_A_IM/MAN_ALU/ALU_SUB_UNIT/CLA_BLOCK_GEN[1].CLA_4BIT_UNIT/g455/Y            -       A1->Y  R     OAI21X1LVT        3  0.8    57    74    3635 
  BFU8_07/INPUT_DATA_7/DATA_A_IM/MAN_ALU/ALU_SUB_UNIT/g119/Y                                           -       B->Y   R     OR2XLLVT          2  0.9    30    59    3695 
  BFU8_07/INPUT_DATA_7/DATA_A_IM/MAN_ALU/ALU_SUB_UNIT/CLA_BLOCK_GEN[2].CLA_4BIT_UNIT/g463/Y            -       A1->Y  F     AOI21X1LVT        2  0.8    59    59    3754 
  BFU8_07/INPUT_DATA_7/DATA_A_IM/MAN_ALU/ALU_SUB_UNIT/CLA_BLOCK_GEN[2].CLA_4BIT_UNIT/g459/Y            -       A1->Y  R     OAI21X1LVT        2  0.9    57    63    3817 
  BFU8_07/INPUT_DATA_7/DATA_A_IM/MAN_ALU/ALU_SUB_UNIT/CLA_BLOCK_GEN[2].CLA_4BIT_UNIT/g457/Y            -       A1->Y  F     AOI22X1LVT        2  0.8    86    85    3901 
  BFU8_07/INPUT_DATA_7/DATA_A_IM/MAN_ALU/ALU_SUB_UNIT/CLA_BLOCK_GEN[2].CLA_4BIT_UNIT/g455/Y            -       A1->Y  R     OAI21X1LVT        3  0.8    57    74    3975 
  BFU8_07/INPUT_DATA_7/DATA_A_IM/MAN_ALU/ALU_SUB_UNIT/g146/Y                                           -       AN->Y  R     NAND2BX1LVT       2  0.9    28    63    4038 
  BFU8_07/INPUT_DATA_7/DATA_A_IM/MAN_ALU/ALU_SUB_UNIT/CLA_BLOCK_GEN[3].CLA_4BIT_UNIT/g463/Y            -       A1->Y  F     AOI21X1LVT        2  0.8    59    58    4095 
  BFU8_07/INPUT_DATA_7/DATA_A_IM/MAN_ALU/ALU_SUB_UNIT/CLA_BLOCK_GEN[3].CLA_4BIT_UNIT/g459/Y            -       A1->Y  R     OAI21X1LVT        2  0.9    57    63    4158 
  BFU8_07/INPUT_DATA_7/DATA_A_IM/MAN_ALU/ALU_SUB_UNIT/CLA_BLOCK_GEN[3].CLA_4BIT_UNIT/g457/Y            -       A1->Y  F     AOI22X1LVT        2  0.8    86    85    4243 
  BFU8_07/INPUT_DATA_7/DATA_A_IM/MAN_ALU/ALU_SUB_UNIT/CLA_BLOCK_GEN[3].CLA_4BIT_UNIT/g455/Y            -       A1->Y  R     OAI21X1LVT        3  0.8    57    74    4317 
  BFU8_07/INPUT_DATA_7/DATA_A_IM/MAN_ALU/ALU_SUB_UNIT/g181/Y                                           -       AN->Y  R     NAND2BX1LVT       2  0.9    28    63    4379 
  BFU8_07/INPUT_DATA_7/DATA_A_IM/MAN_ALU/ALU_SUB_UNIT/CLA_BLOCK_GEN[4].CLA_4BIT_UNIT/g366/Y            -       A1->Y  F     AOI22X1LVT        2  0.8    83    71    4450 
  BFU8_07/INPUT_DATA_7/DATA_A_IM/MAN_ALU/ALU_SUB_UNIT/CLA_BLOCK_GEN[4].CLA_4BIT_UNIT/g364/Y            -       A1->Y  R     OAI21X1LVT        2  0.9    60    74    4524 
  BFU8_07/INPUT_DATA_7/DATA_A_IM/MAN_ALU/ALU_SUB_UNIT/CLA_BLOCK_GEN[4].CLA_4BIT_UNIT/g362/Y            -       A1->Y  F     AOI22X1LVT        2  0.8    86    86    4610 
  BFU8_07/INPUT_DATA_7/DATA_A_IM/MAN_ALU/ALU_SUB_UNIT/CLA_BLOCK_GEN[4].CLA_4BIT_UNIT/g360/Y            -       A1->Y  R     OAI21X1LVT        2  0.6    52    70    4680 
  BFU8_07/INPUT_DATA_7/DATA_A_IM/MAN_ALU/ALU_SUB_UNIT/g213/Y                                           -       AN->Y  R     NAND2BX1LVT       2  0.9    28    60    4740 
  BFU8_07/INPUT_DATA_7/DATA_A_IM/MAN_ALU/ALU_SUB_UNIT/CLA_BLOCK_GEN[5].CLA_4BIT_UNIT/g511/Y            -       A1->Y  F     AOI21X1LVT        2  0.8    59    58    4798 
  BFU8_07/INPUT_DATA_7/DATA_A_IM/MAN_ALU/ALU_SUB_UNIT/CLA_BLOCK_GEN[5].CLA_4BIT_UNIT/g507/Y            -       A1->Y  R     OAI21X1LVT        2  0.9    57    63    4861 
  BFU8_07/INPUT_DATA_7/DATA_A_IM/MAN_ALU/ALU_SUB_UNIT/CLA_BLOCK_GEN[5].CLA_4BIT_UNIT/g505/Y            -       A1->Y  F     AOI22X1LVT        2  0.8    86    85    4946 
  BFU8_07/INPUT_DATA_7/DATA_A_IM/MAN_ALU/ALU_SUB_UNIT/CLA_BLOCK_GEN[5].CLA_4BIT_UNIT/g504/Y            -       B->Y   F     XOR2XLLVT         1  0.4    21    82    5028 
  BFU8_07/INPUT_DATA_7/DATA_A_IM/MAN_ALU/g1877/Y                                                       -       A1->Y  R     AOI22X1LVT        1  0.4    55    50    5078 
  BFU8_07/INPUT_DATA_7/DATA_A_IM/MAN_ALU/g1846/Y                                                       -       B0->Y  F     OAI2BB1X1LVT      8  3.0   122   104    5183 
  BFU8_07/INPUT_DATA_7/DATA_A_IM/LOPD_24BIT/LOPD_16bit_UNIT_MSB/LOPD_8bit_unit_1/g283/Y                -       B->Y   F     OR2X1LVT          3  1.2    29   106    5289 
  BFU8_07/INPUT_DATA_7/DATA_A_IM/LOPD_24BIT/LOPD_16bit_UNIT_MSB/LOPD_8bit_unit_1/g274/Y                -       C->Y   R     NOR3BX1LVT        2  0.6    59    48    5337 
  BFU8_07/INPUT_DATA_7/DATA_A_IM/LOPD_24BIT/LOPD_16bit_UNIT_MSB/g106/Y                                 -       A->Y   R     AND2X1LVT         7  2.6    47   107    5444 
  BFU8_07/INPUT_DATA_7/DATA_A_IM/LOPD_24BIT/g139/Y                                                     -       A->Y   F     INVX1LVT          4  1.4    34    42    5486 
  BFU8_07/INPUT_DATA_7/DATA_A_IM/LOPD_24BIT/g135/Y                                                     -       A0->Y  R     AOI22X1LVT        1  0.4    48    62    5547 
  BFU8_07/INPUT_DATA_7/DATA_A_IM/LOPD_24BIT/g131/Y                                                     -       B->Y   F     NAND2X1LVT        2  0.6    44    51    5598 
  BFU8_07/INPUT_DATA_7/DATA_A_IM/g600/Y                                                                -       A->Y   F     AND2X1LVT        27 11.2   186   145    5743 
  BFU8_07/INPUT_DATA_7/DATA_A_IM/NOR_UNIT/SHF_left_unit/g3019/Y                                        -       A->Y   R     INVX2LVT         24  9.6   103   122    5865 
  BFU8_07/INPUT_DATA_7/DATA_A_IM/NOR_UNIT/SHF_left_unit/g3002/Y                                        -       A1->Y  F     AOI22X1LVT        2  0.8    91   106    5971 
  BFU8_07/INPUT_DATA_7/DATA_A_IM/NOR_UNIT/SHF_left_unit/g2993/Y                                        -       A->Y   R     INVX1LVT          1  0.4    23    51    6023 
  BFU8_07/INPUT_DATA_7/DATA_A_IM/NOR_UNIT/SHF_left_unit/g2955/Y                                        -       A1->Y  F     AOI22X1LVT        4  1.6   116    83    6106 
  BFU8_07/INPUT_DATA_7/DATA_A_IM/NOR_UNIT/SHF_left_unit/g2940/Y                                        -       B->Y   R     NOR2X1LVT         1  0.4    40    71    6177 
  BFU8_07/INPUT_DATA_7/DATA_A_IM/NOR_UNIT/g1478/Y                                                      -       A1->Y  F     AOI22X1LVT        1  0.4    83    69    6246 
  BFU8_07/INPUT_DATA_7/DATA_A_IM/NOR_UNIT/g1451/Y                                                      -       B0->Y  R     OAI2BB1X1LVT      1  0.4    27    52    6298 
  BFU8_07/INPUT_DATA_7/DATA_A_IM/MAN_RND/g658/Y                                                        -       D->Y   F     NOR4X1LVT         1  0.4    36    27    6325 
  BFU8_07/INPUT_DATA_7/DATA_A_IM/MAN_RND/g657/Y                                                        -       B->Y   R     NOR2BX1LVT        1  0.5    33    37    6362 
  BFU8_07/INPUT_DATA_7/DATA_A_IM/MAN_RND/g656/CO                                                       -       A->CO  R     ADDHX1LVT         1  0.7    20    88    6450 
  BFU8_07/INPUT_DATA_7/DATA_A_IM/MAN_RND/g655/CO                                                       -       B->CO  R     ADDHX1LVT         1  0.7    20    77    6528 
  BFU8_07/INPUT_DATA_7/DATA_A_IM/MAN_RND/g654/S                                                        -       B->S   F     ADDHX1LVT         1  0.2    14    90    6618 
  BFU8_07/INPUT_DATA_7/DATA_A_IM/g2965/Y                                                               -       A1N->Y F     OAI2BB1X1LVT     16  5.8   212   154    6771 
  BFU8_07/INPUT_DATA_7/mul1_sub/MAN_MUL_UNIT/MUL_UNIT_MAN_UNIT/m1/m1/m1/m2/g46/Y                       -       A->Y   R     INVX1LVT          2  0.9    48   111    6883 
  BFU8_07/INPUT_DATA_7/mul1_sub/MAN_MUL_UNIT/MUL_UNIT_MAN_UNIT/m1/m1/m1/m2/g44/S                       -       A->S   F     ADDHX1LVT         1  0.4    18   122    7005 
  BFU8_07/INPUT_DATA_7/mul1_sub/MAN_MUL_UNIT/MUL_UNIT_MAN_UNIT/m1/m1/m1/m2/g43/Y                       -       A->Y   R     INVX1LVT          2  0.9    19    21    7026 
  BFU8_07/INPUT_DATA_7/mul1_sub/MAN_MUL_UNIT/MUL_UNIT_MAN_UNIT/m1/m1/m1/g255/Y                         -       B->Y   R     XOR2XLLVT         1  0.7    27    78    7104 
  BFU8_07/INPUT_DATA_7/mul1_sub/MAN_MUL_UNIT/MUL_UNIT_MAN_UNIT/m1/m1/m1/g251/CO                        -       B->CO  R     ADDHX1LVT         2  0.6    18    79    7184 
  BFU8_07/INPUT_DATA_7/mul1_sub/MAN_MUL_UNIT/MUL_UNIT_MAN_UNIT/m1/m1/m1/g250/Y                         -       A->Y   F     NAND2X1LVT        2  0.8    47    45    7229 
  BFU8_07/INPUT_DATA_7/mul1_sub/MAN_MUL_UNIT/MUL_UNIT_MAN_UNIT/m1/m1/m1/g248/S                         -       CI->S  R     ADDFX1LVT         1  0.4    25   187    7416 
  BFU8_07/INPUT_DATA_7/mul1_sub/MAN_MUL_UNIT/MUL_UNIT_MAN_UNIT/m1/m1/m1/g246/Y                         -       A->Y   F     INVX1LVT          1  0.4    15    22    7438 
  BFU8_07/INPUT_DATA_7/mul1_sub/MAN_MUL_UNIT/MUL_UNIT_MAN_UNIT/m1/m1/csa_tree_add_46_27_groupi/g549/Y  -       A->Y   R     INVX1LVT          1  0.9    19    20    7458 
  BFU8_07/INPUT_DATA_7/mul1_sub/MAN_MUL_UNIT/MUL_UNIT_MAN_UNIT/m1/m1/csa_tree_add_46_27_groupi/g523/CO -       A->CO  R     ADDFX1LVT         1  0.9    30   124    7582 
  BFU8_07/INPUT_DATA_7/mul1_sub/MAN_MUL_UNIT/MUL_UNIT_MAN_UNIT/m1/m1/csa_tree_add_46_27_groupi/g521/CO -       A->CO  R     ADDFX1LVT         1  0.6    26   126    7708 
  BFU8_07/INPUT_DATA_7/mul1_sub/MAN_MUL_UNIT/MUL_UNIT_MAN_UNIT/m1/m1/csa_tree_add_46_27_groupi/g519/CO -       CI->CO R     ADDFX1LVT         1  0.9    30   118    7826 
  BFU8_07/INPUT_DATA_7/mul1_sub/MAN_MUL_UNIT/MUL_UNIT_MAN_UNIT/m1/m1/csa_tree_add_46_27_groupi/g517/CO -       A->CO  R     ADDFX1LVT         1  0.9    30   129    7955 
  BFU8_07/INPUT_DATA_7/mul1_sub/MAN_MUL_UNIT/MUL_UNIT_MAN_UNIT/m1/m1/csa_tree_add_46_27_groupi/g515/CO -       A->CO  R     ADDFX1LVT         1  0.6    26   126    8081 
  BFU8_07/INPUT_DATA_7/mul1_sub/MAN_MUL_UNIT/MUL_UNIT_MAN_UNIT/m1/m1/csa_tree_add_46_27_groupi/g513/CO -       CI->CO R     ADDFX1LVT         1  0.6    26   115    8197 
  BFU8_07/INPUT_DATA_7/mul1_sub/MAN_MUL_UNIT/MUL_UNIT_MAN_UNIT/m1/m1/csa_tree_add_46_27_groupi/g511/S  -       CI->S  R     ADDFX1LVT         1  0.4    25   158    8355 
  BFU8_07/INPUT_DATA_7/mul1_sub/MAN_MUL_UNIT/MUL_UNIT_MAN_UNIT/m1/m1/csa_tree_add_46_27_groupi/g510/Y  -       A->Y   F     INVX1LVT          2  0.8    21    26    8380 
  BFU8_07/INPUT_DATA_7/mul1_sub/MAN_MUL_UNIT/MUL_UNIT_MAN_UNIT/m1/csa_tree_add_74_27_groupi/g725/Y     -       B->Y   R     XNOR2X1LVT        1  0.6    20   103    8483 
  BFU8_07/INPUT_DATA_7/mul1_sub/MAN_MUL_UNIT/MUL_UNIT_MAN_UNIT/m1/csa_tree_add_74_27_groupi/g718/S     -       CI->S  F     ADDFX1LVT         1  0.4    24   165    8648 
  BFU8_07/INPUT_DATA_7/mul1_sub/MAN_MUL_UNIT/MUL_UNIT_MAN_UNIT/m1/csa_tree_add_74_27_groupi/g710/Y     -       A->Y   R     INVX1LVT          1  0.9    20    24    8672 
  BFU8_07/INPUT_DATA_7/mul1_sub/MAN_MUL_UNIT/MUL_UNIT_MAN_UNIT/m1/csa_tree_add_74_27_groupi/g474/CO    -       A->CO  R     ADDFX1LVT         1  0.6    26   122    8794 
  BFU8_07/INPUT_DATA_7/mul1_sub/MAN_MUL_UNIT/MUL_UNIT_MAN_UNIT/m1/csa_tree_add_74_27_groupi/g473/CO    -       CI->CO R     ADDFX1LVT         1  0.6    26   115    8910 
  BFU8_07/INPUT_DATA_7/mul1_sub/MAN_MUL_UNIT/MUL_UNIT_MAN_UNIT/m1/csa_tree_add_74_27_groupi/g472/CO    -       CI->CO R     ADDFX1LVT         1  0.6    26   115    9025 
  BFU8_07/INPUT_DATA_7/mul1_sub/MAN_MUL_UNIT/MUL_UNIT_MAN_UNIT/m1/csa_tree_add_74_27_groupi/g471/CO    -       CI->CO R     ADDFX1LVT         1  0.6    26   115    9141 
  BFU8_07/INPUT_DATA_7/mul1_sub/MAN_MUL_UNIT/MUL_UNIT_MAN_UNIT/m1/csa_tree_add_74_27_groupi/g470/CO    -       CI->CO R     ADDFX1LVT         1  0.6    26   115    9256 
  BFU8_07/INPUT_DATA_7/mul1_sub/MAN_MUL_UNIT/MUL_UNIT_MAN_UNIT/m1/csa_tree_add_74_27_groupi/g469/CO    -       CI->CO R     ADDFX1LVT         1  0.6    26   115    9371 
  BFU8_07/INPUT_DATA_7/mul1_sub/MAN_MUL_UNIT/MUL_UNIT_MAN_UNIT/m1/csa_tree_add_74_27_groupi/g468/CO    -       CI->CO R     ADDFX1LVT         1  0.6    26   115    9487 
  BFU8_07/INPUT_DATA_7/mul1_sub/MAN_MUL_UNIT/MUL_UNIT_MAN_UNIT/m1/csa_tree_add_74_27_groupi/g467/CO    -       CI->CO R     ADDFX1LVT         1  0.6    26   115    9602 
  BFU8_07/INPUT_DATA_7/mul1_sub/MAN_MUL_UNIT/MUL_UNIT_MAN_UNIT/m1/csa_tree_add_74_27_groupi/g466/CO    -       CI->CO R     ADDFX1LVT         1  0.6    26   115    9718 
  BFU8_07/INPUT_DATA_7/mul1_sub/MAN_MUL_UNIT/MUL_UNIT_MAN_UNIT/m1/csa_tree_add_74_27_groupi/g465/CO    -       CI->CO R     ADDFX1LVT         1  0.6    26   115    9833 
  BFU8_07/INPUT_DATA_7/mul1_sub/MAN_MUL_UNIT/MUL_UNIT_MAN_UNIT/m1/csa_tree_add_74_27_groupi/g464/CO    -       CI->CO R     ADDFX1LVT         1  0.6    26   115    9948 
  BFU8_07/INPUT_DATA_7/mul1_sub/MAN_MUL_UNIT/MUL_UNIT_MAN_UNIT/m1/csa_tree_add_74_27_groupi/g463/CO    -       CI->CO R     ADDFX1LVT         1  0.6    26   115   10064 
  BFU8_07/INPUT_DATA_7/mul1_sub/MAN_MUL_UNIT/MUL_UNIT_MAN_UNIT/m1/csa_tree_add_74_27_groupi/g462/CO    -       CI->CO R     ADDFX1LVT         1  0.6    26   115   10179 
  BFU8_07/INPUT_DATA_7/mul1_sub/MAN_MUL_UNIT/MUL_UNIT_MAN_UNIT/m1/csa_tree_add_74_27_groupi/g461/S     -       CI->S  F     ADDFX1LVT         1  0.6    28   169   10348 
  BFU8_07/INPUT_DATA_7/mul1_sub/MAN_MUL_UNIT/MUL_UNIT_MAN_UNIT/csa_tree_add_108_35_groupi/g823/S       -       CI->S  R     ADDFX1LVT         1  0.9    32   184   10532 
  BFU8_07/INPUT_DATA_7/mul1_sub/MAN_MUL_UNIT/MUL_UNIT_MAN_UNIT/csa_tree_add_108_35_groupi/g795/CO      -       A->CO  R     ADDFX1LVT         1  0.6    26   127   10659 
  BFU8_07/INPUT_DATA_7/mul1_sub/MAN_MUL_UNIT/MUL_UNIT_MAN_UNIT/csa_tree_add_108_35_groupi/g794/CO      -       CI->CO R     ADDFX1LVT         1  0.6    26   115   10774 
  BFU8_07/INPUT_DATA_7/mul1_sub/MAN_MUL_UNIT/MUL_UNIT_MAN_UNIT/csa_tree_add_108_35_groupi/g793/CO      -       CI->CO R     ADDFX1LVT         1  0.6    26   115   10890 
  BFU8_07/INPUT_DATA_7/mul1_sub/MAN_MUL_UNIT/MUL_UNIT_MAN_UNIT/csa_tree_add_108_35_groupi/g792/CO      -       CI->CO R     ADDFX1LVT         1  0.6    26   115   11005 
  BFU8_07/INPUT_DATA_7/mul1_sub/MAN_MUL_UNIT/MUL_UNIT_MAN_UNIT/csa_tree_add_108_35_groupi/g791/CO      -       CI->CO R     ADDFX1LVT         1  0.6    26   115   11121 
  BFU8_07/INPUT_DATA_7/mul1_sub/MAN_MUL_UNIT/MUL_UNIT_MAN_UNIT/csa_tree_add_108_35_groupi/g790/CO      -       CI->CO R     ADDFX1LVT         1  0.6    26   115   11236 
  BFU8_07/INPUT_DATA_7/mul1_sub/MAN_MUL_UNIT/MUL_UNIT_MAN_UNIT/csa_tree_add_108_35_groupi/g789/CO      -       CI->CO R     ADDFX1LVT         1  0.6    26   115   11351 
  BFU8_07/INPUT_DATA_7/mul1_sub/MAN_MUL_UNIT/MUL_UNIT_MAN_UNIT/csa_tree_add_108_35_groupi/g788/CO      -       CI->CO R     ADDFX1LVT         1  0.6    26   115   11467 
  BFU8_07/INPUT_DATA_7/mul1_sub/MAN_MUL_UNIT/MUL_UNIT_MAN_UNIT/csa_tree_add_108_35_groupi/g787/CO      -       CI->CO R     ADDFX1LVT         1  0.6    26   115   11582 
  BFU8_07/INPUT_DATA_7/mul1_sub/MAN_MUL_UNIT/MUL_UNIT_MAN_UNIT/csa_tree_add_108_35_groupi/g786/CO      -       CI->CO R     ADDFX1LVT         1  0.6    26   115   11698 
  BFU8_07/INPUT_DATA_7/mul1_sub/MAN_MUL_UNIT/MUL_UNIT_MAN_UNIT/csa_tree_add_108_35_groupi/g785/CO      -       CI->CO R     ADDFX1LVT         1  0.6    26   115   11813 
  BFU8_07/INPUT_DATA_7/mul1_sub/MAN_MUL_UNIT/MUL_UNIT_MAN_UNIT/csa_tree_add_108_35_groupi/g784/CO      -       CI->CO R     ADDFX1LVT         1  0.6    26   115   11928 
  BFU8_07/INPUT_DATA_7/mul1_sub/MAN_MUL_UNIT/MUL_UNIT_MAN_UNIT/csa_tree_add_108_35_groupi/g783/CO      -       CI->CO R     ADDFX1LVT         1  0.6    26   115   12044 
  BFU8_07/INPUT_DATA_7/mul1_sub/MAN_MUL_UNIT/MUL_UNIT_MAN_UNIT/csa_tree_add_108_35_groupi/g782/CO      -       CI->CO R     ADDFX1LVT         1  0.6    26   115   12159 
  BFU8_07/INPUT_DATA_7/mul1_sub/MAN_MUL_UNIT/MUL_UNIT_MAN_UNIT/csa_tree_add_108_35_groupi/g781/CO      -       CI->CO R     ADDFX1LVT         1  0.6    26   115   12275 
  BFU8_07/INPUT_DATA_7/mul1_sub/MAN_MUL_UNIT/MUL_UNIT_MAN_UNIT/csa_tree_add_108_35_groupi/g780/CO      -       CI->CO R     ADDFX1LVT         1  0.6    26   115   12390 
  BFU8_07/INPUT_DATA_7/mul1_sub/MAN_MUL_UNIT/MUL_UNIT_MAN_UNIT/csa_tree_add_108_35_groupi/g779/CO      -       CI->CO R     ADDFX1LVT         2  0.9    30   118   12508 
  BFU8_07/INPUT_DATA_7/mul1_sub/MAN_MUL_UNIT/MUL_UNIT_MAN_UNIT/csa_tree_add_108_35_groupi/g778/Y       -       B->Y   F     NAND2X1LVT        2  0.6    42    42   12550 
  BFU8_07/INPUT_DATA_7/mul1_sub/MAN_MUL_UNIT/MUL_UNIT_MAN_UNIT/csa_tree_add_108_35_groupi/g776/Y       -       AN->Y  F     NAND2BX1LVT       2  0.6    41    68   12618 
  BFU8_07/INPUT_DATA_7/mul1_sub/MAN_MUL_UNIT/MUL_UNIT_MAN_UNIT/csa_tree_add_108_35_groupi/g774/Y       -       AN->Y  F     NAND2BX1LVT       2  0.6    41    67   12686 
  BFU8_07/INPUT_DATA_7/mul1_sub/MAN_MUL_UNIT/MUL_UNIT_MAN_UNIT/csa_tree_add_108_35_groupi/g772/Y       -       AN->Y  F     NAND2BX1LVT       2  0.6    41    67   12753 
  BFU8_07/INPUT_DATA_7/mul1_sub/MAN_MUL_UNIT/MUL_UNIT_MAN_UNIT/csa_tree_add_108_35_groupi/g770/Y       -       AN->Y  F     NAND2BX1LVT       2  0.6    41    67   12820 
  BFU8_07/INPUT_DATA_7/mul1_sub/MAN_MUL_UNIT/MUL_UNIT_MAN_UNIT/csa_tree_add_108_35_groupi/g767/Y       -       B->Y   F     XNOR2X1LVT        8  2.6    52   101   12921 
  BFU8_07/INPUT_DATA_7/mul1_sub/LOPD_UNIT/LOPD_16bit_UNIT_MSB/LOPD_8bit_unit_1/g283/Y                  -       B->Y   F     OR2X1LVT          3  1.2    29    83   13004 
  BFU8_07/INPUT_DATA_7/mul1_sub/LOPD_UNIT/LOPD_16bit_UNIT_MSB/LOPD_8bit_unit_1/g274/Y                  -       C->Y   R     NOR3BX1LVT        2  0.6    59    48   13052 
  BFU8_07/INPUT_DATA_7/mul1_sub/LOPD_UNIT/LOPD_16bit_UNIT_MSB/g106/Y                                   -       A->Y   R     AND2X1LVT         9  3.2    55   112   13164 
  BFU8_07/INPUT_DATA_7/mul1_sub/LOPD_UNIT/g139/Y                                                       -       A->Y   F     INVX1LVT          4  1.4    35    46   13210 
  BFU8_07/INPUT_DATA_7/mul1_sub/LOPD_UNIT/g134/Y                                                       -       A0->Y  R     AOI22X1LVT        1  0.4    47    62   13272 
  BFU8_07/INPUT_DATA_7/mul1_sub/LOPD_UNIT/g130/Y                                                       -       B->Y   F     NAND2X1LVT       10  4.0   154   114   13386 
  BFU8_07/INPUT_DATA_7/mul1_sub/NOR_UNIT/SHF_left_unit/g2896/Y                                         -       A->Y   R     INVX1LVT          8  3.2    72   102   13488 
  BFU8_07/INPUT_DATA_7/mul1_sub/NOR_UNIT/SHF_left_unit/g2876/Y                                         -       B->Y   F     NAND2X1LVT       17  6.8   247   177   13665 
  BFU8_07/INPUT_DATA_7/mul1_sub/NOR_UNIT/SHF_left_unit/g2848/Y                                         -       A->Y   R     NOR2X1LVT         1  0.4    43   128   13793 
  BFU8_07/INPUT_DATA_7/mul1_sub/NOR_UNIT/g1221/Y                                                       -       A1->Y  F     AOI22X1LVT        1  0.4    82    70   13864 
  BFU8_07/INPUT_DATA_7/mul1_sub/NOR_UNIT/g1198/Y                                                       -       B0->Y  R     OAI2BB1X1LVT      1  0.7    32    54   13918 
  BFU8_07/INPUT_DATA_7/mul1_sub/MAN_ROUNDING_UNIT/g602/CO                                              -       B->CO  R     ADDHX1LVT         1  0.5    17    80   13998 
  BFU8_07/INPUT_DATA_7/mul1_sub/MAN_ROUNDING_UNIT/g601/CO                                              -       A->CO  R     ADDHX1LVT         1  0.7    20    82   14080 
  BFU8_07/INPUT_DATA_7/mul1_sub/MAN_ROUNDING_UNIT/g600/CO                                              -       B->CO  R     ADDHX1LVT         1  0.7    20    77   14157 
  BFU8_07/INPUT_DATA_7/mul1_sub/MAN_ROUNDING_UNIT/g599/CO                                              -       B->CO  R     ADDHX1LVT         1  0.7    20    77   14235 
  BFU8_07/INPUT_DATA_7/mul1_sub/MAN_ROUNDING_UNIT/g598/CO                                              -       B->CO  R     ADDHX1LVT         1  0.7    20    77   14312 
  BFU8_07/INPUT_DATA_7/mul1_sub/MAN_ROUNDING_UNIT/g597/CO                                              -       B->CO  R     ADDHX1LVT         1  0.7    20    77   14390 
  BFU8_07/INPUT_DATA_7/mul1_sub/MAN_ROUNDING_UNIT/g596/CO                                              -       B->CO  R     ADDHX1LVT         1  0.7    20    77   14467 
  BFU8_07/INPUT_DATA_7/mul1_sub/MAN_ROUNDING_UNIT/g595/CO                                              -       B->CO  R     ADDHX1LVT         1  0.7    20    77   14544 
  BFU8_07/INPUT_DATA_7/mul1_sub/MAN_ROUNDING_UNIT/g594/CO                                              -       B->CO  R     ADDHX1LVT         1  0.7    20    77   14622 
  BFU8_07/INPUT_DATA_7/mul1_sub/MAN_ROUNDING_UNIT/g593/CO                                              -       B->CO  R     ADDHX1LVT         1  0.7    20    77   14699 
  BFU8_07/INPUT_DATA_7/mul1_sub/MAN_ROUNDING_UNIT/g592/CO                                              -       B->CO  R     ADDHX1LVT         1  0.7    20    77   14776 
  BFU8_07/INPUT_DATA_7/mul1_sub/MAN_ROUNDING_UNIT/g591/CO                                              -       B->CO  R     ADDHX1LVT         1  0.7    20    77   14854 
  BFU8_07/INPUT_DATA_7/mul1_sub/MAN_ROUNDING_UNIT/g590/CO                                              -       B->CO  R     ADDHX1LVT         1  0.7    20    77   14931 
  BFU8_07/INPUT_DATA_7/mul1_sub/MAN_ROUNDING_UNIT/g589/CO                                              -       B->CO  R     ADDHX1LVT         1  0.7    20    77   15009 
  BFU8_07/INPUT_DATA_7/mul1_sub/MAN_ROUNDING_UNIT/g588/CO                                              -       B->CO  R     ADDHX1LVT         1  0.7    20    77   15086 
  BFU8_07/INPUT_DATA_7/mul1_sub/MAN_ROUNDING_UNIT/g587/CO                                              -       B->CO  R     ADDHX1LVT         1  0.7    20    77   15164 
  BFU8_07/INPUT_DATA_7/mul1_sub/MAN_ROUNDING_UNIT/g586/CO                                              -       B->CO  R     ADDHX1LVT         1  0.7    20    77   15241 
  BFU8_07/INPUT_DATA_7/mul1_sub/MAN_ROUNDING_UNIT/g585/CO                                              -       B->CO  R     ADDHX1LVT         1  0.7    20    77   15318 
  BFU8_07/INPUT_DATA_7/mul1_sub/MAN_ROUNDING_UNIT/g584/CO                                              -       B->CO  R     ADDHX1LVT         1  0.7    20    77   15396 
  BFU8_07/INPUT_DATA_7/mul1_sub/MAN_ROUNDING_UNIT/g583/CO                                              -       B->CO  R     ADDHX1LVT         1  0.7    20    77   15473 
  BFU8_07/INPUT_DATA_7/mul1_sub/MAN_ROUNDING_UNIT/g582/CO                                              -       B->CO  R     ADDHX1LVT         1  0.7    20    77   15550 
  BFU8_07/INPUT_DATA_7/mul1_sub/MAN_ROUNDING_UNIT/g581/CO                                              -       B->CO  R     ADDHX1LVT         2  0.7    20    77   15628 
  BFU8_07/INPUT_DATA_7/mul1_sub/MAN_ROUNDING_UNIT/g579/Y                                               -       C->Y   R     AND3XLLVT         2  0.9    32   108   15736 
  BFU8_07/INPUT_DATA_7/mul1_sub/EXP_ROUNDING_UNIT/g187/Y                                               -       B->Y   F     NAND2X1LVT        2  0.6    42    43   15780 
  BFU8_07/INPUT_DATA_7/mul1_sub/EXP_ROUNDING_UNIT/g185/Y                                               -       AN->Y  F     NAND2BX1LVT       2  0.6    44    68   15848 
  BFU8_07/INPUT_DATA_7/mul1_sub/EXP_ROUNDING_UNIT/g183/Y                                               -       AN->Y  F     NAND2BX1LVT       2  0.6    44    68   15916 
  BFU8_07/INPUT_DATA_7/mul1_sub/EXP_ROUNDING_UNIT/g181/Y                                               -       AN->Y  F     NAND2BX1LVT       2  0.6    44    68   15984 
  BFU8_07/INPUT_DATA_7/mul1_sub/EXP_ROUNDING_UNIT/g179/Y                                               -       AN->Y  F     NAND2BX1LVT       2  0.6    44    68   16053 
  BFU8_07/INPUT_DATA_7/mul1_sub/EXP_ROUNDING_UNIT/g177/Y                                               -       AN->Y  F     NAND2BX1LVT       2  0.6    44    68   16121 
  BFU8_07/INPUT_DATA_7/mul1_sub/EXP_ROUNDING_UNIT/g175/Y                                               -       AN->Y  F     NAND2BX1LVT       1  0.4    37    65   16186 
  BFU8_07/INPUT_DATA_7/mul1_sub/EXP_ROUNDING_UNIT/g173/Y                                               -       B->Y   F     XNOR2X1LVT        1  0.2    14    79   16264 
  BFU8_07/INPUT_DATA_7/mul1_sub/g1226/Y                                                                -       A1N->Y F     OAI2BB1X1LVT     14  4.4   167   128   16392 
  BFU8_07/BFU2_UNIT3/DATA_B_RE/EXP_COM_8BIT/COMP_LESS_UNIT/u_high/g344/Y                               -       A->Y   R     INVX1LVT          2  1.1    44    92   16484 
  BFU8_07/BFU2_UNIT3/DATA_B_RE/EXP_COM_8BIT/COMP_LESS_UNIT/u_high/g337/S                               -       B->S   R     ADDHX1LVT         1  0.2    14    92   16577 
  BFU8_07/BFU2_UNIT3/DATA_B_RE/EXP_COM_8BIT/COMP_LESS_UNIT/u_high/g336/Y                               -       D->Y   R     AND4XLLVT         1  0.2    18   143   16720 
  BFU8_07/BFU2_UNIT3/DATA_B_RE/EXP_COM_8BIT/COMP_LESS_UNIT/g16/Y                                       -       A1->Y  R     AO21X2LVT        60 29.7   232   230   16950 
  BFU8_07/BFU2_UNIT3/DATA_B_RE/EXP_SWAP/g228/Y                                                         -       S0->Y  R     MX2X1LVT          3  1.1    28   173   17123 
  BFU8_07/BFU2_UNIT3/DATA_B_RE/EXP_SUB/CLA_8BIT_UNIT/CLA_4BIT_UNIT_0/g271/Y                            -       A->Y   F     XNOR2X1LVT       27 11.0   186   206   17329 
  BFU8_07/BFU2_UNIT3/DATA_B_RE/EXP_SUB/CLA_8BIT_UNIT/CLA_4BIT_UNIT_0/g270/Y                            -       AN->Y  F     NOR2BX1LVT        2  0.8    27   101   17430 
  BFU8_07/BFU2_UNIT3/DATA_B_RE/EXP_SUB/CLA_8BIT_UNIT/CLA_4BIT_UNIT_0/g266/Y                            -       B->Y   R     XNOR2X1LVT       26 10.8   164   184   17614 
  BFU8_07/BFU2_UNIT3/DATA_B_RE/SHF_RIGHT_MAN/g3948/Y                                                   -       A->Y   F     INVX2LVT         23  9.2   104   119   17733 
  BFU8_07/BFU2_UNIT3/DATA_B_RE/SHF_RIGHT_MAN/g3895/Y                                                   -       B1->Y  R     OAI22X1LVT        2  0.8    92    77   17810 
  BFU8_07/BFU2_UNIT3/DATA_B_RE/SHF_RIGHT_MAN/g3861/Y                                                   -       A1->Y  F     AOI22X1LVT        2  0.8    90   101   17911 
  BFU8_07/BFU2_UNIT3/DATA_B_RE/SHF_RIGHT_MAN/g3860/Y                                                   -       A->Y   R     INVX1LVT          1  0.4    23    51   17962 
  BFU8_07/BFU2_UNIT3/DATA_B_RE/SHF_RIGHT_MAN/g3844/Y                                                   -       B1->Y  F     AOI22X1LVT        1  0.4    70    38   18000 
  BFU8_07/BFU2_UNIT3/DATA_B_RE/SHF_RIGHT_MAN/g3819/Y                                                   -       A1->Y  R     OAI22X1LVT        3  0.8    79    73   18073 
  BFU8_07/BFU2_UNIT3/DATA_B_RE/MAN_COMP_24BIT/u_i_data_1/g345/Y                                        -       A->Y   F     INVX1LVT          2  1.0    33    54   18127 
  BFU8_07/BFU2_UNIT3/DATA_B_RE/MAN_COMP_24BIT/u_i_data_1/g338/CO                                       -       B->CO  F     ADDHX1LVT         1  0.4    14    47   18174 
  BFU8_07/BFU2_UNIT3/DATA_B_RE/MAN_COMP_24BIT/u_i_data_1/g336/Y                                        -       A2->Y  R     OAI32X1LVT        1  0.4    99    61   18235 
  BFU8_07/BFU2_UNIT3/DATA_B_RE/MAN_COMP_24BIT/u_i_data_1/g335/Y                                        -       A1->Y  F     AOI22X1LVT        2  0.6    84   101   18335 
  BFU8_07/BFU2_UNIT3/DATA_B_RE/MAN_COMP_24BIT/u_i_data_1/g334/Y                                        -       A1N->Y F     OAI2BB1X1LVT      1  0.4    43    76   18412 
  BFU8_07/BFU2_UNIT3/DATA_B_RE/MAN_COMP_24BIT/u_i_data_1/g333/Y                                        -       B0->Y  R     OAI21X1LVT        1  0.4    46    31   18443 
  BFU8_07/BFU2_UNIT3/DATA_B_RE/MAN_COMP_24BIT/g144/Y                                                   -       B0->Y  F     AOI21X1LVT        1  0.4    50    34   18476 
  BFU8_07/BFU2_UNIT3/DATA_B_RE/MAN_COMP_24BIT/g143/Y                                                   -       B->Y   R     NOR2BX1LVT        1  0.2    26    38   18515 
  BFU8_07/BFU2_UNIT3/DATA_B_RE/MAN_COMP_24BIT/g142/Y                                                   -       A1->Y  R     OA21X1LVT         1  0.4    17    86   18601 
  BFU8_07/BFU2_UNIT3/DATA_B_RE/MAN_COMP_24BIT/g141/Y                                                   -       A1->Y  F     OAI21X1LVT        1  0.4    46    40   18640 
  BFU8_07/BFU2_UNIT3/DATA_B_RE/MAN_COMP_24BIT/g140/Y                                                   -       B->Y   R     NAND2BX1LVT       1  0.2    17    31   18671 
  BFU8_07/BFU2_UNIT3/DATA_B_RE/MAN_COMP_24BIT/g139/Y                                                   -       A1->Y  R     AO21X2LVT        49 23.6   189   206   18877 
  BFU8_07/BFU2_UNIT3/DATA_B_RE/MAN_SWAP/g796/Y                                                         -       S0->Y  F     MX2XLLVT          3  0.8    34   146   19022 
  BFU8_07/BFU2_UNIT3/DATA_B_RE/MAN_ALU/g441/Y                                                          -       B->Y   R     XNOR2X1LVT        1  0.7    21   107   19129 
  BFU8_07/BFU2_UNIT3/DATA_B_RE/MAN_ALU/ALU_SUB_UNIT/CLA_BLOCK_GEN[0].CLA_4BIT_UNIT/g329/S              -       B->S   R     ADDHX1LVT         3  1.1    27    91   19220 
  BFU8_07/BFU2_UNIT3/DATA_B_RE/MAN_ALU/ALU_SUB_UNIT/CLA_BLOCK_GEN[0].CLA_4BIT_UNIT/g324/Y              -       A->Y   R     AND4XLLVT         3  0.8    34   191   19411 
  BFU8_07/BFU2_UNIT3/DATA_B_RE/MAN_ALU/ALU_SUB_UNIT/CLA_BLOCK_GEN[0].CLA_4BIT_UNIT/g319/Y              -       A1N->Y R     OAI2BB1X1LVT      2  0.6    28    84   19494 
  BFU8_07/BFU2_UNIT3/DATA_B_RE/MAN_ALU/ALU_SUB_UNIT/g101/Y                                             -       B0->Y  R     AO21X1LVT         2  0.9    25    57   19551 
  BFU8_07/BFU2_UNIT3/DATA_B_RE/MAN_ALU/ALU_SUB_UNIT/CLA_BLOCK_GEN[1].CLA_4BIT_UNIT/g463/Y              -       A1->Y  F     AOI21X1LVT        2  0.8    58    56   19607 
  BFU8_07/BFU2_UNIT3/DATA_B_RE/MAN_ALU/ALU_SUB_UNIT/CLA_BLOCK_GEN[1].CLA_4BIT_UNIT/g459/Y              -       A1->Y  R     OAI21X1LVT        2  0.9    57    63   19670 
  BFU8_07/BFU2_UNIT3/DATA_B_RE/MAN_ALU/ALU_SUB_UNIT/CLA_BLOCK_GEN[1].CLA_4BIT_UNIT/g457/Y              -       A1->Y  F     AOI22X1LVT        2  0.8    86    85   19755 
  BFU8_07/BFU2_UNIT3/DATA_B_RE/MAN_ALU/ALU_SUB_UNIT/CLA_BLOCK_GEN[1].CLA_4BIT_UNIT/g455/Y              -       A1->Y  R     OAI21X1LVT        3  0.8    57    74   19828 
  BFU8_07/BFU2_UNIT3/DATA_B_RE/MAN_ALU/ALU_SUB_UNIT/g119/Y                                             -       B->Y   R     OR2XLLVT          2  0.9    30    59   19888 
  BFU8_07/BFU2_UNIT3/DATA_B_RE/MAN_ALU/ALU_SUB_UNIT/CLA_BLOCK_GEN[2].CLA_4BIT_UNIT/g463/Y              -       A1->Y  F     AOI21X1LVT        2  0.8    59    59   19947 
  BFU8_07/BFU2_UNIT3/DATA_B_RE/MAN_ALU/ALU_SUB_UNIT/CLA_BLOCK_GEN[2].CLA_4BIT_UNIT/g459/Y              -       A1->Y  R     OAI21X1LVT        2  0.9    57    63   20010 
  BFU8_07/BFU2_UNIT3/DATA_B_RE/MAN_ALU/ALU_SUB_UNIT/CLA_BLOCK_GEN[2].CLA_4BIT_UNIT/g457/Y              -       A1->Y  F     AOI22X1LVT        2  0.8    86    85   20094 
  BFU8_07/BFU2_UNIT3/DATA_B_RE/MAN_ALU/ALU_SUB_UNIT/CLA_BLOCK_GEN[2].CLA_4BIT_UNIT/g455/Y              -       A1->Y  R     OAI21X1LVT        3  0.8    57    74   20168 
  BFU8_07/BFU2_UNIT3/DATA_B_RE/MAN_ALU/ALU_SUB_UNIT/g146/Y                                             -       AN->Y  R     NAND2BX1LVT       2  0.9    28    63   20230 
  BFU8_07/BFU2_UNIT3/DATA_B_RE/MAN_ALU/ALU_SUB_UNIT/CLA_BLOCK_GEN[3].CLA_4BIT_UNIT/g463/Y              -       A1->Y  F     AOI21X1LVT        2  0.8    59    58   20288 
  BFU8_07/BFU2_UNIT3/DATA_B_RE/MAN_ALU/ALU_SUB_UNIT/CLA_BLOCK_GEN[3].CLA_4BIT_UNIT/g459/Y              -       A1->Y  R     OAI21X1LVT        2  0.9    57    63   20351 
  BFU8_07/BFU2_UNIT3/DATA_B_RE/MAN_ALU/ALU_SUB_UNIT/CLA_BLOCK_GEN[3].CLA_4BIT_UNIT/g457/Y              -       A1->Y  F     AOI22X1LVT        2  0.8    86    85   20436 
  BFU8_07/BFU2_UNIT3/DATA_B_RE/MAN_ALU/ALU_SUB_UNIT/CLA_BLOCK_GEN[3].CLA_4BIT_UNIT/g455/Y              -       A1->Y  R     OAI21X1LVT        3  0.8    57    74   20510 
  BFU8_07/BFU2_UNIT3/DATA_B_RE/MAN_ALU/ALU_SUB_UNIT/g181/Y                                             -       AN->Y  R     NAND2BX1LVT       2  0.9    28    63   20572 
  BFU8_07/BFU2_UNIT3/DATA_B_RE/MAN_ALU/ALU_SUB_UNIT/CLA_BLOCK_GEN[4].CLA_4BIT_UNIT/g366/Y              -       A1->Y  F     AOI22X1LVT        2  0.8    83    71   20643 
  BFU8_07/BFU2_UNIT3/DATA_B_RE/MAN_ALU/ALU_SUB_UNIT/CLA_BLOCK_GEN[4].CLA_4BIT_UNIT/g364/Y              -       A1->Y  R     OAI21X1LVT        2  0.9    60    74   20717 
  BFU8_07/BFU2_UNIT3/DATA_B_RE/MAN_ALU/ALU_SUB_UNIT/CLA_BLOCK_GEN[4].CLA_4BIT_UNIT/g362/Y              -       A1->Y  F     AOI22X1LVT        2  0.8    86    86   20802 
  BFU8_07/BFU2_UNIT3/DATA_B_RE/MAN_ALU/ALU_SUB_UNIT/CLA_BLOCK_GEN[4].CLA_4BIT_UNIT/g360/Y              -       A1->Y  R     OAI21X1LVT        2  0.6    52    70   20873 
  BFU8_07/BFU2_UNIT3/DATA_B_RE/MAN_ALU/ALU_SUB_UNIT/g213/Y                                             -       AN->Y  R     NAND2BX1LVT       2  0.9    28    60   20933 
  BFU8_07/BFU2_UNIT3/DATA_B_RE/MAN_ALU/ALU_SUB_UNIT/CLA_BLOCK_GEN[5].CLA_4BIT_UNIT/g511/Y              -       A1->Y  F     AOI21X1LVT        2  0.8    59    58   20991 
  BFU8_07/BFU2_UNIT3/DATA_B_RE/MAN_ALU/ALU_SUB_UNIT/CLA_BLOCK_GEN[5].CLA_4BIT_UNIT/g507/Y              -       A1->Y  R     OAI21X1LVT        2  0.9    57    63   21054 
  BFU8_07/BFU2_UNIT3/DATA_B_RE/MAN_ALU/ALU_SUB_UNIT/CLA_BLOCK_GEN[5].CLA_4BIT_UNIT/g505/Y              -       A1->Y  F     AOI22X1LVT        2  0.8    86    85   21139 
  BFU8_07/BFU2_UNIT3/DATA_B_RE/MAN_ALU/ALU_SUB_UNIT/CLA_BLOCK_GEN[5].CLA_4BIT_UNIT/g504/Y              -       B->Y   F     XOR2XLLVT         1  0.4    21    82   21221 
  BFU8_07/BFU2_UNIT3/DATA_B_RE/MAN_ALU/g1877/Y                                                         -       A1->Y  R     AOI22X1LVT        1  0.4    55    50   21272 
  BFU8_07/BFU2_UNIT3/DATA_B_RE/MAN_ALU/g1846/Y                                                         -       B0->Y  F     OAI2BB1X1LVT      8  3.0   122   104   21376 
  BFU8_07/BFU2_UNIT3/DATA_B_RE/LOPD_24BIT/LOPD_16bit_UNIT_MSB/LOPD_8bit_unit_1/g283/Y                  -       B->Y   F     OR2X1LVT          3  1.2    29   106   21482 
  BFU8_07/BFU2_UNIT3/DATA_B_RE/LOPD_24BIT/LOPD_16bit_UNIT_MSB/LOPD_8bit_unit_1/g274/Y                  -       C->Y   R     NOR3BX1LVT        2  0.6    59    48   21530 
  BFU8_07/BFU2_UNIT3/DATA_B_RE/LOPD_24BIT/LOPD_16bit_UNIT_MSB/g106/Y                                   -       A->Y   R     AND2X1LVT         7  2.6    47   107   21637 
  BFU8_07/BFU2_UNIT3/DATA_B_RE/LOPD_24BIT/g139/Y                                                       -       A->Y   F     INVX1LVT          4  1.4    34    42   21679 
  BFU8_07/BFU2_UNIT3/DATA_B_RE/LOPD_24BIT/g135/Y                                                       -       A0->Y  R     AOI22X1LVT        1  0.4    48    62   21740 
  BFU8_07/BFU2_UNIT3/DATA_B_RE/LOPD_24BIT/g131/Y                                                       -       B->Y   F     NAND2X1LVT        2  0.6    44    51   21791 
  BFU8_07/BFU2_UNIT3/DATA_B_RE/g600/Y                                                                  -       A->Y   F     AND2X1LVT        27 11.2   186   145   21936 
  BFU8_07/BFU2_UNIT3/DATA_B_RE/NOR_UNIT/SHF_left_unit/g3019/Y                                          -       A->Y   R     INVX2LVT         24  9.6   103   122   22058 
  BFU8_07/BFU2_UNIT3/DATA_B_RE/NOR_UNIT/SHF_left_unit/g3002/Y                                          -       A1->Y  F     AOI22X1LVT        2  0.8    91   106   22164 
  BFU8_07/BFU2_UNIT3/DATA_B_RE/NOR_UNIT/SHF_left_unit/g2993/Y                                          -       A->Y   R     INVX1LVT          1  0.4    23    51   22216 
  BFU8_07/BFU2_UNIT3/DATA_B_RE/NOR_UNIT/SHF_left_unit/g2955/Y                                          -       A1->Y  F     AOI22X1LVT        4  1.6   116    83   22299 
  BFU8_07/BFU2_UNIT3/DATA_B_RE/NOR_UNIT/SHF_left_unit/g2940/Y                                          -       B->Y   R     NOR2X1LVT         1  0.4    40    71   22370 
  BFU8_07/BFU2_UNIT3/DATA_B_RE/NOR_UNIT/g1478/Y                                                        -       A1->Y  F     AOI22X1LVT        1  0.4    83    69   22439 
  BFU8_07/BFU2_UNIT3/DATA_B_RE/NOR_UNIT/g1451/Y                                                        -       B0->Y  R     OAI2BB1X1LVT      1  0.4    27    52   22491 
  BFU8_07/BFU2_UNIT3/DATA_B_RE/MAN_RND/g658/Y                                                          -       D->Y   F     NOR4X1LVT         1  0.4    36    27   22518 
  BFU8_07/BFU2_UNIT3/DATA_B_RE/MAN_RND/g657/Y                                                          -       B->Y   R     NOR2BX1LVT        1  0.5    33    37   22555 
  BFU8_07/BFU2_UNIT3/DATA_B_RE/MAN_RND/g656/CO                                                         -       A->CO  R     ADDHX1LVT         1  0.7    20    88   22643 
  BFU8_07/BFU2_UNIT3/DATA_B_RE/MAN_RND/g655/CO                                                         -       B->CO  R     ADDHX1LVT         1  0.7    20    77   22720 
  BFU8_07/BFU2_UNIT3/DATA_B_RE/MAN_RND/g654/CO                                                         -       B->CO  R     ADDHX1LVT         1  0.7    20    77   22798 
  BFU8_07/BFU2_UNIT3/DATA_B_RE/MAN_RND/g653/CO                                                         -       B->CO  R     ADDHX1LVT         1  0.7    20    77   22875 
  BFU8_07/BFU2_UNIT3/DATA_B_RE/MAN_RND/g652/CO                                                         -       B->CO  R     ADDHX1LVT         1  0.7    20    77   22953 
  BFU8_07/BFU2_UNIT3/DATA_B_RE/MAN_RND/g651/CO                                                         -       B->CO  R     ADDHX1LVT         1  0.7    20    77   23030 
  BFU8_07/BFU2_UNIT3/DATA_B_RE/MAN_RND/g650/CO                                                         -       B->CO  R     ADDHX1LVT         1  0.7    20    77   23108 
  BFU8_07/BFU2_UNIT3/DATA_B_RE/MAN_RND/g649/CO                                                         -       B->CO  R     ADDHX1LVT         1  0.7    20    77   23185 
  BFU8_07/BFU2_UNIT3/DATA_B_RE/MAN_RND/g648/CO                                                         -       B->CO  R     ADDHX1LVT         1  0.7    20    77   23262 
  BFU8_07/BFU2_UNIT3/DATA_B_RE/MAN_RND/g647/CO                                                         -       B->CO  R     ADDHX1LVT         1  0.7    20    77   23340 
  BFU8_07/BFU2_UNIT3/DATA_B_RE/MAN_RND/g646/CO                                                         -       B->CO  R     ADDHX1LVT         1  0.7    20    77   23417 
  BFU8_07/BFU2_UNIT3/DATA_B_RE/MAN_RND/g645/CO                                                         -       B->CO  R     ADDHX1LVT         1  0.7    20    77   23494 
  BFU8_07/BFU2_UNIT3/DATA_B_RE/MAN_RND/g644/CO                                                         -       B->CO  R     ADDHX1LVT         1  0.7    20    77   23572 
  BFU8_07/BFU2_UNIT3/DATA_B_RE/MAN_RND/g643/CO                                                         -       B->CO  R     ADDHX1LVT         1  0.7    20    77   23649 
  BFU8_07/BFU2_UNIT3/DATA_B_RE/MAN_RND/g642/CO                                                         -       B->CO  R     ADDHX1LVT         1  0.7    20    77   23727 
  BFU8_07/BFU2_UNIT3/DATA_B_RE/MAN_RND/g641/CO                                                         -       B->CO  R     ADDHX1LVT         1  0.7    20    77   23804 
  BFU8_07/BFU2_UNIT3/DATA_B_RE/MAN_RND/g640/CO                                                         -       B->CO  R     ADDHX1LVT         1  0.7    20    77   23882 
  BFU8_07/BFU2_UNIT3/DATA_B_RE/MAN_RND/g639/CO                                                         -       B->CO  R     ADDHX1LVT         1  0.7    20    77   23959 
  BFU8_07/BFU2_UNIT3/DATA_B_RE/MAN_RND/g638/CO                                                         -       B->CO  R     ADDHX1LVT         1  0.7    20    77   24036 
  BFU8_07/BFU2_UNIT3/DATA_B_RE/MAN_RND/g637/CO                                                         -       B->CO  R     ADDHX1LVT         1  0.7    20    77   24114 
  BFU8_07/BFU2_UNIT3/DATA_B_RE/MAN_RND/g636/CO                                                         -       B->CO  R     ADDHX1LVT         1  0.7    20    77   24191 
  BFU8_07/BFU2_UNIT3/DATA_B_RE/MAN_RND/g635/CO                                                         -       B->CO  R     ADDHX1LVT         2  0.7    20    77   24268 
  BFU8_07/BFU2_UNIT3/DATA_B_RE/MAN_RND/g633/Y                                                          -       C->Y   R     AND3XLLVT         2  0.9    32   108   24377 
  BFU8_07/BFU2_UNIT3/DATA_B_RE/EXP_RND/g187/Y                                                          -       B->Y   F     NAND2X1LVT        2  0.6    42    43   24420 
  BFU8_07/BFU2_UNIT3/DATA_B_RE/EXP_RND/g185/Y                                                          -       AN->Y  F     NAND2BX1LVT       2  0.6    42    68   24488 
  BFU8_07/BFU2_UNIT3/DATA_B_RE/EXP_RND/g183/Y                                                          -       AN->Y  F     NAND2BX1LVT       2  0.6    42    68   24556 
  BFU8_07/BFU2_UNIT3/DATA_B_RE/EXP_RND/g181/Y                                                          -       AN->Y  F     NAND2BX1LVT       2  0.6    41    68   24624 
  BFU8_07/BFU2_UNIT3/DATA_B_RE/EXP_RND/g179/Y                                                          -       AN->Y  F     NAND2BX1LVT       2  0.6    44    68   24691 
  BFU8_07/BFU2_UNIT3/DATA_B_RE/EXP_RND/g177/Y                                                          -       AN->Y  F     NAND2BX1LVT       2  0.6    41    68   24760 
  BFU8_07/BFU2_UNIT3/DATA_B_RE/EXP_RND/g175/Y                                                          -       AN->Y  F     NAND2BX1LVT       1  0.4    35    64   24823 
  BFU8_07/BFU2_UNIT3/DATA_B_RE/EXP_RND/g173/Y                                                          -       B->Y   R     XNOR2X1LVT        1  0.4    17   105   24928 
  BFU8_07/BFU2_UNIT3/DATA_B_RE/g2955/Y                                                                 -       B1->Y  F     AOI222X1LVT       1  0.4   110    61   24990 
  BFU8_07/BFU2_UNIT3/DATA_B_RE/g2942/Y                                                                 -       B->Y   R     NAND2X1LVT        1  0.4    35    62   25052 
  X7_real_reg[30]/SI                                                                                   <<<     -      R     SDFFRHQX8LVT      1    -     -     0   25052 
#------------------------------------------------------------------------------------------------------------------------------------------------------------------------

