============================================================
  Generated by:           Genus(TM) Synthesis Solution GENUS15.20 - 15.20-p004_1
  Generated on:           Jan 04 2026  06:55:10 am
  Module:                 FFT_8Points
  Wireload mode:          enclosed
  Area mode:              timing library
============================================================

                                    
    Gate      Instances     Area        Library    
---------------------------------------------------
ADDFX1HVT          1012    5191.560    slow_vdd1v0 
ADDFX2HVT            56     440.496    slow_vdd1v0 
ADDHX1HVT          2648    9961.776    slow_vdd1v0 
AND2X1HVT           620     848.160    slow_vdd1v0 
AND2X2HVT           256     437.760    slow_vdd1v0 
AND2XLHVT           180     246.240    slow_vdd1v0 
AND3XLHVT            82     168.264    slow_vdd1v0 
AND4XLHVT           364     871.416    slow_vdd1v0 
AO21X1HVT           148     354.312    slow_vdd1v0 
AO21X4HVT           104     355.680    slow_vdd1v0 
AO21XLHVT           156     373.464    slow_vdd1v0 
AO22X1HVT            68     186.048    slow_vdd1v0 
AO22XLHVT           226     618.336    slow_vdd1v0 
AOI211XLHVT          22      45.144    slow_vdd1v0 
AOI21X1HVT          648    1108.080    slow_vdd1v0 
AOI21XLHVT          116     198.360    slow_vdd1v0 
AOI221X1HVT         500    1197.000    slow_vdd1v0 
AOI222X1HVT         432    1329.696    slow_vdd1v0 
AOI22X1HVT         8306   17043.912    slow_vdd1v0 
AOI22XLHVT          990    2031.480    slow_vdd1v0 
AOI2BB1X1HVT        348     714.096    slow_vdd1v0 
AOI2BB1XLHVT        208     426.816    slow_vdd1v0 
AOI2BB2X1HVT         26      88.920    slow_vdd1v0 
AOI31X1HVT          156     320.112    slow_vdd1v0 
AOI32X1HVT          208     497.952    slow_vdd1v0 
BUFX20HVT          1392   11425.536    slow_vdd1v0 
BUFX2HVT             52      88.920    slow_vdd1v0 
BUFX8HVT             92     346.104    slow_vdd1v0 
CLKBUFX20HVT        513    4210.704    slow_vdd1v0 
CLKINVX16HVT          8      43.776    slow_vdd1v0 
CLKINVX2HVT          92     125.856    slow_vdd1v0 
CLKINVX4HVT           2       3.420    slow_vdd1v0 
CLKXOR2X1HVT        314     859.104    slow_vdd1v0 
CLKXOR2X2HVT         52     177.840    slow_vdd1v0 
DFFRHQX1HVT        1030    6340.680    slow_vdd1v0 
DFFRHQX4HVT           1       9.576    slow_vdd1v0 
INVX1HVT           5314    3634.776    slow_vdd1v0 
INVX2HVT            312     320.112    slow_vdd1v0 
INVXLHVT             52      35.568    slow_vdd1v0 
MX2X1HVT           2709    6485.346    slow_vdd1v0 
MX2XLHVT           3379    8089.326    slow_vdd1v0 
MXI2XLHVT           782    1872.108    slow_vdd1v0 
NAND2BX1HVT        1742    2383.056    slow_vdd1v0 
NAND2BX2HVT          52     124.488    slow_vdd1v0 
NAND2BXLHVT           4       5.472    slow_vdd1v0 
NAND2X1HVT         2912    2987.712    slow_vdd1v0 
NAND2X2HVT           52      88.920    slow_vdd1v0 
NAND2XLHVT           88      90.288    slow_vdd1v0 
NAND3BX1HVT          60     123.120    slow_vdd1v0 
NAND3BXLHVT         238     406.980    slow_vdd1v0 
NAND3X1HVT           52      88.920    slow_vdd1v0 
NAND4BX1HVT          44     105.336    slow_vdd1v0 
NAND4X1HVT          262     537.624    slow_vdd1v0 
NAND4XLHVT            8      13.680    slow_vdd1v0 
NOR2BX1HVT         1381    1889.208    slow_vdd1v0 
NOR2BX2HVT            4      10.944    slow_vdd1v0 
NOR2X1HVT          2536    2601.936    slow_vdd1v0 
NOR2X2HVT           212     362.520    slow_vdd1v0 
NOR2XLHVT           124     127.224    slow_vdd1v0 
NOR3BX1HVT          182     373.464    slow_vdd1v0 
NOR3BXLHVT           12      24.624    slow_vdd1v0 
NOR3X1HVT            52      88.920    slow_vdd1v0 
NOR3XLHVT             4       6.840    slow_vdd1v0 
NOR4BBX1HVT         160     437.760    slow_vdd1v0 
NOR4BX1HVT          208     497.952    slow_vdd1v0 
NOR4X1HVT           806    1378.260    slow_vdd1v0 
OA21X1HVT           300     615.600    slow_vdd1v0 
OA22X1HVT           432    1034.208    slow_vdd1v0 
OAI211X1HVT         260     444.600    slow_vdd1v0 
OAI21X1HVT         1360    2325.600    slow_vdd1v0 
OAI21XLHVT          156     266.760    slow_vdd1v0 
OAI221X1HVT         862    2063.628    slow_vdd1v0 
OAI222X1HVT         208     569.088    slow_vdd1v0 
OAI222XLHVT          20      54.720    slow_vdd1v0 
OAI22X1HVT         3410    6997.320    slow_vdd1v0 
OAI22XLHVT           40      82.080    slow_vdd1v0 
OAI2BB1X1HVT       4704    8043.840    slow_vdd1v0 
OAI32X1HVT          412     986.328    slow_vdd1v0 
OAI33X1HVT           48     131.328    slow_vdd1v0 
OR2X1HVT            716     979.488    slow_vdd1v0 
OR2XLHVT            874    1195.632    slow_vdd1v0 
OR4X1HVT           2252    4621.104    slow_vdd1v0 
SDFFRHQX1HVT        512    4202.496    slow_vdd1v0 
SDFFRHQX8HVT        512    6829.056    slow_vdd1v0 
XNOR2X1HVT         3776    9039.744    slow_vdd1v0 
XNOR2X2HVT          104     320.112    slow_vdd1v0 
XOR2XLHVT          1734    4744.224    slow_vdd1v0 
---------------------------------------------------
total             67863  159426.036                


                                       
   Type    Instances    Area    Area % 
---------------------------------------
sequential      2055  17381.808   10.9 
inverter        5780   4163.508    2.6 
buffer          2049  16071.264   10.1 
logic          57979 121809.456   76.4 
---------------------------------------
total          67863 159426.036  100.0 

