============================================================
  Generated by:           Genus(TM) Synthesis Solution GENUS15.20 - 15.20-p004_1
  Generated on:           Jan 04 2026  06:55:08 am
  Module:                 FFT_8Points
  Wireload mode:          enclosed
  Area mode:              timing library
============================================================


Path 1: MET (956110 ps) Setup Check with Pin X7_real_reg[30]/CK->SI
          Group: i_clk
     Startpoint: (R) s3_S2_7_imag_reg[28]/CK
          Clock: (R) i_clk
       Endpoint: (R) X7_real_reg[30]/SI
          Clock: (R) i_clk

                      Capture       Launch     
        Clock Edge:+  1000000            0     
       Src Latency:+        0            0     
       Net Latency:+        0 (I)        0 (I) 
           Arrival:=  1000000            0     
                                               
             Setup:-      384                  
     Required Time:=   999616                  
      Launch Clock:-        0                  
         Data Path:-    43506                  
             Slack:=   956110                  

#-------------------------------------------------------------------------------------------------------------------------------------------------------------
#                                       Timing Point                                        Flags    Arc   Edge     Cell      Fanout Load Trans Delay Arrival 
#                                                                                                                                    (fF)  (ps)  (ps)   (ps)  
#-------------------------------------------------------------------------------------------------------------------------------------------------------------
  s3_S2_7_imag_reg[28]/CK                                                                   -       -      R     (arrival)      2055    -     0     -       0 
  s3_S2_7_imag_reg[28]/Q                                                                    -       CK->Q  F     DFFRHQX1HVT      15  3.8   189   391     391 
  BFU8_07/INPUT_DATA_7/DATA_A_IM/EXP_COM_8BIT/COMP_LESS_UNIT/u_high/g345/Y                  -       A->Y   R     INVX1HVT          2  0.8    67   148     539 
  BFU8_07/INPUT_DATA_7/DATA_A_IM/EXP_COM_8BIT/COMP_LESS_UNIT/u_high/g338/CO                 -       B->CO  R     ADDHX1HVT         1  0.3    33   211     750 
  BFU8_07/INPUT_DATA_7/DATA_A_IM/EXP_COM_8BIT/COMP_LESS_UNIT/u_high/g336/Y                  -       A2->Y  F     OAI32X1HVT        1  0.3   160   157     908 
  BFU8_07/INPUT_DATA_7/DATA_A_IM/EXP_COM_8BIT/COMP_LESS_UNIT/u_high/g335/Y                  -       A1->Y  R     AOI22X1HVT        2  0.5   109   184    1091 
  BFU8_07/INPUT_DATA_7/DATA_A_IM/EXP_COM_8BIT/COMP_LESS_UNIT/u_high/g334/Y                  -       A1N->Y R     OAI2BB1X1HVT      1  0.3    65   238    1329 
  BFU8_07/INPUT_DATA_7/DATA_A_IM/EXP_COM_8BIT/COMP_LESS_UNIT/u_high/g333/Y                  -       B0->Y  F     OAI21X1HVT        1  0.3   111   131    1460 
  BFU8_07/INPUT_DATA_7/DATA_A_IM/EXP_COM_8BIT/COMP_LESS_UNIT/g16/Y                          -       B0->Y  F     AO21X4HVT        60 17.9   254   346    1807 
  BFU8_07/INPUT_DATA_7/DATA_A_IM/EXP_SWAP/g222/Y                                            -       S0->Y  R     MX2XLHVT          1  0.3    38   331    2138 
  BFU8_07/INPUT_DATA_7/DATA_A_IM/EXP_SUB/g12/Y                                              -       A->Y   F     INVX1HVT          3  0.8    58    62    2199 
  BFU8_07/INPUT_DATA_7/DATA_A_IM/EXP_SUB/CLA_8BIT_UNIT/CLA_4BIT_UNIT_0/g320/Y               -       B->Y   R     XNOR2X2HVT       28  8.7   179   396    2596 
  BFU8_07/INPUT_DATA_7/DATA_A_IM/EXP_SUB/CLA_8BIT_UNIT/CLA_4BIT_UNIT_0/g319/Y               -       AN->Y  R     NOR2BX1HVT        2  0.6    74   224    2820 
  BFU8_07/INPUT_DATA_7/DATA_A_IM/EXP_SUB/CLA_8BIT_UNIT/CLA_4BIT_UNIT_0/g316/Y               -       B->Y   F     XNOR2X2HVT       27  8.4   229   326    3145 
  BFU8_07/INPUT_DATA_7/DATA_A_IM/SHF_RIGHT_MAN/g3786/Y                                      -       A->Y   R     INVX2HVT         25  7.5   160   210    3356 
  BFU8_07/INPUT_DATA_7/DATA_A_IM/SHF_RIGHT_MAN/g3728/Y                                      -       B1->Y  F     OAI22X1HVT        2  0.6   174   217    3572 
  BFU8_07/INPUT_DATA_7/DATA_A_IM/SHF_RIGHT_MAN/g3702/Y                                      -       A1->Y  R     AOI22X1HVT        2  0.5   104   193    3765 
  BFU8_07/INPUT_DATA_7/DATA_A_IM/SHF_RIGHT_MAN/g3680/Y                                      -       A->Y   R     MX2XLHVT          1  0.3    36   277    4042 
  BFU8_07/INPUT_DATA_7/DATA_A_IM/SHF_RIGHT_MAN/g3655/Y                                      -       A1->Y  F     OAI22X1HVT        4  1.0   213   193    4235 
  BFU8_07/INPUT_DATA_7/DATA_A_IM/MAN_COMP_24BIT/u_i_data_1/g340/Y                           -       B->Y   R     XNOR2X1HVT        1  0.2    34   338    4573 
  BFU8_07/INPUT_DATA_7/DATA_A_IM/MAN_COMP_24BIT/u_i_data_1/g337/Y                           -       A->Y   R     AND4XLHVT         1  0.3    46   514    5087 
  BFU8_07/INPUT_DATA_7/DATA_A_IM/MAN_COMP_24BIT/g152/Y                                      -       A0->Y  F     AOI21X1HVT        1  0.3   112   141    5228 
  BFU8_07/INPUT_DATA_7/DATA_A_IM/MAN_COMP_24BIT/g151/Y                                      -       B->Y   R     NOR2BX1HVT        1  0.2    55   102    5330 
  BFU8_07/INPUT_DATA_7/DATA_A_IM/MAN_COMP_24BIT/g150/Y                                      -       A1->Y  R     OA21X1HVT         1  0.3    36   232    5563 
  BFU8_07/INPUT_DATA_7/DATA_A_IM/MAN_COMP_24BIT/g149/Y                                      -       A1->Y  F     OAI21X1HVT        1  0.3   109   111    5674 
  BFU8_07/INPUT_DATA_7/DATA_A_IM/MAN_COMP_24BIT/g148/Y                                      -       B->Y   R     NAND2BX1HVT       1  0.3    44    90    5764 
  BFU8_07/INPUT_DATA_7/DATA_A_IM/MAN_COMP_24BIT/g147/Y                                      -       A1->Y  R     AO21X4HVT        49 14.5   168   355    6119 
  BFU8_07/INPUT_DATA_7/DATA_A_IM/MAN_SWAP/g796/Y                                            -       S0->Y  F     MX2XLHVT          3  0.7    83   276    6396 
  BFU8_07/INPUT_DATA_7/DATA_A_IM/MAN_ALU/g453/Y                                             -       B->Y   R     XNOR2X1HVT        1  0.5    42   278    6674 
  BFU8_07/INPUT_DATA_7/DATA_A_IM/MAN_ALU/ALU_SUB_UNIT/CLA_BLOCK_GEN[0].CLA_4BIT_UNIT/g329/S -       B->S   R     ADDHX1HVT         3  0.8    50   233    6907 
  BFU8_07/INPUT_DATA_7/DATA_A_IM/MAN_ALU/ALU_SUB_UNIT/CLA_BLOCK_GEN[0].CLA_4BIT_UNIT/g324/Y -       A->Y   R     AND4XLHVT         3  0.7    66   535    7442 
  BFU8_07/INPUT_DATA_7/DATA_A_IM/MAN_ALU/ALU_SUB_UNIT/CLA_BLOCK_GEN[0].CLA_4BIT_UNIT/g319/Y -       A1N->Y R     OAI2BB1X1HVT      2  0.5    59   216    7658 
  BFU8_07/INPUT_DATA_7/DATA_A_IM/MAN_ALU/ALU_SUB_UNIT/g101/Y                                -       B0->Y  R     AO21X1HVT         2  0.6    46   143    7801 
  BFU8_07/INPUT_DATA_7/DATA_A_IM/MAN_ALU/ALU_SUB_UNIT/CLA_BLOCK_GEN[1].CLA_4BIT_UNIT/g463/Y -       A1->Y  F     AOI21X1HVT        2  0.6   140   141    7942 
  BFU8_07/INPUT_DATA_7/DATA_A_IM/MAN_ALU/ALU_SUB_UNIT/CLA_BLOCK_GEN[1].CLA_4BIT_UNIT/g459/Y -       A1->Y  R     OAI21X1HVT        2  0.6    92   147    8089 
  BFU8_07/INPUT_DATA_7/DATA_A_IM/MAN_ALU/ALU_SUB_UNIT/CLA_BLOCK_GEN[1].CLA_4BIT_UNIT/g457/Y -       A1->Y  F     AOI22X1HVT        2  0.6   180   200    8289 
  BFU8_07/INPUT_DATA_7/DATA_A_IM/MAN_ALU/ALU_SUB_UNIT/CLA_BLOCK_GEN[1].CLA_4BIT_UNIT/g455/Y -       A1->Y  R     OAI21X1HVT        3  0.7   101   175    8464 
  BFU8_07/INPUT_DATA_7/DATA_A_IM/MAN_ALU/ALU_SUB_UNIT/g119/Y                                -       B->Y   R     OR2X1HVT          2  0.6    36   151    8615 
  BFU8_07/INPUT_DATA_7/DATA_A_IM/MAN_ALU/ALU_SUB_UNIT/CLA_BLOCK_GEN[2].CLA_4BIT_UNIT/g463/Y -       A1->Y  F     AOI21X1HVT        2  0.6   140   135    8750 
  BFU8_07/INPUT_DATA_7/DATA_A_IM/MAN_ALU/ALU_SUB_UNIT/CLA_BLOCK_GEN[2].CLA_4BIT_UNIT/g459/Y -       A1->Y  R     OAI21X1HVT        2  0.6    92   147    8896 
  BFU8_07/INPUT_DATA_7/DATA_A_IM/MAN_ALU/ALU_SUB_UNIT/CLA_BLOCK_GEN[2].CLA_4BIT_UNIT/g457/Y -       A1->Y  F     AOI22X1HVT        2  0.6   180   200    9097 
  BFU8_07/INPUT_DATA_7/DATA_A_IM/MAN_ALU/ALU_SUB_UNIT/CLA_BLOCK_GEN[2].CLA_4BIT_UNIT/g455/Y -       A1->Y  R     OAI21X1HVT        3  0.7   101   175    9272 
  BFU8_07/INPUT_DATA_7/DATA_A_IM/MAN_ALU/ALU_SUB_UNIT/g146/Y                                -       AN->Y  R     NAND2BX1HVT       2  0.5    50   145    9417 
  BFU8_07/INPUT_DATA_7/DATA_A_IM/MAN_ALU/ALU_SUB_UNIT/CLA_BLOCK_GEN[3].CLA_4BIT_UNIT/g463/Y -       A1N->Y R     OAI2BB1X1HVT      2  0.5    54   208    9624 
  BFU8_07/INPUT_DATA_7/DATA_A_IM/MAN_ALU/ALU_SUB_UNIT/CLA_BLOCK_GEN[3].CLA_4BIT_UNIT/g459/Y -       A1N->Y R     OAI2BB1X1HVT      2  0.6    57   212    9836 
  BFU8_07/INPUT_DATA_7/DATA_A_IM/MAN_ALU/ALU_SUB_UNIT/CLA_BLOCK_GEN[3].CLA_4BIT_UNIT/g457/Y -       A1->Y  F     AOI22X1HVT        2  0.6   179   178   10014 
  BFU8_07/INPUT_DATA_7/DATA_A_IM/MAN_ALU/ALU_SUB_UNIT/CLA_BLOCK_GEN[3].CLA_4BIT_UNIT/g455/Y -       A1->Y  R     OAI21X1HVT        3  0.7   101   174   10188 
  BFU8_07/INPUT_DATA_7/DATA_A_IM/MAN_ALU/ALU_SUB_UNIT/g181/Y                                -       AN->Y  R     NAND2BX1HVT       2  0.6    53   147   10335 
  BFU8_07/INPUT_DATA_7/DATA_A_IM/MAN_ALU/ALU_SUB_UNIT/CLA_BLOCK_GEN[4].CLA_4BIT_UNIT/g366/Y -       A1->Y  F     AOI22X1HVT        2  0.6   179   176   10510 
  BFU8_07/INPUT_DATA_7/DATA_A_IM/MAN_ALU/ALU_SUB_UNIT/CLA_BLOCK_GEN[4].CLA_4BIT_UNIT/g364/Y -       A1->Y  R     OAI21X1HVT        2  0.6    95   171   10681 
  BFU8_07/INPUT_DATA_7/DATA_A_IM/MAN_ALU/ALU_SUB_UNIT/CLA_BLOCK_GEN[4].CLA_4BIT_UNIT/g362/Y -       A1->Y  F     AOI22X1HVT        2  0.6   180   202   10883 
  BFU8_07/INPUT_DATA_7/DATA_A_IM/MAN_ALU/ALU_SUB_UNIT/CLA_BLOCK_GEN[4].CLA_4BIT_UNIT/g360/Y -       A1->Y  R     OAI21X1HVT        2  0.5    90   168   11051 
  BFU8_07/INPUT_DATA_7/DATA_A_IM/MAN_ALU/ALU_SUB_UNIT/g213/Y                                -       AN->Y  R     NAND2BX1HVT       2  0.5    50   138   11189 
  BFU8_07/INPUT_DATA_7/DATA_A_IM/MAN_ALU/ALU_SUB_UNIT/CLA_BLOCK_GEN[5].CLA_4BIT_UNIT/g511/Y -       A1N->Y R     OAI2BB1X1HVT      2  0.5    54   208   11397 
  BFU8_07/INPUT_DATA_7/DATA_A_IM/MAN_ALU/ALU_SUB_UNIT/CLA_BLOCK_GEN[5].CLA_4BIT_UNIT/g507/Y -       A1N->Y R     OAI2BB1X1HVT      2  0.6    57   212   11609 
  BFU8_07/INPUT_DATA_7/DATA_A_IM/MAN_ALU/ALU_SUB_UNIT/CLA_BLOCK_GEN[5].CLA_4BIT_UNIT/g505/Y -       A1->Y  F     AOI22X1HVT        2  0.6   179   178   11787 
  BFU8_07/INPUT_DATA_7/DATA_A_IM/MAN_ALU/ALU_SUB_UNIT/CLA_BLOCK_GEN[5].CLA_4BIT_UNIT/g504/Y -       B->Y   F     XOR2XLHVT         1  0.3    50   197   11984 
  BFU8_07/INPUT_DATA_7/DATA_A_IM/MAN_ALU/g1889/Y                                            -       A1->Y  R     AOI22X1HVT        1  0.3    88   106   12090 
  BFU8_07/INPUT_DATA_7/DATA_A_IM/MAN_ALU/g1858/Y                                            -       B0->Y  F     OAI2BB1X1HVT      1  0.2    83   136   12226 
  BFU8_07/INPUT_DATA_7/DATA_A_IM/MAN_ALU/drc_bufs/Y                                         -       A->Y   F     BUFX2HVT          8  2.2    76   147   12374 
  BFU8_07/INPUT_DATA_7/DATA_A_IM/LOPD_24BIT/LOPD_16bit_UNIT_MSB/LOPD_8bit_unit_1/g283/Y     -       B->Y   F     OR2X1HVT          3  0.9    66   166   12539 
  BFU8_07/INPUT_DATA_7/DATA_A_IM/LOPD_24BIT/LOPD_16bit_UNIT_MSB/LOPD_8bit_unit_1/g274/Y     -       C->Y   R     NOR3BX1HVT        2  0.5   115   111   12651 
  BFU8_07/INPUT_DATA_7/DATA_A_IM/LOPD_24BIT/LOPD_16bit_UNIT_MSB/g114/Y                      -       A->Y   F     INVX1HVT          4  0.9    76   121   12772 
  BFU8_07/INPUT_DATA_7/DATA_A_IM/LOPD_24BIT/LOPD_16bit_UNIT_MSB/g112/Y                      -       B->Y   R     NOR2X1HVT         4  0.8    86   100   12872 
  BFU8_07/INPUT_DATA_7/DATA_A_IM/LOPD_24BIT/LOPD_16bit_UNIT_MSB/g111/Y                      -       A1->Y  R     AO22XLHVT         1  0.3    38   301   13174 
  BFU8_07/INPUT_DATA_7/DATA_A_IM/LOPD_24BIT/g143/Y                                          -       A1->Y  F     AOI22X1HVT        1  0.3   149   149   13323 
  BFU8_07/INPUT_DATA_7/DATA_A_IM/LOPD_24BIT/g139/Y                                          -       B->Y   R     NAND2X1HVT        2  0.5    71   120   13443 
  BFU8_07/INPUT_DATA_7/DATA_A_IM/g612/Y                                                     -       B->Y   R     AND2X2HVT        28  8.7   174   350   13793 
  BFU8_07/INPUT_DATA_7/DATA_A_IM/NOR_UNIT/SHF_left_unit/g2991/Y                             -       B1->Y  F     AOI22X1HVT        3  0.8   202   213   14006 
  BFU8_07/INPUT_DATA_7/DATA_A_IM/NOR_UNIT/SHF_left_unit/g2957/Y                             -       B1->Y  R     OAI22X1HVT        2  0.6   115   177   14184 
  BFU8_07/INPUT_DATA_7/DATA_A_IM/NOR_UNIT/SHF_left_unit/g2945/Y                             -       A->Y   F     INVX1HVT          3  0.9    76   121   14305 
  BFU8_07/INPUT_DATA_7/DATA_A_IM/NOR_UNIT/SHF_left_unit/g2942/Y                             -       B->Y   R     NOR2X1HVT         1  0.3    66    83   14388 
  BFU8_07/INPUT_DATA_7/DATA_A_IM/NOR_UNIT/g1478/Y                                           -       A1->Y  F     AOI22X1HVT        1  0.3   153   167   14555 
  BFU8_07/INPUT_DATA_7/DATA_A_IM/NOR_UNIT/g1451/Y                                           -       B0->Y  R     OAI2BB1X1HVT      1  0.3    55   124   14680 
  BFU8_07/INPUT_DATA_7/DATA_A_IM/MAN_RND/g658/Y                                             -       D->Y   F     NOR4X1HVT         1  0.3    76    74   14754 
  BFU8_07/INPUT_DATA_7/DATA_A_IM/MAN_RND/g657/Y                                             -       B->Y   R     NOR2BX1HVT        1  0.4    64    87   14841 
  BFU8_07/INPUT_DATA_7/DATA_A_IM/MAN_RND/g656/CO                                            -       A->CO  R     ADDHX1HVT         1  0.5    38   232   15073 
  BFU8_07/INPUT_DATA_7/DATA_A_IM/MAN_RND/g655/CO                                            -       B->CO  R     ADDHX1HVT         1  0.5    38   198   15271 
  BFU8_07/INPUT_DATA_7/DATA_A_IM/MAN_RND/g654/CO                                            -       B->CO  R     ADDHX1HVT         1  0.5    38   198   15469 
  BFU8_07/INPUT_DATA_7/DATA_A_IM/MAN_RND/g653/CO                                            -       B->CO  R     ADDHX1HVT         1  0.5    38   198   15668 
  BFU8_07/INPUT_DATA_7/DATA_A_IM/MAN_RND/g652/CO                                            -       B->CO  R     ADDHX1HVT         1  0.5    38   198   15866 
  BFU8_07/INPUT_DATA_7/DATA_A_IM/MAN_RND/g651/CO                                            -       B->CO  R     ADDHX1HVT         1  0.5    38   198   16064 
  BFU8_07/INPUT_DATA_7/DATA_A_IM/MAN_RND/g650/CO                                            -       B->CO  R     ADDHX1HVT         1  0.5    38   198   16262 
  BFU8_07/INPUT_DATA_7/DATA_A_IM/MAN_RND/g649/CO                                            -       B->CO  R     ADDHX1HVT         1  0.5    38   198   16460 
  BFU8_07/INPUT_DATA_7/DATA_A_IM/MAN_RND/g648/CO                                            -       B->CO  R     ADDHX1HVT         1  0.5    38   198   16658 
  BFU8_07/INPUT_DATA_7/DATA_A_IM/MAN_RND/g647/CO                                            -       B->CO  R     ADDHX1HVT         1  0.5    38   198   16857 
  BFU8_07/INPUT_DATA_7/DATA_A_IM/MAN_RND/g646/CO                                            -       B->CO  R     ADDHX1HVT         1  0.5    38   198   17055 
  BFU8_07/INPUT_DATA_7/DATA_A_IM/MAN_RND/g645/CO                                            -       B->CO  R     ADDHX1HVT         1  0.5    38   198   17253 
  BFU8_07/INPUT_DATA_7/DATA_A_IM/MAN_RND/g644/CO                                            -       B->CO  R     ADDHX1HVT         1  0.5    38   198   17451 
  BFU8_07/INPUT_DATA_7/DATA_A_IM/MAN_RND/g643/CO                                            -       B->CO  R     ADDHX1HVT         1  0.5    38   198   17650 
  BFU8_07/INPUT_DATA_7/DATA_A_IM/MAN_RND/g642/CO                                            -       B->CO  R     ADDHX1HVT         1  0.5    38   198   17848 
  BFU8_07/INPUT_DATA_7/DATA_A_IM/MAN_RND/g641/CO                                            -       B->CO  R     ADDHX1HVT         1  0.5    38   198   18046 
  BFU8_07/INPUT_DATA_7/DATA_A_IM/MAN_RND/g640/CO                                            -       B->CO  R     ADDHX1HVT         1  0.5    38   198   18244 
  BFU8_07/INPUT_DATA_7/DATA_A_IM/MAN_RND/g639/CO                                            -       B->CO  R     ADDHX1HVT         1  0.5    38   198   18442 
  BFU8_07/INPUT_DATA_7/DATA_A_IM/MAN_RND/g638/CO                                            -       B->CO  R     ADDHX1HVT         1  0.5    38   198   18640 
  BFU8_07/INPUT_DATA_7/DATA_A_IM/MAN_RND/g637/CO                                            -       B->CO  R     ADDHX1HVT         1  0.5    38   198   18839 
  BFU8_07/INPUT_DATA_7/DATA_A_IM/MAN_RND/g636/CO                                            -       B->CO  R     ADDHX1HVT         1  0.5    38   198   19037 
  BFU8_07/INPUT_DATA_7/DATA_A_IM/MAN_RND/g635/CO                                            -       B->CO  R     ADDHX1HVT         2  0.5    38   198   19235 
  BFU8_07/INPUT_DATA_7/DATA_A_IM/MAN_RND/g633/Y                                             -       C->Y   R     AND3XLHVT         2  0.6    51   281   19516 
  BFU8_07/INPUT_DATA_7/DATA_A_IM/EXP_RND/g187/Y                                             -       B->Y   F     NAND2X1HVT        2  0.5   110   108   19624 
  BFU8_07/INPUT_DATA_7/DATA_A_IM/EXP_RND/g185/Y                                             -       AN->Y  F     NAND2BX1HVT       2  0.5   111   184   19809 
  BFU8_07/INPUT_DATA_7/DATA_A_IM/EXP_RND/g183/Y                                             -       AN->Y  F     NAND2BX1HVT       2  0.5   111   185   19994 
  BFU8_07/INPUT_DATA_7/DATA_A_IM/EXP_RND/g181/Y                                             -       AN->Y  F     NAND2BX1HVT       2  0.5   111   185   20179 
  BFU8_07/INPUT_DATA_7/DATA_A_IM/EXP_RND/g179/Y                                             -       AN->Y  F     NAND2BX1HVT       2  0.5   113   185   20364 
  BFU8_07/INPUT_DATA_7/DATA_A_IM/EXP_RND/g177/Y                                             -       AN->Y  F     NAND2BX1HVT       2  0.5   111   186   20550 
  BFU8_07/INPUT_DATA_7/DATA_A_IM/EXP_RND/g174/Y                                             -       B->Y   F     XNOR2X1HVT        1  0.3    41   188   20738 
  BFU8_07/INPUT_DATA_7/DATA_A_IM/g2968/Y                                                    -       B1->Y  R     AOI222X1HVT       1  0.3   156   175   20913 
  BFU8_07/INPUT_DATA_7/DATA_A_IM/g2959/Y                                                    -       B->Y   F     NAND2X1HVT        4  1.0   164   203   21116 
  BFU8_07/INPUT_DATA_7/mul1_sub/MUL_EXP_UNIT/g488/Y                                         -       AN->Y  F     NAND2BX1HVT       3  0.8   142   229   21345 
  BFU8_07/INPUT_DATA_7/mul1_sub/MUL_EXP_UNIT/g485/Y                                         -       B->Y   R     NOR2X1HVT         7  2.1   168   186   21531 
  BFU8_07/INPUT_DATA_7/mul1_sub/MUL_EXP_UNIT/g478/Y                                         -       B->Y   F     NOR2X1HVT         3  0.7    84   160   21691 
  BFU8_07/INPUT_DATA_7/mul1_sub/MUL_EXP_ADJUST_UNIT/CLA_8BIT_UNIT/CLA_4BIT_UNIT_1/g229/Y    -       S0->Y  F     MXI2XLHVT         1  0.5   195   188   21879 
  BFU8_07/INPUT_DATA_7/mul1_sub/MUL_EXP_ADJUST_UNIT/CLA_8BIT_UNIT/CLA_4BIT_UNIT_1/g223/S    -       B->S   F     ADDHX1HVT         1  0.2    34   218   22097 
  BFU8_07/INPUT_DATA_7/mul1_sub/MUL_EXP_ADJUST_UNIT/g163/Y                                  -       AN->Y  F     NOR2BX1HVT        2  0.6    61    99   22196 
  BFU8_07/INPUT_DATA_7/mul1_sub/EXP_ROUNDING_UNIT/g176/Y                                    -       B->Y   F     XNOR2X1HVT        1  0.2    36   160   22356 
  BFU8_07/INPUT_DATA_7/mul1_sub/g1236/Y                                                     -       A1->Y  F     AO21X1HVT        14  3.6   188   229   22584 
  BFU8_07/BFU2_UNIT3/DATA_B_RE/EXP_COM_8BIT/COMP_LESS_UNIT/u_high/g345/Y                    -       A->Y   R     INVX1HVT          2  0.8    67   147   22732 
  BFU8_07/BFU2_UNIT3/DATA_B_RE/EXP_COM_8BIT/COMP_LESS_UNIT/u_high/g338/CO                   -       B->CO  R     ADDHX1HVT         1  0.3    33   211   22943 
  BFU8_07/BFU2_UNIT3/DATA_B_RE/EXP_COM_8BIT/COMP_LESS_UNIT/u_high/g336/Y                    -       A2->Y  F     OAI32X1HVT        1  0.3   160   157   23100 
  BFU8_07/BFU2_UNIT3/DATA_B_RE/EXP_COM_8BIT/COMP_LESS_UNIT/u_high/g335/Y                    -       A1->Y  R     AOI22X1HVT        2  0.5   103   184   23284 
  BFU8_07/BFU2_UNIT3/DATA_B_RE/EXP_COM_8BIT/COMP_LESS_UNIT/u_high/g334/Y                    -       A1N->Y R     OAI2BB1X1HVT      1  0.3    68   234   23518 
  BFU8_07/BFU2_UNIT3/DATA_B_RE/EXP_COM_8BIT/COMP_LESS_UNIT/u_high/g333/Y                    -       B0->Y  F     OAI21X1HVT        1  0.3   111   132   23650 
  BFU8_07/BFU2_UNIT3/DATA_B_RE/EXP_COM_8BIT/COMP_LESS_UNIT/g16/Y                            -       B0->Y  F     AO21X4HVT        60 17.9   254   346   23997 
  BFU8_07/BFU2_UNIT3/DATA_B_RE/EXP_SWAP/g222/Y                                              -       S0->Y  R     MX2XLHVT          1  0.3    38   331   24328 
  BFU8_07/BFU2_UNIT3/DATA_B_RE/EXP_SUB/g13/Y                                                -       A->Y   F     INVX1HVT          3  0.8    58    62   24390 
  BFU8_07/BFU2_UNIT3/DATA_B_RE/EXP_SUB/CLA_8BIT_UNIT/CLA_4BIT_UNIT_0/g320/Y                 -       B->Y   R     XNOR2X2HVT       28  8.7   179   396   24786 
  BFU8_07/BFU2_UNIT3/DATA_B_RE/EXP_SUB/CLA_8BIT_UNIT/CLA_4BIT_UNIT_0/g319/Y                 -       AN->Y  R     NOR2BX1HVT        2  0.6    74   224   25010 
  BFU8_07/BFU2_UNIT3/DATA_B_RE/EXP_SUB/CLA_8BIT_UNIT/CLA_4BIT_UNIT_0/g316/Y                 -       B->Y   F     XNOR2X2HVT       27  8.4   229   326   25336 
  BFU8_07/BFU2_UNIT3/DATA_B_RE/SHF_RIGHT_MAN/g3786/Y                                        -       A->Y   R     INVX2HVT         25  7.5   160   210   25546 
  BFU8_07/BFU2_UNIT3/DATA_B_RE/SHF_RIGHT_MAN/g3728/Y                                        -       B1->Y  F     OAI22X1HVT        2  0.6   174   217   25762 
  BFU8_07/BFU2_UNIT3/DATA_B_RE/SHF_RIGHT_MAN/g3702/Y                                        -       A1->Y  R     AOI22X1HVT        2  0.5   104   193   25955 
  BFU8_07/BFU2_UNIT3/DATA_B_RE/SHF_RIGHT_MAN/g3680/Y                                        -       A->Y   R     MX2XLHVT          1  0.3    36   277   26232 
  BFU8_07/BFU2_UNIT3/DATA_B_RE/SHF_RIGHT_MAN/g3655/Y                                        -       A1->Y  F     OAI22X1HVT        4  1.0   213   193   26425 
  BFU8_07/BFU2_UNIT3/DATA_B_RE/MAN_COMP_24BIT/u_i_data_1/g340/Y                             -       B->Y   R     XNOR2X1HVT        1  0.2    34   338   26763 
  BFU8_07/BFU2_UNIT3/DATA_B_RE/MAN_COMP_24BIT/u_i_data_1/g337/Y                             -       A->Y   R     AND4XLHVT         1  0.3    46   514   27277 
  BFU8_07/BFU2_UNIT3/DATA_B_RE/MAN_COMP_24BIT/g152/Y                                        -       A0->Y  F     AOI21X1HVT        1  0.3   112   141   27418 
  BFU8_07/BFU2_UNIT3/DATA_B_RE/MAN_COMP_24BIT/g151/Y                                        -       B->Y   R     NOR2BX1HVT        1  0.2    55   102   27521 
  BFU8_07/BFU2_UNIT3/DATA_B_RE/MAN_COMP_24BIT/g150/Y                                        -       A1->Y  R     OA21X1HVT         1  0.3    36   232   27753 
  BFU8_07/BFU2_UNIT3/DATA_B_RE/MAN_COMP_24BIT/g149/Y                                        -       A1->Y  F     OAI21X1HVT        1  0.3   109   111   27864 
  BFU8_07/BFU2_UNIT3/DATA_B_RE/MAN_COMP_24BIT/g148/Y                                        -       B->Y   R     NAND2BX1HVT       1  0.3    44    90   27954 
  BFU8_07/BFU2_UNIT3/DATA_B_RE/MAN_COMP_24BIT/g147/Y                                        -       A1->Y  R     AO21X4HVT        49 14.5   168   355   28310 
  BFU8_07/BFU2_UNIT3/DATA_B_RE/MAN_SWAP/g796/Y                                              -       S0->Y  F     MX2XLHVT          3  0.7    83   276   28586 
  BFU8_07/BFU2_UNIT3/DATA_B_RE/MAN_ALU/g453/Y                                               -       B->Y   R     XNOR2X1HVT        1  0.5    42   278   28864 
  BFU8_07/BFU2_UNIT3/DATA_B_RE/MAN_ALU/ALU_SUB_UNIT/CLA_BLOCK_GEN[0].CLA_4BIT_UNIT/g329/S   -       B->S   R     ADDHX1HVT         3  0.8    50   233   29097 
  BFU8_07/BFU2_UNIT3/DATA_B_RE/MAN_ALU/ALU_SUB_UNIT/CLA_BLOCK_GEN[0].CLA_4BIT_UNIT/g324/Y   -       A->Y   R     AND4XLHVT         3  0.7    66   535   29632 
  BFU8_07/BFU2_UNIT3/DATA_B_RE/MAN_ALU/ALU_SUB_UNIT/CLA_BLOCK_GEN[0].CLA_4BIT_UNIT/g319/Y   -       A1N->Y R     OAI2BB1X1HVT      2  0.5    59   216   29848 
  BFU8_07/BFU2_UNIT3/DATA_B_RE/MAN_ALU/ALU_SUB_UNIT/g101/Y                                  -       B0->Y  R     AO21X1HVT         2  0.6    46   143   29991 
  BFU8_07/BFU2_UNIT3/DATA_B_RE/MAN_ALU/ALU_SUB_UNIT/CLA_BLOCK_GEN[1].CLA_4BIT_UNIT/g463/Y   -       A1->Y  F     AOI21X1HVT        2  0.6   140   141   30132 
  BFU8_07/BFU2_UNIT3/DATA_B_RE/MAN_ALU/ALU_SUB_UNIT/CLA_BLOCK_GEN[1].CLA_4BIT_UNIT/g459/Y   -       A1->Y  R     OAI21X1HVT        2  0.6    92   147   30279 
  BFU8_07/BFU2_UNIT3/DATA_B_RE/MAN_ALU/ALU_SUB_UNIT/CLA_BLOCK_GEN[1].CLA_4BIT_UNIT/g457/Y   -       A1->Y  F     AOI22X1HVT        2  0.6   180   200   30480 
  BFU8_07/BFU2_UNIT3/DATA_B_RE/MAN_ALU/ALU_SUB_UNIT/CLA_BLOCK_GEN[1].CLA_4BIT_UNIT/g455/Y   -       A1->Y  R     OAI21X1HVT        3  0.7   101   175   30654 
  BFU8_07/BFU2_UNIT3/DATA_B_RE/MAN_ALU/ALU_SUB_UNIT/g119/Y                                  -       B->Y   R     OR2X1HVT          2  0.6    36   151   30805 
  BFU8_07/BFU2_UNIT3/DATA_B_RE/MAN_ALU/ALU_SUB_UNIT/CLA_BLOCK_GEN[2].CLA_4BIT_UNIT/g463/Y   -       A1->Y  F     AOI21X1HVT        2  0.6   140   135   30940 
  BFU8_07/BFU2_UNIT3/DATA_B_RE/MAN_ALU/ALU_SUB_UNIT/CLA_BLOCK_GEN[2].CLA_4BIT_UNIT/g459/Y   -       A1->Y  R     OAI21X1HVT        2  0.6    92   147   31086 
  BFU8_07/BFU2_UNIT3/DATA_B_RE/MAN_ALU/ALU_SUB_UNIT/CLA_BLOCK_GEN[2].CLA_4BIT_UNIT/g457/Y   -       A1->Y  F     AOI22X1HVT        2  0.6   180   200   31287 
  BFU8_07/BFU2_UNIT3/DATA_B_RE/MAN_ALU/ALU_SUB_UNIT/CLA_BLOCK_GEN[2].CLA_4BIT_UNIT/g455/Y   -       A1->Y  R     OAI21X1HVT        3  0.7   101   175   31462 
  BFU8_07/BFU2_UNIT3/DATA_B_RE/MAN_ALU/ALU_SUB_UNIT/g146/Y                                  -       AN->Y  R     NAND2BX1HVT       2  0.5    50   145   31607 
  BFU8_07/BFU2_UNIT3/DATA_B_RE/MAN_ALU/ALU_SUB_UNIT/CLA_BLOCK_GEN[3].CLA_4BIT_UNIT/g463/Y   -       A1N->Y R     OAI2BB1X1HVT      2  0.5    54   208   31814 
  BFU8_07/BFU2_UNIT3/DATA_B_RE/MAN_ALU/ALU_SUB_UNIT/CLA_BLOCK_GEN[3].CLA_4BIT_UNIT/g459/Y   -       A1N->Y R     OAI2BB1X1HVT      2  0.6    57   212   32026 
  BFU8_07/BFU2_UNIT3/DATA_B_RE/MAN_ALU/ALU_SUB_UNIT/CLA_BLOCK_GEN[3].CLA_4BIT_UNIT/g457/Y   -       A1->Y  F     AOI22X1HVT        2  0.6   179   178   32204 
  BFU8_07/BFU2_UNIT3/DATA_B_RE/MAN_ALU/ALU_SUB_UNIT/CLA_BLOCK_GEN[3].CLA_4BIT_UNIT/g455/Y   -       A1->Y  R     OAI21X1HVT        3  0.7   101   174   32378 
  BFU8_07/BFU2_UNIT3/DATA_B_RE/MAN_ALU/ALU_SUB_UNIT/g181/Y                                  -       AN->Y  R     NAND2BX1HVT       2  0.6    53   147   32525 
  BFU8_07/BFU2_UNIT3/DATA_B_RE/MAN_ALU/ALU_SUB_UNIT/CLA_BLOCK_GEN[4].CLA_4BIT_UNIT/g366/Y   -       A1->Y  F     AOI22X1HVT        2  0.6   179   176   32700 
  BFU8_07/BFU2_UNIT3/DATA_B_RE/MAN_ALU/ALU_SUB_UNIT/CLA_BLOCK_GEN[4].CLA_4BIT_UNIT/g364/Y   -       A1->Y  R     OAI21X1HVT        2  0.6    95   171   32871 
  BFU8_07/BFU2_UNIT3/DATA_B_RE/MAN_ALU/ALU_SUB_UNIT/CLA_BLOCK_GEN[4].CLA_4BIT_UNIT/g362/Y   -       A1->Y  F     AOI22X1HVT        2  0.6   180   202   33073 
  BFU8_07/BFU2_UNIT3/DATA_B_RE/MAN_ALU/ALU_SUB_UNIT/CLA_BLOCK_GEN[4].CLA_4BIT_UNIT/g360/Y   -       A1->Y  R     OAI21X1HVT        2  0.5    90   168   33241 
  BFU8_07/BFU2_UNIT3/DATA_B_RE/MAN_ALU/ALU_SUB_UNIT/g213/Y                                  -       AN->Y  R     NAND2BX1HVT       2  0.5    50   138   33380 
  BFU8_07/BFU2_UNIT3/DATA_B_RE/MAN_ALU/ALU_SUB_UNIT/CLA_BLOCK_GEN[5].CLA_4BIT_UNIT/g511/Y   -       A1N->Y R     OAI2BB1X1HVT      2  0.5    54   208   33587 
  BFU8_07/BFU2_UNIT3/DATA_B_RE/MAN_ALU/ALU_SUB_UNIT/CLA_BLOCK_GEN[5].CLA_4BIT_UNIT/g507/Y   -       A1N->Y R     OAI2BB1X1HVT      2  0.6    57   212   33799 
  BFU8_07/BFU2_UNIT3/DATA_B_RE/MAN_ALU/ALU_SUB_UNIT/CLA_BLOCK_GEN[5].CLA_4BIT_UNIT/g505/Y   -       A1->Y  F     AOI22X1HVT        2  0.6   179   178   33977 
  BFU8_07/BFU2_UNIT3/DATA_B_RE/MAN_ALU/ALU_SUB_UNIT/CLA_BLOCK_GEN[5].CLA_4BIT_UNIT/g504/Y   -       B->Y   F     XOR2XLHVT         1  0.3    50   197   34174 
  BFU8_07/BFU2_UNIT3/DATA_B_RE/MAN_ALU/g1889/Y                                              -       A1->Y  R     AOI22X1HVT        1  0.3    88   106   34280 
  BFU8_07/BFU2_UNIT3/DATA_B_RE/MAN_ALU/g1858/Y                                              -       B0->Y  F     OAI2BB1X1HVT      1  0.2    83   136   34416 
  BFU8_07/BFU2_UNIT3/DATA_B_RE/MAN_ALU/drc_bufs/Y                                           -       A->Y   F     BUFX2HVT          8  2.2    76   147   34564 
  BFU8_07/BFU2_UNIT3/DATA_B_RE/LOPD_24BIT/LOPD_16bit_UNIT_MSB/LOPD_8bit_unit_1/g283/Y       -       B->Y   F     OR2X1HVT          3  0.9    66   166   34730 
  BFU8_07/BFU2_UNIT3/DATA_B_RE/LOPD_24BIT/LOPD_16bit_UNIT_MSB/LOPD_8bit_unit_1/g274/Y       -       C->Y   R     NOR3BX1HVT        2  0.5   115   111   34841 
  BFU8_07/BFU2_UNIT3/DATA_B_RE/LOPD_24BIT/LOPD_16bit_UNIT_MSB/g114/Y                        -       A->Y   F     INVX1HVT          4  0.9    76   121   34962 
  BFU8_07/BFU2_UNIT3/DATA_B_RE/LOPD_24BIT/LOPD_16bit_UNIT_MSB/g112/Y                        -       B->Y   R     NOR2X1HVT         4  0.8    86   100   35062 
  BFU8_07/BFU2_UNIT3/DATA_B_RE/LOPD_24BIT/LOPD_16bit_UNIT_MSB/g111/Y                        -       A1->Y  R     AO22XLHVT         1  0.3    38   301   35364 
  BFU8_07/BFU2_UNIT3/DATA_B_RE/LOPD_24BIT/g143/Y                                            -       A1->Y  F     AOI22X1HVT        1  0.3   149   149   35513 
  BFU8_07/BFU2_UNIT3/DATA_B_RE/LOPD_24BIT/g139/Y                                            -       B->Y   R     NAND2X1HVT        2  0.5    71   120   35633 
  BFU8_07/BFU2_UNIT3/DATA_B_RE/g612/Y                                                       -       B->Y   R     AND2X2HVT        28  8.7   174   350   35983 
  BFU8_07/BFU2_UNIT3/DATA_B_RE/NOR_UNIT/SHF_left_unit/g2991/Y                               -       B1->Y  F     AOI22X1HVT        3  0.8   202   213   36196 
  BFU8_07/BFU2_UNIT3/DATA_B_RE/NOR_UNIT/SHF_left_unit/g2957/Y                               -       B1->Y  R     OAI22X1HVT        2  0.6   115   177   36374 
  BFU8_07/BFU2_UNIT3/DATA_B_RE/NOR_UNIT/SHF_left_unit/g2945/Y                               -       A->Y   F     INVX1HVT          3  0.9    76   121   36495 
  BFU8_07/BFU2_UNIT3/DATA_B_RE/NOR_UNIT/SHF_left_unit/g2942/Y                               -       B->Y   R     NOR2X1HVT         1  0.3    66    83   36578 
  BFU8_07/BFU2_UNIT3/DATA_B_RE/NOR_UNIT/g1478/Y                                             -       A1->Y  F     AOI22X1HVT        1  0.3   153   167   36745 
  BFU8_07/BFU2_UNIT3/DATA_B_RE/NOR_UNIT/g1451/Y                                             -       B0->Y  R     OAI2BB1X1HVT      1  0.3    55   124   36870 
  BFU8_07/BFU2_UNIT3/DATA_B_RE/MAN_RND/g658/Y                                               -       D->Y   F     NOR4X1HVT         1  0.3    76    74   36944 
  BFU8_07/BFU2_UNIT3/DATA_B_RE/MAN_RND/g657/Y                                               -       B->Y   R     NOR2BX1HVT        1  0.4    64    87   37031 
  BFU8_07/BFU2_UNIT3/DATA_B_RE/MAN_RND/g656/CO                                              -       A->CO  R     ADDHX1HVT         1  0.5    38   232   37263 
  BFU8_07/BFU2_UNIT3/DATA_B_RE/MAN_RND/g655/CO                                              -       B->CO  R     ADDHX1HVT         1  0.5    38   198   37461 
  BFU8_07/BFU2_UNIT3/DATA_B_RE/MAN_RND/g654/CO                                              -       B->CO  R     ADDHX1HVT         1  0.5    38   198   37659 
  BFU8_07/BFU2_UNIT3/DATA_B_RE/MAN_RND/g653/CO                                              -       B->CO  R     ADDHX1HVT         1  0.5    38   198   37858 
  BFU8_07/BFU2_UNIT3/DATA_B_RE/MAN_RND/g652/CO                                              -       B->CO  R     ADDHX1HVT         1  0.5    38   198   38056 
  BFU8_07/BFU2_UNIT3/DATA_B_RE/MAN_RND/g651/CO                                              -       B->CO  R     ADDHX1HVT         1  0.5    38   198   38254 
  BFU8_07/BFU2_UNIT3/DATA_B_RE/MAN_RND/g650/CO                                              -       B->CO  R     ADDHX1HVT         1  0.5    38   198   38452 
  BFU8_07/BFU2_UNIT3/DATA_B_RE/MAN_RND/g649/CO                                              -       B->CO  R     ADDHX1HVT         1  0.5    38   198   38650 
  BFU8_07/BFU2_UNIT3/DATA_B_RE/MAN_RND/g648/CO                                              -       B->CO  R     ADDHX1HVT         1  0.5    38   198   38849 
  BFU8_07/BFU2_UNIT3/DATA_B_RE/MAN_RND/g647/CO                                              -       B->CO  R     ADDHX1HVT         1  0.5    38   198   39047 
  BFU8_07/BFU2_UNIT3/DATA_B_RE/MAN_RND/g646/CO                                              -       B->CO  R     ADDHX1HVT         1  0.5    38   198   39245 
  BFU8_07/BFU2_UNIT3/DATA_B_RE/MAN_RND/g645/CO                                              -       B->CO  R     ADDHX1HVT         1  0.5    38   198   39443 
  BFU8_07/BFU2_UNIT3/DATA_B_RE/MAN_RND/g644/CO                                              -       B->CO  R     ADDHX1HVT         1  0.5    38   198   39641 
  BFU8_07/BFU2_UNIT3/DATA_B_RE/MAN_RND/g643/CO                                              -       B->CO  R     ADDHX1HVT         1  0.5    38   198   39840 
  BFU8_07/BFU2_UNIT3/DATA_B_RE/MAN_RND/g642/CO                                              -       B->CO  R     ADDHX1HVT         1  0.5    38   198   40038 
  BFU8_07/BFU2_UNIT3/DATA_B_RE/MAN_RND/g641/CO                                              -       B->CO  R     ADDHX1HVT         1  0.5    38   198   40236 
  BFU8_07/BFU2_UNIT3/DATA_B_RE/MAN_RND/g640/CO                                              -       B->CO  R     ADDHX1HVT         1  0.5    38   198   40434 
  BFU8_07/BFU2_UNIT3/DATA_B_RE/MAN_RND/g639/CO                                              -       B->CO  R     ADDHX1HVT         1  0.5    38   198   40632 
  BFU8_07/BFU2_UNIT3/DATA_B_RE/MAN_RND/g638/CO                                              -       B->CO  R     ADDHX1HVT         1  0.5    38   198   40831 
  BFU8_07/BFU2_UNIT3/DATA_B_RE/MAN_RND/g637/CO                                              -       B->CO  R     ADDHX1HVT         1  0.5    38   198   41029 
  BFU8_07/BFU2_UNIT3/DATA_B_RE/MAN_RND/g636/CO                                              -       B->CO  R     ADDHX1HVT         1  0.5    38   198   41227 
  BFU8_07/BFU2_UNIT3/DATA_B_RE/MAN_RND/g635/CO                                              -       B->CO  R     ADDHX1HVT         2  0.5    38   198   41425 
  BFU8_07/BFU2_UNIT3/DATA_B_RE/MAN_RND/g633/Y                                               -       C->Y   R     AND3XLHVT         2  0.6    51   281   41706 
  BFU8_07/BFU2_UNIT3/DATA_B_RE/EXP_RND/g187/Y                                               -       B->Y   F     NAND2X1HVT        2  0.5   110   108   41814 
  BFU8_07/BFU2_UNIT3/DATA_B_RE/EXP_RND/g185/Y                                               -       AN->Y  F     NAND2BX1HVT       2  0.5   111   184   41999 
  BFU8_07/BFU2_UNIT3/DATA_B_RE/EXP_RND/g183/Y                                               -       AN->Y  F     NAND2BX1HVT       2  0.5   111   185   42184 
  BFU8_07/BFU2_UNIT3/DATA_B_RE/EXP_RND/g181/Y                                               -       AN->Y  F     NAND2BX1HVT       2  0.5   111   185   42369 
  BFU8_07/BFU2_UNIT3/DATA_B_RE/EXP_RND/g179/Y                                               -       AN->Y  F     NAND2BX1HVT       2  0.5   113   185   42554 
  BFU8_07/BFU2_UNIT3/DATA_B_RE/EXP_RND/g177/Y                                               -       AN->Y  F     NAND2BX1HVT       2  0.5   111   186   42740 
  BFU8_07/BFU2_UNIT3/DATA_B_RE/EXP_RND/g175/Y                                               -       AN->Y  F     NAND2BX1HVT       1  0.3    91   174   42914 
  BFU8_07/BFU2_UNIT3/DATA_B_RE/EXP_RND/g173/Y                                               -       B->Y   R     XNOR2X1HVT        1  0.3    36   279   43193 
  BFU8_07/BFU2_UNIT3/DATA_B_RE/g2967/Y                                                      -       B1->Y  F     AOI222X1HVT       1  0.3   207   158   43351 
  BFU8_07/BFU2_UNIT3/DATA_B_RE/g2954/Y                                                      -       B->Y   R     NAND2X1HVT        1  0.3    64   155   43506 
  X7_real_reg[30]/SI                                                                        <<<     -      R     SDFFRHQX8HVT      1    -     -     0   43506 
#-------------------------------------------------------------------------------------------------------------------------------------------------------------

